[2026-07-09 04:40:30.653] [info] [sirius_context.cpp:957] Loaded Sirius configuration from file: /home/dy1013/sirius_multi-gpu/experiment/fixed_page_runs/allq_5x_7gb_fixed/configs/sirius_2gpu.yaml
[2026-07-09 04:40:30.658] [info] [telemetry_context.cpp:78] Telemetry context initialized (engine=siriusDB)
[2026-07-09 04:40:30.658] [info] [sirius_context.cpp:296] SiriusContext: topology summary — 2 GPU(s), 1 NUMA node(s), host='hicys76'
[2026-07-09 04:40:30.658] [info] [sirius_context.cpp:301]   GPU 0: NVIDIA RTX A5000 (numa=0, pci=00000000:AC:00.0)
[2026-07-09 04:40:30.658] [info] [sirius_context.cpp:301]   GPU 1: NVIDIA RTX A5000 (numa=0, pci=00000000:CA:00.0)
[2026-07-09 04:40:30.798] [warning] [sirius_context.cpp:311] SiriusContext: disk memory space is not configured; spilling GPU or HOST data to disk is disabled. If queries run out of GPU/HOST memory, downgrades to disk will not be possible.
[2026-07-09 04:40:30.798] [info] [sirius_context.cpp:323] SiriusContext: 1 host memory space(s) created for 1 NUMA node(s)
[2026-07-09 04:40:30.800] [info] [sirius_context.cpp:376] SiriusContext: P2P enabled 0 -> 1
[2026-07-09 04:40:30.800] [info] [sirius_context.cpp:376] SiriusContext: P2P enabled 1 -> 0
[2026-07-09 04:40:30.818] [info] [sirius_context.cpp:436] SiriusContext: cuDF pinned memory resource configured (NUMA-aware, max slab 8192 B, fallback node=0)
[2026-07-09 04:40:30.821] [info] [sirius_context.cpp:918] Connection opened.
[2026-07-09 04:40:30.821] [info] [sirius_context.cpp:931] Extension loaded: sirius
[2026-07-09 04:40:30.821] [info] [sirius_context.cpp:217] QueryEnd
[2026-07-09 04:40:30.830] [info] [:] [host_pool] HOST:0 QueryEnd allocated=67108864 bytes peak=67108864 bytes free_blocks=448
[2026-07-09 04:40:30.830] [info] [:] [gpu_pool] GPU:0 QueryEnd allocated=0 bytes peak=0 bytes reserved=0 bytes
[2026-07-09 04:40:30.830] [info] [:] [gpu_pool] GPU:1 QueryEnd allocated=0 bytes peak=0 bytes reserved=0 bytes
[2026-07-09 04:40:30.830] [info] [:] [host_pool] HOST:0 QueryBegin allocated=67108864 bytes peak=67108864 bytes free_blocks=448
[2026-07-09 04:40:30.830] [info] [:] [gpu_pool] GPU:0 QueryBegin allocated=0 bytes peak=0 bytes reserved=0 bytes
[2026-07-09 04:40:30.830] [info] [:] [gpu_pool] GPU:1 QueryBegin allocated=0 bytes peak=0 bytes reserved=0 bytes
[2026-07-09 04:40:30.830] [info] [sirius_context.cpp:201] QueryBegin: SQL: CALL pin_table('/mnt/nvme/dataset/lineitem.parquet', tier='gpu', name='lineitem', cols=['l_discount','l_extendedprice','l_partkey','l_quantity','l_shipinstruct','l_shipmode'])
[2026-07-09 04:40:30.920] [info] [parquet_gpu_ingestible.cpp:250] [coalesce-debug] parquet_batch_coalescer emit #1: 1 slice(s), acc_bytes=535296476, cap=536870912
[2026-07-09 04:40:30.920] [info] [parquet_gpu_ingestible.cpp:250] [coalesce-debug] parquet_batch_coalescer emit #2: 1 slice(s), acc_bytes=532926296, cap=536870912
[2026-07-09 04:40:30.920] [info] [parquet_gpu_ingestible.cpp:250] [coalesce-debug] parquet_batch_coalescer emit #3: 1 slice(s), acc_bytes=532913655, cap=536870912
[2026-07-09 04:40:30.920] [info] [parquet_gpu_ingestible.cpp:250] [coalesce-debug] parquet_batch_coalescer emit #4: 1 slice(s), acc_bytes=532899015, cap=536870912
[2026-07-09 04:40:30.920] [info] [parquet_gpu_ingestible.cpp:250] [coalesce-debug] parquet_batch_coalescer emit #5: 1 slice(s), acc_bytes=532927997, cap=536870912
[2026-07-09 04:40:30.920] [info] [parquet_gpu_ingestible.cpp:250] [coalesce-debug] parquet_batch_coalescer emit #6: 1 slice(s), acc_bytes=532934317, cap=536870912
[2026-07-09 04:40:30.920] [info] [parquet_gpu_ingestible.cpp:250] [coalesce-debug] parquet_batch_coalescer emit #7: 1 slice(s), acc_bytes=532921574, cap=536870912
[2026-07-09 04:40:30.920] [info] [parquet_gpu_ingestible.cpp:250] [coalesce-debug] parquet_batch_coalescer emit #8: 1 slice(s), acc_bytes=533931413, cap=536870912
[2026-07-09 04:40:30.920] [info] [parquet_gpu_ingestible.cpp:250] [coalesce-debug] parquet_batch_coalescer emit #9: 1 slice(s), acc_bytes=532560797, cap=536870912
[2026-07-09 04:40:30.920] [info] [parquet_gpu_ingestible.cpp:250] [coalesce-debug] parquet_batch_coalescer emit #10: 1 slice(s), acc_bytes=532557908, cap=536870912
[2026-07-09 04:40:30.920] [info] [parquet_gpu_ingestible.cpp:250] [coalesce-debug] parquet_batch_coalescer emit #11: 1 slice(s), acc_bytes=532550688, cap=536870912
[2026-07-09 04:40:30.920] [info] [parquet_gpu_ingestible.cpp:250] [coalesce-debug] parquet_batch_coalescer emit #12: 1 slice(s), acc_bytes=532548734, cap=536870912
[2026-07-09 04:40:30.920] [info] [parquet_gpu_ingestible.cpp:250] [coalesce-debug] parquet_batch_coalescer emit #13: 1 slice(s), acc_bytes=532551261, cap=536870912
[2026-07-09 04:40:30.920] [info] [parquet_gpu_ingestible.cpp:250] [coalesce-debug] parquet_batch_coalescer emit #14: 1 slice(s), acc_bytes=532524179, cap=536870912
[2026-07-09 04:40:30.920] [info] [parquet_gpu_ingestible.cpp:250] [coalesce-debug] parquet_batch_coalescer emit #15: 1 slice(s), acc_bytes=532574025, cap=536870912
[2026-07-09 04:40:30.920] [info] [parquet_gpu_ingestible.cpp:250] [coalesce-debug] parquet_batch_coalescer emit #16: 1 slice(s), acc_bytes=532544636, cap=536870912
[2026-07-09 04:40:30.920] [info] [parquet_gpu_ingestible.cpp:250] [coalesce-debug] parquet_batch_coalescer emit #17: 1 slice(s), acc_bytes=532535965, cap=536870912
[2026-07-09 04:40:30.920] [info] [parquet_gpu_ingestible.cpp:250] [coalesce-debug] parquet_batch_coalescer emit #18: 1 slice(s), acc_bytes=532541910, cap=536870912
[2026-07-09 04:40:30.920] [info] [parquet_gpu_ingestible.cpp:250] [coalesce-debug] parquet_batch_coalescer emit #19: 1 slice(s), acc_bytes=532563639, cap=536870912
[2026-07-09 04:40:30.920] [info] [parquet_gpu_ingestible.cpp:250] [coalesce-debug] parquet_batch_coalescer emit #20: 1 slice(s), acc_bytes=532540468, cap=536870912
[2026-07-09 04:40:30.920] [info] [parquet_gpu_ingestible.cpp:250] [coalesce-debug] parquet_batch_coalescer emit #21: 1 slice(s), acc_bytes=532543973, cap=536870912
[2026-07-09 04:40:30.920] [info] [parquet_gpu_ingestible.cpp:250] [coalesce-debug] parquet_batch_coalescer emit #22: 1 slice(s), acc_bytes=532543865, cap=536870912
[2026-07-09 04:40:30.920] [info] [parquet_gpu_ingestible.cpp:250] [coalesce-debug] parquet_batch_coalescer emit #23: 1 slice(s), acc_bytes=532566328, cap=536870912
[2026-07-09 04:40:30.920] [info] [parquet_gpu_ingestible.cpp:250] [coalesce-debug] parquet_batch_coalescer emit #24: 1 slice(s), acc_bytes=532552508, cap=536870912
[2026-07-09 04:40:30.920] [info] [parquet_gpu_ingestible.cpp:250] [coalesce-debug] parquet_batch_coalescer emit #25: 1 slice(s), acc_bytes=532592258, cap=536870912
[2026-07-09 04:40:30.920] [info] [parquet_gpu_ingestible.cpp:250] [coalesce-debug] parquet_batch_coalescer emit #26: 1 slice(s), acc_bytes=532553379, cap=536870912
[2026-07-09 04:40:30.920] [info] [parquet_gpu_ingestible.cpp:250] [coalesce-debug] parquet_batch_coalescer emit #27: 1 slice(s), acc_bytes=532576136, cap=536870912
[2026-07-09 04:40:30.920] [info] [parquet_gpu_ingestible.cpp:250] [coalesce-debug] parquet_batch_coalescer emit #28: 1 slice(s), acc_bytes=532540509, cap=536870912
[2026-07-09 04:40:30.920] [info] [parquet_gpu_ingestible.cpp:250] [coalesce-debug] parquet_batch_coalescer emit #29: 1 slice(s), acc_bytes=532567468, cap=536870912
[2026-07-09 04:40:30.920] [info] [parquet_gpu_ingestible.cpp:250] [coalesce-debug] parquet_batch_coalescer emit #30: 1 slice(s), acc_bytes=532519000, cap=536870912
[2026-07-09 04:40:30.920] [info] [parquet_gpu_ingestible.cpp:250] [coalesce-debug] parquet_batch_coalescer emit #31: 1 slice(s), acc_bytes=532534631, cap=536870912
[2026-07-09 04:40:30.920] [info] [parquet_gpu_ingestible.cpp:250] [coalesce-debug] parquet_batch_coalescer emit #32: 1 slice(s), acc_bytes=532553773, cap=536870912
[2026-07-09 04:40:30.920] [info] [parquet_gpu_ingestible.cpp:250] [coalesce-debug] parquet_batch_coalescer emit #33: 1 slice(s), acc_bytes=532554166, cap=536870912
[2026-07-09 04:40:30.920] [info] [parquet_gpu_ingestible.cpp:250] [coalesce-debug] parquet_batch_coalescer emit #34: 1 slice(s), acc_bytes=532538816, cap=536870912
[2026-07-09 04:40:30.920] [info] [parquet_gpu_ingestible.cpp:250] [coalesce-debug] parquet_batch_coalescer emit #35: 1 slice(s), acc_bytes=532573869, cap=536870912
[2026-07-09 04:40:30.920] [info] [parquet_gpu_ingestible.cpp:250] [coalesce-debug] parquet_batch_coalescer emit #36: 1 slice(s), acc_bytes=532549789, cap=536870912
[2026-07-09 04:40:30.920] [info] [parquet_gpu_ingestible.cpp:250] [coalesce-debug] parquet_batch_coalescer emit #37: 1 slice(s), acc_bytes=532558944, cap=536870912
[2026-07-09 04:40:30.920] [info] [parquet_gpu_ingestible.cpp:250] [coalesce-debug] parquet_batch_coalescer emit #38: 1 slice(s), acc_bytes=532541117, cap=536870912
[2026-07-09 04:40:30.920] [info] [parquet_gpu_ingestible.cpp:250] [coalesce-debug] parquet_batch_coalescer emit #39: 1 slice(s), acc_bytes=532566959, cap=536870912
[2026-07-09 04:40:30.920] [info] [parquet_gpu_ingestible.cpp:250] [coalesce-debug] parquet_batch_coalescer emit #40: 1 slice(s), acc_bytes=532553190, cap=536870912
[2026-07-09 04:40:30.920] [info] [parquet_gpu_ingestible.cpp:250] [coalesce-debug] parquet_batch_coalescer emit #41: 1 slice(s), acc_bytes=532546398, cap=536870912
[2026-07-09 04:40:30.920] [info] [parquet_gpu_ingestible.cpp:250] [coalesce-debug] parquet_batch_coalescer emit #42: 1 slice(s), acc_bytes=532556255, cap=536870912
[2026-07-09 04:40:30.920] [info] [parquet_gpu_ingestible.cpp:250] [coalesce-debug] parquet_batch_coalescer emit #43: 1 slice(s), acc_bytes=532536507, cap=536870912
[2026-07-09 04:40:30.920] [info] [parquet_gpu_ingestible.cpp:250] [coalesce-debug] parquet_batch_coalescer emit #44: 1 slice(s), acc_bytes=532547626, cap=536870912
[2026-07-09 04:40:30.920] [info] [parquet_gpu_ingestible.cpp:250] [coalesce-debug] parquet_batch_coalescer emit #45: 1 slice(s), acc_bytes=532544927, cap=536870912
[2026-07-09 04:40:30.920] [info] [parquet_gpu_ingestible.cpp:250] [coalesce-debug] parquet_batch_coalescer emit #46: 1 slice(s), acc_bytes=532578891, cap=536870912
[2026-07-09 04:40:33.614] [info] [sirius_context.cpp:217] QueryEnd
[2026-07-09 04:40:33.638] [info] [:] [host_pool] HOST:0 QueryEnd allocated=70254592 bytes peak=70254592 bytes free_blocks=445
[2026-07-09 04:40:33.638] [info] [:] [gpu_pool] GPU:0 QueryEnd allocated=0 bytes peak=6852710144 bytes reserved=0 bytes
[2026-07-09 04:40:33.638] [info] [:] [gpu_pool] GPU:1 QueryEnd allocated=0 bytes peak=6327968768 bytes reserved=0 bytes
[2026-07-09 04:40:33.648] [info] [:] [host_pool] HOST:0 QueryBegin allocated=70254592 bytes peak=70254592 bytes free_blocks=445
[2026-07-09 04:40:33.648] [info] [:] [gpu_pool] GPU:0 QueryBegin allocated=0 bytes peak=6852710144 bytes reserved=0 bytes
[2026-07-09 04:40:33.648] [info] [:] [gpu_pool] GPU:1 QueryBegin allocated=0 bytes peak=6327968768 bytes reserved=0 bytes
[2026-07-09 04:40:33.648] [info] [sirius_context.cpp:201] QueryBegin: SQL: CALL unpin_table('lineitem')
[2026-07-09 04:40:33.649] [info] [sirius_context.cpp:217] QueryEnd
[2026-07-09 04:40:33.669] [info] [:] [host_pool] HOST:0 QueryEnd allocated=70254592 bytes peak=70254592 bytes free_blocks=445
[2026-07-09 04:40:33.669] [info] [:] [gpu_pool] GPU:0 QueryEnd allocated=0 bytes peak=6852710144 bytes reserved=0 bytes
[2026-07-09 04:40:33.669] [info] [:] [gpu_pool] GPU:1 QueryEnd allocated=0 bytes peak=6327968768 bytes reserved=0 bytes
[2026-07-09 04:40:33.669] [info] [:] [host_pool] HOST:0 QueryBegin allocated=70254592 bytes peak=70254592 bytes free_blocks=445
[2026-07-09 04:40:33.669] [info] [:] [gpu_pool] GPU:0 QueryBegin allocated=0 bytes peak=6852710144 bytes reserved=0 bytes
[2026-07-09 04:40:33.669] [info] [:] [gpu_pool] GPU:1 QueryBegin allocated=0 bytes peak=6327968768 bytes reserved=0 bytes
[2026-07-09 04:40:33.669] [info] [sirius_context.cpp:201] QueryBegin: SQL: CALL unpin_table('part')
[2026-07-09 04:40:33.670] [info] [sirius_context.cpp:217] QueryEnd
[2026-07-09 04:40:33.689] [info] [:] [host_pool] HOST:0 QueryEnd allocated=70254592 bytes peak=70254592 bytes free_blocks=445
[2026-07-09 04:40:33.689] [info] [:] [gpu_pool] GPU:0 QueryEnd allocated=0 bytes peak=6852710144 bytes reserved=0 bytes
[2026-07-09 04:40:33.689] [info] [:] [gpu_pool] GPU:1 QueryEnd allocated=0 bytes peak=6327968768 bytes reserved=0 bytes
[2026-07-09 04:40:33.689] [info] [sirius_context.cpp:924] Connection closed.
[2026-07-09 04:40:33.709] [info] [task_scheduler.cpp:368] Task request channel closed, exiting management event loop.
[2026-07-09 04:40:33.710] [info] [gpu_pipeline_executor.cpp:118] GPU Pipeline Executor: task queue interrupted, stopping manager loop
[2026-07-09 04:40:33.710] [info] [gpu_pipeline_executor.cpp:118] GPU Pipeline Executor: task queue interrupted, stopping manager loop
