[2026-07-08 03:10:17.604] [warning] [sirius_config.cpp:459] sirius_config: use_sirius_datasource was false but 2 GPUs are configured; the sirius datasource is required for multi-GPU IO routing. Overriding use_sirius_datasource to true.
[2026-07-08 03:10:17.604] [info] [sirius_context.cpp:1046] Loaded Sirius configuration from file: /home/dy1013/sirius_multi-gpu/experiment/fixed_page_runs/allq_7gb/configs/sirius_2gpu.yaml
[2026-07-08 03:10:17.610] [info] [telemetry_context.cpp:67] Telemetry context initialized (engine=siriusDB)
[2026-07-08 03:10:17.610] [info] [sirius_context.cpp:337] SiriusContext: topology summary — 2 GPU(s), 1 NUMA node(s), host='hicys76'
[2026-07-08 03:10:17.610] [info] [sirius_context.cpp:342]   GPU 0: NVIDIA RTX A5000 (numa=0, pci=00000000:16:00.0)
[2026-07-08 03:10:17.610] [info] [sirius_context.cpp:342]   GPU 1: NVIDIA RTX A5000 (numa=0, pci=00000000:34:00.0)
[2026-07-08 03:10:17.748] [warning] [sirius_context.cpp:352] SiriusContext: disk memory space is not configured; spilling GPU or HOST data to disk is disabled. If queries run out of GPU/HOST memory, downgrades to disk will not be possible.
[2026-07-08 03:10:17.748] [info] [sirius_context.cpp:364] SiriusContext: 1 host memory space(s) created for 1 NUMA node(s)
[2026-07-08 03:10:17.749] [info] [sirius_context.cpp:417] SiriusContext: P2P enabled 0 -> 1
[2026-07-08 03:10:17.749] [info] [sirius_context.cpp:417] SiriusContext: P2P enabled 1 -> 0
[2026-07-08 03:10:17.765] [info] [sirius_context.cpp:477] SiriusContext: cuDF pinned memory resource configured (NUMA-aware, max slab 8192 B, fallback node=0)
[2026-07-08 03:10:17.929] [info] [sirius_context.cpp:1007] Connection opened.
[2026-07-08 03:10:17.929] [info] [sirius_context.cpp:1020] Extension loaded: sirius
[2026-07-08 03:10:17.929] [info] [sirius_context.cpp:258] QueryEnd
[2026-07-08 03:10:17.938] [info] [:] [host_pool] HOST:0 QueryEnd allocated=0 bytes peak=0 bytes free_blocks=512
[2026-07-08 03:10:17.938] [info] [:] [gpu_pool] GPU:0 QueryEnd allocated=0 bytes peak=0 bytes reserved=0 bytes
[2026-07-08 03:10:17.938] [info] [:] [gpu_pool] GPU:1 QueryEnd allocated=0 bytes peak=0 bytes reserved=0 bytes
[2026-07-08 03:10:17.939] [info] [:] [host_pool] HOST:0 QueryBegin allocated=0 bytes peak=0 bytes free_blocks=512
[2026-07-08 03:10:17.939] [info] [:] [gpu_pool] GPU:0 QueryBegin allocated=0 bytes peak=0 bytes reserved=0 bytes
[2026-07-08 03:10:17.939] [info] [:] [gpu_pool] GPU:1 QueryBegin allocated=0 bytes peak=0 bytes reserved=0 bytes
[2026-07-08 03:10:17.939] [info] [sirius_context.cpp:242] QueryBegin: SQL: CALL pin_table('/mnt/nvme/dataset/customer*.parquet', tier='gpu', name='customer', cols=['c_custkey','c_nationkey'])
[2026-07-08 03:10:18.001] [info] [sirius_extension.cpp:1060] [fixed-page-cache] pin_table chunk_rr name='customer' chunk=0 rows=15000000 source_gpu=0 target_gpu=0
[2026-07-08 03:10:18.047] [info] [sirius_scan_manager.cpp:892] [fixed-page-cache] page_directory indexed table='customer' fixed_cols=2 pages=87 resident_pages=87 resident_bytes=180000000 stats_pages=87 evicted_pages=0 eviction_count=0 page_bytes=2097152 rows=15000000 partial=false
[2026-07-08 03:10:18.047] [info] [sirius_context.cpp:258] QueryEnd
[2026-07-08 03:10:18.049] [info] [:] [host_pool] HOST:0 QueryEnd allocated=3145728 bytes peak=3145728 bytes free_blocks=509
[2026-07-08 03:10:18.049] [info] [:] [gpu_pool] GPU:0 QueryEnd allocated=183750400 bytes peak=313203200 bytes reserved=0 bytes
[2026-07-08 03:10:18.049] [info] [:] [gpu_pool] GPU:1 QueryEnd allocated=0 bytes peak=0 bytes reserved=0 bytes
[2026-07-08 03:10:18.049] [info] [:] [host_pool] HOST:0 QueryBegin allocated=3145728 bytes peak=3145728 bytes free_blocks=509
[2026-07-08 03:10:18.049] [info] [:] [gpu_pool] GPU:0 QueryBegin allocated=183750400 bytes peak=313203200 bytes reserved=0 bytes
[2026-07-08 03:10:18.049] [info] [:] [gpu_pool] GPU:1 QueryBegin allocated=0 bytes peak=0 bytes reserved=0 bytes
[2026-07-08 03:10:18.049] [info] [sirius_context.cpp:242] QueryBegin: SQL: CALL pin_table('/mnt/nvme/dataset/lineitem*.parquet', tier='gpu', name='lineitem', cols=['l_orderkey'])
[2026-07-08 03:10:18.518] [info] [sirius_extension.cpp:1060] [fixed-page-cache] pin_table chunk_rr name='lineitem' chunk=0 rows=65976100 source_gpu=0 target_gpu=0
[2026-07-08 03:10:18.667] [info] [sirius_extension.cpp:1049] [fixed-page-cache] pin_table chunk_rr name='lineitem' chunk=1 rows=65958060 source_gpu=0 target_gpu=1
[2026-07-08 03:10:18.669] [info] [sirius_extension.cpp:1060] [fixed-page-cache] pin_table chunk_rr name='lineitem' chunk=2 rows=66014724 source_gpu=0 target_gpu=0
[2026-07-08 03:10:18.718] [info] [sirius_extension.cpp:1049] [fixed-page-cache] pin_table chunk_rr name='lineitem' chunk=3 rows=66014514 source_gpu=0 target_gpu=1
[2026-07-08 03:10:18.721] [info] [sirius_extension.cpp:1060] [fixed-page-cache] pin_table chunk_rr name='lineitem' chunk=4 rows=66016567 source_gpu=0 target_gpu=0
[2026-07-08 03:10:18.728] [info] [sirius_context.cpp:258] QueryEnd
[2026-07-08 03:10:18.746] [info] [:] [host_pool] HOST:0 QueryEnd allocated=3145728 bytes peak=531628032 bytes free_blocks=509
[2026-07-08 03:10:18.746] [info] [:] [gpu_pool] GPU:0 QueryEnd allocated=183750400 bytes peak=6592903168 bytes reserved=0 bytes
[2026-07-08 03:10:18.746] [info] [:] [gpu_pool] GPU:1 QueryEnd allocated=0 bytes peak=1072277760 bytes reserved=0 bytes
[2026-07-08 03:10:18.747] [info] [:] [host_pool] HOST:0 QueryBegin allocated=3145728 bytes peak=531628032 bytes free_blocks=509
[2026-07-08 03:10:18.747] [info] [:] [gpu_pool] GPU:0 QueryBegin allocated=183750400 bytes peak=6592903168 bytes reserved=0 bytes
[2026-07-08 03:10:18.747] [info] [:] [gpu_pool] GPU:1 QueryBegin allocated=0 bytes peak=1072277760 bytes reserved=0 bytes
[2026-07-08 03:10:18.747] [info] [sirius_context.cpp:242] QueryBegin: SQL: CALL unpin_table('customer')
[2026-07-08 03:10:18.748] [info] [sirius_context.cpp:258] QueryEnd
[2026-07-08 03:10:18.766] [info] [:] [host_pool] HOST:0 QueryEnd allocated=3145728 bytes peak=531628032 bytes free_blocks=509
[2026-07-08 03:10:18.766] [info] [:] [gpu_pool] GPU:0 QueryEnd allocated=0 bytes peak=6592903168 bytes reserved=0 bytes
[2026-07-08 03:10:18.766] [info] [:] [gpu_pool] GPU:1 QueryEnd allocated=0 bytes peak=1072277760 bytes reserved=0 bytes
[2026-07-08 03:10:18.766] [info] [:] [host_pool] HOST:0 QueryBegin allocated=3145728 bytes peak=531628032 bytes free_blocks=509
[2026-07-08 03:10:18.766] [info] [:] [gpu_pool] GPU:0 QueryBegin allocated=0 bytes peak=6592903168 bytes reserved=0 bytes
[2026-07-08 03:10:18.766] [info] [:] [gpu_pool] GPU:1 QueryBegin allocated=0 bytes peak=1072277760 bytes reserved=0 bytes
[2026-07-08 03:10:18.766] [info] [sirius_context.cpp:242] QueryBegin: SQL: CALL unpin_table('lineitem')
[2026-07-08 03:10:18.767] [info] [sirius_context.cpp:258] QueryEnd
[2026-07-08 03:10:18.787] [info] [:] [host_pool] HOST:0 QueryEnd allocated=3145728 bytes peak=531628032 bytes free_blocks=509
[2026-07-08 03:10:18.787] [info] [:] [gpu_pool] GPU:0 QueryEnd allocated=0 bytes peak=6592903168 bytes reserved=0 bytes
[2026-07-08 03:10:18.787] [info] [:] [gpu_pool] GPU:1 QueryEnd allocated=0 bytes peak=1072277760 bytes reserved=0 bytes
[2026-07-08 03:10:18.787] [info] [:] [host_pool] HOST:0 QueryBegin allocated=3145728 bytes peak=531628032 bytes free_blocks=509
[2026-07-08 03:10:18.787] [info] [:] [gpu_pool] GPU:0 QueryBegin allocated=0 bytes peak=6592903168 bytes reserved=0 bytes
[2026-07-08 03:10:18.787] [info] [:] [gpu_pool] GPU:1 QueryBegin allocated=0 bytes peak=1072277760 bytes reserved=0 bytes
[2026-07-08 03:10:18.787] [info] [sirius_context.cpp:242] QueryBegin: SQL: CALL unpin_table('nation')
[2026-07-08 03:10:18.788] [info] [sirius_context.cpp:258] QueryEnd
[2026-07-08 03:10:18.807] [info] [:] [host_pool] HOST:0 QueryEnd allocated=3145728 bytes peak=531628032 bytes free_blocks=509
[2026-07-08 03:10:18.807] [info] [:] [gpu_pool] GPU:0 QueryEnd allocated=0 bytes peak=6592903168 bytes reserved=0 bytes
[2026-07-08 03:10:18.807] [info] [:] [gpu_pool] GPU:1 QueryEnd allocated=0 bytes peak=1072277760 bytes reserved=0 bytes
[2026-07-08 03:10:18.807] [info] [:] [host_pool] HOST:0 QueryBegin allocated=3145728 bytes peak=531628032 bytes free_blocks=509
[2026-07-08 03:10:18.807] [info] [:] [gpu_pool] GPU:0 QueryBegin allocated=0 bytes peak=6592903168 bytes reserved=0 bytes
[2026-07-08 03:10:18.807] [info] [:] [gpu_pool] GPU:1 QueryBegin allocated=0 bytes peak=1072277760 bytes reserved=0 bytes
[2026-07-08 03:10:18.807] [info] [sirius_context.cpp:242] QueryBegin: SQL: CALL unpin_table('orders')
[2026-07-08 03:10:18.808] [info] [sirius_context.cpp:258] QueryEnd
[2026-07-08 03:10:18.828] [info] [:] [host_pool] HOST:0 QueryEnd allocated=3145728 bytes peak=531628032 bytes free_blocks=509
[2026-07-08 03:10:18.828] [info] [:] [gpu_pool] GPU:0 QueryEnd allocated=0 bytes peak=6592903168 bytes reserved=0 bytes
[2026-07-08 03:10:18.828] [info] [:] [gpu_pool] GPU:1 QueryEnd allocated=0 bytes peak=1072277760 bytes reserved=0 bytes
[2026-07-08 03:10:18.828] [info] [:] [host_pool] HOST:0 QueryBegin allocated=3145728 bytes peak=531628032 bytes free_blocks=509
[2026-07-08 03:10:18.828] [info] [:] [gpu_pool] GPU:0 QueryBegin allocated=0 bytes peak=6592903168 bytes reserved=0 bytes
[2026-07-08 03:10:18.828] [info] [:] [gpu_pool] GPU:1 QueryBegin allocated=0 bytes peak=1072277760 bytes reserved=0 bytes
[2026-07-08 03:10:18.828] [info] [sirius_context.cpp:242] QueryBegin: SQL: CALL unpin_table('region')
[2026-07-08 03:10:18.829] [info] [sirius_context.cpp:258] QueryEnd
[2026-07-08 03:10:18.848] [info] [:] [host_pool] HOST:0 QueryEnd allocated=3145728 bytes peak=531628032 bytes free_blocks=509
[2026-07-08 03:10:18.848] [info] [:] [gpu_pool] GPU:0 QueryEnd allocated=0 bytes peak=6592903168 bytes reserved=0 bytes
[2026-07-08 03:10:18.848] [info] [:] [gpu_pool] GPU:1 QueryEnd allocated=0 bytes peak=1072277760 bytes reserved=0 bytes
[2026-07-08 03:10:18.848] [info] [:] [host_pool] HOST:0 QueryBegin allocated=3145728 bytes peak=531628032 bytes free_blocks=509
[2026-07-08 03:10:18.848] [info] [:] [gpu_pool] GPU:0 QueryBegin allocated=0 bytes peak=6592903168 bytes reserved=0 bytes
[2026-07-08 03:10:18.849] [info] [:] [gpu_pool] GPU:1 QueryBegin allocated=0 bytes peak=1072277760 bytes reserved=0 bytes
[2026-07-08 03:10:18.849] [info] [sirius_context.cpp:242] QueryBegin: SQL: CALL unpin_table('supplier')
[2026-07-08 03:10:18.850] [info] [sirius_context.cpp:258] QueryEnd
[2026-07-08 03:10:18.869] [info] [:] [host_pool] HOST:0 QueryEnd allocated=3145728 bytes peak=531628032 bytes free_blocks=509
[2026-07-08 03:10:18.869] [info] [:] [gpu_pool] GPU:0 QueryEnd allocated=0 bytes peak=6592903168 bytes reserved=0 bytes
[2026-07-08 03:10:18.869] [info] [:] [gpu_pool] GPU:1 QueryEnd allocated=0 bytes peak=1072277760 bytes reserved=0 bytes
[2026-07-08 03:10:18.869] [info] [sirius_context.cpp:1013] Connection closed.
[2026-07-08 03:10:18.880] [info] [task_scheduler.cpp:295] Task request channel closed, exiting management event loop.
[2026-07-08 03:10:18.880] [info] [gpu_pipeline_executor.cpp:118] GPU Pipeline Executor: task queue interrupted, stopping manager loop
[2026-07-08 03:10:18.880] [info] [gpu_pipeline_executor.cpp:118] GPU Pipeline Executor: task queue interrupted, stopping manager loop
