[2026-07-10 06:37:04.227] [info] [sirius_context.cpp:957] Loaded Sirius configuration from file: /home/dy1013/sirius_multi-gpu/experiment/fixed_page_runs/scan_table_overlap_q1_q22/configs/sirius_2gpu.yaml
[2026-07-10 06:37:04.234] [info] [telemetry_context.cpp:78] Telemetry context initialized (engine=siriusDB)
[2026-07-10 06:37:04.234] [info] [sirius_context.cpp:296] SiriusContext: topology summary — 2 GPU(s), 1 NUMA node(s), host='hicys76'
[2026-07-10 06:37:04.234] [info] [sirius_context.cpp:301]   GPU 0: NVIDIA RTX A5000 (numa=0, pci=00000000:AC:00.0)
[2026-07-10 06:37:04.234] [info] [sirius_context.cpp:301]   GPU 1: NVIDIA RTX A5000 (numa=0, pci=00000000:CA:00.0)
[2026-07-10 06:37:04.378] [warning] [sirius_context.cpp:311] SiriusContext: disk memory space is not configured; spilling GPU or HOST data to disk is disabled. If queries run out of GPU/HOST memory, downgrades to disk will not be possible.
[2026-07-10 06:37:04.378] [info] [sirius_context.cpp:323] SiriusContext: 1 host memory space(s) created for 1 NUMA node(s)
[2026-07-10 06:37:04.381] [info] [sirius_context.cpp:376] SiriusContext: P2P enabled 0 -> 1
[2026-07-10 06:37:04.381] [info] [sirius_context.cpp:376] SiriusContext: P2P enabled 1 -> 0
[2026-07-10 06:37:04.399] [info] [sirius_context.cpp:436] SiriusContext: cuDF pinned memory resource configured (NUMA-aware, max slab 8192 B, fallback node=0)
[2026-07-10 06:37:04.402] [info] [sirius_context.cpp:918] Connection opened.
[2026-07-10 06:37:04.402] [info] [sirius_context.cpp:931] Extension loaded: sirius
[2026-07-10 06:37:04.403] [info] [sirius_context.cpp:217] QueryEnd
[2026-07-10 06:37:04.411] [info] [:] [host_pool] HOST:0 QueryEnd allocated=67108864 bytes peak=67108864 bytes free_blocks=448
[2026-07-10 06:37:04.411] [info] [:] [gpu_pool] GPU:0 QueryEnd allocated=0 bytes peak=0 bytes reserved=0 bytes
[2026-07-10 06:37:04.411] [info] [:] [gpu_pool] GPU:1 QueryEnd allocated=0 bytes peak=0 bytes reserved=0 bytes
[2026-07-10 06:37:04.412] [info] [:] [host_pool] HOST:0 QueryBegin allocated=67108864 bytes peak=67108864 bytes free_blocks=448
[2026-07-10 06:37:04.412] [info] [:] [gpu_pool] GPU:0 QueryBegin allocated=0 bytes peak=0 bytes reserved=0 bytes
[2026-07-10 06:37:04.412] [info] [:] [gpu_pool] GPU:1 QueryBegin allocated=0 bytes peak=0 bytes reserved=0 bytes
[2026-07-10 06:37:04.412] [info] [sirius_context.cpp:201] QueryBegin: SQL: SET gpu_execution = true;
[2026-07-10 06:37:04.412] [info] [sirius_context.cpp:217] QueryEnd
[2026-07-10 06:37:04.422] [info] [:] [host_pool] HOST:0 QueryEnd allocated=67108864 bytes peak=67108864 bytes free_blocks=448
[2026-07-10 06:37:04.422] [info] [:] [gpu_pool] GPU:0 QueryEnd allocated=0 bytes peak=0 bytes reserved=0 bytes
[2026-07-10 06:37:04.422] [info] [:] [gpu_pool] GPU:1 QueryEnd allocated=0 bytes peak=0 bytes reserved=0 bytes
[2026-07-10 06:37:04.422] [info] [:] [host_pool] HOST:0 QueryBegin allocated=67108864 bytes peak=67108864 bytes free_blocks=448
[2026-07-10 06:37:04.422] [info] [:] [gpu_pool] GPU:0 QueryBegin allocated=0 bytes peak=0 bytes reserved=0 bytes
[2026-07-10 06:37:04.422] [info] [:] [gpu_pool] GPU:1 QueryBegin allocated=0 bytes peak=0 bytes reserved=0 bytes
[2026-07-10 06:37:04.422] [info] [sirius_context.cpp:201] QueryBegin: SQL: select c.c_custkey, c.c_name, sum(l.l_extendedprice * (1 - l.l_discount)) as revenue, c.c_acctbal, n.n_name, c.c_address, c.c_phone, c.c_comment from customer c, orders o, lineitem l, nation n where c.c_custkey = o.o_custkey and l.l_orderkey = o.o_orderkey and o.o_orderdate >= date '1994-03-01' and o.o_orderdate < date '1994-06-01' and l.l_returnflag = 'R' and c.c_nationkey = n.n_nationkey group by c.c_custkey, c.c_name, c.c_acctbal, c.c_phone, n.n_name, c.c_address, c.c_comment order by revenue desc limit 20
[2026-07-10 06:37:04.703] [info] [sirius_plan_get.cpp:267] [sirius_plan_get] LogicalGet has dynamic_filters attached (channel key=0x5965290ec600).
[2026-07-10 06:37:04.703] [info] [sirius_plan_comparison_join.cpp:540] [sirius_plan_comparison_join] Not wiring dynamic filter(s): build side is unfiltered (build est 25 rows).
[2026-07-10 06:37:04.703] [info] [sirius_plan_get.cpp:267] [sirius_plan_get] LogicalGet has dynamic_filters attached (channel key=0x5965290e9410).
[2026-07-10 06:37:04.703] [info] [sirius_plan_comparison_join.cpp:601] [sirius_plan_comparison_join] Wired hash join with 1 dynamic-filter probe target(s) (build est 150000000 rows).
[2026-07-10 06:37:04.703] [info] [sirius_plan_comparison_join.cpp:601] [sirius_plan_comparison_join] Wired hash join with 1 dynamic-filter probe target(s) (build est 600037902 rows).
[2026-07-10 06:37:04.716] [info] [sirius_context.cpp:865] Transparent execution: Sirius physical plan generated successfully
[2026-07-10 06:37:04.731] [info] [sirius_context.cpp:877] Transparent execution: physical plan replaced with GPU operator
[2026-07-10 06:37:04.731] [info] [physical_sirius_execution.cpp:97] Transparent GPU execution: executing query
[2026-07-10 06:37:04.786] [info] [sirius_plan_get.cpp:267] [sirius_plan_get] LogicalGet has dynamic_filters attached (channel key=0x5965290ec600).
[2026-07-10 06:37:04.786] [info] [sirius_plan_comparison_join.cpp:540] [sirius_plan_comparison_join] Not wiring dynamic filter(s): build side is unfiltered (build est 25 rows).
[2026-07-10 06:37:04.786] [info] [sirius_plan_get.cpp:267] [sirius_plan_get] LogicalGet has dynamic_filters attached (channel key=0x5965290e9410).
[2026-07-10 06:37:04.786] [info] [sirius_plan_comparison_join.cpp:601] [sirius_plan_comparison_join] Wired hash join with 1 dynamic-filter probe target(s) (build est 150000000 rows).
[2026-07-10 06:37:04.786] [info] [sirius_plan_comparison_join.cpp:601] [sirius_plan_comparison_join] Wired hash join with 1 dynamic-filter probe target(s) (build est 600037902 rows).
[2026-07-10 06:37:04.787] [info] [sirius_engine.cpp:375] Query Plan:
=== Pipeline Overview ===
Pipeline #0: GPU_SCAN (id=23)
  Output: -> PARTITION [port: default, barrier: FULL]
Pipeline #1: PARTITION (id=25)
  Input: <- Pipeline #0 [on: PARTITION (id=25), port: default, barrier: FULL]
  Dependencies: Pipeline #0
  Output: -> CONCAT [port: default, barrier: PARTIAL]
Pipeline #2: CONCAT (id=24)
  Input: <- Pipeline #1 [on: CONCAT (id=24), port: default, barrier: PARTIAL]
  Dependencies: Pipeline #1
  Output: -> HASH_JOIN [port: build, barrier: FULL]
Pipeline #3: GPU_SCAN (id=26)
  Output: -> PARTITION [port: default, barrier: FULL]
Pipeline #4: PARTITION (id=28)
  Input: <- Pipeline #3 [on: PARTITION (id=28), port: default, barrier: FULL]
  Dependencies: Pipeline #3
  Output: -> CONCAT [port: default, barrier: PARTIAL]
Pipeline #5: CONCAT (id=27)
  Input: <- Pipeline #4 [on: CONCAT (id=27), port: default, barrier: PARTIAL]
  Dependencies: Pipeline #4
  Output: -> HASH_JOIN [port: build, barrier: FULL]
Pipeline #6: GPU_SCAN (id=29) -> DYNAMIC_FILTER (id=30)
  Output: -> PARTITION [port: default, barrier: PARTIAL]
Pipeline #7: PARTITION (id=32)
  Input: <- Pipeline #6 [on: PARTITION (id=32), port: default, barrier: PARTIAL]
  Dependencies: Pipeline #6
  Output: -> CONCAT [port: default, barrier: PARTIAL]
Pipeline #8: CONCAT (id=31)
  Input: <- Pipeline #7 [on: CONCAT (id=31), port: default, barrier: PARTIAL]
  Dependencies: Pipeline #7
  Output: -> HASH_JOIN [port: default, barrier: FULL]
Pipeline #9: HASH_JOIN (id=16)
  Input: <- Pipeline #8 [on: HASH_JOIN (id=16), port: default, barrier: FULL]
  Input: <- Pipeline #5 [on: HASH_JOIN (id=16), port: build, barrier: FULL]
  Dependencies: Pipeline #5, Pipeline #8
  Output: -> PARTITION [port: default, barrier: FULL]
Pipeline #10: PARTITION (id=34)
  Input: <- Pipeline #9 [on: PARTITION (id=34), port: default, barrier: FULL]
  Dependencies: Pipeline #9
  Output: -> CONCAT [port: default, barrier: PARTIAL]
Pipeline #11: CONCAT (id=33)
  Input: <- Pipeline #10 [on: CONCAT (id=33), port: default, barrier: PARTIAL]
  Dependencies: Pipeline #10
  Output: -> HASH_JOIN [port: build, barrier: FULL]
Pipeline #12: GPU_SCAN (id=35) -> DYNAMIC_FILTER (id=36)
  Output: -> PARTITION [port: default, barrier: PARTIAL]
Pipeline #13: PARTITION (id=38)
  Input: <- Pipeline #12 [on: PARTITION (id=38), port: default, barrier: PARTIAL]
  Dependencies: Pipeline #12
  Output: -> CONCAT [port: default, barrier: PARTIAL]
Pipeline #14: CONCAT (id=37)
  Input: <- Pipeline #13 [on: CONCAT (id=37), port: default, barrier: PARTIAL]
  Dependencies: Pipeline #13
  Output: -> HASH_JOIN [port: default, barrier: FULL]
Pipeline #15: HASH_JOIN (id=13)
  Input: <- Pipeline #14 [on: HASH_JOIN (id=13), port: default, barrier: FULL]
  Input: <- Pipeline #2 [on: HASH_JOIN (id=13), port: build, barrier: FULL]
  Dependencies: Pipeline #2, Pipeline #14
  Output: -> PARTITION [port: default, barrier: PARTIAL]
Pipeline #16: PARTITION (id=40)
  Input: <- Pipeline #15 [on: PARTITION (id=40), port: default, barrier: PARTIAL]
  Dependencies: Pipeline #15
  Output: -> CONCAT [port: default, barrier: PARTIAL]
Pipeline #17: CONCAT (id=39)
  Input: <- Pipeline #16 [on: CONCAT (id=39), port: default, barrier: PARTIAL]
  Dependencies: Pipeline #16
  Output: -> HASH_JOIN [port: default, barrier: FULL]
Pipeline #18: HASH_JOIN (id=17) -> PROJECTION (id=18) -> HASH_GROUP_BY (id=19)
  Input: <- Pipeline #17 [on: HASH_JOIN (id=17), port: default, barrier: FULL]
  Input: <- Pipeline #11 [on: HASH_JOIN (id=17), port: build, barrier: FULL]
  Dependencies: Pipeline #11, Pipeline #17
  Output: -> PARTITION [port: default, barrier: FULL]
Pipeline #19: PARTITION (id=41)
  Input: <- Pipeline #18 [on: PARTITION (id=41), port: default, barrier: FULL]
  Dependencies: Pipeline #18
  Output: -> MERGE_GROUP_BY [port: default, barrier: FULL]
Pipeline #20: MERGE_GROUP_BY (id=42)
  Input: <- Pipeline #19 [on: MERGE_GROUP_BY (id=42), port: default, barrier: FULL]
  Dependencies: Pipeline #19
  Output: -> PROJECTION [port: default, barrier: FULL]
Pipeline #21: PROJECTION (id=20) -> TOP_N (id=21)
  Input: <- Pipeline #20 [on: PROJECTION (id=20), port: default, barrier: FULL]
  Dependencies: Pipeline #20
  Output: -> MERGE_TOP_N [port: default, barrier: FULL]
Pipeline #22: MERGE_TOP_N (id=43)
  Input: <- Pipeline #21 [on: MERGE_TOP_N (id=43), port: default, barrier: FULL]
  Dependencies: Pipeline #21
  Output: -> RESULT_COLLECTOR [port: default, barrier: FULL]
Pipeline #23: RESULT_COLLECTOR (id=22)
  Input: <- Pipeline #22 [on: RESULT_COLLECTOR (id=22), port: default, barrier: FULL]
  Dependencies: Pipeline #22

=== Query Plan DAG ===
┌──────────────────────────┐                                                                                    
│ Pipeline #23             │                                                                                    
│ RESULT_COLLECTOR (id=22) │                                                                                    
│ Input(#22): FULL         │                                                                                    
└────────────┬─────────────┘                                                                                    
             │                                                                                                  
┌──────────────────────────┐                                                                                    
│ Pipeline #22             │                                                                                    
│ MERGE_TOP_N (id=43)      │                                                                                    
│ Input(#21): FULL         │                                                                                    
└────────────┬─────────────┘                                                                                    
             │                                                                                                  
┌──────────────────────────┐                                                                                    
│ Pipeline #21             │                                                                                    
│ TOP_N (id=21)            │                                                                                    
│ PROJECTION (id=20)       │                                                                                    
│ Input(#20): FULL         │                                                                                    
└────────────┬─────────────┘                                                                                    
             │                                                                                                  
┌──────────────────────────┐                                                                                    
│ Pipeline #20             │                                                                                    
│ MERGE_GROUP_BY (id=42)   │                                                                                    
│ Input(#19): FULL         │                                                                                    
└────────────┬─────────────┘                                                                                    
             │                                                                                                  
┌──────────────────────────┐                                                                                    
│ Pipeline #19             │                                                                                    
│ PARTITION (id=41)        │                                                                                    
│ Input(#18): FULL         │                                                                                    
└────────────┬─────────────┘                                                                                    
             │                                                                                                  
┌──────────────────────────┐                                                                                    
│ Pipeline #18             │                                                                                    
│ HASH_GROUP_BY (id=19)    │                                                                                    
│ PROJECTION (id=18)       │                                                                                    
│ HASH_JOIN (id=17)        │                                                                                    
│   type: INNER            │                                                                                    
│ Input(#17): FULL         │                                                                                    
│ Input(#11): FULL         │                                                                                    
└────────────┬─────────────┘                                                                                    
             ┌───────────────────────────────────────────────────────┐                                          
             │                                                       │                                          
┌──────────────────────────┐                            ┌──────────────────────────┐                            
│ Pipeline #11             │                            │ Pipeline #17             │                            
│ CONCAT (id=33)           │                            │ CONCAT (id=39)           │                            
│ Input(#10): PARTIAL      │                            │ Input(#16): PARTIAL      │                            
└────────────┬─────────────┘                            └────────────┬─────────────┘                            
             │                                                       │                                          
┌──────────────────────────┐                            ┌──────────────────────────┐                            
│ Pipeline #10             │                            │ Pipeline #16             │                            
│ PARTITION (id=34)        │                            │ PARTITION (id=40)        │                            
│ Input(#9): FULL          │                            │ Input(#15): PARTIAL      │                            
└────────────┬─────────────┘                            └────────────┬─────────────┘                            
             │                                                       │                                          
┌──────────────────────────┐                            ┌──────────────────────────┐                            
│ Pipeline #9              │                            │ Pipeline #15             │                            
│ HASH_JOIN (id=16)        │                            │ HASH_JOIN (id=13)        │                            
│   type: INNER            │                            │   type: INNER            │                            
│ Input(#8): FULL          │                            │ Input(#14): FULL         │                            
│ Input(#5): FULL          │                            │ Input(#2): FULL          │                            
└────────────┬─────────────┘                            └────────────┬─────────────┘                            
             ┌───────────────────────────┐                           ┌───────────────────────────┐              
             │                           │                           │                           │              
┌──────────────────────────┐┌──────────────────────────┐┌──────────────────────────┐┌──────────────────────────┐
│ Pipeline #5              ││ Pipeline #8              ││ Pipeline #2              ││ Pipeline #14             │
│ CONCAT (id=27)           ││ CONCAT (id=31)           ││ CONCAT (id=24)           ││ CONCAT (id=37)           │
│ Input(#4): PARTIAL       ││ Input(#7): PARTIAL       ││ Input(#1): PARTIAL       ││ Input(#13): PARTIAL      │
└────────────┬─────────────┘└────────────┬─────────────┘└────────────┬─────────────┘└────────────┬─────────────┘
             │                           │                           │                           │              
┌──────────────────────────┐┌──────────────────────────┐┌──────────────────────────┐┌──────────────────────────┐
│ Pipeline #4              ││ Pipeline #7              ││ Pipeline #1              ││ Pipeline #13             │
│ PARTITION (id=28)        ││ PARTITION (id=32)        ││ PARTITION (id=25)        ││ PARTITION (id=38)        │
│ Input(#3): FULL          ││ Input(#6): PARTIAL       ││ Input(#0): FULL          ││ Input(#12): PARTIAL      │
└────────────┬─────────────┘└────────────┬─────────────┘└────────────┬─────────────┘└────────────┬─────────────┘
             │                           │                           │                           │              
┌──────────────────────────┐┌──────────────────────────┐┌──────────────────────────┐┌──────────────────────────┐
│ Pipeline #3              ││ Pipeline #6              ││ Pipeline #0              ││ Pipeline #12             │
│ GPU_SCAN (id=26)         ││ DYNAMIC_FILTER (id=30)   ││ GPU_SCAN (id=23)         ││ DYNAMIC_FILTER (id=36)   │
│                          ││ GPU_SCAN (id=29)         ││                          ││ GPU_SCAN (id=35)         │
└──────────────────────────┘└──────────────────────────┘└──────────────────────────┘└──────────────────────────┘

[2026-07-10 06:37:04.788] [info] [parquet_gpu_ingestible.cpp:278] [coalesce-debug] parquet_batch_coalescer emit #1: 1 slice(s), acc_bytes=508, cap=536870912
[2026-07-10 06:37:04.788] [info] [load_balancing_scan_batch_coalescer.cpp:96] [coalesce-debug] load_balancer emit pipeline=0 -> preferred GPU 0
[2026-07-10 06:37:04.789] [info] [task_scheduler.cpp:462] [mgpu-audit] pipeline_task dispatched to GPU 0 task_id=0
[2026-07-10 06:37:04.789] [info] [task_scheduler.cpp:464] [locality-audit] dispatch task_id=0 preferred_device=0 actual_gpu=0
[2026-07-10 06:37:04.816] [info] [parquet_gpu_ingestible.cpp:278] [coalesce-debug] parquet_batch_coalescer emit #1: 1 slice(s), acc_bytes=535232606, cap=536870912
[2026-07-10 06:37:04.816] [info] [parquet_gpu_ingestible.cpp:278] [coalesce-debug] parquet_batch_coalescer emit #2: 1 slice(s), acc_bytes=536429546, cap=536870912
[2026-07-10 06:37:04.816] [info] [parquet_gpu_ingestible.cpp:278] [coalesce-debug] parquet_batch_coalescer emit #3: 1 slice(s), acc_bytes=536433706, cap=536870912
[2026-07-10 06:37:04.816] [info] [parquet_gpu_ingestible.cpp:278] [coalesce-debug] parquet_batch_coalescer emit #4: 1 slice(s), acc_bytes=536434838, cap=536870912
[2026-07-10 06:37:04.816] [info] [load_balancing_scan_batch_coalescer.cpp:96] [coalesce-debug] load_balancer emit pipeline=3 -> preferred GPU 1
[2026-07-10 06:37:04.819] [info] [parquet_gpu_ingestible.cpp:905] [scan-audit] parquet_materialize target_gpu=0 files=/mnt/nvme/dataset/nation.parquet columns=n_nationkey|n_name row_groups=0 compressed_bytes=398 uncompressed_bytes=508 output_rows=25 output_columns=2 split_count=1 duration_us=30225
[2026-07-10 06:37:04.819] [info] [gpu_pipeline_task.cpp:321] [stage-audit] pipeline_id=0 task_id=0 operator_id=23 operator_name=GPU_SCAN stage_kind=SCAN operator_type=94 input_type=GPU_SCAN output_type=PIPELINEABLE actual_gpu=0 pipeline_operator_count=1 input_batches=0 input_rows=0 input_columns=0 input_bytes=0 output_batches=1 output_rows=25 output_columns=2 output_bytes=509 byte_ratio=0.000000 row_ratio=0.000000 duration_us=30349
[2026-07-10 06:37:04.820] [info] [task_creator.cpp:363] [locality-audit] task_create operator_id=25 input_bytes=509 local_bytes=509 gpu_source_bytes=509 host_source_bytes=0 disk_source_bytes=0 gpu_sources=1 host_sources=0 preferred_device=0
[2026-07-10 06:37:04.820] [info] [task_scheduler.cpp:462] [mgpu-audit] pipeline_task dispatched to GPU 0 task_id=1
[2026-07-10 06:37:04.820] [info] [task_scheduler.cpp:464] [locality-audit] dispatch task_id=1 preferred_device=0 actual_gpu=0
[2026-07-10 06:37:04.820] [info] [gpu_pipeline_task.cpp:188] [locality-audit] prepare_before pipeline_id=1 task_id=1 preferred_device=0 actual_gpu=0 target_tier=GPU target_device=0 input_bytes=509 local_bytes=509 remote_gpu_bytes=0 host_bytes=0 disk_bytes=0 batch_count=1
[2026-07-10 06:37:04.820] [info] [gpu_pipeline_task.cpp:188] [locality-audit] prepare_after pipeline_id=1 task_id=1 preferred_device=0 actual_gpu=0 target_tier=GPU target_device=0 input_bytes=509 local_bytes=509 remote_gpu_bytes=0 host_bytes=0 disk_bytes=0 batch_count=1
[2026-07-10 06:37:04.820] [info] [gpu_pipeline_task.cpp:321] [stage-audit] pipeline_id=1 task_id=1 operator_id=25 operator_name=PARTITION stage_kind=PARTITION operator_type=82 input_type=PIPELINEABLE output_type=PIPELINEABLE actual_gpu=0 pipeline_operator_count=1 input_batches=1 input_rows=25 input_columns=2 input_bytes=509 output_batches=1 output_rows=25 output_columns=2 output_bytes=509 byte_ratio=1.000000 row_ratio=1.000000 duration_us=7
[2026-07-10 06:37:04.820] [info] [task_scheduler.cpp:462] [mgpu-audit] pipeline_task dispatched to GPU 0 task_id=2
[2026-07-10 06:37:04.820] [info] [task_scheduler.cpp:464] [locality-audit] dispatch task_id=2 preferred_device=0 actual_gpu=0
[2026-07-10 06:37:04.821] [info] [gpu_pipeline_task.cpp:188] [locality-audit] prepare_before pipeline_id=2 task_id=2 preferred_device=0 actual_gpu=0 target_tier=GPU target_device=0 input_bytes=509 local_bytes=509 remote_gpu_bytes=0 host_bytes=0 disk_bytes=0 batch_count=1
[2026-07-10 06:37:04.821] [info] [gpu_pipeline_task.cpp:188] [locality-audit] prepare_after pipeline_id=2 task_id=2 preferred_device=0 actual_gpu=0 target_tier=GPU target_device=0 input_bytes=509 local_bytes=509 remote_gpu_bytes=0 host_bytes=0 disk_bytes=0 batch_count=1
[2026-07-10 06:37:04.821] [info] [gpu_pipeline_task.cpp:321] [stage-audit] pipeline_id=2 task_id=2 operator_id=24 operator_name=CONCAT stage_kind=CONCAT operator_type=83 input_type=PARTITIONED output_type=PARTITIONED actual_gpu=0 pipeline_operator_count=1 input_batches=1 input_rows=25 input_columns=2 input_bytes=509 output_batches=1 output_rows=25 output_columns=2 output_bytes=509 byte_ratio=1.000000 row_ratio=1.000000 duration_us=2
[2026-07-10 06:37:04.840] [info] [load_balancing_scan_batch_coalescer.cpp:96] [coalesce-debug] load_balancer emit pipeline=3 -> preferred GPU 0
[2026-07-10 06:37:04.864] [info] [load_balancing_scan_batch_coalescer.cpp:96] [coalesce-debug] load_balancer emit pipeline=3 -> preferred GPU 1
[2026-07-10 06:37:04.891] [info] [load_balancing_scan_batch_coalescer.cpp:96] [coalesce-debug] load_balancer emit pipeline=3 -> preferred GPU 0
[2026-07-10 06:37:04.917] [info] [parquet_gpu_ingestible.cpp:278] [coalesce-debug] parquet_batch_coalescer emit #5: 1 slice(s), acc_bytes=292968950, cap=536870912
[2026-07-10 06:37:04.917] [info] [load_balancing_scan_batch_coalescer.cpp:96] [coalesce-debug] load_balancer emit pipeline=3 -> preferred GPU 1
[2026-07-10 06:37:04.945] [info] [parquet_gpu_ingestible.cpp:278] [coalesce-debug] parquet_batch_coalescer emit #1: 1 slice(s), acc_bytes=533977932, cap=536870912
[2026-07-10 06:37:04.945] [info] [parquet_gpu_ingestible.cpp:278] [coalesce-debug] parquet_batch_coalescer emit #2: 1 slice(s), acc_bytes=535582455, cap=536870912
[2026-07-10 06:37:04.945] [info] [parquet_gpu_ingestible.cpp:278] [coalesce-debug] parquet_batch_coalescer emit #3: 1 slice(s), acc_bytes=535597956, cap=536870912
[2026-07-10 06:37:04.945] [info] [parquet_gpu_ingestible.cpp:278] [coalesce-debug] parquet_batch_coalescer emit #4: 1 slice(s), acc_bytes=535592925, cap=536870912
[2026-07-10 06:37:04.945] [info] [parquet_gpu_ingestible.cpp:278] [coalesce-debug] parquet_batch_coalescer emit #5: 1 slice(s), acc_bytes=534714072, cap=536870912
[2026-07-10 06:37:04.945] [info] [parquet_gpu_ingestible.cpp:278] [coalesce-debug] parquet_batch_coalescer emit #6: 1 slice(s), acc_bytes=534355278, cap=536870912
[2026-07-10 06:37:04.945] [info] [parquet_gpu_ingestible.cpp:278] [coalesce-debug] parquet_batch_coalescer emit #7: 1 slice(s), acc_bytes=534344190, cap=536870912
[2026-07-10 06:37:04.945] [info] [parquet_gpu_ingestible.cpp:278] [coalesce-debug] parquet_batch_coalescer emit #8: 1 slice(s), acc_bytes=534338091, cap=536870912
[2026-07-10 06:37:04.945] [info] [parquet_gpu_ingestible.cpp:278] [coalesce-debug] parquet_batch_coalescer emit #9: 1 slice(s), acc_bytes=534353301, cap=536870912
[2026-07-10 06:37:04.945] [info] [parquet_gpu_ingestible.cpp:278] [coalesce-debug] parquet_batch_coalescer emit #10: 1 slice(s), acc_bytes=534344529, cap=536870912
[2026-07-10 06:37:04.945] [info] [parquet_gpu_ingestible.cpp:278] [coalesce-debug] parquet_batch_coalescer emit #11: 1 slice(s), acc_bytes=534347898, cap=536870912
[2026-07-10 06:37:04.945] [info] [parquet_gpu_ingestible.cpp:278] [coalesce-debug] parquet_batch_coalescer emit #12: 1 slice(s), acc_bytes=534345993, cap=536870912
[2026-07-10 06:37:04.945] [info] [parquet_gpu_ingestible.cpp:278] [coalesce-debug] parquet_batch_coalescer emit #13: 1 slice(s), acc_bytes=534350985, cap=536870912
[2026-07-10 06:37:04.945] [info] [parquet_gpu_ingestible.cpp:278] [coalesce-debug] parquet_batch_coalescer emit #14: 1 slice(s), acc_bytes=534357051, cap=536870912
[2026-07-10 06:37:04.945] [info] [parquet_gpu_ingestible.cpp:278] [coalesce-debug] parquet_batch_coalescer emit #15: 1 slice(s), acc_bytes=534368322, cap=536870912
[2026-07-10 06:37:04.945] [info] [parquet_gpu_ingestible.cpp:278] [coalesce-debug] parquet_batch_coalescer emit #16: 1 slice(s), acc_bytes=534363459, cap=536870912
[2026-07-10 06:37:04.945] [info] [parquet_gpu_ingestible.cpp:278] [coalesce-debug] parquet_batch_coalescer emit #17: 1 slice(s), acc_bytes=534354894, cap=536870912
[2026-07-10 06:37:04.945] [info] [parquet_gpu_ingestible.cpp:278] [coalesce-debug] parquet_batch_coalescer emit #18: 1 slice(s), acc_bytes=534321966, cap=536870912
[2026-07-10 06:37:04.945] [info] [parquet_gpu_ingestible.cpp:278] [coalesce-debug] parquet_batch_coalescer emit #19: 1 slice(s), acc_bytes=534353292, cap=536870912
[2026-07-10 06:37:04.945] [info] [parquet_gpu_ingestible.cpp:278] [coalesce-debug] parquet_batch_coalescer emit #20: 1 slice(s), acc_bytes=534347898, cap=536870912
[2026-07-10 06:37:04.945] [info] [parquet_gpu_ingestible.cpp:278] [coalesce-debug] parquet_batch_coalescer emit #21: 1 slice(s), acc_bytes=534359454, cap=536870912
[2026-07-10 06:37:04.945] [info] [parquet_gpu_ingestible.cpp:278] [coalesce-debug] parquet_batch_coalescer emit #22: 1 slice(s), acc_bytes=534347424, cap=536870912
[2026-07-10 06:37:04.945] [info] [parquet_gpu_ingestible.cpp:278] [coalesce-debug] parquet_batch_coalescer emit #23: 1 slice(s), acc_bytes=534352200, cap=536870912
[2026-07-10 06:37:04.945] [info] [parquet_gpu_ingestible.cpp:278] [coalesce-debug] parquet_batch_coalescer emit #24: 1 slice(s), acc_bytes=534349068, cap=536870912
[2026-07-10 06:37:04.945] [info] [parquet_gpu_ingestible.cpp:278] [coalesce-debug] parquet_batch_coalescer emit #25: 1 slice(s), acc_bytes=534344919, cap=536870912
[2026-07-10 06:37:04.945] [info] [parquet_gpu_ingestible.cpp:278] [coalesce-debug] parquet_batch_coalescer emit #26: 1 slice(s), acc_bytes=534341433, cap=536870912
[2026-07-10 06:37:04.945] [info] [parquet_gpu_ingestible.cpp:278] [coalesce-debug] parquet_batch_coalescer emit #27: 1 slice(s), acc_bytes=534361548, cap=536870912
[2026-07-10 06:37:04.945] [info] [load_balancing_scan_batch_coalescer.cpp:96] [coalesce-debug] load_balancer emit pipeline=6 -> preferred GPU 0
[2026-07-10 06:37:05.042] [info] [load_balancing_scan_batch_coalescer.cpp:96] [coalesce-debug] load_balancer emit pipeline=6 -> preferred GPU 1
[2026-07-10 06:37:05.169] [info] [load_balancing_scan_batch_coalescer.cpp:96] [coalesce-debug] load_balancer emit pipeline=6 -> preferred GPU 0
[2026-07-10 06:37:05.306] [info] [load_balancing_scan_batch_coalescer.cpp:96] [coalesce-debug] load_balancer emit pipeline=6 -> preferred GPU 1
[2026-07-10 06:37:05.445] [info] [load_balancing_scan_batch_coalescer.cpp:96] [coalesce-debug] load_balancer emit pipeline=6 -> preferred GPU 0
[2026-07-10 06:37:05.595] [info] [load_balancing_scan_batch_coalescer.cpp:96] [coalesce-debug] load_balancer emit pipeline=6 -> preferred GPU 1
[2026-07-10 06:37:05.742] [info] [load_balancing_scan_batch_coalescer.cpp:96] [coalesce-debug] load_balancer emit pipeline=6 -> preferred GPU 0
[2026-07-10 06:37:05.899] [info] [load_balancing_scan_batch_coalescer.cpp:96] [coalesce-debug] load_balancer emit pipeline=6 -> preferred GPU 1
[2026-07-10 06:37:06.063] [info] [load_balancing_scan_batch_coalescer.cpp:96] [coalesce-debug] load_balancer emit pipeline=6 -> preferred GPU 0
[2026-07-10 06:37:06.221] [info] [load_balancing_scan_batch_coalescer.cpp:96] [coalesce-debug] load_balancer emit pipeline=6 -> preferred GPU 1
[2026-07-10 06:37:06.382] [info] [load_balancing_scan_batch_coalescer.cpp:96] [coalesce-debug] load_balancer emit pipeline=6 -> preferred GPU 0
[2026-07-10 06:37:06.540] [info] [load_balancing_scan_batch_coalescer.cpp:96] [coalesce-debug] load_balancer emit pipeline=6 -> preferred GPU 1
[2026-07-10 06:37:06.706] [info] [load_balancing_scan_batch_coalescer.cpp:96] [coalesce-debug] load_balancer emit pipeline=6 -> preferred GPU 0
[2026-07-10 06:37:06.876] [info] [load_balancing_scan_batch_coalescer.cpp:96] [coalesce-debug] load_balancer emit pipeline=6 -> preferred GPU 1
[2026-07-10 06:37:07.019] [info] [load_balancing_scan_batch_coalescer.cpp:96] [coalesce-debug] load_balancer emit pipeline=6 -> preferred GPU 0
[2026-07-10 06:37:07.159] [info] [load_balancing_scan_batch_coalescer.cpp:96] [coalesce-debug] load_balancer emit pipeline=6 -> preferred GPU 1
[2026-07-10 06:37:07.329] [info] [load_balancing_scan_batch_coalescer.cpp:96] [coalesce-debug] load_balancer emit pipeline=6 -> preferred GPU 0
[2026-07-10 06:37:07.510] [info] [load_balancing_scan_batch_coalescer.cpp:96] [coalesce-debug] load_balancer emit pipeline=6 -> preferred GPU 1
[2026-07-10 06:37:07.662] [info] [load_balancing_scan_batch_coalescer.cpp:96] [coalesce-debug] load_balancer emit pipeline=6 -> preferred GPU 0
[2026-07-10 06:37:07.819] [info] [load_balancing_scan_batch_coalescer.cpp:96] [coalesce-debug] load_balancer emit pipeline=6 -> preferred GPU 1
[2026-07-10 06:37:07.990] [info] [load_balancing_scan_batch_coalescer.cpp:96] [coalesce-debug] load_balancer emit pipeline=6 -> preferred GPU 0
[2026-07-10 06:37:08.169] [info] [load_balancing_scan_batch_coalescer.cpp:96] [coalesce-debug] load_balancer emit pipeline=6 -> preferred GPU 1
[2026-07-10 06:37:08.342] [info] [load_balancing_scan_batch_coalescer.cpp:96] [coalesce-debug] load_balancer emit pipeline=6 -> preferred GPU 0
[2026-07-10 06:37:08.515] [info] [load_balancing_scan_batch_coalescer.cpp:96] [coalesce-debug] load_balancer emit pipeline=6 -> preferred GPU 1
[2026-07-10 06:37:08.681] [info] [load_balancing_scan_batch_coalescer.cpp:96] [coalesce-debug] load_balancer emit pipeline=6 -> preferred GPU 0
[2026-07-10 06:37:08.852] [info] [load_balancing_scan_batch_coalescer.cpp:96] [coalesce-debug] load_balancer emit pipeline=6 -> preferred GPU 1
[2026-07-10 06:37:09.025] [info] [load_balancing_scan_batch_coalescer.cpp:96] [coalesce-debug] load_balancer emit pipeline=6 -> preferred GPU 0
[2026-07-10 06:37:09.179] [info] [parquet_gpu_ingestible.cpp:278] [coalesce-debug] parquet_batch_coalescer emit #28: 1 slice(s), acc_bytes=194749065, cap=536870912
[2026-07-10 06:37:09.179] [info] [load_balancing_scan_batch_coalescer.cpp:96] [coalesce-debug] load_balancer emit pipeline=6 -> preferred GPU 1
[2026-07-10 06:37:09.347] [info] [parquet_gpu_ingestible.cpp:278] [coalesce-debug] parquet_batch_coalescer emit #1: 1 slice(s), acc_bytes=519418085, cap=536870912
[2026-07-10 06:37:09.347] [info] [parquet_gpu_ingestible.cpp:278] [coalesce-debug] parquet_batch_coalescer emit #2: 1 slice(s), acc_bytes=518667493, cap=536870912
[2026-07-10 06:37:09.347] [info] [parquet_gpu_ingestible.cpp:278] [coalesce-debug] parquet_batch_coalescer emit #3: 1 slice(s), acc_bytes=518761035, cap=536870912
[2026-07-10 06:37:09.347] [info] [parquet_gpu_ingestible.cpp:278] [coalesce-debug] parquet_batch_coalescer emit #4: 1 slice(s), acc_bytes=519492340, cap=536870912
[2026-07-10 06:37:09.347] [info] [parquet_gpu_ingestible.cpp:278] [coalesce-debug] parquet_batch_coalescer emit #5: 1 slice(s), acc_bytes=519101525, cap=536870912
[2026-07-10 06:37:09.347] [info] [load_balancing_scan_batch_coalescer.cpp:96] [coalesce-debug] load_balancer emit pipeline=12 -> preferred GPU 0
[2026-07-10 06:37:09.352] [info] [load_balancing_scan_batch_coalescer.cpp:96] [coalesce-debug] load_balancer emit pipeline=12 -> preferred GPU 1
[2026-07-10 06:37:09.355] [info] [task_scheduler.cpp:462] [mgpu-audit] pipeline_task dispatched to GPU 0 task_id=3
[2026-07-10 06:37:09.355] [info] [task_scheduler.cpp:464] [locality-audit] dispatch task_id=3 preferred_device=0 actual_gpu=0
[2026-07-10 06:37:09.357] [info] [load_balancing_scan_batch_coalescer.cpp:96] [coalesce-debug] load_balancer emit pipeline=12 -> preferred GPU 0
[2026-07-10 06:37:09.358] [info] [task_scheduler.cpp:462] [mgpu-audit] pipeline_task dispatched to GPU 1 task_id=4
[2026-07-10 06:37:09.358] [info] [task_scheduler.cpp:464] [locality-audit] dispatch task_id=4 preferred_device=1 actual_gpu=1
[2026-07-10 06:37:09.363] [info] [load_balancing_scan_batch_coalescer.cpp:96] [coalesce-debug] load_balancer emit pipeline=12 -> preferred GPU 1
[2026-07-10 06:37:09.364] [info] [task_scheduler.cpp:462] [mgpu-audit] pipeline_task dispatched to GPU 0 task_id=5
[2026-07-10 06:37:09.364] [info] [task_scheduler.cpp:464] [locality-audit] dispatch task_id=5 preferred_device=0 actual_gpu=0
[2026-07-10 06:37:09.369] [info] [load_balancing_scan_batch_coalescer.cpp:96] [coalesce-debug] load_balancer emit pipeline=12 -> preferred GPU 0
[2026-07-10 06:37:09.369] [info] [task_scheduler.cpp:462] [mgpu-audit] pipeline_task dispatched to GPU 1 task_id=6
[2026-07-10 06:37:09.369] [info] [task_scheduler.cpp:464] [locality-audit] dispatch task_id=6 preferred_device=1 actual_gpu=1
[2026-07-10 06:37:09.374] [info] [parquet_gpu_ingestible.cpp:278] [coalesce-debug] parquet_batch_coalescer emit #6: 1 slice(s), acc_bytes=154968236, cap=536870912
[2026-07-10 06:37:09.374] [info] [load_balancing_scan_batch_coalescer.cpp:96] [coalesce-debug] load_balancer emit pipeline=12 -> preferred GPU 1
[2026-07-10 06:37:09.660] [info] [parquet_gpu_ingestible.cpp:905] [scan-audit] parquet_materialize target_gpu=0 files=/mnt/nvme/dataset/customer.parquet columns=c_custkey|c_name|c_address|c_nationkey|c_phone|c_acctbal|c_comment row_groups=0,1,2,3,4,5,6,7,8,9,10,11,12,13,14,15,16,17,18,19,20,21,22 compressed_bytes=232687786 uncompressed_bytes=519418085 output_rows=2832801 output_columns=7 split_count=1 duration_us=299593
[2026-07-10 06:37:09.660] [info] [gpu_pipeline_task.cpp:321] [stage-audit] pipeline_id=12 task_id=3 operator_id=35 operator_name=GPU_SCAN stage_kind=SCAN operator_type=94 input_type=GPU_SCAN output_type=PIPELINEABLE actual_gpu=0 pipeline_operator_count=2 input_batches=0 input_rows=0 input_columns=0 input_bytes=0 output_batches=1 output_rows=2832801 output_columns=7 output_bytes=474090391 byte_ratio=0.000000 row_ratio=0.000000 duration_us=303156
[2026-07-10 06:37:09.660] [info] [gpu_pipeline_task.cpp:321] [stage-audit] pipeline_id=12 task_id=3 operator_id=36 operator_name=DYNAMIC_FILTER stage_kind=OTHER operator_type=95 input_type=PIPELINEABLE output_type=PIPELINEABLE actual_gpu=0 pipeline_operator_count=2 input_batches=1 input_rows=2832801 input_columns=7 input_bytes=474090391 output_batches=1 output_rows=2832801 output_columns=7 output_bytes=474090391 byte_ratio=1.000000 row_ratio=1.000000 duration_us=1
[2026-07-10 06:37:09.661] [info] [task_scheduler.cpp:462] [mgpu-audit] pipeline_task dispatched to GPU 0 task_id=7
[2026-07-10 06:37:09.661] [info] [task_scheduler.cpp:464] [locality-audit] dispatch task_id=7 preferred_device=0 actual_gpu=0
[2026-07-10 06:37:09.661] [info] [task_creator.cpp:363] [locality-audit] task_create operator_id=38 input_bytes=474090391 local_bytes=474090391 gpu_source_bytes=474090391 host_source_bytes=0 disk_source_bytes=0 gpu_sources=1 host_sources=0 preferred_device=0
[2026-07-10 06:37:09.661] [info] [task_scheduler.cpp:462] [mgpu-audit] pipeline_task dispatched to GPU 0 task_id=9
[2026-07-10 06:37:09.661] [info] [task_scheduler.cpp:464] [locality-audit] dispatch task_id=9 preferred_device=0 actual_gpu=0
[2026-07-10 06:37:09.668] [info] [parquet_gpu_ingestible.cpp:905] [scan-audit] parquet_materialize target_gpu=1 files=/mnt/nvme/dataset/customer.parquet columns=c_custkey|c_name|c_address|c_nationkey|c_phone|c_acctbal|c_comment row_groups=23,24,25,26,27,28,29,30,31,32,33,34,35,36,37,38,39,40,41,42,43,44,45 compressed_bytes=232331477 uncompressed_bytes=518667493 output_rows=2828601 output_columns=7 split_count=1 duration_us=305629
[2026-07-10 06:37:09.668] [info] [gpu_pipeline_task.cpp:321] [stage-audit] pipeline_id=12 task_id=4 operator_id=35 operator_name=GPU_SCAN stage_kind=SCAN operator_type=94 input_type=GPU_SCAN output_type=PIPELINEABLE actual_gpu=1 pipeline_operator_count=2 input_batches=0 input_rows=0 input_columns=0 input_bytes=0 output_batches=1 output_rows=2828601 output_columns=7 output_bytes=473407097 byte_ratio=0.000000 row_ratio=0.000000 duration_us=308869
[2026-07-10 06:37:09.668] [info] [gpu_pipeline_task.cpp:321] [stage-audit] pipeline_id=12 task_id=4 operator_id=36 operator_name=DYNAMIC_FILTER stage_kind=OTHER operator_type=95 input_type=PIPELINEABLE output_type=PIPELINEABLE actual_gpu=1 pipeline_operator_count=2 input_batches=1 input_rows=2828601 input_columns=7 input_bytes=473407097 output_batches=1 output_rows=2828601 output_columns=7 output_bytes=473407097 byte_ratio=1.000000 row_ratio=1.000000 duration_us=1
[2026-07-10 06:37:09.668] [info] [task_scheduler.cpp:462] [mgpu-audit] pipeline_task dispatched to GPU 1 task_id=8
[2026-07-10 06:37:09.668] [info] [task_scheduler.cpp:464] [locality-audit] dispatch task_id=8 preferred_device=1 actual_gpu=1
[2026-07-10 06:37:09.668] [info] [task_creator.cpp:363] [locality-audit] task_create operator_id=38 input_bytes=473407097 local_bytes=473407097 gpu_source_bytes=473407097 host_source_bytes=0 disk_source_bytes=0 gpu_sources=1 host_sources=0 preferred_device=1
[2026-07-10 06:37:09.668] [info] [task_scheduler.cpp:462] [mgpu-audit] pipeline_task dispatched to GPU 1 task_id=10
[2026-07-10 06:37:09.668] [info] [task_scheduler.cpp:464] [locality-audit] dispatch task_id=10 preferred_device=1 actual_gpu=1
[2026-07-10 06:37:09.668] [info] [gpu_pipeline_task.cpp:188] [locality-audit] prepare_before pipeline_id=13 task_id=10 preferred_device=1 actual_gpu=1 target_tier=GPU target_device=1 input_bytes=473407097 local_bytes=473407097 remote_gpu_bytes=0 host_bytes=0 disk_bytes=0 batch_count=1
[2026-07-10 06:37:09.668] [info] [gpu_pipeline_task.cpp:188] [locality-audit] prepare_after pipeline_id=13 task_id=10 preferred_device=1 actual_gpu=1 target_tier=GPU target_device=1 input_bytes=473407097 local_bytes=473407097 remote_gpu_bytes=0 host_bytes=0 disk_bytes=0 batch_count=1
[2026-07-10 06:37:09.668] [info] [gpu_pipeline_task.cpp:321] [stage-audit] pipeline_id=13 task_id=10 operator_id=38 operator_name=PARTITION stage_kind=PARTITION operator_type=82 input_type=PIPELINEABLE output_type=PIPELINEABLE actual_gpu=1 pipeline_operator_count=1 input_batches=1 input_rows=2828601 input_columns=7 input_bytes=473407097 output_batches=1 output_rows=2828601 output_columns=7 output_bytes=473407097 byte_ratio=1.000000 row_ratio=1.000000 duration_us=7
[2026-07-10 06:37:09.993] [info] [parquet_gpu_ingestible.cpp:905] [scan-audit] parquet_materialize target_gpu=1 files=/mnt/nvme/dataset/customer.parquet columns=c_custkey|c_name|c_address|c_nationkey|c_phone|c_acctbal|c_comment row_groups=115,116,117,118,119,120,121 compressed_bytes=69378477 uncompressed_bytes=154968236 output_rows=844957 output_columns=7 split_count=1 duration_us=321042
[2026-07-10 06:37:09.994] [info] [gpu_pipeline_task.cpp:321] [stage-audit] pipeline_id=12 task_id=8 operator_id=35 operator_name=GPU_SCAN stage_kind=SCAN operator_type=94 input_type=GPU_SCAN output_type=PIPELINEABLE actual_gpu=1 pipeline_operator_count=2 input_batches=0 input_rows=0 input_columns=0 input_bytes=0 output_batches=1 output_rows=844957 output_columns=7 output_bytes=141448338 byte_ratio=0.000000 row_ratio=0.000000 duration_us=323233
[2026-07-10 06:37:09.994] [info] [gpu_pipeline_task.cpp:321] [stage-audit] pipeline_id=12 task_id=8 operator_id=36 operator_name=DYNAMIC_FILTER stage_kind=OTHER operator_type=95 input_type=PIPELINEABLE output_type=PIPELINEABLE actual_gpu=1 pipeline_operator_count=2 input_batches=1 input_rows=844957 input_columns=7 input_bytes=141448338 output_batches=1 output_rows=844957 output_columns=7 output_bytes=141448338 byte_ratio=1.000000 row_ratio=1.000000 duration_us=2
[2026-07-10 06:37:09.994] [info] [task_creator.cpp:363] [locality-audit] task_create operator_id=38 input_bytes=141448338 local_bytes=141448338 gpu_source_bytes=141448338 host_source_bytes=0 disk_source_bytes=0 gpu_sources=1 host_sources=0 preferred_device=1
[2026-07-10 06:37:09.994] [info] [task_scheduler.cpp:462] [mgpu-audit] pipeline_task dispatched to GPU 1 task_id=11
[2026-07-10 06:37:09.994] [info] [task_scheduler.cpp:464] [locality-audit] dispatch task_id=11 preferred_device=1 actual_gpu=1
[2026-07-10 06:37:09.994] [info] [gpu_pipeline_task.cpp:188] [locality-audit] prepare_before pipeline_id=13 task_id=11 preferred_device=1 actual_gpu=1 target_tier=GPU target_device=1 input_bytes=141448338 local_bytes=141448338 remote_gpu_bytes=0 host_bytes=0 disk_bytes=0 batch_count=1
[2026-07-10 06:37:09.994] [info] [gpu_pipeline_task.cpp:188] [locality-audit] prepare_after pipeline_id=13 task_id=11 preferred_device=1 actual_gpu=1 target_tier=GPU target_device=1 input_bytes=141448338 local_bytes=141448338 remote_gpu_bytes=0 host_bytes=0 disk_bytes=0 batch_count=1
[2026-07-10 06:37:09.994] [info] [gpu_pipeline_task.cpp:321] [stage-audit] pipeline_id=13 task_id=11 operator_id=38 operator_name=PARTITION stage_kind=PARTITION operator_type=82 input_type=PIPELINEABLE output_type=PIPELINEABLE actual_gpu=1 pipeline_operator_count=1 input_batches=1 input_rows=844957 input_columns=7 input_bytes=141448338 output_batches=1 output_rows=844957 output_columns=7 output_bytes=141448338 byte_ratio=1.000000 row_ratio=1.000000 duration_us=9
[2026-07-10 06:37:10.056] [info] [parquet_gpu_ingestible.cpp:905] [scan-audit] parquet_materialize target_gpu=1 files=/mnt/nvme/dataset/customer.parquet columns=c_custkey|c_name|c_address|c_nationkey|c_phone|c_acctbal|c_comment row_groups=69,70,71,72,73,74,75,76,77,78,79,80,81,82,83,84,85,86,87,88,89,90,91 compressed_bytes=232694019 uncompressed_bytes=519492340 output_rows=2833075 output_columns=7 split_count=1 duration_us=384235
[2026-07-10 06:37:10.056] [info] [gpu_pipeline_task.cpp:321] [stage-audit] pipeline_id=12 task_id=6 operator_id=35 operator_name=GPU_SCAN stage_kind=SCAN operator_type=94 input_type=GPU_SCAN output_type=PIPELINEABLE actual_gpu=1 pipeline_operator_count=2 input_batches=0 input_rows=0 input_columns=0 input_bytes=0 output_batches=1 output_rows=2833075 output_columns=7 output_bytes=474160465 byte_ratio=0.000000 row_ratio=0.000000 duration_us=387439
[2026-07-10 06:37:10.056] [info] [gpu_pipeline_task.cpp:321] [stage-audit] pipeline_id=12 task_id=6 operator_id=36 operator_name=DYNAMIC_FILTER stage_kind=OTHER operator_type=95 input_type=PIPELINEABLE output_type=PIPELINEABLE actual_gpu=1 pipeline_operator_count=2 input_batches=1 input_rows=2833075 input_columns=7 input_bytes=474160465 output_batches=1 output_rows=2833075 output_columns=7 output_bytes=474160465 byte_ratio=1.000000 row_ratio=1.000000 duration_us=1
[2026-07-10 06:37:10.057] [info] [task_creator.cpp:363] [locality-audit] task_create operator_id=38 input_bytes=474160465 local_bytes=474160465 gpu_source_bytes=474160465 host_source_bytes=0 disk_source_bytes=0 gpu_sources=1 host_sources=0 preferred_device=1
[2026-07-10 06:37:10.057] [info] [task_scheduler.cpp:462] [mgpu-audit] pipeline_task dispatched to GPU 1 task_id=14
[2026-07-10 06:37:10.057] [info] [task_scheduler.cpp:464] [locality-audit] dispatch task_id=14 preferred_device=1 actual_gpu=1
[2026-07-10 06:37:10.057] [info] [gpu_pipeline_task.cpp:188] [locality-audit] prepare_before pipeline_id=13 task_id=14 preferred_device=1 actual_gpu=1 target_tier=GPU target_device=1 input_bytes=474160465 local_bytes=474160465 remote_gpu_bytes=0 host_bytes=0 disk_bytes=0 batch_count=1
[2026-07-10 06:37:10.057] [info] [gpu_pipeline_task.cpp:188] [locality-audit] prepare_after pipeline_id=13 task_id=14 preferred_device=1 actual_gpu=1 target_tier=GPU target_device=1 input_bytes=474160465 local_bytes=474160465 remote_gpu_bytes=0 host_bytes=0 disk_bytes=0 batch_count=1
[2026-07-10 06:37:10.057] [info] [gpu_pipeline_task.cpp:321] [stage-audit] pipeline_id=13 task_id=14 operator_id=38 operator_name=PARTITION stage_kind=PARTITION operator_type=82 input_type=PIPELINEABLE output_type=PIPELINEABLE actual_gpu=1 pipeline_operator_count=1 input_batches=1 input_rows=2833075 input_columns=7 input_bytes=474160465 output_batches=1 output_rows=2833075 output_columns=7 output_bytes=474160465 byte_ratio=1.000000 row_ratio=1.000000 duration_us=6
[2026-07-10 06:37:10.061] [info] [parquet_gpu_ingestible.cpp:905] [scan-audit] parquet_materialize target_gpu=0 files=/mnt/nvme/dataset/customer.parquet columns=c_custkey|c_name|c_address|c_nationkey|c_phone|c_acctbal|c_comment row_groups=92,93,94,95,96,97,98,99,100,101,102,103,104,105,106,107,108,109,110,111,112,113,114 compressed_bytes=232525901 uncompressed_bytes=519101525 output_rows=2831041 output_columns=7 split_count=1 duration_us=396225
[2026-07-10 06:37:10.061] [info] [gpu_pipeline_task.cpp:321] [stage-audit] pipeline_id=12 task_id=7 operator_id=35 operator_name=GPU_SCAN stage_kind=SCAN operator_type=94 input_type=GPU_SCAN output_type=PIPELINEABLE actual_gpu=0 pipeline_operator_count=2 input_batches=0 input_rows=0 input_columns=0 input_bytes=0 output_batches=1 output_rows=2831041 output_columns=7 output_bytes=473802173 byte_ratio=0.000000 row_ratio=0.000000 duration_us=397926
[2026-07-10 06:37:10.061] [info] [gpu_pipeline_task.cpp:321] [stage-audit] pipeline_id=12 task_id=7 operator_id=36 operator_name=DYNAMIC_FILTER stage_kind=OTHER operator_type=95 input_type=PIPELINEABLE output_type=PIPELINEABLE actual_gpu=0 pipeline_operator_count=2 input_batches=1 input_rows=2831041 input_columns=7 input_bytes=473802173 output_batches=1 output_rows=2831041 output_columns=7 output_bytes=473802173 byte_ratio=1.000000 row_ratio=1.000000 duration_us=1
[2026-07-10 06:37:10.061] [info] [task_creator.cpp:363] [locality-audit] task_create operator_id=38 input_bytes=473802173 local_bytes=473802173 gpu_source_bytes=473802173 host_source_bytes=0 disk_source_bytes=0 gpu_sources=1 host_sources=0 preferred_device=0
[2026-07-10 06:37:10.061] [info] [parquet_gpu_ingestible.cpp:905] [scan-audit] parquet_materialize target_gpu=0 files=/mnt/nvme/dataset/customer.parquet columns=c_custkey|c_name|c_address|c_nationkey|c_phone|c_acctbal|c_comment row_groups=46,47,48,49,50,51,52,53,54,55,56,57,58,59,60,61,62,63,64,65,66,67,68 compressed_bytes=232391552 uncompressed_bytes=518761035 output_rows=2829525 output_columns=7 split_count=1 duration_us=395721
[2026-07-10 06:37:10.061] [info] [gpu_pipeline_task.cpp:321] [stage-audit] pipeline_id=12 task_id=5 operator_id=35 operator_name=GPU_SCAN stage_kind=SCAN operator_type=94 input_type=GPU_SCAN output_type=PIPELINEABLE actual_gpu=0 pipeline_operator_count=2 input_batches=0 input_rows=0 input_columns=0 input_bytes=0 output_batches=1 output_rows=2829525 output_columns=7 output_bytes=473485939 byte_ratio=0.000000 row_ratio=0.000000 duration_us=399215
[2026-07-10 06:37:10.061] [info] [gpu_pipeline_task.cpp:321] [stage-audit] pipeline_id=12 task_id=5 operator_id=36 operator_name=DYNAMIC_FILTER stage_kind=OTHER operator_type=95 input_type=PIPELINEABLE output_type=PIPELINEABLE actual_gpu=0 pipeline_operator_count=2 input_batches=1 input_rows=2829525 input_columns=7 input_bytes=473485939 output_batches=1 output_rows=2829525 output_columns=7 output_bytes=473485939 byte_ratio=1.000000 row_ratio=1.000000 duration_us=2
[2026-07-10 06:37:10.061] [info] [task_creator.cpp:363] [locality-audit] task_create operator_id=38 input_bytes=473485939 local_bytes=473485939 gpu_source_bytes=473485939 host_source_bytes=0 disk_source_bytes=0 gpu_sources=1 host_sources=0 preferred_device=0
[2026-07-10 06:37:10.061] [info] [task_scheduler.cpp:462] [mgpu-audit] pipeline_task dispatched to GPU 0 task_id=12
[2026-07-10 06:37:10.061] [info] [task_scheduler.cpp:464] [locality-audit] dispatch task_id=12 preferred_device=0 actual_gpu=0
[2026-07-10 06:37:10.061] [info] [task_scheduler.cpp:462] [mgpu-audit] pipeline_task dispatched to GPU 0 task_id=13
[2026-07-10 06:37:10.061] [info] [task_scheduler.cpp:464] [locality-audit] dispatch task_id=13 preferred_device=0 actual_gpu=0
[2026-07-10 06:37:10.061] [info] [gpu_pipeline_task.cpp:188] [locality-audit] prepare_before pipeline_id=13 task_id=9 preferred_device=0 actual_gpu=0 target_tier=GPU target_device=0 input_bytes=474090391 local_bytes=474090391 remote_gpu_bytes=0 host_bytes=0 disk_bytes=0 batch_count=1
[2026-07-10 06:37:10.061] [info] [gpu_pipeline_task.cpp:188] [locality-audit] prepare_before pipeline_id=14 task_id=12 preferred_device=0 actual_gpu=0 target_tier=GPU target_device=0 input_bytes=473407097 local_bytes=0 remote_gpu_bytes=473407097 host_bytes=0 disk_bytes=0 batch_count=1
[2026-07-10 06:37:10.061] [info] [task_scheduler.cpp:462] [mgpu-audit] pipeline_task dispatched to GPU 0 task_id=15
[2026-07-10 06:37:10.061] [info] [task_scheduler.cpp:464] [locality-audit] dispatch task_id=15 preferred_device=0 actual_gpu=0
[2026-07-10 06:37:10.061] [info] [gpu_pipeline_task.cpp:188] [locality-audit] prepare_after pipeline_id=13 task_id=9 preferred_device=0 actual_gpu=0 target_tier=GPU target_device=0 input_bytes=474090391 local_bytes=474090391 remote_gpu_bytes=0 host_bytes=0 disk_bytes=0 batch_count=1
[2026-07-10 06:37:10.061] [info] [gpu_pipeline_task.cpp:188] [locality-audit] prepare_before pipeline_id=14 task_id=13 preferred_device=0 actual_gpu=0 target_tier=GPU target_device=0 input_bytes=141448338 local_bytes=0 remote_gpu_bytes=141448338 host_bytes=0 disk_bytes=0 batch_count=1
[2026-07-10 06:37:10.061] [info] [gpu_pipeline_task.cpp:188] [locality-audit] prepare_before pipeline_id=13 task_id=15 preferred_device=0 actual_gpu=0 target_tier=GPU target_device=0 input_bytes=473802173 local_bytes=473802173 remote_gpu_bytes=0 host_bytes=0 disk_bytes=0 batch_count=1
[2026-07-10 06:37:10.061] [info] [gpu_pipeline_task.cpp:188] [locality-audit] prepare_after pipeline_id=13 task_id=15 preferred_device=0 actual_gpu=0 target_tier=GPU target_device=0 input_bytes=473802173 local_bytes=473802173 remote_gpu_bytes=0 host_bytes=0 disk_bytes=0 batch_count=1
[2026-07-10 06:37:10.061] [info] [gpu_pipeline_task.cpp:321] [stage-audit] pipeline_id=13 task_id=9 operator_id=38 operator_name=PARTITION stage_kind=PARTITION operator_type=82 input_type=PIPELINEABLE output_type=PIPELINEABLE actual_gpu=0 pipeline_operator_count=1 input_batches=1 input_rows=2832801 input_columns=7 input_bytes=474090391 output_batches=1 output_rows=2832801 output_columns=7 output_bytes=474090391 byte_ratio=1.000000 row_ratio=1.000000 duration_us=7
[2026-07-10 06:37:10.061] [info] [gpu_pipeline_task.cpp:321] [stage-audit] pipeline_id=13 task_id=15 operator_id=38 operator_name=PARTITION stage_kind=PARTITION operator_type=82 input_type=PIPELINEABLE output_type=PIPELINEABLE actual_gpu=0 pipeline_operator_count=1 input_batches=1 input_rows=2831041 input_columns=7 input_bytes=473802173 output_batches=1 output_rows=2831041 output_columns=7 output_bytes=473802173 byte_ratio=1.000000 row_ratio=1.000000 duration_us=6
[2026-07-10 06:37:10.061] [info] [task_scheduler.cpp:462] [mgpu-audit] pipeline_task dispatched to GPU 0 task_id=16
[2026-07-10 06:37:10.061] [info] [task_scheduler.cpp:464] [locality-audit] dispatch task_id=16 preferred_device=0 actual_gpu=0
[2026-07-10 06:37:10.062] [info] [task_scheduler.cpp:462] [mgpu-audit] pipeline_task dispatched to GPU 0 task_id=17
[2026-07-10 06:37:10.062] [info] [task_scheduler.cpp:464] [locality-audit] dispatch task_id=17 preferred_device=0 actual_gpu=0
[2026-07-10 06:37:10.062] [info] [gpu_pipeline_task.cpp:188] [locality-audit] prepare_before pipeline_id=13 task_id=16 preferred_device=0 actual_gpu=0 target_tier=GPU target_device=0 input_bytes=473485939 local_bytes=473485939 remote_gpu_bytes=0 host_bytes=0 disk_bytes=0 batch_count=1
[2026-07-10 06:37:10.062] [info] [gpu_pipeline_task.cpp:188] [locality-audit] prepare_after pipeline_id=13 task_id=16 preferred_device=0 actual_gpu=0 target_tier=GPU target_device=0 input_bytes=473485939 local_bytes=473485939 remote_gpu_bytes=0 host_bytes=0 disk_bytes=0 batch_count=1
[2026-07-10 06:37:10.062] [info] [gpu_pipeline_task.cpp:321] [stage-audit] pipeline_id=13 task_id=16 operator_id=38 operator_name=PARTITION stage_kind=PARTITION operator_type=82 input_type=PIPELINEABLE output_type=PIPELINEABLE actual_gpu=0 pipeline_operator_count=1 input_batches=1 input_rows=2829525 input_columns=7 input_bytes=473485939 output_batches=1 output_rows=2829525 output_columns=7 output_bytes=473485939 byte_ratio=1.000000 row_ratio=1.000000 duration_us=0
[2026-07-10 06:37:10.062] [info] [gpu_pipeline_task.cpp:188] [locality-audit] prepare_before pipeline_id=14 task_id=17 preferred_device=0 actual_gpu=0 target_tier=GPU target_device=0 input_bytes=474160465 local_bytes=0 remote_gpu_bytes=474160465 host_bytes=0 disk_bytes=0 batch_count=1
[2026-07-10 06:37:10.062] [info] [task_scheduler.cpp:462] [mgpu-audit] pipeline_task dispatched to GPU 0 task_id=18
[2026-07-10 06:37:10.062] [info] [task_scheduler.cpp:464] [locality-audit] dispatch task_id=18 preferred_device=0 actual_gpu=0
[2026-07-10 06:37:10.062] [info] [gpu_pipeline_task.cpp:188] [locality-audit] prepare_before pipeline_id=14 task_id=18 preferred_device=0 actual_gpu=0 target_tier=GPU target_device=0 input_bytes=474090391 local_bytes=474090391 remote_gpu_bytes=0 host_bytes=0 disk_bytes=0 batch_count=1
[2026-07-10 06:37:10.062] [info] [gpu_pipeline_task.cpp:188] [locality-audit] prepare_after pipeline_id=14 task_id=18 preferred_device=0 actual_gpu=0 target_tier=GPU target_device=0 input_bytes=474090391 local_bytes=474090391 remote_gpu_bytes=0 host_bytes=0 disk_bytes=0 batch_count=1
[2026-07-10 06:37:10.062] [info] [gpu_pipeline_task.cpp:321] [stage-audit] pipeline_id=14 task_id=18 operator_id=37 operator_name=CONCAT stage_kind=CONCAT operator_type=83 input_type=PARTITIONED output_type=PARTITIONED actual_gpu=0 pipeline_operator_count=1 input_batches=1 input_rows=2832801 input_columns=7 input_bytes=474090391 output_batches=1 output_rows=2832801 output_columns=7 output_bytes=474090391 byte_ratio=1.000000 row_ratio=1.000000 duration_us=7
[2026-07-10 06:37:10.062] [info] [task_scheduler.cpp:462] [mgpu-audit] pipeline_task dispatched to GPU 0 task_id=19
[2026-07-10 06:37:10.062] [info] [task_scheduler.cpp:464] [locality-audit] dispatch task_id=19 preferred_device=0 actual_gpu=0
[2026-07-10 06:37:10.062] [info] [task_scheduler.cpp:462] [mgpu-audit] pipeline_task dispatched to GPU 1 task_id=21
[2026-07-10 06:37:10.062] [info] [task_scheduler.cpp:464] [locality-audit] dispatch task_id=21 preferred_device=1 actual_gpu=1
[2026-07-10 06:37:10.062] [info] [gpu_pipeline_task.cpp:188] [locality-audit] prepare_before pipeline_id=14 task_id=19 preferred_device=0 actual_gpu=0 target_tier=GPU target_device=0 input_bytes=473802173 local_bytes=473802173 remote_gpu_bytes=0 host_bytes=0 disk_bytes=0 batch_count=1
[2026-07-10 06:37:10.062] [info] [gpu_pipeline_task.cpp:188] [locality-audit] prepare_before pipeline_id=15 task_id=21 preferred_device=1 actual_gpu=1 target_tier=GPU target_device=1 input_bytes=474090900 local_bytes=0 remote_gpu_bytes=474090900 host_bytes=0 disk_bytes=0 batch_count=2
[2026-07-10 06:37:10.062] [info] [gpu_pipeline_task.cpp:188] [locality-audit] prepare_after pipeline_id=14 task_id=19 preferred_device=0 actual_gpu=0 target_tier=GPU target_device=0 input_bytes=473802173 local_bytes=473802173 remote_gpu_bytes=0 host_bytes=0 disk_bytes=0 batch_count=1
[2026-07-10 06:37:10.062] [info] [gpu_pipeline_task.cpp:321] [stage-audit] pipeline_id=14 task_id=19 operator_id=37 operator_name=CONCAT stage_kind=CONCAT operator_type=83 input_type=PARTITIONED output_type=PARTITIONED actual_gpu=0 pipeline_operator_count=1 input_batches=1 input_rows=2831041 input_columns=7 input_bytes=473802173 output_batches=1 output_rows=2831041 output_columns=7 output_bytes=473802173 byte_ratio=1.000000 row_ratio=1.000000 duration_us=3
[2026-07-10 06:37:10.062] [info] [task_scheduler.cpp:462] [mgpu-audit] pipeline_task dispatched to GPU 0 task_id=20
[2026-07-10 06:37:10.062] [info] [task_scheduler.cpp:464] [locality-audit] dispatch task_id=20 preferred_device=0 actual_gpu=0
[2026-07-10 06:37:10.062] [info] [gpu_pipeline_task.cpp:188] [locality-audit] prepare_before pipeline_id=14 task_id=20 preferred_device=0 actual_gpu=0 target_tier=GPU target_device=0 input_bytes=473485939 local_bytes=473485939 remote_gpu_bytes=0 host_bytes=0 disk_bytes=0 batch_count=1
[2026-07-10 06:37:10.062] [info] [gpu_pipeline_task.cpp:188] [locality-audit] prepare_after pipeline_id=14 task_id=20 preferred_device=0 actual_gpu=0 target_tier=GPU target_device=0 input_bytes=473485939 local_bytes=473485939 remote_gpu_bytes=0 host_bytes=0 disk_bytes=0 batch_count=1
[2026-07-10 06:37:10.062] [info] [gpu_pipeline_task.cpp:321] [stage-audit] pipeline_id=14 task_id=20 operator_id=37 operator_name=CONCAT stage_kind=CONCAT operator_type=83 input_type=PARTITIONED output_type=PARTITIONED actual_gpu=0 pipeline_operator_count=1 input_batches=1 input_rows=2829525 input_columns=7 input_bytes=473485939 output_batches=1 output_rows=2829525 output_columns=7 output_bytes=473485939 byte_ratio=1.000000 row_ratio=1.000000 duration_us=2
[2026-07-10 06:37:10.264] [info] [gpu_pipeline_task.cpp:188] [locality-audit] prepare_after pipeline_id=14 task_id=12 preferred_device=0 actual_gpu=0 target_tier=GPU target_device=0 input_bytes=473407097 local_bytes=473407097 remote_gpu_bytes=0 host_bytes=0 disk_bytes=0 batch_count=1
[2026-07-10 06:37:10.264] [info] [gpu_pipeline_task.cpp:321] [stage-audit] pipeline_id=14 task_id=12 operator_id=37 operator_name=CONCAT stage_kind=CONCAT operator_type=83 input_type=PARTITIONED output_type=PARTITIONED actual_gpu=0 pipeline_operator_count=1 input_batches=1 input_rows=2828601 input_columns=7 input_bytes=473407097 output_batches=1 output_rows=2828601 output_columns=7 output_bytes=473407097 byte_ratio=1.000000 row_ratio=1.000000 duration_us=6
[2026-07-10 06:37:10.265] [info] [gpu_pipeline_task.cpp:188] [locality-audit] prepare_after pipeline_id=15 task_id=21 preferred_device=1 actual_gpu=1 target_tier=GPU target_device=1 input_bytes=474090900 local_bytes=474090900 remote_gpu_bytes=0 host_bytes=0 disk_bytes=0 batch_count=2
[2026-07-10 06:37:10.281] [info] [gpu_pipeline_task.cpp:188] [locality-audit] prepare_after pipeline_id=14 task_id=17 preferred_device=0 actual_gpu=0 target_tier=GPU target_device=0 input_bytes=474160465 local_bytes=474160465 remote_gpu_bytes=0 host_bytes=0 disk_bytes=0 batch_count=1
[2026-07-10 06:37:10.281] [info] [gpu_pipeline_task.cpp:321] [stage-audit] pipeline_id=14 task_id=17 operator_id=37 operator_name=CONCAT stage_kind=CONCAT operator_type=83 input_type=PARTITIONED output_type=PARTITIONED actual_gpu=0 pipeline_operator_count=1 input_batches=1 input_rows=2833075 input_columns=7 input_bytes=474160465 output_batches=1 output_rows=2833075 output_columns=7 output_bytes=474160465 byte_ratio=1.000000 row_ratio=1.000000 duration_us=2
[2026-07-10 06:37:10.282] [info] [task_scheduler.cpp:462] [mgpu-audit] pipeline_task dispatched to GPU 1 task_id=22
[2026-07-10 06:37:10.282] [info] [task_scheduler.cpp:464] [locality-audit] dispatch task_id=22 preferred_device=1 actual_gpu=1
[2026-07-10 06:37:10.282] [info] [task_scheduler.cpp:462] [mgpu-audit] pipeline_task dispatched to GPU 1 task_id=23
[2026-07-10 06:37:10.282] [info] [task_scheduler.cpp:464] [locality-audit] dispatch task_id=23 preferred_device=1 actual_gpu=1
[2026-07-10 06:37:10.282] [info] [task_scheduler.cpp:462] [mgpu-audit] pipeline_task dispatched to GPU 1 task_id=24
[2026-07-10 06:37:10.282] [info] [task_scheduler.cpp:464] [locality-audit] dispatch task_id=24 preferred_device=1 actual_gpu=1
[2026-07-10 06:37:10.282] [info] [gpu_pipeline_task.cpp:188] [locality-audit] prepare_before pipeline_id=15 task_id=23 preferred_device=1 actual_gpu=1 target_tier=GPU target_device=1 input_bytes=473485939 local_bytes=0 remote_gpu_bytes=473485939 host_bytes=0 disk_bytes=0 batch_count=1
[2026-07-10 06:37:10.282] [info] [gpu_pipeline_task.cpp:188] [locality-audit] prepare_before pipeline_id=15 task_id=22 preferred_device=1 actual_gpu=1 target_tier=GPU target_device=1 input_bytes=473802173 local_bytes=0 remote_gpu_bytes=473802173 host_bytes=0 disk_bytes=0 batch_count=1
[2026-07-10 06:37:10.282] [info] [gpu_pipeline_task.cpp:188] [locality-audit] prepare_before pipeline_id=15 task_id=24 preferred_device=1 actual_gpu=1 target_tier=GPU target_device=1 input_bytes=473407097 local_bytes=0 remote_gpu_bytes=473407097 host_bytes=0 disk_bytes=0 batch_count=1
[2026-07-10 06:37:10.284] [info] [gpu_pipeline_task.cpp:188] [locality-audit] prepare_after pipeline_id=14 task_id=13 preferred_device=0 actual_gpu=0 target_tier=GPU target_device=0 input_bytes=141448338 local_bytes=141448338 remote_gpu_bytes=0 host_bytes=0 disk_bytes=0 batch_count=1
[2026-07-10 06:37:10.284] [info] [gpu_pipeline_task.cpp:321] [stage-audit] pipeline_id=14 task_id=13 operator_id=37 operator_name=CONCAT stage_kind=CONCAT operator_type=83 input_type=PARTITIONED output_type=PARTITIONED actual_gpu=0 pipeline_operator_count=1 input_batches=1 input_rows=844957 input_columns=7 input_bytes=141448338 output_batches=1 output_rows=844957 output_columns=7 output_bytes=141448338 byte_ratio=1.000000 row_ratio=1.000000 duration_us=2
[2026-07-10 06:37:10.295] [info] [gpu_pipeline_task.cpp:321] [stage-audit] pipeline_id=15 task_id=21 operator_id=13 operator_name=HASH_JOIN stage_kind=JOIN operator_type=33 input_type=PARTITIONED output_type=PIPELINEABLE actual_gpu=1 pipeline_operator_count=1 input_batches=2 input_rows=2832826 input_columns=9 input_bytes=474090900 output_batches=1 output_rows=2832801 output_columns=7 output_bytes=494154405 byte_ratio=1.042320 row_ratio=0.999991 duration_us=30484
[2026-07-10 06:37:10.295] [info] [task_scheduler.cpp:462] [mgpu-audit] pipeline_task dispatched to GPU 1 task_id=25
[2026-07-10 06:37:10.295] [info] [task_scheduler.cpp:464] [locality-audit] dispatch task_id=25 preferred_device=1 actual_gpu=1
[2026-07-10 06:37:10.295] [info] [gpu_pipeline_task.cpp:188] [locality-audit] prepare_before pipeline_id=15 task_id=25 preferred_device=1 actual_gpu=1 target_tier=GPU target_device=1 input_bytes=474160465 local_bytes=0 remote_gpu_bytes=474160465 host_bytes=0 disk_bytes=0 batch_count=1
[2026-07-10 06:37:10.315] [info] [task_scheduler.cpp:462] [mgpu-audit] pipeline_task dispatched to GPU 0 task_id=28
[2026-07-10 06:37:10.315] [info] [task_scheduler.cpp:464] [locality-audit] dispatch task_id=28 preferred_device=0 actual_gpu=0
[2026-07-10 06:37:10.321] [warning] [downgrade_executor.cpp:335] [downgrade] [GPU:0] downgrade request not satisfied and disk memory space is not configured; data cannot be spilled to disk. Consider configuring a disk memory space to enable spilling.
[2026-07-10 06:37:10.321] [warning] [gpu_pipeline_executor.cpp:250] GPU Pipeline Executor: after downgrade (141448338 bytes freed), reservation still partial (4055135360/4291436368 bytes) for pipeline 3 task 28 -- proceeding with partial reservation
[2026-07-10 06:37:10.343] [info] [task_scheduler.cpp:462] [mgpu-audit] pipeline_task dispatched to GPU 0 task_id=30
[2026-07-10 06:37:10.343] [info] [task_scheduler.cpp:464] [locality-audit] dispatch task_id=30 preferred_device=0 actual_gpu=0
[2026-07-10 06:37:10.389] [info] [gpu_pipeline_task.cpp:188] [locality-audit] prepare_after pipeline_id=15 task_id=22 preferred_device=1 actual_gpu=1 target_tier=GPU target_device=1 input_bytes=473802173 local_bytes=473802173 remote_gpu_bytes=0 host_bytes=0 disk_bytes=0 batch_count=1
[2026-07-10 06:37:10.397] [info] [gpu_pipeline_task.cpp:321] [stage-audit] pipeline_id=15 task_id=22 operator_id=13 operator_name=HASH_JOIN stage_kind=JOIN operator_type=33 input_type=PARTITIONED output_type=PIPELINEABLE actual_gpu=1 pipeline_operator_count=1 input_batches=1 input_rows=2831041 input_columns=7 input_bytes=473802173 output_batches=1 output_rows=2831041 output_columns=7 output_bytes=493844300 byte_ratio=1.042301 row_ratio=1.000000 duration_us=7728
[2026-07-10 06:37:10.397] [info] [task_scheduler.cpp:462] [mgpu-audit] pipeline_task dispatched to GPU 1 task_id=27
[2026-07-10 06:37:10.397] [info] [task_scheduler.cpp:464] [locality-audit] dispatch task_id=27 preferred_device=1 actual_gpu=1
[2026-07-10 06:37:10.398] [info] [gpu_pipeline_task.cpp:188] [locality-audit] prepare_after pipeline_id=15 task_id=24 preferred_device=1 actual_gpu=1 target_tier=GPU target_device=1 input_bytes=473407097 local_bytes=473407097 remote_gpu_bytes=0 host_bytes=0 disk_bytes=0 batch_count=1
[2026-07-10 06:37:10.405] [info] [gpu_pipeline_task.cpp:321] [stage-audit] pipeline_id=15 task_id=24 operator_id=13 operator_name=HASH_JOIN stage_kind=JOIN operator_type=33 input_type=PARTITIONED output_type=PIPELINEABLE actual_gpu=1 pipeline_operator_count=1 input_batches=1 input_rows=2828601 input_columns=7 input_bytes=473407097 output_batches=1 output_rows=2828601 output_columns=7 output_bytes=493428602 byte_ratio=1.042292 row_ratio=1.000000 duration_us=7598
[2026-07-10 06:37:10.407] [info] [gpu_pipeline_task.cpp:188] [locality-audit] prepare_after pipeline_id=15 task_id=23 preferred_device=1 actual_gpu=1 target_tier=GPU target_device=1 input_bytes=473485939 local_bytes=473485939 remote_gpu_bytes=0 host_bytes=0 disk_bytes=0 batch_count=1
[2026-07-10 06:37:10.414] [info] [gpu_pipeline_task.cpp:321] [stage-audit] pipeline_id=15 task_id=23 operator_id=13 operator_name=HASH_JOIN stage_kind=JOIN operator_type=33 input_type=PARTITIONED output_type=PIPELINEABLE actual_gpu=1 pipeline_operator_count=1 input_batches=1 input_rows=2829525 input_columns=7 input_bytes=473485939 output_batches=1 output_rows=2829525 output_columns=7 output_bytes=493515544 byte_ratio=1.042302 row_ratio=1.000000 duration_us=7434
[2026-07-10 06:37:10.427] [info] [gpu_pipeline_task.cpp:188] [locality-audit] prepare_after pipeline_id=15 task_id=25 preferred_device=1 actual_gpu=1 target_tier=GPU target_device=1 input_bytes=474160465 local_bytes=474160465 remote_gpu_bytes=0 host_bytes=0 disk_bytes=0 batch_count=1
[2026-07-10 06:37:10.435] [info] [gpu_pipeline_task.cpp:321] [stage-audit] pipeline_id=15 task_id=25 operator_id=13 operator_name=HASH_JOIN stage_kind=JOIN operator_type=33 input_type=PARTITIONED output_type=PIPELINEABLE actual_gpu=1 pipeline_operator_count=1 input_batches=1 input_rows=2833075 input_columns=7 input_bytes=474160465 output_batches=1 output_rows=2833075 output_columns=7 output_bytes=494214322 byte_ratio=1.042293 row_ratio=1.000000 duration_us=7395
[2026-07-10 06:37:10.724] [info] [parquet_gpu_ingestible.cpp:905] [scan-audit] parquet_materialize target_gpu=0 files=/mnt/nvme/dataset/orders.parquet columns=o_orderkey|o_custkey|o_orderdate row_groups=267,268,269,270,271,272,273,274,275,276,277,278,279,280,281,282,283,284,285,286,287,288,289,290,291,292,293,294,295,296,297,298,299,300,301,302,303,304,305,306,307,308,309,310,311,312,313,314,315,316,317,318,319,320,321,322,323,324,325,326,327,328,329,330,331,332,333,334,335,336,337,338,339,340,341,342,343,344,345,346,347,348,349,350,351,352,353,354,355,356,357,358,359,360,361,362,363,364,365,366,367,368,369,370,371,372,373,374,375,376,377,378,379,380,381,382,383,384,385,386,387,388,389,390,391,392,393,394,395,396,397,398,399,400,401,402,403,404,405,406,407,408,409,410,411,412,413,414,415,416,417,418,419,420,421,422,423,424,425,426,427,428,429,430,431,432,433,434,435,436,437,438,439,440,441,442,443,444,445,446,447,448,449,450,451,452,453,454,455,456,457,458,459,460,461,462,463,464,465,466,467,468,469,470,471,472,473,474,475,476,477,478,479,480,481,482,483,484,485,486,487,488,489,490,491,492,493,494,495,496,497,498,499,500,501,502,503,504,505,506,507,508,509,510,511,512,513,514,515,516,517,518,519,520,521,522,523,524,525,526,527,528,529,530,531,532,533,534 compressed_bytes=360206088 uncompressed_bytes=536429546 output_rows=1263437 output_columns=3 split_count=1 duration_us=371831
[2026-07-10 06:37:10.725] [info] [gpu_pipeline_task.cpp:321] [stage-audit] pipeline_id=3 task_id=28 operator_id=26 operator_name=GPU_SCAN stage_kind=SCAN operator_type=94 input_type=GPU_SCAN output_type=PIPELINEABLE actual_gpu=0 pipeline_operator_count=1 input_batches=0 input_rows=0 input_columns=0 input_bytes=0 output_batches=1 output_rows=1263437 output_columns=2 output_bytes=20530896 byte_ratio=0.000000 row_ratio=0.000000 duration_us=395212
[2026-07-10 06:37:10.743] [info] [task_scheduler.cpp:462] [mgpu-audit] pipeline_task dispatched to GPU 1 task_id=29
[2026-07-10 06:37:10.743] [info] [task_scheduler.cpp:464] [locality-audit] dispatch task_id=29 preferred_device=1 actual_gpu=1
[2026-07-10 06:37:11.059] [info] [parquet_gpu_ingestible.cpp:905] [scan-audit] parquet_materialize target_gpu=0 files=/mnt/nvme/dataset/orders.parquet columns=o_orderkey|o_custkey|o_orderdate row_groups=803,804,805,806,807,808,809,810,811,812,813,814,815,816,817,818,819,820,821,822,823,824,825,826,827,828,829,830,831,832,833,834,835,836,837,838,839,840,841,842,843,844,845,846,847,848,849,850,851,852,853,854,855,856,857,858,859,860,861,862,863,864,865,866,867,868,869,870,871,872,873,874,875,876,877,878,879,880,881,882,883,884,885,886,887,888,889,890,891,892,893,894,895,896,897,898,899,900,901,902,903,904,905,906,907,908,909,910,911,912,913,914,915,916,917,918,919,920,921,922,923,924,925,926,927,928,929,930,931,932,933,934,935,936,937,938,939,940,941,942,943,944,945,946,947,948,949,950,951,952,953,954,955,956,957,958,959,960,961,962,963,964,965,966,967,968,969,970,971,972,973,974,975,976,977,978,979,980,981,982,983,984,985,986,987,988,989,990,991,992,993,994,995,996,997,998,999,1000,1001,1002,1003,1004,1005,1006,1007,1008,1009,1010,1011,1012,1013,1014,1015,1016,1017,1018,1019,1020,1021,1022,1023,1024,1025,1026,1027,1028,1029,1030,1031,1032,1033,1034,1035,1036,1037,1038,1039,1040,1041,1042,1043,1044,1045,1046,1047,1048,1049,1050,1051,1052,1053,1054,1055,1056,1057,1058,1059,1060,1061,1062,1063,1064,1065,1066,1067,1068,1069,1070 compressed_bytes=360204011 uncompressed_bytes=536434838 output_rows=1262015 output_columns=3 split_count=1 duration_us=301698
[2026-07-10 06:37:11.059] [info] [gpu_pipeline_task.cpp:321] [stage-audit] pipeline_id=3 task_id=30 operator_id=26 operator_name=GPU_SCAN stage_kind=SCAN operator_type=94 input_type=GPU_SCAN output_type=PIPELINEABLE actual_gpu=0 pipeline_operator_count=1 input_batches=0 input_rows=0 input_columns=0 input_bytes=0 output_batches=1 output_rows=1262015 output_columns=2 output_bytes=20507760 byte_ratio=0.000000 row_ratio=0.000000 duration_us=325799
[2026-07-10 06:37:11.060] [info] [parquet_gpu_ingestible.cpp:905] [scan-audit] parquet_materialize target_gpu=1 files=/mnt/nvme/dataset/orders.parquet columns=o_orderkey|o_custkey|o_orderdate row_groups=0,1,2,3,4,5,6,7,8,9,10,11,12,13,14,15,16,17,18,19,20,21,22,23,24,25,26,27,28,29,30,31,32,33,34,35,36,37,38,39,40,41,42,43,44,45,46,47,48,49,50,51,52,53,54,55,56,57,58,59,60,61,62,63,64,65,66,67,68,69,70,71,72,73,74,75,76,77,78,79,80,81,82,83,84,85,86,87,88,89,90,91,92,93,94,95,96,97,98,99,100,101,102,103,104,105,106,107,108,109,110,111,112,113,114,115,116,117,118,119,120,121,122,123,124,125,126,127,128,129,130,131,132,133,134,135,136,137,138,139,140,141,142,143,144,145,146,147,148,149,150,151,152,153,154,155,156,157,158,159,160,161,162,163,164,165,166,167,168,169,170,171,172,173,174,175,176,177,178,179,180,181,182,183,184,185,186,187,188,189,190,191,192,193,194,195,196,197,198,199,200,201,202,203,204,205,206,207,208,209,210,211,212,213,214,215,216,217,218,219,220,221,222,223,224,225,226,227,228,229,230,231,232,233,234,235,236,237,238,239,240,241,242,243,244,245,246,247,248,249,250,251,252,253,254,255,256,257,258,259,260,261,262,263,264,265,266 compressed_bytes=359397965 uncompressed_bytes=535232606 output_rows=1259044 output_columns=3 split_count=1 duration_us=289565
[2026-07-10 06:37:11.060] [info] [gpu_pipeline_task.cpp:321] [stage-audit] pipeline_id=3 task_id=27 operator_id=26 operator_name=GPU_SCAN stage_kind=SCAN operator_type=94 input_type=GPU_SCAN output_type=PIPELINEABLE actual_gpu=1 pipeline_operator_count=1 input_batches=0 input_rows=0 input_columns=0 input_bytes=0 output_batches=1 output_rows=1259044 output_columns=2 output_bytes=20459584 byte_ratio=0.000000 row_ratio=0.000000 duration_us=310748
[2026-07-10 06:37:11.060] [info] [task_scheduler.cpp:462] [mgpu-audit] pipeline_task dispatched to GPU 1 task_id=31
[2026-07-10 06:37:11.060] [info] [task_scheduler.cpp:464] [locality-audit] dispatch task_id=31 preferred_device=1 actual_gpu=1
[2026-07-10 06:37:11.060] [info] [task_scheduler.cpp:462] [mgpu-audit] pipeline_task dispatched to GPU 1 task_id=26
[2026-07-10 06:37:11.060] [info] [task_scheduler.cpp:464] [locality-audit] dispatch task_id=26 preferred_device=1 actual_gpu=1
[2026-07-10 06:37:11.060] [info] [gpu_pipeline_task.cpp:188] [locality-audit] prepare_before pipeline_id=15 task_id=26 preferred_device=1 actual_gpu=1 target_tier=GPU target_device=1 input_bytes=141448360 local_bytes=0 remote_gpu_bytes=0 host_bytes=141448360 disk_bytes=0 batch_count=1
[2026-07-10 06:37:11.079] [info] [gpu_pipeline_task.cpp:188] [locality-audit] prepare_after pipeline_id=15 task_id=26 preferred_device=1 actual_gpu=1 target_tier=GPU target_device=1 input_bytes=154967666 local_bytes=154967666 remote_gpu_bytes=0 host_bytes=0 disk_bytes=0 batch_count=1
[2026-07-10 06:37:11.082] [info] [gpu_pipeline_task.cpp:321] [stage-audit] pipeline_id=15 task_id=26 operator_id=13 operator_name=HASH_JOIN stage_kind=JOIN operator_type=33 input_type=PARTITIONED output_type=PIPELINEABLE actual_gpu=1 pipeline_operator_count=1 input_batches=1 input_rows=844957 input_columns=7 input_bytes=154967666 output_batches=1 output_rows=844957 output_columns=7 output_bytes=147432996 byte_ratio=0.951379 row_ratio=1.000000 duration_us=2747
[2026-07-10 06:37:11.335] [info] [parquet_gpu_ingestible.cpp:905] [scan-audit] parquet_materialize target_gpu=1 files=/mnt/nvme/dataset/orders.parquet columns=o_orderkey|o_custkey|o_orderdate row_groups=1071,1072,1073,1074,1075,1076,1077,1078,1079,1080,1081,1082,1083,1084,1085,1086,1087,1088,1089,1090,1091,1092,1093,1094,1095,1096,1097,1098,1099,1100,1101,1102,1103,1104,1105,1106,1107,1108,1109,1110,1111,1112,1113,1114,1115,1116,1117,1118,1119,1120,1121,1122,1123,1124,1125,1126,1127,1128,1129,1130,1131,1132,1133,1134,1135,1136,1137,1138,1139,1140,1141,1142,1143,1144,1145,1146,1147,1148,1149,1150,1151,1152,1153,1154,1155,1156,1157,1158,1159,1160,1161,1162,1163,1164,1165,1166,1167,1168,1169,1170,1171,1172,1173,1174,1175,1176,1177,1178,1179,1180,1181,1182,1183,1184,1185,1186,1187,1188,1189,1190,1191,1192,1193,1194,1195,1196,1197,1198,1199,1200,1201,1202,1203,1204,1205,1206,1207,1208,1209,1210,1211,1212,1213,1214,1215,1216,1217 compressed_bytes=196728683 uncompressed_bytes=292968950 output_rows=689568 output_columns=3 split_count=1 duration_us=226951
[2026-07-10 06:37:11.335] [info] [gpu_pipeline_task.cpp:321] [stage-audit] pipeline_id=3 task_id=31 operator_id=26 operator_name=GPU_SCAN stage_kind=SCAN operator_type=94 input_type=GPU_SCAN output_type=PIPELINEABLE actual_gpu=1 pipeline_operator_count=1 input_batches=0 input_rows=0 input_columns=0 input_bytes=0 output_batches=1 output_rows=689568 output_columns=2 output_bytes=11205504 byte_ratio=0.000000 row_ratio=0.000000 duration_us=265661
[2026-07-10 06:37:11.337] [info] [parquet_gpu_ingestible.cpp:905] [scan-audit] parquet_materialize target_gpu=1 files=/mnt/nvme/dataset/orders.parquet columns=o_orderkey|o_custkey|o_orderdate row_groups=535,536,537,538,539,540,541,542,543,544,545,546,547,548,549,550,551,552,553,554,555,556,557,558,559,560,561,562,563,564,565,566,567,568,569,570,571,572,573,574,575,576,577,578,579,580,581,582,583,584,585,586,587,588,589,590,591,592,593,594,595,596,597,598,599,600,601,602,603,604,605,606,607,608,609,610,611,612,613,614,615,616,617,618,619,620,621,622,623,624,625,626,627,628,629,630,631,632,633,634,635,636,637,638,639,640,641,642,643,644,645,646,647,648,649,650,651,652,653,654,655,656,657,658,659,660,661,662,663,664,665,666,667,668,669,670,671,672,673,674,675,676,677,678,679,680,681,682,683,684,685,686,687,688,689,690,691,692,693,694,695,696,697,698,699,700,701,702,703,704,705,706,707,708,709,710,711,712,713,714,715,716,717,718,719,720,721,722,723,724,725,726,727,728,729,730,731,732,733,734,735,736,737,738,739,740,741,742,743,744,745,746,747,748,749,750,751,752,753,754,755,756,757,758,759,760,761,762,763,764,765,766,767,768,769,770,771,772,773,774,775,776,777,778,779,780,781,782,783,784,785,786,787,788,789,790,791,792,793,794,795,796,797,798,799,800,801,802 compressed_bytes=360206278 uncompressed_bytes=536433706 output_rows=1263359 output_columns=3 split_count=1 duration_us=238370
[2026-07-10 06:37:11.337] [info] [gpu_pipeline_task.cpp:321] [stage-audit] pipeline_id=3 task_id=29 operator_id=26 operator_name=GPU_SCAN stage_kind=SCAN operator_type=94 input_type=GPU_SCAN output_type=PIPELINEABLE actual_gpu=1 pipeline_operator_count=1 input_batches=0 input_rows=0 input_columns=0 input_bytes=0 output_batches=1 output_rows=1263359 output_columns=2 output_bytes=20529648 byte_ratio=0.000000 row_ratio=0.000000 duration_us=266801
[2026-07-10 06:37:11.337] [info] [task_creator.cpp:363] [locality-audit] task_create operator_id=28 input_bytes=20530896 local_bytes=20530896 gpu_source_bytes=20530896 host_source_bytes=0 disk_source_bytes=0 gpu_sources=1 host_sources=0 preferred_device=0
[2026-07-10 06:37:11.337] [info] [task_creator.cpp:363] [locality-audit] task_create operator_id=28 input_bytes=20507760 local_bytes=20507760 gpu_source_bytes=20507760 host_source_bytes=0 disk_source_bytes=0 gpu_sources=1 host_sources=0 preferred_device=0
[2026-07-10 06:37:11.337] [info] [task_creator.cpp:363] [locality-audit] task_create operator_id=28 input_bytes=20459584 local_bytes=20459584 gpu_source_bytes=20459584 host_source_bytes=0 disk_source_bytes=0 gpu_sources=1 host_sources=0 preferred_device=1
[2026-07-10 06:37:11.337] [info] [task_creator.cpp:363] [locality-audit] task_create operator_id=28 input_bytes=11205504 local_bytes=11205504 gpu_source_bytes=11205504 host_source_bytes=0 disk_source_bytes=0 gpu_sources=1 host_sources=0 preferred_device=1
[2026-07-10 06:37:11.337] [info] [task_creator.cpp:363] [locality-audit] task_create operator_id=28 input_bytes=20529648 local_bytes=20529648 gpu_source_bytes=20529648 host_source_bytes=0 disk_source_bytes=0 gpu_sources=1 host_sources=0 preferred_device=1
[2026-07-10 06:37:11.337] [info] [task_scheduler.cpp:462] [mgpu-audit] pipeline_task dispatched to GPU 0 task_id=32
[2026-07-10 06:37:11.337] [info] [task_scheduler.cpp:464] [locality-audit] dispatch task_id=32 preferred_device=0 actual_gpu=0
[2026-07-10 06:37:11.337] [info] [task_scheduler.cpp:462] [mgpu-audit] pipeline_task dispatched to GPU 1 task_id=34
[2026-07-10 06:37:11.337] [info] [task_scheduler.cpp:464] [locality-audit] dispatch task_id=34 preferred_device=1 actual_gpu=1
[2026-07-10 06:37:11.337] [info] [gpu_pipeline_task.cpp:188] [locality-audit] prepare_before pipeline_id=4 task_id=32 preferred_device=0 actual_gpu=0 target_tier=GPU target_device=0 input_bytes=20530896 local_bytes=20530896 remote_gpu_bytes=0 host_bytes=0 disk_bytes=0 batch_count=1
[2026-07-10 06:37:11.337] [info] [gpu_pipeline_task.cpp:188] [locality-audit] prepare_after pipeline_id=4 task_id=32 preferred_device=0 actual_gpu=0 target_tier=GPU target_device=0 input_bytes=20530896 local_bytes=20530896 remote_gpu_bytes=0 host_bytes=0 disk_bytes=0 batch_count=1
[2026-07-10 06:37:11.337] [info] [task_scheduler.cpp:462] [mgpu-audit] pipeline_task dispatched to GPU 0 task_id=33
[2026-07-10 06:37:11.337] [info] [task_scheduler.cpp:464] [locality-audit] dispatch task_id=33 preferred_device=0 actual_gpu=0
[2026-07-10 06:37:11.338] [info] [task_scheduler.cpp:462] [mgpu-audit] pipeline_task dispatched to GPU 1 task_id=35
[2026-07-10 06:37:11.338] [info] [task_scheduler.cpp:464] [locality-audit] dispatch task_id=35 preferred_device=1 actual_gpu=1
[2026-07-10 06:37:11.338] [info] [gpu_pipeline_task.cpp:188] [locality-audit] prepare_before pipeline_id=4 task_id=34 preferred_device=1 actual_gpu=1 target_tier=GPU target_device=1 input_bytes=20459584 local_bytes=20459584 remote_gpu_bytes=0 host_bytes=0 disk_bytes=0 batch_count=1
[2026-07-10 06:37:11.338] [info] [gpu_pipeline_task.cpp:188] [locality-audit] prepare_after pipeline_id=4 task_id=34 preferred_device=1 actual_gpu=1 target_tier=GPU target_device=1 input_bytes=20459584 local_bytes=20459584 remote_gpu_bytes=0 host_bytes=0 disk_bytes=0 batch_count=1
[2026-07-10 06:37:11.338] [info] [gpu_pipeline_task.cpp:188] [locality-audit] prepare_before pipeline_id=4 task_id=33 preferred_device=0 actual_gpu=0 target_tier=GPU target_device=0 input_bytes=20507760 local_bytes=20507760 remote_gpu_bytes=0 host_bytes=0 disk_bytes=0 batch_count=1
[2026-07-10 06:37:11.338] [info] [gpu_pipeline_task.cpp:188] [locality-audit] prepare_after pipeline_id=4 task_id=33 preferred_device=0 actual_gpu=0 target_tier=GPU target_device=0 input_bytes=20507760 local_bytes=20507760 remote_gpu_bytes=0 host_bytes=0 disk_bytes=0 batch_count=1
[2026-07-10 06:37:11.338] [info] [gpu_pipeline_task.cpp:188] [locality-audit] prepare_before pipeline_id=4 task_id=35 preferred_device=1 actual_gpu=1 target_tier=GPU target_device=1 input_bytes=11205504 local_bytes=11205504 remote_gpu_bytes=0 host_bytes=0 disk_bytes=0 batch_count=1
[2026-07-10 06:37:11.338] [info] [gpu_pipeline_task.cpp:188] [locality-audit] prepare_after pipeline_id=4 task_id=35 preferred_device=1 actual_gpu=1 target_tier=GPU target_device=1 input_bytes=11205504 local_bytes=11205504 remote_gpu_bytes=0 host_bytes=0 disk_bytes=0 batch_count=1
[2026-07-10 06:37:11.338] [info] [task_scheduler.cpp:462] [mgpu-audit] pipeline_task dispatched to GPU 1 task_id=36
[2026-07-10 06:37:11.338] [info] [task_scheduler.cpp:464] [locality-audit] dispatch task_id=36 preferred_device=1 actual_gpu=1
[2026-07-10 06:37:11.338] [info] [gpu_pipeline_task.cpp:188] [locality-audit] prepare_before pipeline_id=4 task_id=36 preferred_device=1 actual_gpu=1 target_tier=GPU target_device=1 input_bytes=20529648 local_bytes=20529648 remote_gpu_bytes=0 host_bytes=0 disk_bytes=0 batch_count=1
[2026-07-10 06:37:11.338] [info] [gpu_pipeline_task.cpp:188] [locality-audit] prepare_after pipeline_id=4 task_id=36 preferred_device=1 actual_gpu=1 target_tier=GPU target_device=1 input_bytes=20529648 local_bytes=20529648 remote_gpu_bytes=0 host_bytes=0 disk_bytes=0 batch_count=1
[2026-07-10 06:37:11.343] [info] [gpu_pipeline_task.cpp:321] [stage-audit] pipeline_id=4 task_id=33 operator_id=28 operator_name=PARTITION stage_kind=PARTITION operator_type=82 input_type=PIPELINEABLE output_type=PIPELINEABLE actual_gpu=0 pipeline_operator_count=1 input_batches=1 input_rows=1262015 input_columns=2 input_bytes=20507760 output_batches=2 output_rows=1262015 output_columns=4 output_bytes=20192240 byte_ratio=0.984615 row_ratio=1.000000 duration_us=4950
[2026-07-10 06:37:11.343] [info] [gpu_pipeline_task.cpp:321] [stage-audit] pipeline_id=4 task_id=35 operator_id=28 operator_name=PARTITION stage_kind=PARTITION operator_type=82 input_type=PIPELINEABLE output_type=PIPELINEABLE actual_gpu=1 pipeline_operator_count=1 input_batches=1 input_rows=689568 input_columns=2 input_bytes=11205504 output_batches=2 output_rows=689568 output_columns=4 output_bytes=11033088 byte_ratio=0.984613 row_ratio=1.000000 duration_us=4952
[2026-07-10 06:37:11.343] [info] [gpu_pipeline_task.cpp:321] [stage-audit] pipeline_id=4 task_id=32 operator_id=28 operator_name=PARTITION stage_kind=PARTITION operator_type=82 input_type=PIPELINEABLE output_type=PIPELINEABLE actual_gpu=0 pipeline_operator_count=1 input_batches=1 input_rows=1263437 input_columns=2 input_bytes=20530896 output_batches=2 output_rows=1263437 output_columns=4 output_bytes=20214992 byte_ratio=0.984613 row_ratio=1.000000 duration_us=5306
[2026-07-10 06:37:11.343] [info] [gpu_pipeline_task.cpp:321] [stage-audit] pipeline_id=4 task_id=36 operator_id=28 operator_name=PARTITION stage_kind=PARTITION operator_type=82 input_type=PIPELINEABLE output_type=PIPELINEABLE actual_gpu=1 pipeline_operator_count=1 input_batches=1 input_rows=1263359 input_columns=2 input_bytes=20529648 output_batches=2 output_rows=1263359 output_columns=4 output_bytes=20213744 byte_ratio=0.984612 row_ratio=1.000000 duration_us=5069
[2026-07-10 06:37:11.343] [info] [gpu_pipeline_task.cpp:321] [stage-audit] pipeline_id=4 task_id=34 operator_id=28 operator_name=PARTITION stage_kind=PARTITION operator_type=82 input_type=PIPELINEABLE output_type=PIPELINEABLE actual_gpu=1 pipeline_operator_count=1 input_batches=1 input_rows=1259044 input_columns=2 input_bytes=20459584 output_batches=2 output_rows=1259044 output_columns=4 output_bytes=20144704 byte_ratio=0.984610 row_ratio=1.000000 duration_us=5248
[2026-07-10 06:37:11.343] [info] [task_scheduler.cpp:462] [mgpu-audit] pipeline_task dispatched to GPU 0 task_id=37
[2026-07-10 06:37:11.343] [info] [task_scheduler.cpp:464] [locality-audit] dispatch task_id=37 preferred_device=0 actual_gpu=0
[2026-07-10 06:37:11.343] [info] [task_scheduler.cpp:462] [mgpu-audit] pipeline_task dispatched to GPU 1 task_id=38
[2026-07-10 06:37:11.343] [info] [task_scheduler.cpp:464] [locality-audit] dispatch task_id=38 preferred_device=1 actual_gpu=1
[2026-07-10 06:37:11.343] [info] [gpu_pipeline_task.cpp:188] [locality-audit] prepare_before pipeline_id=5 task_id=38 preferred_device=1 actual_gpu=1 target_tier=GPU target_device=1 input_bytes=45951328 local_bytes=25729616 remote_gpu_bytes=20221712 host_bytes=0 disk_bytes=0 batch_count=5
[2026-07-10 06:37:11.343] [info] [gpu_pipeline_task.cpp:188] [locality-audit] prepare_before pipeline_id=5 task_id=37 preferred_device=0 actual_gpu=0 target_tier=GPU target_device=0 input_bytes=45847440 local_bytes=20185520 remote_gpu_bytes=25661920 host_bytes=0 disk_bytes=0 batch_count=5
[2026-07-10 06:37:11.345] [info] [gpu_pipeline_task.cpp:188] [locality-audit] prepare_after pipeline_id=5 task_id=38 preferred_device=1 actual_gpu=1 target_tier=GPU target_device=1 input_bytes=45951328 local_bytes=45951328 remote_gpu_bytes=0 host_bytes=0 disk_bytes=0 batch_count=5
[2026-07-10 06:37:11.346] [info] [gpu_pipeline_task.cpp:188] [locality-audit] prepare_after pipeline_id=5 task_id=37 preferred_device=0 actual_gpu=0 target_tier=GPU target_device=0 input_bytes=45847440 local_bytes=45847440 remote_gpu_bytes=0 host_bytes=0 disk_bytes=0 batch_count=5
[2026-07-10 06:37:11.346] [info] [gpu_pipeline_task.cpp:321] [stage-audit] pipeline_id=5 task_id=38 operator_id=27 operator_name=CONCAT stage_kind=CONCAT operator_type=83 input_type=PARTITIONED output_type=PARTITIONED actual_gpu=1 pipeline_operator_count=1 input_batches=5 input_rows=2871958 input_columns=10 input_bytes=45951328 output_batches=1 output_rows=2871958 output_columns=2 output_bytes=45951328 byte_ratio=1.000000 row_ratio=1.000000 duration_us=852
[2026-07-10 06:37:11.346] [info] [gpu_pipeline_task.cpp:321] [stage-audit] pipeline_id=5 task_id=37 operator_id=27 operator_name=CONCAT stage_kind=CONCAT operator_type=83 input_type=PARTITIONED output_type=PARTITIONED actual_gpu=0 pipeline_operator_count=1 input_batches=5 input_rows=2865465 input_columns=10 input_bytes=45847440 output_batches=1 output_rows=2865465 output_columns=2 output_bytes=45847440 byte_ratio=1.000000 row_ratio=1.000000 duration_us=551
[2026-07-10 06:37:11.387] [info] [task_scheduler.cpp:462] [mgpu-audit] pipeline_task dispatched to GPU 0 task_id=39
[2026-07-10 06:37:11.387] [info] [task_scheduler.cpp:464] [locality-audit] dispatch task_id=39 preferred_device=0 actual_gpu=0
[2026-07-10 06:37:11.452] [info] [task_scheduler.cpp:462] [mgpu-audit] pipeline_task dispatched to GPU 1 task_id=40
[2026-07-10 06:37:11.452] [info] [task_scheduler.cpp:464] [locality-audit] dispatch task_id=40 preferred_device=1 actual_gpu=1
[2026-07-10 06:37:11.523] [info] [task_scheduler.cpp:462] [mgpu-audit] pipeline_task dispatched to GPU 0 task_id=41
[2026-07-10 06:37:11.523] [info] [task_scheduler.cpp:464] [locality-audit] dispatch task_id=41 preferred_device=0 actual_gpu=0
[2026-07-10 06:37:11.580] [error] [gpu_pipeline_executor.cpp:408] GPU Pipeline Executor: Exception during task execution: CUDA error at: /tmp/conda-bld-output/bld/rattler-build_librmm/work/cpp/src/cuda_stream_view.cpp:45: cudaErrorIllegalInstruction an illegal instruction was encountered
[2026-07-10 06:37:11.595] [info] [task_scheduler.cpp:462] [mgpu-audit] pipeline_task dispatched to GPU 1 task_id=42
[2026-07-10 06:37:11.595] [info] [task_scheduler.cpp:464] [locality-audit] dispatch task_id=42 preferred_device=1 actual_gpu=1
[2026-07-10 06:37:11.619] [error] [gpu_pipeline_task.cpp:1062] Unknown error in prepare_for_processing for pipeline 6: CUDA error at: /tmp/conda-bld-output/bld/rattler-build_librmm/work/cpp/src/cuda_stream_view.cpp:45: cudaErrorIllegalInstruction an illegal instruction was encountered
[2026-07-10 06:37:11.619] [error] [gpu_pipeline_executor.cpp:408] GPU Pipeline Executor: Exception during task execution: CUDA error at: /tmp/conda-bld-output/bld/rattler-build_librmm/work/cpp/src/cuda_stream_view.cpp:45: cudaErrorIllegalInstruction an illegal instruction was encountered
[2026-07-10 06:37:11.635] [warning] [gpu_pipeline_task.cpp:904] Pipeline 6: OOM at operator GPU_SCAN (id=29, index 0/2), requested 1 bytes (0.00 MB), global usage 4972203960 bytes (4741.86 MB), peak allocated 256 bytes (0.00 MB), bytes to materialize input 0 bytes (0.00 MB), reservation 4284659640 bytes (4086.17 MB), rescheduling task 40
[2026-07-10 06:37:11.635] [error] [bounded_thread_pool.hpp:214] Exception in bounded_thread_pool task: CUDA error at: /tmp/conda-bld-output/bld/rattler-build_librmm/work/cpp/src/cuda_stream.cpp:47: cudaErrorIllegalInstruction an illegal instruction was encountered
[2026-07-10 06:37:11.667] [error] [gpu_pipeline_task.cpp:1062] Unknown error in prepare_for_processing for pipeline 6: CUDA error at: /tmp/conda-bld-output/bld/rattler-build_librmm/work/cpp/src/cuda_stream_view.cpp:45: cudaErrorIllegalInstruction an illegal instruction was encountered
[2026-07-10 06:37:11.667] [error] [gpu_pipeline_executor.cpp:408] GPU Pipeline Executor: Exception during task execution: CUDA error at: /tmp/conda-bld-output/bld/rattler-build_librmm/work/cpp/src/cuda_stream_view.cpp:45: cudaErrorIllegalInstruction an illegal instruction was encountered
[2026-07-10 06:37:11.667] [info] [task_scheduler.cpp:462] [mgpu-audit] pipeline_task dispatched to GPU 0 task_id=43
[2026-07-10 06:37:11.667] [info] [task_scheduler.cpp:464] [locality-audit] dispatch task_id=43 preferred_device=0 actual_gpu=0
[2026-07-10 06:37:11.702] [error] [gpu_pipeline_task.cpp:1062] Unknown error in prepare_for_processing for pipeline 6: CUDA error at: /tmp/conda-bld-output/bld/rattler-build_librmm/work/cpp/src/cuda_stream_view.cpp:45: cudaErrorIllegalInstruction an illegal instruction was encountered
[2026-07-10 06:37:11.702] [error] [gpu_pipeline_executor.cpp:408] GPU Pipeline Executor: Exception during task execution: CUDA error at: /tmp/conda-bld-output/bld/rattler-build_librmm/work/cpp/src/cuda_stream_view.cpp:45: cudaErrorIllegalInstruction an illegal instruction was encountered
[2026-07-10 06:37:11.738] [info] [task_scheduler.cpp:462] [mgpu-audit] pipeline_task dispatched to GPU 1 task_id=44
[2026-07-10 06:37:11.738] [info] [task_scheduler.cpp:464] [locality-audit] dispatch task_id=44 preferred_device=1 actual_gpu=1
[2026-07-10 06:37:11.773] [error] [gpu_pipeline_task.cpp:1062] Unknown error in prepare_for_processing for pipeline 6: CUDA error at: /tmp/conda-bld-output/bld/rattler-build_librmm/work/cpp/src/cuda_stream_view.cpp:45: cudaErrorIllegalInstruction an illegal instruction was encountered
[2026-07-10 06:37:11.773] [error] [gpu_pipeline_executor.cpp:408] GPU Pipeline Executor: Exception during task execution: CUDA error at: /tmp/conda-bld-output/bld/rattler-build_librmm/work/cpp/src/cuda_stream_view.cpp:45: cudaErrorIllegalInstruction an illegal instruction was encountered
[2026-07-10 06:37:11.818] [info] [task_scheduler.cpp:462] [mgpu-audit] pipeline_task dispatched to GPU 0 task_id=45
[2026-07-10 06:37:11.818] [info] [task_scheduler.cpp:464] [locality-audit] dispatch task_id=45 preferred_device=0 actual_gpu=0
[2026-07-10 06:37:11.853] [error] [gpu_pipeline_task.cpp:1062] Unknown error in prepare_for_processing for pipeline 6: CUDA error at: /tmp/conda-bld-output/bld/rattler-build_librmm/work/cpp/src/cuda_stream_view.cpp:45: cudaErrorIllegalInstruction an illegal instruction was encountered
[2026-07-10 06:37:11.853] [error] [gpu_pipeline_executor.cpp:408] GPU Pipeline Executor: Exception during task execution: CUDA error at: /tmp/conda-bld-output/bld/rattler-build_librmm/work/cpp/src/cuda_stream_view.cpp:45: cudaErrorIllegalInstruction an illegal instruction was encountered
[2026-07-10 06:37:11.897] [info] [task_scheduler.cpp:462] [mgpu-audit] pipeline_task dispatched to GPU 1 task_id=46
[2026-07-10 06:37:11.897] [info] [task_scheduler.cpp:464] [locality-audit] dispatch task_id=46 preferred_device=1 actual_gpu=1
[2026-07-10 06:37:11.934] [error] [gpu_pipeline_task.cpp:1062] Unknown error in prepare_for_processing for pipeline 6: CUDA error at: /tmp/conda-bld-output/bld/rattler-build_librmm/work/cpp/src/cuda_stream_view.cpp:45: cudaErrorIllegalInstruction an illegal instruction was encountered
[2026-07-10 06:37:11.934] [error] [gpu_pipeline_executor.cpp:408] GPU Pipeline Executor: Exception during task execution: CUDA error at: /tmp/conda-bld-output/bld/rattler-build_librmm/work/cpp/src/cuda_stream_view.cpp:45: cudaErrorIllegalInstruction an illegal instruction was encountered
[2026-07-10 06:37:13.505] [info] [task_scheduler.cpp:462] [mgpu-audit] pipeline_task dispatched to GPU 1 task_id=48
[2026-07-10 06:37:13.505] [info] [task_scheduler.cpp:464] [locality-audit] dispatch task_id=48 preferred_device=1 actual_gpu=1
[2026-07-10 06:37:13.505] [error] [sirius_engine.cpp:172] Error executing query: CUDA error at: /tmp/conda-bld-output/bld/rattler-build_librmm/work/cpp/src/cuda_stream_view.cpp:45: cudaErrorIllegalInstruction an illegal instruction was encountered
[2026-07-10 06:37:13.505] [info] [task_scheduler.cpp:262] task_scheduler: draining after error
[2026-07-10 06:37:13.505] [info] [gpu_pipeline_executor.cpp:101] GPU Pipeline Executor: pool interrupted, stopping manager loop
[2026-07-10 06:37:13.519] [error] [gpu_pipeline_task.cpp:1062] Unknown error in prepare_for_processing for pipeline 6: CUDA error at: /tmp/conda-bld-output/bld/rattler-build_librmm/work/cpp/src/cuda_stream_view.cpp:45: cudaErrorIllegalInstruction an illegal instruction was encountered
[2026-07-10 06:37:13.519] [error] [gpu_pipeline_executor.cpp:408] GPU Pipeline Executor: Exception during task execution: CUDA error at: /tmp/conda-bld-output/bld/rattler-build_librmm/work/cpp/src/cuda_stream_view.cpp:45: cudaErrorIllegalInstruction an illegal instruction was encountered
[2026-07-10 06:37:13.519] [info] [gpu_pipeline_executor.cpp:118] GPU Pipeline Executor: task queue interrupted, stopping manager loop
[2026-07-10 06:37:13.534] [info] [task_scheduler.cpp:305] task_scheduler: DONE draining after error
[2026-07-10 06:37:13.534] [error] [sirius_interface.cpp:201] Error in sirius_execute_pending_query_result: CUDA error at: /tmp/conda-bld-output/bld/rattler-build_librmm/work/cpp/src/cuda_stream_view.cpp:45: cudaErrorIllegalInstruction an illegal instruction was encountered
[2026-07-10 06:37:13.534] [error] [physical_sirius_execution.cpp:161] Transparent GPU execution error: Invalid Error: CUDA error at: /tmp/conda-bld-output/bld/rattler-build_librmm/work/cpp/src/cuda_stream_view.cpp:45: cudaErrorIllegalInstruction an illegal instruction was encountered
[2026-07-10 06:37:13.575] [info] [sirius_context.cpp:217] QueryEnd
[2026-07-10 06:37:13.603] [warning] [sirius_context.cpp:233] SiriusContext::QueryEnd: operator 16 port 'build' still had 2 un-consumed data batch(es) (memory leak).
[2026-07-10 06:37:13.603] [warning] [sirius_context.cpp:233] SiriusContext::QueryEnd: operator 40 port 'default' still had 6 un-consumed data batch(es) (memory leak).
[2026-07-10 06:37:13.603] [info] [:] [host_pool] HOST:0 QueryEnd allocated=72351744 bytes peak=4167041024 bytes free_blocks=2107
[2026-07-10 06:37:13.603] [info] [:] [gpu_pool] GPU:0 QueryEnd allocated=0 bytes peak=5950000000 bytes reserved=0 bytes
[2026-07-10 06:37:13.603] [info] [:] [gpu_pool] GPU:1 QueryEnd allocated=0 bytes peak=5950000000 bytes reserved=0 bytes
[2026-07-10 06:37:13.603] [info] [sirius_context.cpp:924] Connection closed.
[2026-07-10 06:37:13.651] [info] [task_scheduler.cpp:368] Task request channel closed, exiting management event loop.
[2026-07-10 06:37:13.651] [info] [gpu_pipeline_executor.cpp:118] GPU Pipeline Executor: task queue interrupted, stopping manager loop
[2026-07-10 06:37:13.652] [info] [gpu_pipeline_executor.cpp:118] GPU Pipeline Executor: task queue interrupted, stopping manager loop
