[2026-07-08 15:40:03.465] [info] [sirius_context.cpp:957] Loaded Sirius configuration from file: /home/dy1013/sirius_multi-gpu/experiment/fixed_page_runs/page_backed_q6_q12_pixi/configs/sirius_2gpu.yaml
[2026-07-08 15:40:03.474] [info] [telemetry_context.cpp:78] Telemetry context initialized (engine=siriusDB)
[2026-07-08 15:40:03.474] [info] [sirius_context.cpp:296] SiriusContext: topology summary — 2 GPU(s), 1 NUMA node(s), host='hicys76'
[2026-07-08 15:40:03.474] [info] [sirius_context.cpp:301]   GPU 0: NVIDIA RTX A5000 (numa=0, pci=00000000:AC:00.0)
[2026-07-08 15:40:03.474] [info] [sirius_context.cpp:301]   GPU 1: NVIDIA RTX A5000 (numa=0, pci=00000000:CA:00.0)
[2026-07-08 15:40:03.687] [warning] [sirius_context.cpp:311] SiriusContext: disk memory space is not configured; spilling GPU or HOST data to disk is disabled. If queries run out of GPU/HOST memory, downgrades to disk will not be possible.
[2026-07-08 15:40:03.687] [info] [sirius_context.cpp:323] SiriusContext: 1 host memory space(s) created for 1 NUMA node(s)
[2026-07-08 15:40:03.690] [info] [sirius_context.cpp:376] SiriusContext: P2P enabled 0 -> 1
[2026-07-08 15:40:03.690] [info] [sirius_context.cpp:376] SiriusContext: P2P enabled 1 -> 0
[2026-07-08 15:40:03.714] [info] [sirius_context.cpp:436] SiriusContext: cuDF pinned memory resource configured (NUMA-aware, max slab 8192 B, fallback node=0)
[2026-07-08 15:40:03.719] [info] [sirius_context.cpp:918] Connection opened.
[2026-07-08 15:40:03.719] [info] [sirius_context.cpp:931] Extension loaded: sirius
[2026-07-08 15:40:03.719] [info] [sirius_context.cpp:217] QueryEnd
[2026-07-08 15:40:03.727] [info] [:] [host_pool] HOST:0 QueryEnd allocated=67108864 bytes peak=67108864 bytes free_blocks=448
[2026-07-08 15:40:03.727] [info] [:] [gpu_pool] GPU:0 QueryEnd allocated=0 bytes peak=0 bytes reserved=0 bytes
[2026-07-08 15:40:03.727] [info] [:] [gpu_pool] GPU:1 QueryEnd allocated=0 bytes peak=0 bytes reserved=0 bytes
[2026-07-08 15:40:03.727] [info] [:] [host_pool] HOST:0 QueryBegin allocated=67108864 bytes peak=67108864 bytes free_blocks=448
[2026-07-08 15:40:03.727] [info] [:] [gpu_pool] GPU:0 QueryBegin allocated=0 bytes peak=0 bytes reserved=0 bytes
[2026-07-08 15:40:03.727] [info] [:] [gpu_pool] GPU:1 QueryBegin allocated=0 bytes peak=0 bytes reserved=0 bytes
[2026-07-08 15:40:03.727] [info] [sirius_context.cpp:201] QueryBegin: SQL: SET gpu_execution = true;
[2026-07-08 15:40:03.728] [info] [sirius_context.cpp:217] QueryEnd
[2026-07-08 15:40:03.747] [info] [:] [host_pool] HOST:0 QueryEnd allocated=67108864 bytes peak=67108864 bytes free_blocks=448
[2026-07-08 15:40:03.747] [info] [:] [gpu_pool] GPU:0 QueryEnd allocated=0 bytes peak=0 bytes reserved=0 bytes
[2026-07-08 15:40:03.747] [info] [:] [gpu_pool] GPU:1 QueryEnd allocated=0 bytes peak=0 bytes reserved=0 bytes
[2026-07-08 15:40:03.748] [info] [:] [host_pool] HOST:0 QueryBegin allocated=67108864 bytes peak=67108864 bytes free_blocks=448
[2026-07-08 15:40:03.748] [info] [:] [gpu_pool] GPU:0 QueryBegin allocated=0 bytes peak=0 bytes reserved=0 bytes
[2026-07-08 15:40:03.748] [info] [:] [gpu_pool] GPU:1 QueryBegin allocated=0 bytes peak=0 bytes reserved=0 bytes
[2026-07-08 15:40:03.748] [info] [sirius_context.cpp:201] QueryBegin: SQL: select sum(l_extendedprice * l_discount) as revenue from lineitem where l_shipdate >= date '1997-01-01' and l_shipdate < date '1998-01-01' and l_discount between 0.03 - 0.01 and 0.03 + 0.01 and l_quantity < 24
[2026-07-08 15:40:04.057] [info] [sirius_context.cpp:865] Transparent execution: Sirius physical plan generated successfully
[2026-07-08 15:40:04.069] [info] [sirius_context.cpp:877] Transparent execution: physical plan replaced with GPU operator
[2026-07-08 15:40:04.069] [info] [physical_sirius_execution.cpp:97] Transparent GPU execution: executing query
[2026-07-08 15:40:04.127] [info] [sirius_engine.cpp:375] Query Plan:
=== Pipeline Overview ===
Pipeline #0: GPU_SCAN (id=7) -> PROJECTION (id=4) -> UNGROUPED_AGGREGATE (id=5)
  Output: -> MERGE_AGGREGATE [port: default, barrier: FULL]
Pipeline #1: MERGE_AGGREGATE (id=8)
  Input: <- Pipeline #0 [on: MERGE_AGGREGATE (id=8), port: default, barrier: FULL]
  Dependencies: Pipeline #0
  Output: -> RESULT_COLLECTOR [port: default, barrier: FULL]
Pipeline #2: RESULT_COLLECTOR (id=6)
  Input: <- Pipeline #1 [on: RESULT_COLLECTOR (id=6), port: default, barrier: FULL]
  Dependencies: Pipeline #1

=== Query Plan DAG ===
┌────────────────────────────┐
│ Pipeline #2                │
│ RESULT_COLLECTOR (id=6)    │
│ Input(#1): FULL            │
└─────────────┬──────────────┘
              │               
┌────────────────────────────┐
│ Pipeline #1                │
│ MERGE_AGGREGATE (id=8)     │
│ Input(#0): FULL            │
└─────────────┬──────────────┘
              │               
┌────────────────────────────┐
│ Pipeline #0                │
│ UNGROUPED_AGGREGATE (id=5) │
│ PROJECTION (id=4)          │
│ GPU_SCAN (id=7)            │
└────────────────────────────┘

[2026-07-08 15:40:04.282] [info] [parquet_gpu_ingestible.cpp:210] [coalesce-debug] parquet_batch_coalescer emit #1: 1 slice(s), acc_bytes=536524470, cap=536870912
[2026-07-08 15:40:04.282] [info] [parquet_gpu_ingestible.cpp:210] [coalesce-debug] parquet_batch_coalescer emit #2: 1 slice(s), acc_bytes=535586698, cap=536870912
[2026-07-08 15:40:04.282] [info] [parquet_gpu_ingestible.cpp:210] [coalesce-debug] parquet_batch_coalescer emit #3: 1 slice(s), acc_bytes=535601406, cap=536870912
[2026-07-08 15:40:04.282] [info] [parquet_gpu_ingestible.cpp:210] [coalesce-debug] parquet_batch_coalescer emit #4: 1 slice(s), acc_bytes=536216622, cap=536870912
[2026-07-08 15:40:04.282] [info] [parquet_gpu_ingestible.cpp:210] [coalesce-debug] parquet_batch_coalescer emit #5: 1 slice(s), acc_bytes=536368060, cap=536870912
[2026-07-08 15:40:04.282] [info] [parquet_gpu_ingestible.cpp:210] [coalesce-debug] parquet_batch_coalescer emit #6: 1 slice(s), acc_bytes=536370734, cap=536870912
[2026-07-08 15:40:04.282] [info] [parquet_gpu_ingestible.cpp:210] [coalesce-debug] parquet_batch_coalescer emit #7: 1 slice(s), acc_bytes=536364900, cap=536870912
[2026-07-08 15:40:04.282] [info] [parquet_gpu_ingestible.cpp:210] [coalesce-debug] parquet_batch_coalescer emit #8: 1 slice(s), acc_bytes=536370494, cap=536870912
[2026-07-08 15:40:04.282] [info] [parquet_gpu_ingestible.cpp:210] [coalesce-debug] parquet_batch_coalescer emit #9: 1 slice(s), acc_bytes=536374250, cap=536870912
[2026-07-08 15:40:04.282] [info] [parquet_gpu_ingestible.cpp:210] [coalesce-debug] parquet_batch_coalescer emit #10: 1 slice(s), acc_bytes=536394512, cap=536870912
[2026-07-08 15:40:04.282] [info] [parquet_gpu_ingestible.cpp:210] [coalesce-debug] parquet_batch_coalescer emit #11: 1 slice(s), acc_bytes=536378412, cap=536870912
[2026-07-08 15:40:04.282] [info] [parquet_gpu_ingestible.cpp:210] [coalesce-debug] parquet_batch_coalescer emit #12: 1 slice(s), acc_bytes=536361510, cap=536870912
[2026-07-08 15:40:04.282] [info] [parquet_gpu_ingestible.cpp:210] [coalesce-debug] parquet_batch_coalescer emit #13: 1 slice(s), acc_bytes=536369874, cap=536870912
[2026-07-08 15:40:04.282] [info] [parquet_gpu_ingestible.cpp:210] [coalesce-debug] parquet_batch_coalescer emit #14: 1 slice(s), acc_bytes=536383602, cap=536870912
[2026-07-08 15:40:04.282] [info] [parquet_gpu_ingestible.cpp:210] [coalesce-debug] parquet_batch_coalescer emit #15: 1 slice(s), acc_bytes=536373698, cap=536870912
[2026-07-08 15:40:04.282] [info] [parquet_gpu_ingestible.cpp:210] [coalesce-debug] parquet_batch_coalescer emit #16: 1 slice(s), acc_bytes=536380746, cap=536870912
[2026-07-08 15:40:04.282] [info] [parquet_gpu_ingestible.cpp:210] [coalesce-debug] parquet_batch_coalescer emit #17: 1 slice(s), acc_bytes=536365594, cap=536870912
[2026-07-08 15:40:04.282] [info] [parquet_gpu_ingestible.cpp:210] [coalesce-debug] parquet_batch_coalescer emit #18: 1 slice(s), acc_bytes=536378146, cap=536870912
[2026-07-08 15:40:04.283] [info] [load_balancing_scan_batch_coalescer.cpp:96] [coalesce-debug] load_balancer emit pipeline=0 -> preferred GPU 0
[2026-07-08 15:40:04.439] [info] [load_balancing_scan_batch_coalescer.cpp:96] [coalesce-debug] load_balancer emit pipeline=0 -> preferred GPU 1
[2026-07-08 15:40:04.495] [info] [task_scheduler.cpp:462] [mgpu-audit] pipeline_task dispatched to GPU 0 task_id=0
[2026-07-08 15:40:04.495] [info] [task_scheduler.cpp:464] [locality-audit] dispatch task_id=0 preferred_device=0 actual_gpu=0
[2026-07-08 15:40:04.701] [info] [load_balancing_scan_batch_coalescer.cpp:96] [coalesce-debug] load_balancer emit pipeline=0 -> preferred GPU 0
[2026-07-08 15:40:04.750] [info] [task_scheduler.cpp:462] [mgpu-audit] pipeline_task dispatched to GPU 1 task_id=1
[2026-07-08 15:40:04.750] [info] [task_scheduler.cpp:464] [locality-audit] dispatch task_id=1 preferred_device=1 actual_gpu=1
[2026-07-08 15:40:04.978] [info] [load_balancing_scan_batch_coalescer.cpp:96] [coalesce-debug] load_balancer emit pipeline=0 -> preferred GPU 1
[2026-07-08 15:40:04.995] [info] [task_scheduler.cpp:462] [mgpu-audit] pipeline_task dispatched to GPU 0 task_id=2
[2026-07-08 15:40:04.995] [info] [task_scheduler.cpp:464] [locality-audit] dispatch task_id=2 preferred_device=0 actual_gpu=0
[2026-07-08 15:40:05.026] [info] [gpu_pipeline_task.cpp:321] [stage-audit] pipeline_id=0 task_id=0 operator_id=7 operator_name=GPU_SCAN stage_kind=SCAN operator_type=94 input_type=GPU_SCAN output_type=PIPELINEABLE actual_gpu=0 pipeline_operator_count=3 input_batches=0 input_rows=0 input_columns=0 input_bytes=0 output_batches=1 output_rows=627771 output_columns=2 output_bytes=10201392 byte_ratio=0.000000 row_ratio=0.000000 duration_us=480558
[2026-07-08 15:40:05.034] [info] [gpu_pipeline_task.cpp:321] [stage-audit] pipeline_id=0 task_id=0 operator_id=4 operator_name=PROJECTION stage_kind=PROJECTION operator_type=13 input_type=PIPELINEABLE output_type=PIPELINEABLE actual_gpu=0 pipeline_operator_count=3 input_batches=1 input_rows=627771 input_columns=2 input_bytes=10201392 output_batches=1 output_rows=627771 output_columns=1 output_bytes=5100696 byte_ratio=0.500000 row_ratio=1.000000 duration_us=7655
[2026-07-08 15:40:05.067] [info] [gpu_pipeline_task.cpp:321] [stage-audit] pipeline_id=0 task_id=0 operator_id=5 operator_name=UNGROUPED_AGGREGATE stage_kind=AGGREGATE operator_type=8 input_type=PIPELINEABLE output_type=PIPELINEABLE actual_gpu=0 pipeline_operator_count=3 input_batches=1 input_rows=627771 input_columns=1 input_bytes=5100696 output_batches=1 output_rows=1 output_columns=1 output_bytes=16 byte_ratio=0.000003 row_ratio=0.000002 duration_us=33226
[2026-07-08 15:40:05.155] [info] [load_balancing_scan_batch_coalescer.cpp:96] [coalesce-debug] load_balancer emit pipeline=0 -> preferred GPU 0
[2026-07-08 15:40:05.157] [info] [gpu_pipeline_task.cpp:321] [stage-audit] pipeline_id=0 task_id=1 operator_id=7 operator_name=GPU_SCAN stage_kind=SCAN operator_type=94 input_type=GPU_SCAN output_type=PIPELINEABLE actual_gpu=1 pipeline_operator_count=3 input_batches=0 input_rows=0 input_columns=0 input_bytes=0 output_batches=1 output_rows=630286 output_columns=2 output_bytes=10242272 byte_ratio=0.000000 row_ratio=0.000000 duration_us=351134
[2026-07-08 15:40:05.161] [info] [gpu_pipeline_task.cpp:321] [stage-audit] pipeline_id=0 task_id=1 operator_id=4 operator_name=PROJECTION stage_kind=PROJECTION operator_type=13 input_type=PIPELINEABLE output_type=PIPELINEABLE actual_gpu=1 pipeline_operator_count=3 input_batches=1 input_rows=630286 input_columns=2 input_bytes=10242272 output_batches=1 output_rows=630286 output_columns=1 output_bytes=5121136 byte_ratio=0.500000 row_ratio=1.000000 duration_us=3092
[2026-07-08 15:40:05.168] [info] [gpu_pipeline_task.cpp:321] [stage-audit] pipeline_id=0 task_id=1 operator_id=5 operator_name=UNGROUPED_AGGREGATE stage_kind=AGGREGATE operator_type=8 input_type=PIPELINEABLE output_type=PIPELINEABLE actual_gpu=1 pipeline_operator_count=3 input_batches=1 input_rows=630286 input_columns=1 input_bytes=5121136 output_batches=1 output_rows=1 output_columns=1 output_bytes=16 byte_ratio=0.000003 row_ratio=0.000002 duration_us=7462
[2026-07-08 15:40:05.171] [info] [task_scheduler.cpp:462] [mgpu-audit] pipeline_task dispatched to GPU 1 task_id=3
[2026-07-08 15:40:05.171] [info] [task_scheduler.cpp:464] [locality-audit] dispatch task_id=3 preferred_device=1 actual_gpu=1
[2026-07-08 15:40:05.314] [info] [load_balancing_scan_batch_coalescer.cpp:96] [coalesce-debug] load_balancer emit pipeline=0 -> preferred GPU 1
[2026-07-08 15:40:05.331] [info] [task_scheduler.cpp:462] [mgpu-audit] pipeline_task dispatched to GPU 0 task_id=4
[2026-07-08 15:40:05.331] [info] [task_scheduler.cpp:464] [locality-audit] dispatch task_id=4 preferred_device=0 actual_gpu=0
[2026-07-08 15:40:05.475] [info] [load_balancing_scan_batch_coalescer.cpp:96] [coalesce-debug] load_balancer emit pipeline=0 -> preferred GPU 0
[2026-07-08 15:40:05.484] [info] [gpu_pipeline_task.cpp:321] [stage-audit] pipeline_id=0 task_id=2 operator_id=7 operator_name=GPU_SCAN stage_kind=SCAN operator_type=94 input_type=GPU_SCAN output_type=PIPELINEABLE actual_gpu=0 pipeline_operator_count=3 input_batches=0 input_rows=0 input_columns=0 input_bytes=0 output_batches=1 output_rows=628298 output_columns=2 output_bytes=10209952 byte_ratio=0.000000 row_ratio=0.000000 duration_us=373933
[2026-07-08 15:40:05.484] [info] [gpu_pipeline_task.cpp:321] [stage-audit] pipeline_id=0 task_id=2 operator_id=4 operator_name=PROJECTION stage_kind=PROJECTION operator_type=13 input_type=PIPELINEABLE output_type=PIPELINEABLE actual_gpu=0 pipeline_operator_count=3 input_batches=1 input_rows=628298 input_columns=2 input_bytes=10209952 output_batches=1 output_rows=628298 output_columns=1 output_bytes=5104976 byte_ratio=0.500000 row_ratio=1.000000 duration_us=543
[2026-07-08 15:40:05.485] [info] [gpu_pipeline_task.cpp:321] [stage-audit] pipeline_id=0 task_id=2 operator_id=5 operator_name=UNGROUPED_AGGREGATE stage_kind=AGGREGATE operator_type=8 input_type=PIPELINEABLE output_type=PIPELINEABLE actual_gpu=0 pipeline_operator_count=3 input_batches=1 input_rows=628298 input_columns=1 input_bytes=5104976 output_batches=1 output_rows=1 output_columns=1 output_bytes=16 byte_ratio=0.000003 row_ratio=0.000002 duration_us=208
[2026-07-08 15:40:05.486] [info] [gpu_pipeline_task.cpp:321] [stage-audit] pipeline_id=0 task_id=3 operator_id=7 operator_name=GPU_SCAN stage_kind=SCAN operator_type=94 input_type=GPU_SCAN output_type=PIPELINEABLE actual_gpu=1 pipeline_operator_count=3 input_batches=0 input_rows=0 input_columns=0 input_bytes=0 output_batches=1 output_rows=629193 output_columns=2 output_bytes=10224400 byte_ratio=0.000000 row_ratio=0.000000 duration_us=274396
[2026-07-08 15:40:05.486] [info] [gpu_pipeline_task.cpp:321] [stage-audit] pipeline_id=0 task_id=3 operator_id=4 operator_name=PROJECTION stage_kind=PROJECTION operator_type=13 input_type=PIPELINEABLE output_type=PIPELINEABLE actual_gpu=1 pipeline_operator_count=3 input_batches=1 input_rows=629193 input_columns=2 input_bytes=10224400 output_batches=1 output_rows=629193 output_columns=1 output_bytes=5112200 byte_ratio=0.500000 row_ratio=1.000000 duration_us=455
[2026-07-08 15:40:05.488] [info] [gpu_pipeline_task.cpp:321] [stage-audit] pipeline_id=0 task_id=3 operator_id=5 operator_name=UNGROUPED_AGGREGATE stage_kind=AGGREGATE operator_type=8 input_type=PIPELINEABLE output_type=PIPELINEABLE actual_gpu=1 pipeline_operator_count=3 input_batches=1 input_rows=629193 input_columns=1 input_bytes=5112200 output_batches=1 output_rows=1 output_columns=1 output_bytes=16 byte_ratio=0.000003 row_ratio=0.000002 duration_us=790
[2026-07-08 15:40:05.488] [info] [task_scheduler.cpp:462] [mgpu-audit] pipeline_task dispatched to GPU 1 task_id=5
[2026-07-08 15:40:05.488] [info] [task_scheduler.cpp:464] [locality-audit] dispatch task_id=5 preferred_device=1 actual_gpu=1
[2026-07-08 15:40:05.649] [info] [load_balancing_scan_batch_coalescer.cpp:96] [coalesce-debug] load_balancer emit pipeline=0 -> preferred GPU 1
[2026-07-08 15:40:05.663] [info] [task_scheduler.cpp:462] [mgpu-audit] pipeline_task dispatched to GPU 0 task_id=6
[2026-07-08 15:40:05.663] [info] [task_scheduler.cpp:464] [locality-audit] dispatch task_id=6 preferred_device=0 actual_gpu=0
[2026-07-08 15:40:05.819] [info] [load_balancing_scan_batch_coalescer.cpp:96] [coalesce-debug] load_balancer emit pipeline=0 -> preferred GPU 0
[2026-07-08 15:40:05.833] [info] [task_scheduler.cpp:462] [mgpu-audit] pipeline_task dispatched to GPU 1 task_id=7
[2026-07-08 15:40:05.833] [info] [task_scheduler.cpp:464] [locality-audit] dispatch task_id=7 preferred_device=1 actual_gpu=1
[2026-07-08 15:40:05.981] [info] [gpu_pipeline_task.cpp:321] [stage-audit] pipeline_id=0 task_id=5 operator_id=7 operator_name=GPU_SCAN stage_kind=SCAN operator_type=94 input_type=GPU_SCAN output_type=PIPELINEABLE actual_gpu=1 pipeline_operator_count=3 input_batches=0 input_rows=0 input_columns=0 input_bytes=0 output_batches=1 output_rows=626968 output_columns=2 output_bytes=10188288 byte_ratio=0.000000 row_ratio=0.000000 duration_us=450357
[2026-07-08 15:40:05.981] [info] [gpu_pipeline_task.cpp:321] [stage-audit] pipeline_id=0 task_id=5 operator_id=4 operator_name=PROJECTION stage_kind=PROJECTION operator_type=13 input_type=PIPELINEABLE output_type=PIPELINEABLE actual_gpu=1 pipeline_operator_count=3 input_batches=1 input_rows=626968 input_columns=2 input_bytes=10188288 output_batches=1 output_rows=626968 output_columns=1 output_bytes=5094144 byte_ratio=0.500000 row_ratio=1.000000 duration_us=344
[2026-07-08 15:40:05.982] [info] [gpu_pipeline_task.cpp:321] [stage-audit] pipeline_id=0 task_id=5 operator_id=5 operator_name=UNGROUPED_AGGREGATE stage_kind=AGGREGATE operator_type=8 input_type=PIPELINEABLE output_type=PIPELINEABLE actual_gpu=1 pipeline_operator_count=3 input_batches=1 input_rows=626968 input_columns=1 input_bytes=5094144 output_batches=1 output_rows=1 output_columns=1 output_bytes=16 byte_ratio=0.000003 row_ratio=0.000002 duration_us=311
[2026-07-08 15:40:05.990] [info] [load_balancing_scan_batch_coalescer.cpp:96] [coalesce-debug] load_balancer emit pipeline=0 -> preferred GPU 1
[2026-07-08 15:40:05.993] [info] [gpu_pipeline_task.cpp:321] [stage-audit] pipeline_id=0 task_id=6 operator_id=7 operator_name=GPU_SCAN stage_kind=SCAN operator_type=94 input_type=GPU_SCAN output_type=PIPELINEABLE actual_gpu=0 pipeline_operator_count=3 input_batches=0 input_rows=0 input_columns=0 input_bytes=0 output_batches=1 output_rows=627589 output_columns=2 output_bytes=10198352 byte_ratio=0.000000 row_ratio=0.000000 duration_us=286676
[2026-07-08 15:40:05.994] [info] [gpu_pipeline_task.cpp:321] [stage-audit] pipeline_id=0 task_id=4 operator_id=7 operator_name=GPU_SCAN stage_kind=SCAN operator_type=94 input_type=GPU_SCAN output_type=PIPELINEABLE actual_gpu=0 pipeline_operator_count=3 input_batches=0 input_rows=0 input_columns=0 input_bytes=0 output_batches=1 output_rows=629743 output_columns=2 output_bytes=10233328 byte_ratio=0.000000 row_ratio=0.000000 duration_us=465065
[2026-07-08 15:40:05.995] [info] [gpu_pipeline_task.cpp:321] [stage-audit] pipeline_id=0 task_id=6 operator_id=4 operator_name=PROJECTION stage_kind=PROJECTION operator_type=13 input_type=PIPELINEABLE output_type=PIPELINEABLE actual_gpu=0 pipeline_operator_count=3 input_batches=1 input_rows=627589 input_columns=2 input_bytes=10198352 output_batches=1 output_rows=627589 output_columns=1 output_bytes=5099176 byte_ratio=0.500000 row_ratio=1.000000 duration_us=1069
[2026-07-08 15:40:05.995] [info] [gpu_pipeline_task.cpp:321] [stage-audit] pipeline_id=0 task_id=4 operator_id=4 operator_name=PROJECTION stage_kind=PROJECTION operator_type=13 input_type=PIPELINEABLE output_type=PIPELINEABLE actual_gpu=0 pipeline_operator_count=3 input_batches=1 input_rows=629743 input_columns=2 input_bytes=10233328 output_batches=1 output_rows=629743 output_columns=1 output_bytes=5116664 byte_ratio=0.500000 row_ratio=1.000000 duration_us=649
[2026-07-08 15:40:05.995] [info] [gpu_pipeline_task.cpp:321] [stage-audit] pipeline_id=0 task_id=6 operator_id=5 operator_name=UNGROUPED_AGGREGATE stage_kind=AGGREGATE operator_type=8 input_type=PIPELINEABLE output_type=PIPELINEABLE actual_gpu=0 pipeline_operator_count=3 input_batches=1 input_rows=627589 input_columns=1 input_bytes=5099176 output_batches=1 output_rows=1 output_columns=1 output_bytes=16 byte_ratio=0.000003 row_ratio=0.000002 duration_us=412
[2026-07-08 15:40:05.995] [info] [gpu_pipeline_task.cpp:321] [stage-audit] pipeline_id=0 task_id=4 operator_id=5 operator_name=UNGROUPED_AGGREGATE stage_kind=AGGREGATE operator_type=8 input_type=PIPELINEABLE output_type=PIPELINEABLE actual_gpu=0 pipeline_operator_count=3 input_batches=1 input_rows=629743 input_columns=1 input_bytes=5116664 output_batches=1 output_rows=1 output_columns=1 output_bytes=16 byte_ratio=0.000003 row_ratio=0.000002 duration_us=309
[2026-07-08 15:40:06.141] [info] [gpu_pipeline_task.cpp:321] [stage-audit] pipeline_id=0 task_id=7 operator_id=7 operator_name=GPU_SCAN stage_kind=SCAN operator_type=94 input_type=GPU_SCAN output_type=PIPELINEABLE actual_gpu=1 pipeline_operator_count=3 input_batches=0 input_rows=0 input_columns=0 input_bytes=0 output_batches=1 output_rows=627619 output_columns=2 output_bytes=10198832 byte_ratio=0.000000 row_ratio=0.000000 duration_us=270433
[2026-07-08 15:40:06.141] [info] [gpu_pipeline_task.cpp:321] [stage-audit] pipeline_id=0 task_id=7 operator_id=4 operator_name=PROJECTION stage_kind=PROJECTION operator_type=13 input_type=PIPELINEABLE output_type=PIPELINEABLE actual_gpu=1 pipeline_operator_count=3 input_batches=1 input_rows=627619 input_columns=2 input_bytes=10198832 output_batches=1 output_rows=627619 output_columns=1 output_bytes=5099416 byte_ratio=0.500000 row_ratio=1.000000 duration_us=161
[2026-07-08 15:40:06.142] [info] [gpu_pipeline_task.cpp:321] [stage-audit] pipeline_id=0 task_id=7 operator_id=5 operator_name=UNGROUPED_AGGREGATE stage_kind=AGGREGATE operator_type=8 input_type=PIPELINEABLE output_type=PIPELINEABLE actual_gpu=1 pipeline_operator_count=3 input_batches=1 input_rows=627619 input_columns=1 input_bytes=5099416 output_batches=1 output_rows=1 output_columns=1 output_bytes=16 byte_ratio=0.000003 row_ratio=0.000002 duration_us=196
[2026-07-08 15:40:06.170] [info] [load_balancing_scan_batch_coalescer.cpp:96] [coalesce-debug] load_balancer emit pipeline=0 -> preferred GPU 0
[2026-07-08 15:40:06.337] [info] [load_balancing_scan_batch_coalescer.cpp:96] [coalesce-debug] load_balancer emit pipeline=0 -> preferred GPU 1
[2026-07-08 15:40:06.500] [info] [load_balancing_scan_batch_coalescer.cpp:96] [coalesce-debug] load_balancer emit pipeline=0 -> preferred GPU 0
[2026-07-08 15:40:06.667] [info] [load_balancing_scan_batch_coalescer.cpp:96] [coalesce-debug] load_balancer emit pipeline=0 -> preferred GPU 1
[2026-07-08 15:40:06.835] [info] [load_balancing_scan_batch_coalescer.cpp:96] [coalesce-debug] load_balancer emit pipeline=0 -> preferred GPU 0
[2026-07-08 15:40:06.998] [info] [load_balancing_scan_batch_coalescer.cpp:96] [coalesce-debug] load_balancer emit pipeline=0 -> preferred GPU 1
[2026-07-08 15:40:07.160] [info] [load_balancing_scan_batch_coalescer.cpp:96] [coalesce-debug] load_balancer emit pipeline=0 -> preferred GPU 0
[2026-07-08 15:40:07.322] [info] [load_balancing_scan_batch_coalescer.cpp:96] [coalesce-debug] load_balancer emit pipeline=0 -> preferred GPU 1
[2026-07-08 15:40:07.482] [info] [parquet_gpu_ingestible.cpp:210] [coalesce-debug] parquet_batch_coalescer emit #19: 1 slice(s), acc_bytes=97448004, cap=536870912
[2026-07-08 15:40:07.482] [info] [load_balancing_scan_batch_coalescer.cpp:96] [coalesce-debug] load_balancer emit pipeline=0 -> preferred GPU 0
[2026-07-08 15:40:07.660] [info] [task_scheduler.cpp:462] [mgpu-audit] pipeline_task dispatched to GPU 0 task_id=8
[2026-07-08 15:40:07.660] [info] [task_scheduler.cpp:464] [locality-audit] dispatch task_id=8 preferred_device=0 actual_gpu=0
[2026-07-08 15:40:07.660] [info] [task_scheduler.cpp:462] [mgpu-audit] pipeline_task dispatched to GPU 1 task_id=9
[2026-07-08 15:40:07.660] [info] [task_scheduler.cpp:464] [locality-audit] dispatch task_id=9 preferred_device=1 actual_gpu=1
[2026-07-08 15:40:07.660] [info] [task_scheduler.cpp:462] [mgpu-audit] pipeline_task dispatched to GPU 0 task_id=10
[2026-07-08 15:40:07.660] [info] [task_scheduler.cpp:464] [locality-audit] dispatch task_id=10 preferred_device=0 actual_gpu=0
[2026-07-08 15:40:07.660] [info] [task_scheduler.cpp:462] [mgpu-audit] pipeline_task dispatched to GPU 1 task_id=11
[2026-07-08 15:40:07.660] [info] [task_scheduler.cpp:464] [locality-audit] dispatch task_id=11 preferred_device=1 actual_gpu=1
[2026-07-08 15:40:07.660] [info] [task_scheduler.cpp:462] [mgpu-audit] pipeline_task dispatched to GPU 1 task_id=13
[2026-07-08 15:40:07.660] [info] [task_scheduler.cpp:464] [locality-audit] dispatch task_id=13 preferred_device=1 actual_gpu=1
[2026-07-08 15:40:07.661] [info] [task_scheduler.cpp:462] [mgpu-audit] pipeline_task dispatched to GPU 0 task_id=12
[2026-07-08 15:40:07.661] [info] [task_scheduler.cpp:464] [locality-audit] dispatch task_id=12 preferred_device=0 actual_gpu=0
[2026-07-08 15:40:07.661] [info] [task_scheduler.cpp:462] [mgpu-audit] pipeline_task dispatched to GPU 0 task_id=14
[2026-07-08 15:40:07.661] [info] [task_scheduler.cpp:464] [locality-audit] dispatch task_id=14 preferred_device=0 actual_gpu=0
[2026-07-08 15:40:07.661] [info] [task_scheduler.cpp:462] [mgpu-audit] pipeline_task dispatched to GPU 1 task_id=15
[2026-07-08 15:40:07.661] [info] [task_scheduler.cpp:464] [locality-audit] dispatch task_id=15 preferred_device=1 actual_gpu=1
[2026-07-08 15:40:08.159] [info] [gpu_pipeline_task.cpp:321] [stage-audit] pipeline_id=0 task_id=9 operator_id=7 operator_name=GPU_SCAN stage_kind=SCAN operator_type=94 input_type=GPU_SCAN output_type=PIPELINEABLE actual_gpu=1 pipeline_operator_count=3 input_batches=0 input_rows=0 input_columns=0 input_bytes=0 output_batches=1 output_rows=628510 output_columns=2 output_bytes=10213344 byte_ratio=0.000000 row_ratio=0.000000 duration_us=482958
[2026-07-08 15:40:08.159] [info] [gpu_pipeline_task.cpp:321] [stage-audit] pipeline_id=0 task_id=9 operator_id=4 operator_name=PROJECTION stage_kind=PROJECTION operator_type=13 input_type=PIPELINEABLE output_type=PIPELINEABLE actual_gpu=1 pipeline_operator_count=3 input_batches=1 input_rows=628510 input_columns=2 input_bytes=10213344 output_batches=1 output_rows=628510 output_columns=1 output_bytes=5106672 byte_ratio=0.500000 row_ratio=1.000000 duration_us=380
[2026-07-08 15:40:08.160] [info] [gpu_pipeline_task.cpp:321] [stage-audit] pipeline_id=0 task_id=9 operator_id=5 operator_name=UNGROUPED_AGGREGATE stage_kind=AGGREGATE operator_type=8 input_type=PIPELINEABLE output_type=PIPELINEABLE actual_gpu=1 pipeline_operator_count=3 input_batches=1 input_rows=628510 input_columns=1 input_bytes=5106672 output_batches=1 output_rows=1 output_columns=1 output_bytes=16 byte_ratio=0.000003 row_ratio=0.000002 duration_us=278
[2026-07-08 15:40:08.160] [info] [task_scheduler.cpp:462] [mgpu-audit] pipeline_task dispatched to GPU 1 task_id=17
[2026-07-08 15:40:08.160] [info] [task_scheduler.cpp:464] [locality-audit] dispatch task_id=17 preferred_device=1 actual_gpu=1
[2026-07-08 15:40:08.261] [info] [gpu_pipeline_task.cpp:321] [stage-audit] pipeline_id=0 task_id=10 operator_id=7 operator_name=GPU_SCAN stage_kind=SCAN operator_type=94 input_type=GPU_SCAN output_type=PIPELINEABLE actual_gpu=0 pipeline_operator_count=3 input_batches=0 input_rows=0 input_columns=0 input_bytes=0 output_batches=1 output_rows=629222 output_columns=2 output_bytes=10224864 byte_ratio=0.000000 row_ratio=0.000000 duration_us=584537
[2026-07-08 15:40:08.261] [info] [gpu_pipeline_task.cpp:321] [stage-audit] pipeline_id=0 task_id=10 operator_id=4 operator_name=PROJECTION stage_kind=PROJECTION operator_type=13 input_type=PIPELINEABLE output_type=PIPELINEABLE actual_gpu=0 pipeline_operator_count=3 input_batches=1 input_rows=629222 input_columns=2 input_bytes=10224864 output_batches=1 output_rows=629222 output_columns=1 output_bytes=5112432 byte_ratio=0.500000 row_ratio=1.000000 duration_us=185
[2026-07-08 15:40:08.261] [info] [gpu_pipeline_task.cpp:321] [stage-audit] pipeline_id=0 task_id=10 operator_id=5 operator_name=UNGROUPED_AGGREGATE stage_kind=AGGREGATE operator_type=8 input_type=PIPELINEABLE output_type=PIPELINEABLE actual_gpu=0 pipeline_operator_count=3 input_batches=1 input_rows=629222 input_columns=1 input_bytes=5112432 output_batches=1 output_rows=1 output_columns=1 output_bytes=16 byte_ratio=0.000003 row_ratio=0.000002 duration_us=276
[2026-07-08 15:40:08.261] [info] [task_scheduler.cpp:462] [mgpu-audit] pipeline_task dispatched to GPU 0 task_id=16
[2026-07-08 15:40:08.261] [info] [task_scheduler.cpp:464] [locality-audit] dispatch task_id=16 preferred_device=0 actual_gpu=0
[2026-07-08 15:40:08.344] [info] [gpu_pipeline_task.cpp:321] [stage-audit] pipeline_id=0 task_id=12 operator_id=7 operator_name=GPU_SCAN stage_kind=SCAN operator_type=94 input_type=GPU_SCAN output_type=PIPELINEABLE actual_gpu=0 pipeline_operator_count=3 input_batches=0 input_rows=0 input_columns=0 input_bytes=0 output_batches=1 output_rows=627722 output_columns=2 output_bytes=10200608 byte_ratio=0.000000 row_ratio=0.000000 duration_us=662825
[2026-07-08 15:40:08.345] [info] [gpu_pipeline_task.cpp:321] [stage-audit] pipeline_id=0 task_id=12 operator_id=4 operator_name=PROJECTION stage_kind=PROJECTION operator_type=13 input_type=PIPELINEABLE output_type=PIPELINEABLE actual_gpu=0 pipeline_operator_count=3 input_batches=1 input_rows=627722 input_columns=2 input_bytes=10200608 output_batches=1 output_rows=627722 output_columns=1 output_bytes=5100304 byte_ratio=0.500000 row_ratio=1.000000 duration_us=208
[2026-07-08 15:40:08.345] [info] [gpu_pipeline_task.cpp:321] [stage-audit] pipeline_id=0 task_id=12 operator_id=5 operator_name=UNGROUPED_AGGREGATE stage_kind=AGGREGATE operator_type=8 input_type=PIPELINEABLE output_type=PIPELINEABLE actual_gpu=0 pipeline_operator_count=3 input_batches=1 input_rows=627722 input_columns=1 input_bytes=5100304 output_batches=1 output_rows=1 output_columns=1 output_bytes=16 byte_ratio=0.000003 row_ratio=0.000002 duration_us=223
[2026-07-08 15:40:08.345] [info] [task_scheduler.cpp:462] [mgpu-audit] pipeline_task dispatched to GPU 0 task_id=18
[2026-07-08 15:40:08.345] [info] [task_scheduler.cpp:464] [locality-audit] dispatch task_id=18 preferred_device=0 actual_gpu=0
[2026-07-08 15:40:08.462] [info] [gpu_pipeline_task.cpp:321] [stage-audit] pipeline_id=0 task_id=11 operator_id=7 operator_name=GPU_SCAN stage_kind=SCAN operator_type=94 input_type=GPU_SCAN output_type=PIPELINEABLE actual_gpu=1 pipeline_operator_count=3 input_batches=0 input_rows=0 input_columns=0 input_bytes=0 output_batches=1 output_rows=626401 output_columns=2 output_bytes=10179088 byte_ratio=0.000000 row_ratio=0.000000 duration_us=787707
[2026-07-08 15:40:08.462] [info] [gpu_pipeline_task.cpp:321] [stage-audit] pipeline_id=0 task_id=11 operator_id=4 operator_name=PROJECTION stage_kind=PROJECTION operator_type=13 input_type=PIPELINEABLE output_type=PIPELINEABLE actual_gpu=1 pipeline_operator_count=3 input_batches=1 input_rows=626401 input_columns=2 input_bytes=10179088 output_batches=1 output_rows=626401 output_columns=1 output_bytes=5089544 byte_ratio=0.500000 row_ratio=1.000000 duration_us=149
[2026-07-08 15:40:08.463] [info] [gpu_pipeline_task.cpp:321] [stage-audit] pipeline_id=0 task_id=11 operator_id=5 operator_name=UNGROUPED_AGGREGATE stage_kind=AGGREGATE operator_type=8 input_type=PIPELINEABLE output_type=PIPELINEABLE actual_gpu=1 pipeline_operator_count=3 input_batches=1 input_rows=626401 input_columns=1 input_bytes=5089544 output_batches=1 output_rows=1 output_columns=1 output_bytes=16 byte_ratio=0.000003 row_ratio=0.000002 duration_us=478
[2026-07-08 15:40:08.623] [info] [gpu_pipeline_task.cpp:321] [stage-audit] pipeline_id=0 task_id=16 operator_id=7 operator_name=GPU_SCAN stage_kind=SCAN operator_type=94 input_type=GPU_SCAN output_type=PIPELINEABLE actual_gpu=0 pipeline_operator_count=3 input_batches=0 input_rows=0 input_columns=0 input_bytes=0 output_batches=1 output_rows=628230 output_columns=2 output_bytes=10208864 byte_ratio=0.000000 row_ratio=0.000000 duration_us=262438
[2026-07-08 15:40:08.624] [info] [gpu_pipeline_task.cpp:321] [stage-audit] pipeline_id=0 task_id=16 operator_id=4 operator_name=PROJECTION stage_kind=PROJECTION operator_type=13 input_type=PIPELINEABLE output_type=PIPELINEABLE actual_gpu=0 pipeline_operator_count=3 input_batches=1 input_rows=628230 input_columns=2 input_bytes=10208864 output_batches=1 output_rows=628230 output_columns=1 output_bytes=5104432 byte_ratio=0.500000 row_ratio=1.000000 duration_us=227
[2026-07-08 15:40:08.624] [info] [gpu_pipeline_task.cpp:321] [stage-audit] pipeline_id=0 task_id=16 operator_id=5 operator_name=UNGROUPED_AGGREGATE stage_kind=AGGREGATE operator_type=8 input_type=PIPELINEABLE output_type=PIPELINEABLE actual_gpu=0 pipeline_operator_count=3 input_batches=1 input_rows=628230 input_columns=1 input_bytes=5104432 output_batches=1 output_rows=1 output_columns=1 output_bytes=16 byte_ratio=0.000003 row_ratio=0.000002 duration_us=296
[2026-07-08 15:40:08.643] [info] [gpu_pipeline_task.cpp:321] [stage-audit] pipeline_id=0 task_id=15 operator_id=7 operator_name=GPU_SCAN stage_kind=SCAN operator_type=94 input_type=GPU_SCAN output_type=PIPELINEABLE actual_gpu=1 pipeline_operator_count=3 input_batches=0 input_rows=0 input_columns=0 input_bytes=0 output_batches=1 output_rows=626749 output_columns=2 output_bytes=10184784 byte_ratio=0.000000 row_ratio=0.000000 duration_us=452142
[2026-07-08 15:40:08.643] [info] [gpu_pipeline_task.cpp:321] [stage-audit] pipeline_id=0 task_id=15 operator_id=4 operator_name=PROJECTION stage_kind=PROJECTION operator_type=13 input_type=PIPELINEABLE output_type=PIPELINEABLE actual_gpu=1 pipeline_operator_count=3 input_batches=1 input_rows=626749 input_columns=2 input_bytes=10184784 output_batches=1 output_rows=626749 output_columns=1 output_bytes=5092392 byte_ratio=0.500000 row_ratio=1.000000 duration_us=156
[2026-07-08 15:40:08.643] [info] [gpu_pipeline_task.cpp:321] [stage-audit] pipeline_id=0 task_id=15 operator_id=5 operator_name=UNGROUPED_AGGREGATE stage_kind=AGGREGATE operator_type=8 input_type=PIPELINEABLE output_type=PIPELINEABLE actual_gpu=1 pipeline_operator_count=3 input_batches=1 input_rows=626749 input_columns=1 input_bytes=5092392 output_batches=1 output_rows=1 output_columns=1 output_bytes=16 byte_ratio=0.000003 row_ratio=0.000002 duration_us=216
[2026-07-08 15:40:08.748] [info] [gpu_pipeline_task.cpp:321] [stage-audit] pipeline_id=0 task_id=17 operator_id=7 operator_name=GPU_SCAN stage_kind=SCAN operator_type=94 input_type=GPU_SCAN output_type=PIPELINEABLE actual_gpu=1 pipeline_operator_count=3 input_batches=0 input_rows=0 input_columns=0 input_bytes=0 output_batches=1 output_rows=628160 output_columns=2 output_bytes=10207616 byte_ratio=0.000000 row_ratio=0.000000 duration_us=270862
[2026-07-08 15:40:08.748] [info] [gpu_pipeline_task.cpp:321] [stage-audit] pipeline_id=0 task_id=17 operator_id=4 operator_name=PROJECTION stage_kind=PROJECTION operator_type=13 input_type=PIPELINEABLE output_type=PIPELINEABLE actual_gpu=1 pipeline_operator_count=3 input_batches=1 input_rows=628160 input_columns=2 input_bytes=10207616 output_batches=1 output_rows=628160 output_columns=1 output_bytes=5103808 byte_ratio=0.500000 row_ratio=1.000000 duration_us=261
[2026-07-08 15:40:08.748] [info] [gpu_pipeline_task.cpp:321] [stage-audit] pipeline_id=0 task_id=17 operator_id=5 operator_name=UNGROUPED_AGGREGATE stage_kind=AGGREGATE operator_type=8 input_type=PIPELINEABLE output_type=PIPELINEABLE actual_gpu=1 pipeline_operator_count=3 input_batches=1 input_rows=628160 input_columns=1 input_bytes=5103808 output_batches=1 output_rows=1 output_columns=1 output_bytes=16 byte_ratio=0.000003 row_ratio=0.000002 duration_us=272
[2026-07-08 15:40:08.806] [info] [gpu_pipeline_task.cpp:321] [stage-audit] pipeline_id=0 task_id=18 operator_id=7 operator_name=GPU_SCAN stage_kind=SCAN operator_type=94 input_type=GPU_SCAN output_type=PIPELINEABLE actual_gpu=0 pipeline_operator_count=3 input_batches=0 input_rows=0 input_columns=0 input_bytes=0 output_batches=1 output_rows=114594 output_columns=2 output_bytes=1862176 byte_ratio=0.000000 row_ratio=0.000000 duration_us=165811
[2026-07-08 15:40:08.807] [info] [gpu_pipeline_task.cpp:321] [stage-audit] pipeline_id=0 task_id=18 operator_id=4 operator_name=PROJECTION stage_kind=PROJECTION operator_type=13 input_type=PIPELINEABLE output_type=PIPELINEABLE actual_gpu=0 pipeline_operator_count=3 input_batches=1 input_rows=114594 input_columns=2 input_bytes=1862176 output_batches=1 output_rows=114594 output_columns=1 output_bytes=931088 byte_ratio=0.500000 row_ratio=1.000000 duration_us=116
[2026-07-08 15:40:08.807] [info] [gpu_pipeline_task.cpp:321] [stage-audit] pipeline_id=0 task_id=18 operator_id=5 operator_name=UNGROUPED_AGGREGATE stage_kind=AGGREGATE operator_type=8 input_type=PIPELINEABLE output_type=PIPELINEABLE actual_gpu=0 pipeline_operator_count=3 input_batches=1 input_rows=114594 input_columns=1 input_bytes=931088 output_batches=1 output_rows=1 output_columns=1 output_bytes=16 byte_ratio=0.000017 row_ratio=0.000009 duration_us=144
[2026-07-08 15:40:08.862] [info] [gpu_pipeline_task.cpp:321] [stage-audit] pipeline_id=0 task_id=13 operator_id=7 operator_name=GPU_SCAN stage_kind=SCAN operator_type=94 input_type=GPU_SCAN output_type=PIPELINEABLE actual_gpu=1 pipeline_operator_count=3 input_batches=0 input_rows=0 input_columns=0 input_bytes=0 output_batches=1 output_rows=629303 output_columns=2 output_bytes=10226288 byte_ratio=0.000000 row_ratio=0.000000 duration_us=1178539
[2026-07-08 15:40:08.862] [info] [gpu_pipeline_task.cpp:321] [stage-audit] pipeline_id=0 task_id=13 operator_id=4 operator_name=PROJECTION stage_kind=PROJECTION operator_type=13 input_type=PIPELINEABLE output_type=PIPELINEABLE actual_gpu=1 pipeline_operator_count=3 input_batches=1 input_rows=629303 input_columns=2 input_bytes=10226288 output_batches=1 output_rows=629303 output_columns=1 output_bytes=5113144 byte_ratio=0.500000 row_ratio=1.000000 duration_us=161
[2026-07-08 15:40:08.862] [info] [gpu_pipeline_task.cpp:321] [stage-audit] pipeline_id=0 task_id=13 operator_id=5 operator_name=UNGROUPED_AGGREGATE stage_kind=AGGREGATE operator_type=8 input_type=PIPELINEABLE output_type=PIPELINEABLE actual_gpu=1 pipeline_operator_count=3 input_batches=1 input_rows=629303 input_columns=1 input_bytes=5113144 output_batches=1 output_rows=1 output_columns=1 output_bytes=16 byte_ratio=0.000003 row_ratio=0.000002 duration_us=211
[2026-07-08 15:40:08.874] [info] [gpu_pipeline_task.cpp:321] [stage-audit] pipeline_id=0 task_id=8 operator_id=7 operator_name=GPU_SCAN stage_kind=SCAN operator_type=94 input_type=GPU_SCAN output_type=PIPELINEABLE actual_gpu=0 pipeline_operator_count=3 input_batches=0 input_rows=0 input_columns=0 input_bytes=0 output_batches=1 output_rows=628628 output_columns=2 output_bytes=10215232 byte_ratio=0.000000 row_ratio=0.000000 duration_us=1196675
[2026-07-08 15:40:08.875] [info] [gpu_pipeline_task.cpp:321] [stage-audit] pipeline_id=0 task_id=8 operator_id=4 operator_name=PROJECTION stage_kind=PROJECTION operator_type=13 input_type=PIPELINEABLE output_type=PIPELINEABLE actual_gpu=0 pipeline_operator_count=3 input_batches=1 input_rows=628628 input_columns=2 input_bytes=10215232 output_batches=1 output_rows=628628 output_columns=1 output_bytes=5107616 byte_ratio=0.500000 row_ratio=1.000000 duration_us=219
[2026-07-08 15:40:08.875] [info] [gpu_pipeline_task.cpp:321] [stage-audit] pipeline_id=0 task_id=14 operator_id=7 operator_name=GPU_SCAN stage_kind=SCAN operator_type=94 input_type=GPU_SCAN output_type=PIPELINEABLE actual_gpu=0 pipeline_operator_count=3 input_batches=0 input_rows=0 input_columns=0 input_bytes=0 output_batches=1 output_rows=630256 output_columns=2 output_bytes=10241664 byte_ratio=0.000000 row_ratio=0.000000 duration_us=588888
[2026-07-08 15:40:08.875] [info] [gpu_pipeline_task.cpp:321] [stage-audit] pipeline_id=0 task_id=8 operator_id=5 operator_name=UNGROUPED_AGGREGATE stage_kind=AGGREGATE operator_type=8 input_type=PIPELINEABLE output_type=PIPELINEABLE actual_gpu=0 pipeline_operator_count=3 input_batches=1 input_rows=628628 input_columns=1 input_bytes=5107616 output_batches=1 output_rows=1 output_columns=1 output_bytes=16 byte_ratio=0.000003 row_ratio=0.000002 duration_us=396
[2026-07-08 15:40:08.875] [info] [gpu_pipeline_task.cpp:321] [stage-audit] pipeline_id=0 task_id=14 operator_id=4 operator_name=PROJECTION stage_kind=PROJECTION operator_type=13 input_type=PIPELINEABLE output_type=PIPELINEABLE actual_gpu=0 pipeline_operator_count=3 input_batches=1 input_rows=630256 input_columns=2 input_bytes=10241664 output_batches=1 output_rows=630256 output_columns=1 output_bytes=5120832 byte_ratio=0.500000 row_ratio=1.000000 duration_us=241
[2026-07-08 15:40:08.877] [info] [gpu_pipeline_task.cpp:321] [stage-audit] pipeline_id=0 task_id=14 operator_id=5 operator_name=UNGROUPED_AGGREGATE stage_kind=AGGREGATE operator_type=8 input_type=PIPELINEABLE output_type=PIPELINEABLE actual_gpu=0 pipeline_operator_count=3 input_batches=1 input_rows=630256 input_columns=1 input_bytes=5120832 output_batches=1 output_rows=1 output_columns=1 output_bytes=16 byte_ratio=0.000003 row_ratio=0.000002 duration_us=1319
[2026-07-08 15:40:08.877] [info] [task_creator.cpp:363] [locality-audit] task_create operator_id=8 input_bytes=304 local_bytes=160 gpu_source_bytes=304 host_source_bytes=0 disk_source_bytes=0 gpu_sources=2 host_sources=0 preferred_device=0
[2026-07-08 15:40:08.877] [info] [task_scheduler.cpp:462] [mgpu-audit] pipeline_task dispatched to GPU 0 task_id=19
[2026-07-08 15:40:08.877] [info] [task_scheduler.cpp:464] [locality-audit] dispatch task_id=19 preferred_device=0 actual_gpu=0
[2026-07-08 15:40:08.877] [info] [gpu_pipeline_task.cpp:188] [locality-audit] prepare_before pipeline_id=1 task_id=19 preferred_device=0 actual_gpu=0 target_tier=GPU target_device=0 input_bytes=304 local_bytes=160 remote_gpu_bytes=144 host_bytes=0 disk_bytes=0 batch_count=19
[2026-07-08 15:40:08.979] [info] [gpu_pipeline_task.cpp:188] [locality-audit] prepare_after pipeline_id=1 task_id=19 preferred_device=0 actual_gpu=0 target_tier=GPU target_device=0 input_bytes=304 local_bytes=304 remote_gpu_bytes=0 host_bytes=0 disk_bytes=0 batch_count=19
[2026-07-08 15:40:08.980] [info] [gpu_pipeline_task.cpp:321] [stage-audit] pipeline_id=1 task_id=19 operator_id=8 operator_name=MERGE_AGGREGATE stage_kind=AGGREGATE operator_type=87 input_type=PIPELINEABLE output_type=PIPELINEABLE actual_gpu=0 pipeline_operator_count=1 input_batches=19 input_rows=19 input_columns=19 input_bytes=304 output_batches=1 output_rows=1 output_columns=1 output_bytes=16 byte_ratio=0.052632 row_ratio=0.052632 duration_us=984
[2026-07-08 15:40:08.980] [info] [task_creator.cpp:363] [locality-audit] task_create operator_id=6 input_bytes=16 local_bytes=16 gpu_source_bytes=16 host_source_bytes=0 disk_source_bytes=0 gpu_sources=1 host_sources=0 preferred_device=0
[2026-07-08 15:40:08.980] [info] [task_scheduler.cpp:462] [mgpu-audit] pipeline_task dispatched to GPU 0 task_id=20
[2026-07-08 15:40:08.980] [info] [task_scheduler.cpp:464] [locality-audit] dispatch task_id=20 preferred_device=0 actual_gpu=0
[2026-07-08 15:40:08.980] [info] [gpu_pipeline_task.cpp:188] [locality-audit] prepare_before pipeline_id=2 task_id=20 preferred_device=0 actual_gpu=0 target_tier=GPU target_device=0 input_bytes=16 local_bytes=16 remote_gpu_bytes=0 host_bytes=0 disk_bytes=0 batch_count=1
[2026-07-08 15:40:08.980] [info] [gpu_pipeline_task.cpp:188] [locality-audit] prepare_after pipeline_id=2 task_id=20 preferred_device=0 actual_gpu=0 target_tier=GPU target_device=0 input_bytes=16 local_bytes=16 remote_gpu_bytes=0 host_bytes=0 disk_bytes=0 batch_count=1
[2026-07-08 15:40:08.980] [info] [gpu_pipeline_task.cpp:321] [stage-audit] pipeline_id=2 task_id=20 operator_id=6 operator_name=RESULT_COLLECTOR stage_kind=RESULT operator_type=76 input_type=PIPELINEABLE output_type=PIPELINEABLE actual_gpu=0 pipeline_operator_count=1 input_batches=1 input_rows=1 input_columns=1 input_bytes=16 output_batches=1 output_rows=1 output_columns=1 output_bytes=16 byte_ratio=1.000000 row_ratio=1.000000 duration_us=11
[2026-07-08 15:40:09.000] [info] [gpu_pipeline_executor.cpp:118] GPU Pipeline Executor: task queue interrupted, stopping manager loop
[2026-07-08 15:40:09.001] [info] [gpu_pipeline_executor.cpp:118] GPU Pipeline Executor: task queue interrupted, stopping manager loop
[2026-07-08 15:40:09.011] [info] [physical_sirius_execution.cpp:165] Transparent GPU execution: query completed
[2026-07-08 15:40:09.024] [info] [sirius_context.cpp:217] QueryEnd
[2026-07-08 15:40:09.037] [info] [:] [host_pool] HOST:0 QueryEnd allocated=72351744 bytes peak=73400320 bytes free_blocks=443
[2026-07-08 15:40:09.037] [info] [:] [gpu_pool] GPU:0 QueryEnd allocated=0 bytes peak=5637996759 bytes reserved=0 bytes
[2026-07-08 15:40:09.037] [info] [:] [gpu_pool] GPU:1 QueryEnd allocated=0 bytes peak=5638058874 bytes reserved=0 bytes
[2026-07-08 15:40:09.038] [info] [:] [host_pool] HOST:0 QueryBegin allocated=72351744 bytes peak=73400320 bytes free_blocks=443
[2026-07-08 15:40:09.038] [info] [:] [gpu_pool] GPU:0 QueryBegin allocated=0 bytes peak=5637996759 bytes reserved=0 bytes
[2026-07-08 15:40:09.038] [info] [:] [gpu_pool] GPU:1 QueryBegin allocated=0 bytes peak=5638058874 bytes reserved=0 bytes
[2026-07-08 15:40:09.038] [info] [sirius_context.cpp:201] QueryBegin: SQL: SET gpu_execution = true;
[2026-07-08 15:40:09.039] [info] [sirius_context.cpp:217] QueryEnd
[2026-07-08 15:40:09.057] [info] [:] [host_pool] HOST:0 QueryEnd allocated=72351744 bytes peak=73400320 bytes free_blocks=443
[2026-07-08 15:40:09.057] [info] [:] [gpu_pool] GPU:0 QueryEnd allocated=0 bytes peak=5637996759 bytes reserved=0 bytes
[2026-07-08 15:40:09.057] [info] [:] [gpu_pool] GPU:1 QueryEnd allocated=0 bytes peak=5638058874 bytes reserved=0 bytes
[2026-07-08 15:40:09.058] [info] [:] [host_pool] HOST:0 QueryBegin allocated=72351744 bytes peak=73400320 bytes free_blocks=443
[2026-07-08 15:40:09.058] [info] [:] [gpu_pool] GPU:0 QueryBegin allocated=0 bytes peak=5637996759 bytes reserved=0 bytes
[2026-07-08 15:40:09.058] [info] [:] [gpu_pool] GPU:1 QueryBegin allocated=0 bytes peak=5638058874 bytes reserved=0 bytes
[2026-07-08 15:40:09.058] [info] [sirius_context.cpp:201] QueryBegin: SQL: select sum(l_extendedprice * l_discount) as revenue from lineitem where l_shipdate >= date '1997-01-01' and l_shipdate < date '1998-01-01' and l_discount between 0.03 - 0.01 and 0.03 + 0.01 and l_quantity < 24
[2026-07-08 15:40:09.280] [info] [sirius_context.cpp:865] Transparent execution: Sirius physical plan generated successfully
[2026-07-08 15:40:09.288] [info] [sirius_context.cpp:877] Transparent execution: physical plan replaced with GPU operator
[2026-07-08 15:40:09.288] [info] [physical_sirius_execution.cpp:97] Transparent GPU execution: executing query
[2026-07-08 15:40:09.336] [info] [sirius_engine.cpp:375] Query Plan:
=== Pipeline Overview ===
Pipeline #0: GPU_SCAN (id=7) -> PROJECTION (id=4) -> UNGROUPED_AGGREGATE (id=5)
  Output: -> MERGE_AGGREGATE [port: default, barrier: FULL]
Pipeline #1: MERGE_AGGREGATE (id=8)
  Input: <- Pipeline #0 [on: MERGE_AGGREGATE (id=8), port: default, barrier: FULL]
  Dependencies: Pipeline #0
  Output: -> RESULT_COLLECTOR [port: default, barrier: FULL]
Pipeline #2: RESULT_COLLECTOR (id=6)
  Input: <- Pipeline #1 [on: RESULT_COLLECTOR (id=6), port: default, barrier: FULL]
  Dependencies: Pipeline #1

=== Query Plan DAG ===
┌────────────────────────────┐
│ Pipeline #2                │
│ RESULT_COLLECTOR (id=6)    │
│ Input(#1): FULL            │
└─────────────┬──────────────┘
              │               
┌────────────────────────────┐
│ Pipeline #1                │
│ MERGE_AGGREGATE (id=8)     │
│ Input(#0): FULL            │
└─────────────┬──────────────┘
              │               
┌────────────────────────────┐
│ Pipeline #0                │
│ UNGROUPED_AGGREGATE (id=5) │
│ PROJECTION (id=4)          │
│ GPU_SCAN (id=7)            │
└────────────────────────────┘

[2026-07-08 15:40:09.353] [info] [parquet_gpu_ingestible.cpp:210] [coalesce-debug] parquet_batch_coalescer emit #1: 1 slice(s), acc_bytes=536524470, cap=536870912
[2026-07-08 15:40:09.353] [info] [parquet_gpu_ingestible.cpp:210] [coalesce-debug] parquet_batch_coalescer emit #2: 1 slice(s), acc_bytes=535586698, cap=536870912
[2026-07-08 15:40:09.353] [info] [parquet_gpu_ingestible.cpp:210] [coalesce-debug] parquet_batch_coalescer emit #3: 1 slice(s), acc_bytes=535601406, cap=536870912
[2026-07-08 15:40:09.353] [info] [parquet_gpu_ingestible.cpp:210] [coalesce-debug] parquet_batch_coalescer emit #4: 1 slice(s), acc_bytes=536216622, cap=536870912
[2026-07-08 15:40:09.353] [info] [parquet_gpu_ingestible.cpp:210] [coalesce-debug] parquet_batch_coalescer emit #5: 1 slice(s), acc_bytes=536368060, cap=536870912
[2026-07-08 15:40:09.353] [info] [parquet_gpu_ingestible.cpp:210] [coalesce-debug] parquet_batch_coalescer emit #6: 1 slice(s), acc_bytes=536370734, cap=536870912
[2026-07-08 15:40:09.353] [info] [parquet_gpu_ingestible.cpp:210] [coalesce-debug] parquet_batch_coalescer emit #7: 1 slice(s), acc_bytes=536364900, cap=536870912
[2026-07-08 15:40:09.353] [info] [parquet_gpu_ingestible.cpp:210] [coalesce-debug] parquet_batch_coalescer emit #8: 1 slice(s), acc_bytes=536370494, cap=536870912
[2026-07-08 15:40:09.353] [info] [parquet_gpu_ingestible.cpp:210] [coalesce-debug] parquet_batch_coalescer emit #9: 1 slice(s), acc_bytes=536374250, cap=536870912
[2026-07-08 15:40:09.353] [info] [parquet_gpu_ingestible.cpp:210] [coalesce-debug] parquet_batch_coalescer emit #10: 1 slice(s), acc_bytes=536394512, cap=536870912
[2026-07-08 15:40:09.353] [info] [parquet_gpu_ingestible.cpp:210] [coalesce-debug] parquet_batch_coalescer emit #11: 1 slice(s), acc_bytes=536378412, cap=536870912
[2026-07-08 15:40:09.353] [info] [parquet_gpu_ingestible.cpp:210] [coalesce-debug] parquet_batch_coalescer emit #12: 1 slice(s), acc_bytes=536361510, cap=536870912
[2026-07-08 15:40:09.353] [info] [parquet_gpu_ingestible.cpp:210] [coalesce-debug] parquet_batch_coalescer emit #13: 1 slice(s), acc_bytes=536369874, cap=536870912
[2026-07-08 15:40:09.353] [info] [parquet_gpu_ingestible.cpp:210] [coalesce-debug] parquet_batch_coalescer emit #14: 1 slice(s), acc_bytes=536383602, cap=536870912
[2026-07-08 15:40:09.353] [info] [parquet_gpu_ingestible.cpp:210] [coalesce-debug] parquet_batch_coalescer emit #15: 1 slice(s), acc_bytes=536373698, cap=536870912
[2026-07-08 15:40:09.353] [info] [parquet_gpu_ingestible.cpp:210] [coalesce-debug] parquet_batch_coalescer emit #16: 1 slice(s), acc_bytes=536380746, cap=536870912
[2026-07-08 15:40:09.353] [info] [parquet_gpu_ingestible.cpp:210] [coalesce-debug] parquet_batch_coalescer emit #17: 1 slice(s), acc_bytes=536365594, cap=536870912
[2026-07-08 15:40:09.353] [info] [parquet_gpu_ingestible.cpp:210] [coalesce-debug] parquet_batch_coalescer emit #18: 1 slice(s), acc_bytes=536378146, cap=536870912
[2026-07-08 15:40:09.353] [info] [load_balancing_scan_batch_coalescer.cpp:96] [coalesce-debug] load_balancer emit pipeline=0 -> preferred GPU 0
[2026-07-08 15:40:09.460] [info] [load_balancing_scan_batch_coalescer.cpp:96] [coalesce-debug] load_balancer emit pipeline=0 -> preferred GPU 1
[2026-07-08 15:40:09.503] [info] [task_scheduler.cpp:462] [mgpu-audit] pipeline_task dispatched to GPU 0 task_id=21
[2026-07-08 15:40:09.503] [info] [task_scheduler.cpp:464] [locality-audit] dispatch task_id=21 preferred_device=0 actual_gpu=0
[2026-07-08 15:40:09.622] [info] [load_balancing_scan_batch_coalescer.cpp:96] [coalesce-debug] load_balancer emit pipeline=0 -> preferred GPU 0
[2026-07-08 15:40:09.660] [info] [task_scheduler.cpp:462] [mgpu-audit] pipeline_task dispatched to GPU 1 task_id=22
[2026-07-08 15:40:09.660] [info] [task_scheduler.cpp:464] [locality-audit] dispatch task_id=22 preferred_device=1 actual_gpu=1
[2026-07-08 15:40:09.775] [info] [load_balancing_scan_batch_coalescer.cpp:96] [coalesce-debug] load_balancer emit pipeline=0 -> preferred GPU 1
[2026-07-08 15:40:09.789] [info] [task_scheduler.cpp:462] [mgpu-audit] pipeline_task dispatched to GPU 0 task_id=23
[2026-07-08 15:40:09.789] [info] [task_scheduler.cpp:464] [locality-audit] dispatch task_id=23 preferred_device=0 actual_gpu=0
[2026-07-08 15:40:09.791] [info] [gpu_pipeline_task.cpp:321] [stage-audit] pipeline_id=0 task_id=21 operator_id=7 operator_name=GPU_SCAN stage_kind=SCAN operator_type=94 input_type=GPU_SCAN output_type=PIPELINEABLE actual_gpu=0 pipeline_operator_count=3 input_batches=0 input_rows=0 input_columns=0 input_bytes=0 output_batches=1 output_rows=627771 output_columns=2 output_bytes=10201392 byte_ratio=0.000000 row_ratio=0.000000 duration_us=264384
[2026-07-08 15:40:09.791] [info] [gpu_pipeline_task.cpp:321] [stage-audit] pipeline_id=0 task_id=21 operator_id=4 operator_name=PROJECTION stage_kind=PROJECTION operator_type=13 input_type=PIPELINEABLE output_type=PIPELINEABLE actual_gpu=0 pipeline_operator_count=3 input_batches=1 input_rows=627771 input_columns=2 input_bytes=10201392 output_batches=1 output_rows=627771 output_columns=1 output_bytes=5100696 byte_ratio=0.500000 row_ratio=1.000000 duration_us=182
[2026-07-08 15:40:09.792] [info] [gpu_pipeline_task.cpp:321] [stage-audit] pipeline_id=0 task_id=21 operator_id=5 operator_name=UNGROUPED_AGGREGATE stage_kind=AGGREGATE operator_type=8 input_type=PIPELINEABLE output_type=PIPELINEABLE actual_gpu=0 pipeline_operator_count=3 input_batches=1 input_rows=627771 input_columns=1 input_bytes=5100696 output_batches=1 output_rows=1 output_columns=1 output_bytes=16 byte_ratio=0.000003 row_ratio=0.000002 duration_us=543
[2026-07-08 15:40:09.926] [info] [load_balancing_scan_batch_coalescer.cpp:96] [coalesce-debug] load_balancer emit pipeline=0 -> preferred GPU 0
[2026-07-08 15:40:09.945] [info] [task_scheduler.cpp:462] [mgpu-audit] pipeline_task dispatched to GPU 1 task_id=24
[2026-07-08 15:40:09.945] [info] [task_scheduler.cpp:464] [locality-audit] dispatch task_id=24 preferred_device=1 actual_gpu=1
[2026-07-08 15:40:09.964] [info] [gpu_pipeline_task.cpp:321] [stage-audit] pipeline_id=0 task_id=22 operator_id=7 operator_name=GPU_SCAN stage_kind=SCAN operator_type=94 input_type=GPU_SCAN output_type=PIPELINEABLE actual_gpu=1 pipeline_operator_count=3 input_batches=0 input_rows=0 input_columns=0 input_bytes=0 output_batches=1 output_rows=630286 output_columns=2 output_bytes=10242272 byte_ratio=0.000000 row_ratio=0.000000 duration_us=267644
[2026-07-08 15:40:10.001] [error] [gpu_pipeline_executor.cpp:408] GPU Pipeline Executor: Exception during task execution: Fatal CUDA error encountered at: /tmp/conda-bld-output/bld/rattler-build_libcudf/work/cpp/src/utilities/cuda_memcpy.cu:51: 715 cudaErrorIllegalInstruction an illegal instruction was encountered
[2026-07-08 15:40:10.002] [error] [gpu_pipeline_executor.cpp:408] GPU Pipeline Executor: Exception during task execution: CUDA error: an illegal instruction was encountered at /home/dy1013/sirius_multi-gpu/src/io/uring/uring_reactor.cpp:1009
[2026-07-08 15:40:10.040] [error] [gpu_pipeline_task.cpp:1062] Unknown error in prepare_for_processing for pipeline 0: CUDA error at: /tmp/conda-bld-output/bld/rattler-build_librmm/work/cpp/src/cuda_stream_view.cpp:45: cudaErrorIllegalInstruction an illegal instruction was encountered
[2026-07-08 15:40:10.041] [error] [gpu_pipeline_executor.cpp:408] GPU Pipeline Executor: Exception during task execution: CUDA error at: /tmp/conda-bld-output/bld/rattler-build_librmm/work/cpp/src/cuda_stream_view.cpp:45: cudaErrorIllegalInstruction an illegal instruction was encountered
[2026-07-08 15:40:10.108] [info] [load_balancing_scan_batch_coalescer.cpp:96] [coalesce-debug] load_balancer emit pipeline=0 -> preferred GPU 1
[2026-07-08 15:40:10.125] [info] [task_scheduler.cpp:462] [mgpu-audit] pipeline_task dispatched to GPU 0 task_id=25
[2026-07-08 15:40:10.125] [info] [task_scheduler.cpp:464] [locality-audit] dispatch task_id=25 preferred_device=0 actual_gpu=0
[2026-07-08 15:40:10.161] [error] [gpu_pipeline_task.cpp:1062] Unknown error in prepare_for_processing for pipeline 0: CUDA error at: /tmp/conda-bld-output/bld/rattler-build_librmm/work/cpp/src/cuda_stream_view.cpp:45: cudaErrorIllegalInstruction an illegal instruction was encountered
[2026-07-08 15:40:10.161] [error] [gpu_pipeline_executor.cpp:408] GPU Pipeline Executor: Exception during task execution: CUDA error at: /tmp/conda-bld-output/bld/rattler-build_librmm/work/cpp/src/cuda_stream_view.cpp:45: cudaErrorIllegalInstruction an illegal instruction was encountered
[2026-07-08 15:40:10.279] [info] [load_balancing_scan_batch_coalescer.cpp:96] [coalesce-debug] load_balancer emit pipeline=0 -> preferred GPU 0
[2026-07-08 15:40:10.296] [info] [task_scheduler.cpp:462] [mgpu-audit] pipeline_task dispatched to GPU 1 task_id=26
[2026-07-08 15:40:10.296] [info] [task_scheduler.cpp:464] [locality-audit] dispatch task_id=26 preferred_device=1 actual_gpu=1
[2026-07-08 15:40:10.331] [error] [gpu_pipeline_task.cpp:1062] Unknown error in prepare_for_processing for pipeline 0: CUDA error at: /tmp/conda-bld-output/bld/rattler-build_librmm/work/cpp/src/cuda_stream_view.cpp:45: cudaErrorIllegalInstruction an illegal instruction was encountered
[2026-07-08 15:40:10.331] [error] [gpu_pipeline_executor.cpp:408] GPU Pipeline Executor: Exception during task execution: CUDA error at: /tmp/conda-bld-output/bld/rattler-build_librmm/work/cpp/src/cuda_stream_view.cpp:45: cudaErrorIllegalInstruction an illegal instruction was encountered
[2026-07-08 15:40:10.455] [info] [load_balancing_scan_batch_coalescer.cpp:96] [coalesce-debug] load_balancer emit pipeline=0 -> preferred GPU 1
[2026-07-08 15:40:10.470] [info] [task_scheduler.cpp:462] [mgpu-audit] pipeline_task dispatched to GPU 0 task_id=27
[2026-07-08 15:40:10.470] [info] [task_scheduler.cpp:464] [locality-audit] dispatch task_id=27 preferred_device=0 actual_gpu=0
[2026-07-08 15:40:10.502] [error] [gpu_pipeline_task.cpp:1062] Unknown error in prepare_for_processing for pipeline 0: CUDA error at: /tmp/conda-bld-output/bld/rattler-build_librmm/work/cpp/src/cuda_stream_view.cpp:45: cudaErrorIllegalInstruction an illegal instruction was encountered
[2026-07-08 15:40:10.502] [error] [gpu_pipeline_executor.cpp:408] GPU Pipeline Executor: Exception during task execution: CUDA error at: /tmp/conda-bld-output/bld/rattler-build_librmm/work/cpp/src/cuda_stream_view.cpp:45: cudaErrorIllegalInstruction an illegal instruction was encountered
[2026-07-08 15:40:10.629] [info] [load_balancing_scan_batch_coalescer.cpp:96] [coalesce-debug] load_balancer emit pipeline=0 -> preferred GPU 0
[2026-07-08 15:40:10.645] [info] [task_scheduler.cpp:462] [mgpu-audit] pipeline_task dispatched to GPU 1 task_id=28
[2026-07-08 15:40:10.645] [info] [task_scheduler.cpp:464] [locality-audit] dispatch task_id=28 preferred_device=1 actual_gpu=1
[2026-07-08 15:40:10.680] [error] [gpu_pipeline_task.cpp:1062] Unknown error in prepare_for_processing for pipeline 0: CUDA error at: /tmp/conda-bld-output/bld/rattler-build_librmm/work/cpp/src/cuda_stream_view.cpp:45: cudaErrorIllegalInstruction an illegal instruction was encountered
[2026-07-08 15:40:10.680] [error] [gpu_pipeline_executor.cpp:408] GPU Pipeline Executor: Exception during task execution: CUDA error at: /tmp/conda-bld-output/bld/rattler-build_librmm/work/cpp/src/cuda_stream_view.cpp:45: cudaErrorIllegalInstruction an illegal instruction was encountered
[2026-07-08 15:40:10.806] [info] [load_balancing_scan_batch_coalescer.cpp:96] [coalesce-debug] load_balancer emit pipeline=0 -> preferred GPU 1
[2026-07-08 15:40:10.822] [info] [task_scheduler.cpp:462] [mgpu-audit] pipeline_task dispatched to GPU 0 task_id=29
[2026-07-08 15:40:10.822] [info] [task_scheduler.cpp:464] [locality-audit] dispatch task_id=29 preferred_device=0 actual_gpu=0
[2026-07-08 15:40:10.982] [info] [load_balancing_scan_batch_coalescer.cpp:96] [coalesce-debug] load_balancer emit pipeline=0 -> preferred GPU 0
[2026-07-08 15:40:10.994] [info] [task_scheduler.cpp:462] [mgpu-audit] pipeline_task dispatched to GPU 1 task_id=30
[2026-07-08 15:40:10.994] [info] [task_scheduler.cpp:464] [locality-audit] dispatch task_id=30 preferred_device=1 actual_gpu=1
[2026-07-08 15:40:11.152] [info] [load_balancing_scan_batch_coalescer.cpp:96] [coalesce-debug] load_balancer emit pipeline=0 -> preferred GPU 1
[2026-07-08 15:40:11.319] [info] [load_balancing_scan_batch_coalescer.cpp:96] [coalesce-debug] load_balancer emit pipeline=0 -> preferred GPU 0
[2026-07-08 15:40:11.491] [info] [load_balancing_scan_batch_coalescer.cpp:96] [coalesce-debug] load_balancer emit pipeline=0 -> preferred GPU 1
[2026-07-08 15:40:11.663] [info] [load_balancing_scan_batch_coalescer.cpp:96] [coalesce-debug] load_balancer emit pipeline=0 -> preferred GPU 0
[2026-07-08 15:40:11.829] [info] [load_balancing_scan_batch_coalescer.cpp:96] [coalesce-debug] load_balancer emit pipeline=0 -> preferred GPU 1
[2026-07-08 15:40:11.998] [info] [load_balancing_scan_batch_coalescer.cpp:96] [coalesce-debug] load_balancer emit pipeline=0 -> preferred GPU 0
[2026-07-08 15:40:12.172] [info] [load_balancing_scan_batch_coalescer.cpp:96] [coalesce-debug] load_balancer emit pipeline=0 -> preferred GPU 1
[2026-07-08 15:40:12.340] [info] [parquet_gpu_ingestible.cpp:210] [coalesce-debug] parquet_batch_coalescer emit #19: 1 slice(s), acc_bytes=97448004, cap=536870912
[2026-07-08 15:40:12.340] [info] [load_balancing_scan_batch_coalescer.cpp:96] [coalesce-debug] load_balancer emit pipeline=0 -> preferred GPU 0
[2026-07-08 15:40:12.525] [info] [task_scheduler.cpp:462] [mgpu-audit] pipeline_task dispatched to GPU 0 task_id=31
[2026-07-08 15:40:12.526] [info] [task_scheduler.cpp:464] [locality-audit] dispatch task_id=31 preferred_device=0 actual_gpu=0
[2026-07-08 15:40:12.526] [error] [sirius_engine.cpp:172] Error executing query: Fatal CUDA error encountered at: /tmp/conda-bld-output/bld/rattler-build_libcudf/work/cpp/src/utilities/cuda_memcpy.cu:51: 715 cudaErrorIllegalInstruction an illegal instruction was encountered
[2026-07-08 15:40:12.526] [info] [task_scheduler.cpp:262] task_scheduler: draining after error
[2026-07-08 15:40:12.526] [info] [task_scheduler.cpp:462] [mgpu-audit] pipeline_task dispatched to GPU 1 task_id=32
[2026-07-08 15:40:12.526] [info] [task_scheduler.cpp:464] [locality-audit] dispatch task_id=32 preferred_device=1 actual_gpu=1
[2026-07-08 15:40:12.542] [error] [gpu_pipeline_task.cpp:1062] Unknown error in prepare_for_processing for pipeline 0: CUDA error at: /tmp/conda-bld-output/bld/rattler-build_librmm/work/cpp/src/cuda_stream_view.cpp:45: cudaErrorIllegalInstruction an illegal instruction was encountered
[2026-07-08 15:40:12.542] [error] [gpu_pipeline_task.cpp:1062] Unknown error in prepare_for_processing for pipeline 0: CUDA error at: /tmp/conda-bld-output/bld/rattler-build_librmm/work/cpp/src/cuda_stream_view.cpp:45: cudaErrorIllegalInstruction an illegal instruction was encountered
[2026-07-08 15:40:12.542] [error] [gpu_pipeline_executor.cpp:408] GPU Pipeline Executor: Exception during task execution: CUDA error at: /tmp/conda-bld-output/bld/rattler-build_librmm/work/cpp/src/cuda_stream_view.cpp:45: cudaErrorIllegalInstruction an illegal instruction was encountered
[2026-07-08 15:40:12.542] [error] [gpu_pipeline_executor.cpp:408] GPU Pipeline Executor: Exception during task execution: CUDA error at: /tmp/conda-bld-output/bld/rattler-build_librmm/work/cpp/src/cuda_stream_view.cpp:45: cudaErrorIllegalInstruction an illegal instruction was encountered
[2026-07-08 15:40:12.542] [info] [gpu_pipeline_executor.cpp:101] GPU Pipeline Executor: pool interrupted, stopping manager loop
[2026-07-08 15:40:12.543] [error] [gpu_pipeline_task.cpp:1062] Unknown error in prepare_for_processing for pipeline 0: CUDA error at: /tmp/conda-bld-output/bld/rattler-build_librmm/work/cpp/src/cuda_stream_view.cpp:45: cudaErrorIllegalInstruction an illegal instruction was encountered
[2026-07-08 15:40:12.543] [error] [gpu_pipeline_executor.cpp:408] GPU Pipeline Executor: Exception during task execution: CUDA error at: /tmp/conda-bld-output/bld/rattler-build_librmm/work/cpp/src/cuda_stream_view.cpp:45: cudaErrorIllegalInstruction an illegal instruction was encountered
[2026-07-08 15:40:12.543] [info] [gpu_pipeline_executor.cpp:118] GPU Pipeline Executor: task queue interrupted, stopping manager loop
[2026-07-08 15:40:12.547] [info] [task_scheduler.cpp:305] task_scheduler: DONE draining after error
[2026-07-08 15:40:12.548] [error] [sirius_interface.cpp:201] Error in sirius_execute_pending_query_result: Fatal CUDA error encountered at: /tmp/conda-bld-output/bld/rattler-build_libcudf/work/cpp/src/utilities/cuda_memcpy.cu:51: 715 cudaErrorIllegalInstruction an illegal instruction was encountered
[2026-07-08 15:40:12.548] [error] [physical_sirius_execution.cpp:161] Transparent GPU execution error: Invalid Error: Fatal CUDA error encountered at: /tmp/conda-bld-output/bld/rattler-build_libcudf/work/cpp/src/utilities/cuda_memcpy.cu:51: 715 cudaErrorIllegalInstruction an illegal instruction was encountered
[2026-07-08 15:40:12.583] [info] [sirius_context.cpp:217] QueryEnd
[2026-07-08 15:40:12.597] [warning] [sirius_context.cpp:233] SiriusContext::QueryEnd: operator 8 port 'default' still had 1 un-consumed data batch(es) (memory leak).
[2026-07-08 15:40:12.597] [info] [:] [host_pool] HOST:0 QueryEnd allocated=72351744 bytes peak=73400320 bytes free_blocks=443
[2026-07-08 15:40:12.597] [info] [:] [gpu_pool] GPU:0 QueryEnd allocated=0 bytes peak=5637996759 bytes reserved=0 bytes
[2026-07-08 15:40:12.597] [info] [:] [gpu_pool] GPU:1 QueryEnd allocated=0 bytes peak=5638058874 bytes reserved=0 bytes
[2026-07-08 15:40:12.597] [info] [sirius_context.cpp:924] Connection closed.
[2026-07-08 15:40:12.655] [info] [task_scheduler.cpp:368] Task request channel closed, exiting management event loop.
[2026-07-08 15:40:12.655] [info] [gpu_pipeline_executor.cpp:118] GPU Pipeline Executor: task queue interrupted, stopping manager loop
[2026-07-08 15:40:12.655] [info] [gpu_pipeline_executor.cpp:118] GPU Pipeline Executor: task queue interrupted, stopping manager loop
