[2026-07-01 15:41:56.582] [warning] [sirius_config.cpp:459] sirius_config: use_sirius_datasource was false but 4 GPUs are configured; the sirius datasource is required for multi-GPU IO routing. Overriding use_sirius_datasource to true.
[2026-07-01 15:41:56.582] [info] [sirius_context.cpp:1046] Loaded Sirius configuration from file: /home/dy1013/sirius_multi-gpu/experiment/automatic_motivation_latency_full_probe_real_20260701/configs/sirius_4gpu.yaml
[2026-07-01 15:41:56.585] [info] [telemetry_context.cpp:67] Telemetry context initialized (engine=siriusDB)
[2026-07-01 15:41:56.585] [info] [sirius_context.cpp:337] SiriusContext: topology summary — 4 GPU(s), 1 NUMA node(s), host='hicys76'
[2026-07-01 15:41:56.585] [info] [sirius_context.cpp:342]   GPU 0: NVIDIA RTX A5000 (numa=0, pci=00000000:16:00.0)
[2026-07-01 15:41:56.585] [info] [sirius_context.cpp:342]   GPU 1: NVIDIA RTX A5000 (numa=0, pci=00000000:34:00.0)
[2026-07-01 15:41:56.585] [info] [sirius_context.cpp:342]   GPU 2: NVIDIA RTX A5000 (numa=0, pci=00000000:AC:00.0)
[2026-07-01 15:41:56.585] [info] [sirius_context.cpp:342]   GPU 3: NVIDIA RTX A5000 (numa=0, pci=00000000:CA:00.0)
[2026-07-01 15:41:56.741] [warning] [sirius_context.cpp:352] SiriusContext: disk memory space is not configured; spilling GPU or HOST data to disk is disabled. If queries run out of GPU/HOST memory, downgrades to disk will not be possible.
[2026-07-01 15:41:56.741] [info] [sirius_context.cpp:364] SiriusContext: 1 host memory space(s) created for 1 NUMA node(s)
[2026-07-01 15:41:56.743] [info] [sirius_context.cpp:417] SiriusContext: P2P enabled 0 -> 1
[2026-07-01 15:41:56.745] [info] [sirius_context.cpp:417] SiriusContext: P2P enabled 0 -> 2
[2026-07-01 15:41:56.745] [error] [sirius_context.cpp:398] SiriusContext: cudaDeviceCanAccessPeer(0,3) failed: invalid device ordinal
[2026-07-01 15:41:56.745] [info] [sirius_context.cpp:417] SiriusContext: P2P enabled 1 -> 0
[2026-07-01 15:41:56.747] [info] [sirius_context.cpp:417] SiriusContext: P2P enabled 1 -> 2
[2026-07-01 15:41:56.747] [error] [sirius_context.cpp:398] SiriusContext: cudaDeviceCanAccessPeer(1,3) failed: invalid device ordinal
[2026-07-01 15:41:56.747] [info] [sirius_context.cpp:417] SiriusContext: P2P enabled 2 -> 0
[2026-07-01 15:41:56.747] [info] [sirius_context.cpp:417] SiriusContext: P2P enabled 2 -> 1
[2026-07-01 15:41:56.747] [error] [sirius_context.cpp:398] SiriusContext: cudaDeviceCanAccessPeer(2,3) failed: invalid device ordinal
[2026-07-01 15:41:56.747] [error] [sirius_context.cpp:398] SiriusContext: cudaDeviceCanAccessPeer(3,0) failed: invalid device ordinal
[2026-07-01 15:41:56.747] [error] [sirius_context.cpp:398] SiriusContext: cudaDeviceCanAccessPeer(3,1) failed: invalid device ordinal
[2026-07-01 15:41:56.747] [error] [sirius_context.cpp:398] SiriusContext: cudaDeviceCanAccessPeer(3,2) failed: invalid device ordinal
[2026-07-01 15:41:56.765] [info] [sirius_context.cpp:477] SiriusContext: cuDF pinned memory resource configured (NUMA-aware, max slab 8192 B, fallback node=0)
[2026-07-01 15:41:56.949] [error] [:] downgrade_executor per-thread init: cudaSetDevice(3) failed: invalid device ordinal
[2026-07-01 15:41:56.950] [error] [:] downgrade_executor per-thread init: cudaSetDevice(3) failed: invalid device ordinal
[2026-07-01 15:41:56.950] [error] [:] downgrade_executor per-thread init: cudaSetDevice(3) failed: invalid device ordinal
[2026-07-01 15:41:56.950] [error] [:] downgrade_executor per-thread init: cudaSetDevice(3) failed: invalid device ordinal
[2026-07-01 15:41:56.950] [error] [:] gpu_pipeline_executor per-thread init: cudaSetDevice(3) failed: invalid device ordinal
[2026-07-01 15:41:56.950] [error] [:] gpu_pipeline_executor per-thread init: cudaSetDevice(3) failed: invalid device ordinal
[2026-07-01 15:41:56.950] [error] [:] gpu_pipeline_executor per-thread init: cudaSetDevice(3) failed: invalid device ordinal
[2026-07-01 15:41:56.951] [error] [:] gpu_pipeline_executor per-thread init: cudaSetDevice(3) failed: invalid device ordinal
[2026-07-01 15:41:56.952] [info] [sirius_context.cpp:1007] Connection opened.
[2026-07-01 15:41:56.952] [info] [sirius_context.cpp:1020] Extension loaded: sirius
[2026-07-01 15:41:56.952] [info] [sirius_context.cpp:258] QueryEnd
[2026-07-01 15:41:56.960] [info] [:] [host_pool] HOST:0 QueryEnd allocated=0 bytes peak=0 bytes free_blocks=512
[2026-07-01 15:41:56.960] [info] [:] [gpu_pool] GPU:0 QueryEnd allocated=0 bytes peak=0 bytes reserved=0 bytes
[2026-07-01 15:41:56.960] [info] [:] [gpu_pool] GPU:1 QueryEnd allocated=0 bytes peak=0 bytes reserved=0 bytes
[2026-07-01 15:41:56.960] [info] [:] [gpu_pool] GPU:2 QueryEnd allocated=0 bytes peak=0 bytes reserved=0 bytes
[2026-07-01 15:41:56.960] [info] [:] [gpu_pool] GPU:3 QueryEnd allocated=0 bytes peak=0 bytes reserved=0 bytes
[2026-07-01 15:41:56.960] [info] [:] [host_pool] HOST:0 QueryBegin allocated=0 bytes peak=0 bytes free_blocks=512
[2026-07-01 15:41:56.960] [info] [:] [gpu_pool] GPU:0 QueryBegin allocated=0 bytes peak=0 bytes reserved=0 bytes
[2026-07-01 15:41:56.960] [info] [:] [gpu_pool] GPU:1 QueryBegin allocated=0 bytes peak=0 bytes reserved=0 bytes
[2026-07-01 15:41:56.960] [info] [:] [gpu_pool] GPU:2 QueryBegin allocated=0 bytes peak=0 bytes reserved=0 bytes
[2026-07-01 15:41:56.960] [info] [:] [gpu_pool] GPU:3 QueryBegin allocated=0 bytes peak=0 bytes reserved=0 bytes
[2026-07-01 15:41:56.960] [info] [sirius_context.cpp:242] QueryBegin: SQL: SET gpu_execution = true;
[2026-07-01 15:41:56.961] [info] [sirius_context.cpp:258] QueryEnd
[2026-07-01 15:41:56.970] [info] [:] [host_pool] HOST:0 QueryEnd allocated=0 bytes peak=0 bytes free_blocks=512
[2026-07-01 15:41:56.970] [info] [:] [gpu_pool] GPU:0 QueryEnd allocated=0 bytes peak=0 bytes reserved=0 bytes
[2026-07-01 15:41:56.970] [info] [:] [gpu_pool] GPU:1 QueryEnd allocated=0 bytes peak=0 bytes reserved=0 bytes
[2026-07-01 15:41:56.970] [info] [:] [gpu_pool] GPU:2 QueryEnd allocated=0 bytes peak=0 bytes reserved=0 bytes
[2026-07-01 15:41:56.970] [info] [:] [gpu_pool] GPU:3 QueryEnd allocated=0 bytes peak=0 bytes reserved=0 bytes
[2026-07-01 15:41:56.971] [info] [:] [host_pool] HOST:0 QueryBegin allocated=0 bytes peak=0 bytes free_blocks=512
[2026-07-01 15:41:56.971] [info] [:] [gpu_pool] GPU:0 QueryBegin allocated=0 bytes peak=0 bytes reserved=0 bytes
[2026-07-01 15:41:56.971] [info] [:] [gpu_pool] GPU:1 QueryBegin allocated=0 bytes peak=0 bytes reserved=0 bytes
[2026-07-01 15:41:56.971] [info] [:] [gpu_pool] GPU:2 QueryBegin allocated=0 bytes peak=0 bytes reserved=0 bytes
[2026-07-01 15:41:56.971] [info] [:] [gpu_pool] GPU:3 QueryBegin allocated=0 bytes peak=0 bytes reserved=0 bytes
[2026-07-01 15:41:56.971] [info] [sirius_context.cpp:242] QueryBegin: SQL: select c.c_custkey, c.c_name, sum(l.l_extendedprice * (1 - l.l_discount)) as revenue, c.c_acctbal, n.n_name, c.c_address, c.c_phone, c.c_comment from customer c, orders o, lineitem l, nation n where c.c_custkey = o.o_custkey and l.l_orderkey = o.o_orderkey and o.o_orderdate >= date '1994-03-01' and o.o_orderdate < date '1994-06-01' and l.l_returnflag = 'R' and c.c_nationkey = n.n_nationkey group by c.c_custkey, c.c_name, c.c_acctbal, c.c_phone, n.n_name, c.c_address, c.c_comment order by revenue desc limit 20
[2026-07-01 15:41:57.253] [info] [sirius_context.cpp:954] Transparent execution: Sirius physical plan generated successfully
[2026-07-01 15:41:57.267] [info] [sirius_context.cpp:966] Transparent execution: physical plan replaced with GPU operator
[2026-07-01 15:41:57.267] [info] [physical_sirius_execution.cpp:96] Transparent GPU execution: executing query
[2026-07-01 15:41:57.321] [info] [sirius_engine.cpp:400] Query Plan:
=== Pipeline Overview ===
Pipeline #0: GPU_SCAN (id=23)
  Output: -> PARTITION [port: default, barrier: FULL]
Pipeline #1: PARTITION (id=25)
  Input: <- Pipeline #0 [on: PARTITION (id=25), port: default, barrier: FULL]
  Dependencies: Pipeline #0
  Output: -> CONCAT [port: default, barrier: PARTIAL]
Pipeline #2: CONCAT (id=24)
  Input: <- Pipeline #1 [on: CONCAT (id=24), port: default, barrier: PARTIAL]
  Dependencies: Pipeline #1
  Output: -> HASH_JOIN [port: build, barrier: FULL]
Pipeline #3: GPU_SCAN (id=26)
  Output: -> PARTITION [port: default, barrier: FULL]
Pipeline #4: PARTITION (id=28)
  Input: <- Pipeline #3 [on: PARTITION (id=28), port: default, barrier: FULL]
  Dependencies: Pipeline #3
  Output: -> CONCAT [port: default, barrier: PARTIAL]
Pipeline #5: CONCAT (id=27)
  Input: <- Pipeline #4 [on: CONCAT (id=27), port: default, barrier: PARTIAL]
  Dependencies: Pipeline #4
  Output: -> HASH_JOIN [port: build, barrier: FULL]
Pipeline #6: GPU_SCAN (id=29)
  Output: -> PARTITION [port: default, barrier: PARTIAL]
Pipeline #7: PARTITION (id=31)
  Input: <- Pipeline #6 [on: PARTITION (id=31), port: default, barrier: PARTIAL]
  Dependencies: Pipeline #6
  Output: -> CONCAT [port: default, barrier: PARTIAL]
Pipeline #8: CONCAT (id=30)
  Input: <- Pipeline #7 [on: CONCAT (id=30), port: default, barrier: PARTIAL]
  Dependencies: Pipeline #7
  Output: -> HASH_JOIN [port: default, barrier: FULL]
Pipeline #9: HASH_JOIN (id=16)
  Input: <- Pipeline #8 [on: HASH_JOIN (id=16), port: default, barrier: FULL]
  Input: <- Pipeline #5 [on: HASH_JOIN (id=16), port: build, barrier: FULL]
  Dependencies: Pipeline #5, Pipeline #8
  Output: -> PARTITION [port: default, barrier: FULL]
Pipeline #10: PARTITION (id=33)
  Input: <- Pipeline #9 [on: PARTITION (id=33), port: default, barrier: FULL]
  Dependencies: Pipeline #9
  Output: -> CONCAT [port: default, barrier: PARTIAL]
Pipeline #11: CONCAT (id=32)
  Input: <- Pipeline #10 [on: CONCAT (id=32), port: default, barrier: PARTIAL]
  Dependencies: Pipeline #10
  Output: -> HASH_JOIN [port: build, barrier: FULL]
Pipeline #12: GPU_SCAN (id=34)
  Output: -> PARTITION [port: default, barrier: PARTIAL]
Pipeline #13: PARTITION (id=36)
  Input: <- Pipeline #12 [on: PARTITION (id=36), port: default, barrier: PARTIAL]
  Dependencies: Pipeline #12
  Output: -> CONCAT [port: default, barrier: PARTIAL]
Pipeline #14: CONCAT (id=35)
  Input: <- Pipeline #13 [on: CONCAT (id=35), port: default, barrier: PARTIAL]
  Dependencies: Pipeline #13
  Output: -> HASH_JOIN [port: default, barrier: FULL]
Pipeline #15: HASH_JOIN (id=13)
  Input: <- Pipeline #14 [on: HASH_JOIN (id=13), port: default, barrier: FULL]
  Input: <- Pipeline #2 [on: HASH_JOIN (id=13), port: build, barrier: FULL]
  Dependencies: Pipeline #2, Pipeline #14
  Output: -> PARTITION [port: default, barrier: PARTIAL]
Pipeline #16: PARTITION (id=38)
  Input: <- Pipeline #15 [on: PARTITION (id=38), port: default, barrier: PARTIAL]
  Dependencies: Pipeline #15
  Output: -> CONCAT [port: default, barrier: PARTIAL]
Pipeline #17: CONCAT (id=37)
  Input: <- Pipeline #16 [on: CONCAT (id=37), port: default, barrier: PARTIAL]
  Dependencies: Pipeline #16
  Output: -> HASH_JOIN [port: default, barrier: FULL]
Pipeline #18: HASH_JOIN (id=17) -> PROJECTION (id=18) -> HASH_GROUP_BY (id=19)
  Input: <- Pipeline #17 [on: HASH_JOIN (id=17), port: default, barrier: FULL]
  Input: <- Pipeline #11 [on: HASH_JOIN (id=17), port: build, barrier: FULL]
  Dependencies: Pipeline #11, Pipeline #17
  Output: -> PARTITION [port: default, barrier: FULL]
Pipeline #19: PARTITION (id=39)
  Input: <- Pipeline #18 [on: PARTITION (id=39), port: default, barrier: FULL]
  Dependencies: Pipeline #18
  Output: -> MERGE_GROUP_BY [port: default, barrier: FULL]
Pipeline #20: MERGE_GROUP_BY (id=40)
  Input: <- Pipeline #19 [on: MERGE_GROUP_BY (id=40), port: default, barrier: FULL]
  Dependencies: Pipeline #19
  Output: -> PROJECTION [port: default, barrier: FULL]
Pipeline #21: PROJECTION (id=20) -> TOP_N (id=21)
  Input: <- Pipeline #20 [on: PROJECTION (id=20), port: default, barrier: FULL]
  Dependencies: Pipeline #20
  Output: -> MERGE_TOP_N [port: default, barrier: FULL]
Pipeline #22: MERGE_TOP_N (id=41)
  Input: <- Pipeline #21 [on: MERGE_TOP_N (id=41), port: default, barrier: FULL]
  Dependencies: Pipeline #21
  Output: -> RESULT_COLLECTOR [port: default, barrier: FULL]
Pipeline #23: RESULT_COLLECTOR (id=22)
  Input: <- Pipeline #22 [on: RESULT_COLLECTOR (id=22), port: default, barrier: FULL]
  Dependencies: Pipeline #22

=== Query Plan DAG ===
┌──────────────────────────┐                                                                                    
│ Pipeline #23             │                                                                                    
│ RESULT_COLLECTOR (id=22) │                                                                                    
│ Input(#22): FULL         │                                                                                    
└────────────┬─────────────┘                                                                                    
             │                                                                                                  
┌──────────────────────────┐                                                                                    
│ Pipeline #22             │                                                                                    
│ MERGE_TOP_N (id=41)      │                                                                                    
│ Input(#21): FULL         │                                                                                    
└────────────┬─────────────┘                                                                                    
             │                                                                                                  
┌──────────────────────────┐                                                                                    
│ Pipeline #21             │                                                                                    
│ TOP_N (id=21)            │                                                                                    
│ PROJECTION (id=20)       │                                                                                    
│ Input(#20): FULL         │                                                                                    
└────────────┬─────────────┘                                                                                    
             │                                                                                                  
┌──────────────────────────┐                                                                                    
│ Pipeline #20             │                                                                                    
│ MERGE_GROUP_BY (id=40)   │                                                                                    
│ Input(#19): FULL         │                                                                                    
└────────────┬─────────────┘                                                                                    
             │                                                                                                  
┌──────────────────────────┐                                                                                    
│ Pipeline #19             │                                                                                    
│ PARTITION (id=39)        │                                                                                    
│ Input(#18): FULL         │                                                                                    
└────────────┬─────────────┘                                                                                    
             │                                                                                                  
┌──────────────────────────┐                                                                                    
│ Pipeline #18             │                                                                                    
│ HASH_GROUP_BY (id=19)    │                                                                                    
│ PROJECTION (id=18)       │                                                                                    
│ HASH_JOIN (id=17)        │                                                                                    
│   type: INNER            │                                                                                    
│ Input(#17): FULL         │                                                                                    
│ Input(#11): FULL         │                                                                                    
└────────────┬─────────────┘                                                                                    
             ┌───────────────────────────────────────────────────────┐                                          
             │                                                       │                                          
┌──────────────────────────┐                            ┌──────────────────────────┐                            
│ Pipeline #11             │                            │ Pipeline #17             │                            
│ CONCAT (id=32)           │                            │ CONCAT (id=37)           │                            
│ Input(#10): PARTIAL      │                            │ Input(#16): PARTIAL      │                            
└────────────┬─────────────┘                            └────────────┬─────────────┘                            
             │                                                       │                                          
┌──────────────────────────┐                            ┌──────────────────────────┐                            
│ Pipeline #10             │                            │ Pipeline #16             │                            
│ PARTITION (id=33)        │                            │ PARTITION (id=38)        │                            
│ Input(#9): FULL          │                            │ Input(#15): PARTIAL      │                            
└────────────┬─────────────┘                            └────────────┬─────────────┘                            
             │                                                       │                                          
┌──────────────────────────┐                            ┌──────────────────────────┐                            
│ Pipeline #9              │                            │ Pipeline #15             │                            
│ HASH_JOIN (id=16)        │                            │ HASH_JOIN (id=13)        │                            
│   type: INNER            │                            │   type: INNER            │                            
│ Input(#8): FULL          │                            │ Input(#14): FULL         │                            
│ Input(#5): FULL          │                            │ Input(#2): FULL          │                            
└────────────┬─────────────┘                            └────────────┬─────────────┘                            
             ┌───────────────────────────┐                           ┌───────────────────────────┐              
             │                           │                           │                           │              
┌──────────────────────────┐┌──────────────────────────┐┌──────────────────────────┐┌──────────────────────────┐
│ Pipeline #5              ││ Pipeline #8              ││ Pipeline #2              ││ Pipeline #14             │
│ CONCAT (id=27)           ││ CONCAT (id=30)           ││ CONCAT (id=24)           ││ CONCAT (id=35)           │
│ Input(#4): PARTIAL       ││ Input(#7): PARTIAL       ││ Input(#1): PARTIAL       ││ Input(#13): PARTIAL      │
└────────────┬─────────────┘└────────────┬─────────────┘└────────────┬─────────────┘└────────────┬─────────────┘
             │                           │                           │                           │              
┌──────────────────────────┐┌──────────────────────────┐┌──────────────────────────┐┌──────────────────────────┐
│ Pipeline #4              ││ Pipeline #7              ││ Pipeline #1              ││ Pipeline #13             │
│ PARTITION (id=28)        ││ PARTITION (id=31)        ││ PARTITION (id=25)        ││ PARTITION (id=36)        │
│ Input(#3): FULL          ││ Input(#6): PARTIAL       ││ Input(#0): FULL          ││ Input(#12): PARTIAL      │
└────────────┬─────────────┘└────────────┬─────────────┘└────────────┬─────────────┘└────────────┬─────────────┘
             │                           │                           │                           │              
┌──────────────────────────┐┌──────────────────────────┐┌──────────────────────────┐┌──────────────────────────┐
│ Pipeline #3              ││ Pipeline #6              ││ Pipeline #0              ││ Pipeline #12             │
│ GPU_SCAN (id=26)         ││ GPU_SCAN (id=29)         ││ GPU_SCAN (id=23)         ││ GPU_SCAN (id=34)         │
└──────────────────────────┘└──────────────────────────┘└──────────────────────────┘└──────────────────────────┘

[2026-07-01 15:41:57.321] [info] [task_scheduler.cpp:367] [mgpu-audit] pipeline_task dispatched to GPU 0 task_id=0
[2026-07-01 15:41:57.321] [info] [task_scheduler.cpp:369] [locality-audit] dispatch task_id=0 preferred_device=0 actual_gpu=0
[2026-07-01 15:41:57.326] [warning] [:] uring_reactor: device short read, retrying tail. slot=0 file_off=0 io_size=4096 bytes_read=2437 this_rd=2437
[2026-07-01 15:41:57.368] [info] [parquet_gpu_ingestible.cpp:696] [scan-audit] parquet_materialize target_gpu=0 files=/mnt/nvme/dataset/nation.parquet columns=n_nationkey,n_name row_groups=0 compressed_bytes=398 uncompressed_bytes=427 column_bytes=n_nationkey:125:125,n_name:273:302 output_rows=25 output_columns=2 split_count=1 duration_us=42709
[2026-07-01 15:41:57.368] [info] [gpu_pipeline_task.cpp:311] [stage-audit] pipeline_id=0 task_id=0 operator_id=23 operator_name=GPU_SCAN stage_kind=SCAN operator_type=94 input_type=GPU_SCAN output_type=PIPELINEABLE actual_gpu=0 pipeline_operator_count=1 input_batches=0 input_rows=0 input_columns=0 input_bytes=0 output_batches=1 output_rows=25 output_columns=2 output_bytes=509 byte_ratio=0.000000 row_ratio=0.000000 duration_us=42759
[2026-07-01 15:41:57.369] [info] [task_creator.cpp:352] [locality-audit] task_create operator_id=25 input_bytes=509 local_bytes=509 gpu_source_bytes=509 host_source_bytes=0 disk_source_bytes=0 gpu_sources=1 host_sources=0 preferred_device=0
[2026-07-01 15:41:57.369] [info] [task_scheduler.cpp:367] [mgpu-audit] pipeline_task dispatched to GPU 0 task_id=1
[2026-07-01 15:41:57.369] [info] [task_scheduler.cpp:369] [locality-audit] dispatch task_id=1 preferred_device=0 actual_gpu=0
[2026-07-01 15:41:57.369] [info] [gpu_pipeline_task.cpp:182] [locality-audit] prepare_before pipeline_id=1 task_id=1 preferred_device=0 actual_gpu=0 target_tier=GPU target_device=0 input_bytes=509 local_bytes=509 remote_gpu_bytes=0 host_bytes=0 disk_bytes=0 batch_count=1
[2026-07-01 15:41:57.369] [info] [gpu_pipeline_task.cpp:182] [locality-audit] prepare_after pipeline_id=1 task_id=1 preferred_device=0 actual_gpu=0 target_tier=GPU target_device=0 input_bytes=509 local_bytes=509 remote_gpu_bytes=0 host_bytes=0 disk_bytes=0 batch_count=1
[2026-07-01 15:41:57.369] [info] [gpu_pipeline_task.cpp:311] [stage-audit] pipeline_id=1 task_id=1 operator_id=25 operator_name=PARTITION stage_kind=PARTITION operator_type=82 input_type=PIPELINEABLE output_type=PIPELINEABLE actual_gpu=0 pipeline_operator_count=1 input_batches=1 input_rows=25 input_columns=2 input_bytes=509 output_batches=1 output_rows=25 output_columns=2 output_bytes=509 byte_ratio=1.000000 row_ratio=1.000000 duration_us=5
[2026-07-01 15:41:57.369] [info] [task_scheduler.cpp:367] [mgpu-audit] pipeline_task dispatched to GPU 0 task_id=2
[2026-07-01 15:41:57.369] [info] [task_scheduler.cpp:369] [locality-audit] dispatch task_id=2 preferred_device=0 actual_gpu=0
[2026-07-01 15:41:57.370] [info] [gpu_pipeline_task.cpp:182] [locality-audit] prepare_before pipeline_id=2 task_id=2 preferred_device=0 actual_gpu=0 target_tier=GPU target_device=0 input_bytes=509 local_bytes=509 remote_gpu_bytes=0 host_bytes=0 disk_bytes=0 batch_count=1
[2026-07-01 15:41:57.370] [info] [gpu_pipeline_task.cpp:182] [locality-audit] prepare_after pipeline_id=2 task_id=2 preferred_device=0 actual_gpu=0 target_tier=GPU target_device=0 input_bytes=509 local_bytes=509 remote_gpu_bytes=0 host_bytes=0 disk_bytes=0 batch_count=1
[2026-07-01 15:41:57.370] [info] [gpu_pipeline_task.cpp:311] [stage-audit] pipeline_id=2 task_id=2 operator_id=24 operator_name=CONCAT stage_kind=CONCAT operator_type=83 input_type=PARTITIONED output_type=PARTITIONED actual_gpu=0 pipeline_operator_count=1 input_batches=1 input_rows=25 input_columns=2 input_bytes=509 output_batches=1 output_rows=25 output_columns=2 output_bytes=509 byte_ratio=1.000000 row_ratio=1.000000 duration_us=6
[2026-07-01 15:41:57.370] [info] [task_scheduler.cpp:367] [mgpu-audit] pipeline_task dispatched to GPU 1 task_id=3
[2026-07-01 15:41:57.370] [info] [task_scheduler.cpp:369] [locality-audit] dispatch task_id=3 preferred_device=1 actual_gpu=1
[2026-07-01 15:41:57.370] [info] [task_scheduler.cpp:367] [mgpu-audit] pipeline_task dispatched to GPU 2 task_id=4
[2026-07-01 15:41:57.370] [info] [task_scheduler.cpp:369] [locality-audit] dispatch task_id=4 preferred_device=2 actual_gpu=2
[2026-07-01 15:41:57.370] [info] [task_scheduler.cpp:367] [mgpu-audit] pipeline_task dispatched to GPU 3 task_id=5
[2026-07-01 15:41:57.370] [info] [task_scheduler.cpp:369] [locality-audit] dispatch task_id=5 preferred_device=3 actual_gpu=3
[2026-07-01 15:41:57.370] [info] [task_scheduler.cpp:367] [mgpu-audit] pipeline_task dispatched to GPU 0 task_id=6
[2026-07-01 15:41:57.370] [info] [task_scheduler.cpp:369] [locality-audit] dispatch task_id=6 preferred_device=0 actual_gpu=0
[2026-07-01 15:41:57.370] [info] [task_scheduler.cpp:367] [mgpu-audit] pipeline_task dispatched to GPU 1 task_id=7
[2026-07-01 15:41:57.370] [info] [task_scheduler.cpp:369] [locality-audit] dispatch task_id=7 preferred_device=1 actual_gpu=1
[2026-07-01 15:41:57.919] [info] [parquet_gpu_ingestible.cpp:696] [scan-audit] parquet_materialize target_gpu=2 files=/mnt/nvme/dataset/customer.parquet columns=c_custkey,c_name,c_address,c_nationkey,c_phone,c_acctbal,c_comment row_groups=26,27,28,29,30,31,32,33,34,35,36,37,38,39,40,41,42,43,44,45,46,47,48,49,50,51 compressed_bytes=262672747 uncompressed_bytes=521595221 column_bytes=c_custkey:12799918:25583238,c_name:15880093:70352520,c_address:91430442:92730135,c_nationkey:2016428:2016165,c_phone:37914576:60759134,c_acctbal:15802309:25583238,c_comment:86828981:244570791 output_rows=3197804 output_columns=7 split_count=1 duration_us=546531
[2026-07-01 15:41:57.919] [info] [gpu_pipeline_task.cpp:311] [stage-audit] pipeline_id=12 task_id=4 operator_id=34 operator_name=GPU_SCAN stage_kind=SCAN operator_type=94 input_type=GPU_SCAN output_type=PIPELINEABLE actual_gpu=2 pipeline_operator_count=1 input_batches=0 input_rows=0 input_columns=0 input_bytes=0 output_batches=1 output_rows=3197804 output_columns=7 output_bytes=535163478 byte_ratio=0.000000 row_ratio=0.000000 duration_us=549091
[2026-07-01 15:41:57.919] [info] [task_creator.cpp:352] [locality-audit] task_create operator_id=36 input_bytes=535163478 local_bytes=535163478 gpu_source_bytes=535163478 host_source_bytes=0 disk_source_bytes=0 gpu_sources=1 host_sources=0 preferred_device=2
[2026-07-01 15:41:57.919] [info] [task_scheduler.cpp:367] [mgpu-audit] pipeline_task dispatched to GPU 2 task_id=8
[2026-07-01 15:41:57.919] [info] [task_scheduler.cpp:369] [locality-audit] dispatch task_id=8 preferred_device=2 actual_gpu=2
[2026-07-01 15:41:57.920] [info] [gpu_pipeline_task.cpp:182] [locality-audit] prepare_before pipeline_id=13 task_id=8 preferred_device=2 actual_gpu=2 target_tier=GPU target_device=2 input_bytes=535163478 local_bytes=535163478 remote_gpu_bytes=0 host_bytes=0 disk_bytes=0 batch_count=1
[2026-07-01 15:41:57.920] [info] [gpu_pipeline_task.cpp:182] [locality-audit] prepare_after pipeline_id=13 task_id=8 preferred_device=2 actual_gpu=2 target_tier=GPU target_device=2 input_bytes=535163478 local_bytes=535163478 remote_gpu_bytes=0 host_bytes=0 disk_bytes=0 batch_count=1
[2026-07-01 15:41:57.920] [info] [gpu_pipeline_task.cpp:311] [stage-audit] pipeline_id=13 task_id=8 operator_id=36 operator_name=PARTITION stage_kind=PARTITION operator_type=82 input_type=PIPELINEABLE output_type=PIPELINEABLE actual_gpu=2 pipeline_operator_count=1 input_batches=1 input_rows=3197804 input_columns=7 input_bytes=535163478 output_batches=1 output_rows=3197804 output_columns=7 output_bytes=535163478 byte_ratio=1.000000 row_ratio=1.000000 duration_us=6
[2026-07-01 15:41:57.924] [info] [parquet_gpu_ingestible.cpp:696] [scan-audit] parquet_materialize target_gpu=1 files=/mnt/nvme/dataset/customer.parquet columns=c_custkey,c_name,c_address,c_nationkey,c_phone,c_acctbal,c_comment row_groups=0,1,2,3,4,5,6,7,8,9,10,11,12,13,14,15,16,17,18,19,20,21,22,23,24,25 compressed_bytes=262983937 uncompressed_bytes=522256081 column_bytes=c_custkey:12816064:25614078,c_name:15896988:70437330,c_address:91527666:92842131,c_nationkey:2018511:2018256,c_phone:37960916:60832379,c_acctbal:15821558:25614078,c_comment:86942234:244897829 output_rows=3201659 output_columns=7 split_count=1 duration_us=551218
[2026-07-01 15:41:57.924] [info] [gpu_pipeline_task.cpp:311] [stage-audit] pipeline_id=12 task_id=3 operator_id=34 operator_name=GPU_SCAN stage_kind=SCAN operator_type=94 input_type=GPU_SCAN output_type=PIPELINEABLE actual_gpu=1 pipeline_operator_count=1 input_batches=0 input_rows=0 input_columns=0 input_bytes=0 output_batches=1 output_rows=3201659 output_columns=7 output_bytes=535841251 byte_ratio=0.000000 row_ratio=0.000000 duration_us=554294
[2026-07-01 15:41:57.925] [info] [task_creator.cpp:352] [locality-audit] task_create operator_id=36 input_bytes=535841251 local_bytes=535841251 gpu_source_bytes=535841251 host_source_bytes=0 disk_source_bytes=0 gpu_sources=1 host_sources=0 preferred_device=1
[2026-07-01 15:41:57.925] [info] [task_scheduler.cpp:367] [mgpu-audit] pipeline_task dispatched to GPU 1 task_id=9
[2026-07-01 15:41:57.925] [info] [task_scheduler.cpp:369] [locality-audit] dispatch task_id=9 preferred_device=1 actual_gpu=1
[2026-07-01 15:41:57.925] [info] [gpu_pipeline_task.cpp:182] [locality-audit] prepare_before pipeline_id=13 task_id=9 preferred_device=1 actual_gpu=1 target_tier=GPU target_device=1 input_bytes=535841251 local_bytes=535841251 remote_gpu_bytes=0 host_bytes=0 disk_bytes=0 batch_count=1
[2026-07-01 15:41:57.925] [info] [gpu_pipeline_task.cpp:182] [locality-audit] prepare_after pipeline_id=13 task_id=9 preferred_device=1 actual_gpu=1 target_tier=GPU target_device=1 input_bytes=535841251 local_bytes=535841251 remote_gpu_bytes=0 host_bytes=0 disk_bytes=0 batch_count=1
[2026-07-01 15:41:57.925] [info] [gpu_pipeline_task.cpp:311] [stage-audit] pipeline_id=13 task_id=9 operator_id=36 operator_name=PARTITION stage_kind=PARTITION operator_type=82 input_type=PIPELINEABLE output_type=PIPELINEABLE actual_gpu=1 pipeline_operator_count=1 input_batches=1 input_rows=3201659 input_columns=7 input_bytes=535841251 output_batches=1 output_rows=3201659 output_columns=7 output_bytes=535841251 byte_ratio=1.000000 row_ratio=1.000000 duration_us=5
[2026-07-01 15:41:57.925] [info] [task_scheduler.cpp:367] [mgpu-audit] pipeline_task dispatched to GPU 0 task_id=10
[2026-07-01 15:41:57.925] [info] [task_scheduler.cpp:369] [locality-audit] dispatch task_id=10 preferred_device=0 actual_gpu=0
[2026-07-01 15:41:57.925] [info] [task_scheduler.cpp:367] [mgpu-audit] pipeline_task dispatched to GPU 0 task_id=11
[2026-07-01 15:41:57.925] [info] [task_scheduler.cpp:369] [locality-audit] dispatch task_id=11 preferred_device=0 actual_gpu=0
[2026-07-01 15:41:57.925] [info] [gpu_pipeline_task.cpp:182] [locality-audit] prepare_before pipeline_id=14 task_id=10 preferred_device=0 actual_gpu=0 target_tier=GPU target_device=0 input_bytes=535163478 local_bytes=0 remote_gpu_bytes=535163478 host_bytes=0 disk_bytes=0 batch_count=1
[2026-07-01 15:41:58.139] [info] [parquet_gpu_ingestible.cpp:696] [scan-audit] parquet_materialize target_gpu=0 files=/mnt/nvme/dataset/customer.parquet columns=c_custkey,c_name,c_address,c_nationkey,c_phone,c_acctbal,c_comment row_groups=78,79,80,81,82,83,84,85,86,87,88,89,90,91,92,93,94,95,96,97,98,99,100,101,102,103 compressed_bytes=263325531 uncompressed_bytes=522922313 column_bytes=c_custkey:12831843:25646934,c_name:15923839:70527684,c_address:91651685:92958752,c_nationkey:2021573:2021315,c_phone:38007716:60910412,c_acctbal:15841939:25646934,c_comment:87046936:245210282 output_rows=3205766 output_columns=7 split_count=1 duration_us=766534
[2026-07-01 15:41:58.139] [info] [gpu_pipeline_task.cpp:311] [stage-audit] pipeline_id=12 task_id=6 operator_id=34 operator_name=GPU_SCAN stage_kind=SCAN operator_type=94 input_type=GPU_SCAN output_type=PIPELINEABLE actual_gpu=0 pipeline_operator_count=1 input_batches=0 input_rows=0 input_columns=0 input_bytes=0 output_batches=1 output_rows=3205766 output_columns=7 output_bytes=536524436 byte_ratio=0.000000 row_ratio=0.000000 duration_us=769049
[2026-07-01 15:41:58.139] [info] [gpu_pipeline_task.cpp:182] [locality-audit] prepare_before pipeline_id=14 task_id=11 preferred_device=0 actual_gpu=0 target_tier=GPU target_device=0 input_bytes=535841251 local_bytes=0 remote_gpu_bytes=535841251 host_bytes=0 disk_bytes=0 batch_count=1
[2026-07-01 15:41:58.139] [info] [task_creator.cpp:352] [locality-audit] task_create operator_id=36 input_bytes=536524436 local_bytes=536524436 gpu_source_bytes=536524436 host_source_bytes=0 disk_source_bytes=0 gpu_sources=1 host_sources=0 preferred_device=0
[2026-07-01 15:41:58.139] [info] [task_scheduler.cpp:367] [mgpu-audit] pipeline_task dispatched to GPU 0 task_id=12
[2026-07-01 15:41:58.139] [info] [task_scheduler.cpp:369] [locality-audit] dispatch task_id=12 preferred_device=0 actual_gpu=0
[2026-07-01 15:41:58.140] [info] [gpu_pipeline_task.cpp:182] [locality-audit] prepare_before pipeline_id=13 task_id=12 preferred_device=0 actual_gpu=0 target_tier=GPU target_device=0 input_bytes=536524436 local_bytes=536524436 remote_gpu_bytes=0 host_bytes=0 disk_bytes=0 batch_count=1
[2026-07-01 15:41:58.140] [info] [gpu_pipeline_task.cpp:182] [locality-audit] prepare_after pipeline_id=13 task_id=12 preferred_device=0 actual_gpu=0 target_tier=GPU target_device=0 input_bytes=536524436 local_bytes=536524436 remote_gpu_bytes=0 host_bytes=0 disk_bytes=0 batch_count=1
[2026-07-01 15:41:58.140] [info] [gpu_pipeline_task.cpp:311] [stage-audit] pipeline_id=13 task_id=12 operator_id=36 operator_name=PARTITION stage_kind=PARTITION operator_type=82 input_type=PIPELINEABLE output_type=PIPELINEABLE actual_gpu=0 pipeline_operator_count=1 input_batches=1 input_rows=3205766 input_columns=7 input_bytes=536524436 output_batches=1 output_rows=3205766 output_columns=7 output_bytes=536524436 byte_ratio=1.000000 row_ratio=1.000000 duration_us=5
[2026-07-01 15:41:58.145] [info] [parquet_gpu_ingestible.cpp:696] [scan-audit] parquet_materialize target_gpu=3 files=/mnt/nvme/dataset/customer.parquet columns=c_custkey,c_name,c_address,c_nationkey,c_phone,c_acctbal,c_comment row_groups=52,53,54,55,56,57,58,59,60,61,62,63,64,65,66,67,68,69,70,71,72,73,74,75,76,77 compressed_bytes=262652919 uncompressed_bytes=521632726 column_bytes=c_custkey:12801728:25585878,c_name:15880461:70359780,c_address:91393346:92735282,c_nationkey:2016590:2016322,c_phone:37919661:60765404,c_acctbal:15803923:25585878,c_comment:86837210:244584182 output_rows=3198134 output_columns=7 split_count=1 duration_us=774319
[2026-07-01 15:41:58.145] [info] [gpu_pipeline_task.cpp:311] [stage-audit] pipeline_id=12 task_id=5 operator_id=34 operator_name=GPU_SCAN stage_kind=SCAN operator_type=94 input_type=GPU_SCAN output_type=PIPELINEABLE actual_gpu=0 pipeline_operator_count=1 input_batches=0 input_rows=0 input_columns=0 input_bytes=0 output_batches=1 output_rows=3198134 output_columns=7 output_bytes=535202594 byte_ratio=0.000000 row_ratio=0.000000 duration_us=775570
[2026-07-01 15:41:58.146] [info] [task_creator.cpp:352] [locality-audit] task_create operator_id=36 input_bytes=535202594 local_bytes=535202594 gpu_source_bytes=535202594 host_source_bytes=0 disk_source_bytes=0 gpu_sources=1 host_sources=0 preferred_device=3
[2026-07-01 15:41:58.146] [info] [task_scheduler.cpp:367] [mgpu-audit] pipeline_task dispatched to GPU 3 task_id=13
[2026-07-01 15:41:58.146] [info] [task_scheduler.cpp:369] [locality-audit] dispatch task_id=13 preferred_device=3 actual_gpu=3
[2026-07-01 15:41:58.146] [info] [gpu_pipeline_task.cpp:182] [locality-audit] prepare_before pipeline_id=13 task_id=13 preferred_device=3 actual_gpu=0 target_tier=GPU target_device=3 input_bytes=535202594 local_bytes=535202594 remote_gpu_bytes=0 host_bytes=0 disk_bytes=0 batch_count=1
[2026-07-01 15:41:58.146] [info] [gpu_pipeline_task.cpp:182] [locality-audit] prepare_after pipeline_id=13 task_id=13 preferred_device=3 actual_gpu=0 target_tier=GPU target_device=3 input_bytes=535202594 local_bytes=535202594 remote_gpu_bytes=0 host_bytes=0 disk_bytes=0 batch_count=1
[2026-07-01 15:41:58.146] [info] [gpu_pipeline_task.cpp:311] [stage-audit] pipeline_id=13 task_id=13 operator_id=36 operator_name=PARTITION stage_kind=PARTITION operator_type=82 input_type=PIPELINEABLE output_type=PIPELINEABLE actual_gpu=0 pipeline_operator_count=1 input_batches=1 input_rows=3198134 input_columns=7 input_bytes=535202594 output_batches=1 output_rows=3198134 output_columns=7 output_bytes=535202594 byte_ratio=1.000000 row_ratio=1.000000 duration_us=5
[2026-07-01 15:41:58.146] [info] [task_scheduler.cpp:367] [mgpu-audit] pipeline_task dispatched to GPU 0 task_id=14
[2026-07-01 15:41:58.146] [info] [task_scheduler.cpp:369] [locality-audit] dispatch task_id=14 preferred_device=0 actual_gpu=0
[2026-07-01 15:41:58.146] [info] [task_scheduler.cpp:367] [mgpu-audit] pipeline_task dispatched to GPU 0 task_id=15
[2026-07-01 15:41:58.146] [info] [task_scheduler.cpp:369] [locality-audit] dispatch task_id=15 preferred_device=0 actual_gpu=0
[2026-07-01 15:41:58.146] [info] [gpu_pipeline_task.cpp:182] [locality-audit] prepare_before pipeline_id=14 task_id=14 preferred_device=0 actual_gpu=0 target_tier=GPU target_device=0 input_bytes=536524436 local_bytes=536524436 remote_gpu_bytes=0 host_bytes=0 disk_bytes=0 batch_count=1
[2026-07-01 15:41:58.146] [info] [gpu_pipeline_task.cpp:182] [locality-audit] prepare_after pipeline_id=14 task_id=14 preferred_device=0 actual_gpu=0 target_tier=GPU target_device=0 input_bytes=536524436 local_bytes=536524436 remote_gpu_bytes=0 host_bytes=0 disk_bytes=0 batch_count=1
[2026-07-01 15:41:58.146] [info] [gpu_pipeline_task.cpp:182] [locality-audit] prepare_before pipeline_id=14 task_id=15 preferred_device=0 actual_gpu=0 target_tier=GPU target_device=0 input_bytes=535202594 local_bytes=0 remote_gpu_bytes=535202594 host_bytes=0 disk_bytes=0 batch_count=1
[2026-07-01 15:41:58.146] [info] [gpu_pipeline_task.cpp:311] [stage-audit] pipeline_id=14 task_id=14 operator_id=35 operator_name=CONCAT stage_kind=CONCAT operator_type=83 input_type=PARTITIONED output_type=PARTITIONED actual_gpu=0 pipeline_operator_count=1 input_batches=1 input_rows=3205766 input_columns=7 input_bytes=536524436 output_batches=1 output_rows=3205766 output_columns=7 output_bytes=536524436 byte_ratio=1.000000 row_ratio=1.000000 duration_us=1
[2026-07-01 15:41:58.147] [info] [task_scheduler.cpp:367] [mgpu-audit] pipeline_task dispatched to GPU 1 task_id=16
[2026-07-01 15:41:58.147] [info] [task_scheduler.cpp:369] [locality-audit] dispatch task_id=16 preferred_device=1 actual_gpu=1
[2026-07-01 15:41:58.147] [info] [gpu_pipeline_task.cpp:182] [locality-audit] prepare_before pipeline_id=15 task_id=16 preferred_device=1 actual_gpu=1 target_tier=GPU target_device=1 input_bytes=536524945 local_bytes=0 remote_gpu_bytes=536524945 host_bytes=0 disk_bytes=0 batch_count=2
