[2026-07-09 03:50:56.735] [info] [sirius_context.cpp:957] Loaded Sirius configuration from file: /home/dy1013/sirius_multi-gpu/experiment/fixed_page_runs/allq_5x_7gb/configs/sirius_2gpu.yaml
[2026-07-09 03:50:56.742] [info] [telemetry_context.cpp:78] Telemetry context initialized (engine=siriusDB)
[2026-07-09 03:50:56.742] [info] [sirius_context.cpp:296] SiriusContext: topology summary — 2 GPU(s), 1 NUMA node(s), host='hicys76'
[2026-07-09 03:50:56.742] [info] [sirius_context.cpp:301]   GPU 0: NVIDIA RTX A5000 (numa=0, pci=00000000:AC:00.0)
[2026-07-09 03:50:56.742] [info] [sirius_context.cpp:301]   GPU 1: NVIDIA RTX A5000 (numa=0, pci=00000000:CA:00.0)
[2026-07-09 03:50:56.882] [warning] [sirius_context.cpp:311] SiriusContext: disk memory space is not configured; spilling GPU or HOST data to disk is disabled. If queries run out of GPU/HOST memory, downgrades to disk will not be possible.
[2026-07-09 03:50:56.882] [info] [sirius_context.cpp:323] SiriusContext: 1 host memory space(s) created for 1 NUMA node(s)
[2026-07-09 03:50:56.884] [info] [sirius_context.cpp:376] SiriusContext: P2P enabled 0 -> 1
[2026-07-09 03:50:56.884] [info] [sirius_context.cpp:376] SiriusContext: P2P enabled 1 -> 0
[2026-07-09 03:50:56.902] [info] [sirius_context.cpp:436] SiriusContext: cuDF pinned memory resource configured (NUMA-aware, max slab 8192 B, fallback node=0)
[2026-07-09 03:50:56.906] [info] [sirius_context.cpp:918] Connection opened.
[2026-07-09 03:50:56.906] [info] [sirius_context.cpp:931] Extension loaded: sirius
[2026-07-09 03:50:56.906] [info] [sirius_context.cpp:217] QueryEnd
[2026-07-09 03:50:56.915] [info] [:] [host_pool] HOST:0 QueryEnd allocated=67108864 bytes peak=67108864 bytes free_blocks=448
[2026-07-09 03:50:56.915] [info] [:] [gpu_pool] GPU:0 QueryEnd allocated=0 bytes peak=0 bytes reserved=0 bytes
[2026-07-09 03:50:56.915] [info] [:] [gpu_pool] GPU:1 QueryEnd allocated=0 bytes peak=0 bytes reserved=0 bytes
[2026-07-09 03:50:56.915] [info] [:] [host_pool] HOST:0 QueryBegin allocated=67108864 bytes peak=67108864 bytes free_blocks=448
[2026-07-09 03:50:56.915] [info] [:] [gpu_pool] GPU:0 QueryBegin allocated=0 bytes peak=0 bytes reserved=0 bytes
[2026-07-09 03:50:56.915] [info] [:] [gpu_pool] GPU:1 QueryBegin allocated=0 bytes peak=0 bytes reserved=0 bytes
[2026-07-09 03:50:56.915] [info] [sirius_context.cpp:201] QueryBegin: SQL: CALL pin_table('/mnt/nvme/dataset/lineitem.parquet', tier='gpu', name='lineitem', cols=['l_partkey','l_quantity','l_shipdate','l_suppkey'])
[2026-07-09 03:50:57.006] [info] [parquet_gpu_ingestible.cpp:250] [coalesce-debug] parquet_batch_coalescer emit #1: 1 slice(s), acc_bytes=536393008, cap=536870912
[2026-07-09 03:50:57.006] [info] [parquet_gpu_ingestible.cpp:250] [coalesce-debug] parquet_batch_coalescer emit #2: 1 slice(s), acc_bytes=534750348, cap=536870912
[2026-07-09 03:50:57.006] [info] [parquet_gpu_ingestible.cpp:250] [coalesce-debug] parquet_batch_coalescer emit #3: 1 slice(s), acc_bytes=534758520, cap=536870912
[2026-07-09 03:50:57.006] [info] [parquet_gpu_ingestible.cpp:250] [coalesce-debug] parquet_batch_coalescer emit #4: 1 slice(s), acc_bytes=534776264, cap=536870912
[2026-07-09 03:50:57.006] [info] [parquet_gpu_ingestible.cpp:250] [coalesce-debug] parquet_batch_coalescer emit #5: 1 slice(s), acc_bytes=534742540, cap=536870912
[2026-07-09 03:50:57.006] [info] [parquet_gpu_ingestible.cpp:250] [coalesce-debug] parquet_batch_coalescer emit #6: 1 slice(s), acc_bytes=534466172, cap=536870912
[2026-07-09 03:50:57.006] [info] [parquet_gpu_ingestible.cpp:250] [coalesce-debug] parquet_batch_coalescer emit #7: 1 slice(s), acc_bytes=536033184, cap=536870912
[2026-07-09 03:50:57.006] [info] [parquet_gpu_ingestible.cpp:250] [coalesce-debug] parquet_batch_coalescer emit #8: 1 slice(s), acc_bytes=536029944, cap=536870912
[2026-07-09 03:50:57.006] [info] [parquet_gpu_ingestible.cpp:250] [coalesce-debug] parquet_batch_coalescer emit #9: 1 slice(s), acc_bytes=536025264, cap=536870912
[2026-07-09 03:50:57.006] [info] [parquet_gpu_ingestible.cpp:250] [coalesce-debug] parquet_batch_coalescer emit #10: 1 slice(s), acc_bytes=536024812, cap=536870912
[2026-07-09 03:50:57.006] [info] [parquet_gpu_ingestible.cpp:250] [coalesce-debug] parquet_batch_coalescer emit #11: 1 slice(s), acc_bytes=536034204, cap=536870912
[2026-07-09 03:50:57.006] [info] [parquet_gpu_ingestible.cpp:250] [coalesce-debug] parquet_batch_coalescer emit #12: 1 slice(s), acc_bytes=536017848, cap=536870912
[2026-07-09 03:50:57.006] [info] [parquet_gpu_ingestible.cpp:250] [coalesce-debug] parquet_batch_coalescer emit #13: 1 slice(s), acc_bytes=536031252, cap=536870912
[2026-07-09 03:50:57.006] [info] [parquet_gpu_ingestible.cpp:250] [coalesce-debug] parquet_batch_coalescer emit #14: 1 slice(s), acc_bytes=536027148, cap=536870912
[2026-07-09 03:50:57.006] [info] [parquet_gpu_ingestible.cpp:250] [coalesce-debug] parquet_batch_coalescer emit #15: 1 slice(s), acc_bytes=536018280, cap=536870912
[2026-07-09 03:50:57.006] [info] [parquet_gpu_ingestible.cpp:250] [coalesce-debug] parquet_batch_coalescer emit #16: 1 slice(s), acc_bytes=536039256, cap=536870912
[2026-07-09 03:50:57.006] [info] [parquet_gpu_ingestible.cpp:250] [coalesce-debug] parquet_batch_coalescer emit #17: 1 slice(s), acc_bytes=536057752, cap=536870912
[2026-07-09 03:50:57.006] [info] [parquet_gpu_ingestible.cpp:250] [coalesce-debug] parquet_batch_coalescer emit #18: 1 slice(s), acc_bytes=536045864, cap=536870912
[2026-07-09 03:50:57.006] [info] [parquet_gpu_ingestible.cpp:250] [coalesce-debug] parquet_batch_coalescer emit #19: 1 slice(s), acc_bytes=536040264, cap=536870912
[2026-07-09 03:50:57.006] [info] [parquet_gpu_ingestible.cpp:250] [coalesce-debug] parquet_batch_coalescer emit #20: 1 slice(s), acc_bytes=536030468, cap=536870912
[2026-07-09 03:50:57.006] [info] [parquet_gpu_ingestible.cpp:250] [coalesce-debug] parquet_batch_coalescer emit #21: 1 slice(s), acc_bytes=536008604, cap=536870912
[2026-07-09 03:50:57.006] [info] [parquet_gpu_ingestible.cpp:250] [coalesce-debug] parquet_batch_coalescer emit #22: 1 slice(s), acc_bytes=536036988, cap=536870912
[2026-07-09 03:50:57.006] [info] [parquet_gpu_ingestible.cpp:250] [coalesce-debug] parquet_batch_coalescer emit #23: 1 slice(s), acc_bytes=536026204, cap=536870912
[2026-07-09 03:50:57.006] [info] [parquet_gpu_ingestible.cpp:250] [coalesce-debug] parquet_batch_coalescer emit #24: 1 slice(s), acc_bytes=536032852, cap=536870912
[2026-07-09 03:50:57.006] [info] [parquet_gpu_ingestible.cpp:250] [coalesce-debug] parquet_batch_coalescer emit #25: 1 slice(s), acc_bytes=536040520, cap=536870912
[2026-07-09 03:50:57.006] [info] [parquet_gpu_ingestible.cpp:250] [coalesce-debug] parquet_batch_coalescer emit #26: 1 slice(s), acc_bytes=536024004, cap=536870912
[2026-07-09 03:50:57.006] [info] [parquet_gpu_ingestible.cpp:250] [coalesce-debug] parquet_batch_coalescer emit #27: 1 slice(s), acc_bytes=536037108, cap=536870912
[2026-07-09 03:50:57.006] [info] [parquet_gpu_ingestible.cpp:250] [coalesce-debug] parquet_batch_coalescer emit #28: 1 slice(s), acc_bytes=536033140, cap=536870912
[2026-07-09 03:50:57.006] [info] [parquet_gpu_ingestible.cpp:250] [coalesce-debug] parquet_batch_coalescer emit #29: 1 slice(s), acc_bytes=536026176, cap=536870912
[2026-07-09 03:50:57.006] [info] [parquet_gpu_ingestible.cpp:250] [coalesce-debug] parquet_batch_coalescer emit #30: 1 slice(s), acc_bytes=536025876, cap=536870912
[2026-07-09 03:50:57.006] [info] [parquet_gpu_ingestible.cpp:250] [coalesce-debug] parquet_batch_coalescer emit #31: 1 slice(s), acc_bytes=536038136, cap=536870912
[2026-07-09 03:51:01.225] [info] [sirius_context.cpp:217] QueryEnd
[2026-07-09 03:51:01.238] [info] [:] [host_pool] HOST:0 QueryEnd allocated=70254592 bytes peak=70254592 bytes free_blocks=445
[2026-07-09 03:51:01.238] [info] [:] [gpu_pool] GPU:0 QueryEnd allocated=0 bytes peak=6937296896 bytes reserved=0 bytes
[2026-07-09 03:51:01.238] [info] [:] [gpu_pool] GPU:1 QueryEnd allocated=0 bytes peak=6552212736 bytes reserved=0 bytes
[2026-07-09 03:51:01.240] [info] [:] [host_pool] HOST:0 QueryBegin allocated=70254592 bytes peak=70254592 bytes free_blocks=445
[2026-07-09 03:51:01.240] [info] [:] [gpu_pool] GPU:0 QueryBegin allocated=0 bytes peak=6937296896 bytes reserved=0 bytes
[2026-07-09 03:51:01.240] [info] [:] [gpu_pool] GPU:1 QueryBegin allocated=0 bytes peak=6552212736 bytes reserved=0 bytes
[2026-07-09 03:51:01.240] [info] [sirius_context.cpp:201] QueryBegin: SQL: CALL unpin_table('lineitem')
[2026-07-09 03:51:01.243] [info] [sirius_context.cpp:217] QueryEnd
[2026-07-09 03:51:01.259] [info] [:] [host_pool] HOST:0 QueryEnd allocated=70254592 bytes peak=70254592 bytes free_blocks=445
[2026-07-09 03:51:01.259] [info] [:] [gpu_pool] GPU:0 QueryEnd allocated=0 bytes peak=6937296896 bytes reserved=0 bytes
[2026-07-09 03:51:01.259] [info] [:] [gpu_pool] GPU:1 QueryEnd allocated=0 bytes peak=6552212736 bytes reserved=0 bytes
[2026-07-09 03:51:01.259] [info] [:] [host_pool] HOST:0 QueryBegin allocated=70254592 bytes peak=70254592 bytes free_blocks=445
[2026-07-09 03:51:01.259] [info] [:] [gpu_pool] GPU:0 QueryBegin allocated=0 bytes peak=6937296896 bytes reserved=0 bytes
[2026-07-09 03:51:01.259] [info] [:] [gpu_pool] GPU:1 QueryBegin allocated=0 bytes peak=6552212736 bytes reserved=0 bytes
[2026-07-09 03:51:01.259] [info] [sirius_context.cpp:201] QueryBegin: SQL: CALL unpin_table('nation')
[2026-07-09 03:51:01.259] [info] [sirius_context.cpp:217] QueryEnd
[2026-07-09 03:51:01.269] [info] [:] [host_pool] HOST:0 QueryEnd allocated=70254592 bytes peak=70254592 bytes free_blocks=445
[2026-07-09 03:51:01.269] [info] [:] [gpu_pool] GPU:0 QueryEnd allocated=0 bytes peak=6937296896 bytes reserved=0 bytes
[2026-07-09 03:51:01.269] [info] [:] [gpu_pool] GPU:1 QueryEnd allocated=0 bytes peak=6552212736 bytes reserved=0 bytes
[2026-07-09 03:51:01.269] [info] [:] [host_pool] HOST:0 QueryBegin allocated=70254592 bytes peak=70254592 bytes free_blocks=445
[2026-07-09 03:51:01.269] [info] [:] [gpu_pool] GPU:0 QueryBegin allocated=0 bytes peak=6937296896 bytes reserved=0 bytes
[2026-07-09 03:51:01.269] [info] [:] [gpu_pool] GPU:1 QueryBegin allocated=0 bytes peak=6552212736 bytes reserved=0 bytes
[2026-07-09 03:51:01.269] [info] [sirius_context.cpp:201] QueryBegin: SQL: CALL unpin_table('part')
[2026-07-09 03:51:01.269] [info] [sirius_context.cpp:217] QueryEnd
[2026-07-09 03:51:01.279] [info] [:] [host_pool] HOST:0 QueryEnd allocated=70254592 bytes peak=70254592 bytes free_blocks=445
[2026-07-09 03:51:01.279] [info] [:] [gpu_pool] GPU:0 QueryEnd allocated=0 bytes peak=6937296896 bytes reserved=0 bytes
[2026-07-09 03:51:01.279] [info] [:] [gpu_pool] GPU:1 QueryEnd allocated=0 bytes peak=6552212736 bytes reserved=0 bytes
[2026-07-09 03:51:01.279] [info] [:] [host_pool] HOST:0 QueryBegin allocated=70254592 bytes peak=70254592 bytes free_blocks=445
[2026-07-09 03:51:01.279] [info] [:] [gpu_pool] GPU:0 QueryBegin allocated=0 bytes peak=6937296896 bytes reserved=0 bytes
[2026-07-09 03:51:01.279] [info] [:] [gpu_pool] GPU:1 QueryBegin allocated=0 bytes peak=6552212736 bytes reserved=0 bytes
[2026-07-09 03:51:01.279] [info] [sirius_context.cpp:201] QueryBegin: SQL: CALL unpin_table('partsupp')
[2026-07-09 03:51:01.280] [info] [sirius_context.cpp:217] QueryEnd
[2026-07-09 03:51:01.289] [info] [:] [host_pool] HOST:0 QueryEnd allocated=70254592 bytes peak=70254592 bytes free_blocks=445
[2026-07-09 03:51:01.289] [info] [:] [gpu_pool] GPU:0 QueryEnd allocated=0 bytes peak=6937296896 bytes reserved=0 bytes
[2026-07-09 03:51:01.289] [info] [:] [gpu_pool] GPU:1 QueryEnd allocated=0 bytes peak=6552212736 bytes reserved=0 bytes
[2026-07-09 03:51:01.289] [info] [:] [host_pool] HOST:0 QueryBegin allocated=70254592 bytes peak=70254592 bytes free_blocks=445
[2026-07-09 03:51:01.289] [info] [:] [gpu_pool] GPU:0 QueryBegin allocated=0 bytes peak=6937296896 bytes reserved=0 bytes
[2026-07-09 03:51:01.289] [info] [:] [gpu_pool] GPU:1 QueryBegin allocated=0 bytes peak=6552212736 bytes reserved=0 bytes
[2026-07-09 03:51:01.289] [info] [sirius_context.cpp:201] QueryBegin: SQL: CALL unpin_table('supplier')
[2026-07-09 03:51:01.290] [info] [sirius_context.cpp:217] QueryEnd
[2026-07-09 03:51:01.299] [info] [:] [host_pool] HOST:0 QueryEnd allocated=70254592 bytes peak=70254592 bytes free_blocks=445
[2026-07-09 03:51:01.299] [info] [:] [gpu_pool] GPU:0 QueryEnd allocated=0 bytes peak=6937296896 bytes reserved=0 bytes
[2026-07-09 03:51:01.299] [info] [:] [gpu_pool] GPU:1 QueryEnd allocated=0 bytes peak=6552212736 bytes reserved=0 bytes
[2026-07-09 03:51:01.300] [info] [sirius_context.cpp:924] Connection closed.
[2026-07-09 03:51:01.310] [info] [task_scheduler.cpp:368] Task request channel closed, exiting management event loop.
[2026-07-09 03:51:01.311] [info] [gpu_pipeline_executor.cpp:118] GPU Pipeline Executor: task queue interrupted, stopping manager loop
[2026-07-09 03:51:01.311] [info] [gpu_pipeline_executor.cpp:118] GPU Pipeline Executor: task queue interrupted, stopping manager loop
