[2026-07-01 14:24:32.113] [warning] [sirius_config.cpp:459] sirius_config: use_sirius_datasource was false but 4 GPUs are configured; the sirius datasource is required for multi-GPU IO routing. Overriding use_sirius_datasource to true.
[2026-07-01 14:24:32.113] [info] [sirius_context.cpp:1046] Loaded Sirius configuration from file: /home/dy1013/sirius_multi-gpu/experiment/automatic_motivation_latency_full_probe_real_20260701/configs/sirius_4gpu.yaml
[2026-07-01 14:24:32.117] [info] [telemetry_context.cpp:67] Telemetry context initialized (engine=siriusDB)
[2026-07-01 14:24:32.117] [info] [sirius_context.cpp:337] SiriusContext: topology summary — 4 GPU(s), 1 NUMA node(s), host='hicys76'
[2026-07-01 14:24:32.117] [info] [sirius_context.cpp:342]   GPU 0: NVIDIA RTX A5000 (numa=0, pci=00000000:16:00.0)
[2026-07-01 14:24:32.117] [info] [sirius_context.cpp:342]   GPU 1: NVIDIA RTX A5000 (numa=0, pci=00000000:34:00.0)
[2026-07-01 14:24:32.117] [info] [sirius_context.cpp:342]   GPU 2: NVIDIA RTX A5000 (numa=0, pci=00000000:AC:00.0)
[2026-07-01 14:24:32.117] [info] [sirius_context.cpp:342]   GPU 3: NVIDIA RTX A5000 (numa=0, pci=00000000:CA:00.0)
[2026-07-01 14:24:32.278] [warning] [sirius_context.cpp:352] SiriusContext: disk memory space is not configured; spilling GPU or HOST data to disk is disabled. If queries run out of GPU/HOST memory, downgrades to disk will not be possible.
[2026-07-01 14:24:32.278] [info] [sirius_context.cpp:364] SiriusContext: 1 host memory space(s) created for 1 NUMA node(s)
[2026-07-01 14:24:32.280] [info] [sirius_context.cpp:417] SiriusContext: P2P enabled 0 -> 1
[2026-07-01 14:24:32.282] [info] [sirius_context.cpp:417] SiriusContext: P2P enabled 0 -> 2
[2026-07-01 14:24:32.282] [error] [sirius_context.cpp:398] SiriusContext: cudaDeviceCanAccessPeer(0,3) failed: invalid device ordinal
[2026-07-01 14:24:32.282] [info] [sirius_context.cpp:417] SiriusContext: P2P enabled 1 -> 0
[2026-07-01 14:24:32.284] [info] [sirius_context.cpp:417] SiriusContext: P2P enabled 1 -> 2
[2026-07-01 14:24:32.284] [error] [sirius_context.cpp:398] SiriusContext: cudaDeviceCanAccessPeer(1,3) failed: invalid device ordinal
[2026-07-01 14:24:32.284] [info] [sirius_context.cpp:417] SiriusContext: P2P enabled 2 -> 0
[2026-07-01 14:24:32.284] [info] [sirius_context.cpp:417] SiriusContext: P2P enabled 2 -> 1
[2026-07-01 14:24:32.284] [error] [sirius_context.cpp:398] SiriusContext: cudaDeviceCanAccessPeer(2,3) failed: invalid device ordinal
[2026-07-01 14:24:32.284] [error] [sirius_context.cpp:398] SiriusContext: cudaDeviceCanAccessPeer(3,0) failed: invalid device ordinal
[2026-07-01 14:24:32.284] [error] [sirius_context.cpp:398] SiriusContext: cudaDeviceCanAccessPeer(3,1) failed: invalid device ordinal
[2026-07-01 14:24:32.284] [error] [sirius_context.cpp:398] SiriusContext: cudaDeviceCanAccessPeer(3,2) failed: invalid device ordinal
[2026-07-01 14:24:32.301] [info] [sirius_context.cpp:477] SiriusContext: cuDF pinned memory resource configured (NUMA-aware, max slab 8192 B, fallback node=0)
[2026-07-01 14:24:32.526] [error] [:] downgrade_executor per-thread init: cudaSetDevice(3) failed: invalid device ordinal
[2026-07-01 14:24:32.526] [error] [:] downgrade_executor per-thread init: cudaSetDevice(3) failed: invalid device ordinal
[2026-07-01 14:24:32.526] [error] [:] downgrade_executor per-thread init: cudaSetDevice(3) failed: invalid device ordinal
[2026-07-01 14:24:32.526] [error] [:] downgrade_executor per-thread init: cudaSetDevice(3) failed: invalid device ordinal
[2026-07-01 14:24:32.527] [error] [:] gpu_pipeline_executor per-thread init: cudaSetDevice(3) failed: invalid device ordinal
[2026-07-01 14:24:32.527] [error] [:] gpu_pipeline_executor per-thread init: cudaSetDevice(3) failed: invalid device ordinal
[2026-07-01 14:24:32.527] [error] [:] gpu_pipeline_executor per-thread init: cudaSetDevice(3) failed: invalid device ordinal
[2026-07-01 14:24:32.527] [error] [:] gpu_pipeline_executor per-thread init: cudaSetDevice(3) failed: invalid device ordinal
[2026-07-01 14:24:32.528] [info] [sirius_context.cpp:1007] Connection opened.
[2026-07-01 14:24:32.528] [info] [sirius_context.cpp:1020] Extension loaded: sirius
[2026-07-01 14:24:32.529] [info] [sirius_context.cpp:258] QueryEnd
[2026-07-01 14:24:32.537] [info] [:] [host_pool] HOST:0 QueryEnd allocated=0 bytes peak=0 bytes free_blocks=512
[2026-07-01 14:24:32.537] [info] [:] [gpu_pool] GPU:0 QueryEnd allocated=0 bytes peak=0 bytes reserved=0 bytes
[2026-07-01 14:24:32.537] [info] [:] [gpu_pool] GPU:1 QueryEnd allocated=0 bytes peak=0 bytes reserved=0 bytes
[2026-07-01 14:24:32.537] [info] [:] [gpu_pool] GPU:2 QueryEnd allocated=0 bytes peak=0 bytes reserved=0 bytes
[2026-07-01 14:24:32.537] [info] [:] [gpu_pool] GPU:3 QueryEnd allocated=0 bytes peak=0 bytes reserved=0 bytes
[2026-07-01 14:24:32.537] [info] [:] [host_pool] HOST:0 QueryBegin allocated=0 bytes peak=0 bytes free_blocks=512
[2026-07-01 14:24:32.537] [info] [:] [gpu_pool] GPU:0 QueryBegin allocated=0 bytes peak=0 bytes reserved=0 bytes
[2026-07-01 14:24:32.537] [info] [:] [gpu_pool] GPU:1 QueryBegin allocated=0 bytes peak=0 bytes reserved=0 bytes
[2026-07-01 14:24:32.537] [info] [:] [gpu_pool] GPU:2 QueryBegin allocated=0 bytes peak=0 bytes reserved=0 bytes
[2026-07-01 14:24:32.537] [info] [:] [gpu_pool] GPU:3 QueryBegin allocated=0 bytes peak=0 bytes reserved=0 bytes
[2026-07-01 14:24:32.537] [info] [sirius_context.cpp:242] QueryBegin: SQL: SET gpu_execution = true;
[2026-07-01 14:24:32.537] [info] [sirius_context.cpp:258] QueryEnd
[2026-07-01 14:24:32.547] [info] [:] [host_pool] HOST:0 QueryEnd allocated=0 bytes peak=0 bytes free_blocks=512
[2026-07-01 14:24:32.547] [info] [:] [gpu_pool] GPU:0 QueryEnd allocated=0 bytes peak=0 bytes reserved=0 bytes
[2026-07-01 14:24:32.547] [info] [:] [gpu_pool] GPU:1 QueryEnd allocated=0 bytes peak=0 bytes reserved=0 bytes
[2026-07-01 14:24:32.547] [info] [:] [gpu_pool] GPU:2 QueryEnd allocated=0 bytes peak=0 bytes reserved=0 bytes
[2026-07-01 14:24:32.547] [info] [:] [gpu_pool] GPU:3 QueryEnd allocated=0 bytes peak=0 bytes reserved=0 bytes
[2026-07-01 14:24:32.547] [info] [:] [host_pool] HOST:0 QueryBegin allocated=0 bytes peak=0 bytes free_blocks=512
[2026-07-01 14:24:32.547] [info] [:] [gpu_pool] GPU:0 QueryBegin allocated=0 bytes peak=0 bytes reserved=0 bytes
[2026-07-01 14:24:32.547] [info] [:] [gpu_pool] GPU:1 QueryBegin allocated=0 bytes peak=0 bytes reserved=0 bytes
[2026-07-01 14:24:32.547] [info] [:] [gpu_pool] GPU:2 QueryBegin allocated=0 bytes peak=0 bytes reserved=0 bytes
[2026-07-01 14:24:32.547] [info] [:] [gpu_pool] GPU:3 QueryBegin allocated=0 bytes peak=0 bytes reserved=0 bytes
[2026-07-01 14:24:32.547] [info] [sirius_context.cpp:242] QueryBegin: SQL: select l.l_orderkey, sum(l.l_extendedprice * (1 - l.l_discount)) as revenue, o.o_orderdate, o.o_shippriority from customer c, orders o, lineitem l where c.c_mktsegment = 'HOUSEHOLD' and c.c_custkey = o.o_custkey and l.l_orderkey = o.o_orderkey and o.o_orderdate < date '1995-03-25' and l.l_shipdate > date '1995-03-25' group by l.l_orderkey, o.o_orderdate, o.o_shippriority order by revenue desc, o.o_orderdate limit 10
[2026-07-01 14:24:32.854] [info] [sirius_context.cpp:954] Transparent execution: Sirius physical plan generated successfully
[2026-07-01 14:24:32.868] [info] [sirius_context.cpp:966] Transparent execution: physical plan replaced with GPU operator
[2026-07-01 14:24:32.868] [info] [physical_sirius_execution.cpp:96] Transparent GPU execution: executing query
[2026-07-01 14:24:32.966] [info] [sirius_engine.cpp:400] Query Plan:
=== Pipeline Overview ===
Pipeline #0: GPU_SCAN (id=19)
  Output: -> PARTITION [port: default, barrier: FULL]
Pipeline #1: PARTITION (id=21)
  Input: <- Pipeline #0 [on: PARTITION (id=21), port: default, barrier: FULL]
  Dependencies: Pipeline #0
  Output: -> CONCAT [port: default, barrier: PARTIAL]
Pipeline #2: CONCAT (id=20)
  Input: <- Pipeline #1 [on: CONCAT (id=20), port: default, barrier: PARTIAL]
  Dependencies: Pipeline #1
  Output: -> HASH_JOIN [port: build, barrier: FULL]
Pipeline #3: GPU_SCAN (id=22)
  Output: -> PARTITION [port: default, barrier: PARTIAL]
Pipeline #4: PARTITION (id=24)
  Input: <- Pipeline #3 [on: PARTITION (id=24), port: default, barrier: PARTIAL]
  Dependencies: Pipeline #3
  Output: -> CONCAT [port: default, barrier: PARTIAL]
Pipeline #5: CONCAT (id=23)
  Input: <- Pipeline #4 [on: CONCAT (id=23), port: default, barrier: PARTIAL]
  Dependencies: Pipeline #4
  Output: -> HASH_JOIN [port: default, barrier: FULL]
Pipeline #6: HASH_JOIN (id=12)
  Input: <- Pipeline #5 [on: HASH_JOIN (id=12), port: default, barrier: FULL]
  Input: <- Pipeline #2 [on: HASH_JOIN (id=12), port: build, barrier: FULL]
  Dependencies: Pipeline #2, Pipeline #5
  Output: -> PARTITION [port: default, barrier: FULL]
Pipeline #7: PARTITION (id=26)
  Input: <- Pipeline #6 [on: PARTITION (id=26), port: default, barrier: FULL]
  Dependencies: Pipeline #6
  Output: -> CONCAT [port: default, barrier: PARTIAL]
Pipeline #8: CONCAT (id=25)
  Input: <- Pipeline #7 [on: CONCAT (id=25), port: default, barrier: PARTIAL]
  Dependencies: Pipeline #7
  Output: -> HASH_JOIN [port: build, barrier: FULL]
Pipeline #9: GPU_SCAN (id=27)
  Output: -> PARTITION [port: default, barrier: PARTIAL]
Pipeline #10: PARTITION (id=29)
  Input: <- Pipeline #9 [on: PARTITION (id=29), port: default, barrier: PARTIAL]
  Dependencies: Pipeline #9
  Output: -> CONCAT [port: default, barrier: PARTIAL]
Pipeline #11: CONCAT (id=28)
  Input: <- Pipeline #10 [on: CONCAT (id=28), port: default, barrier: PARTIAL]
  Dependencies: Pipeline #10
  Output: -> HASH_JOIN [port: default, barrier: FULL]
Pipeline #12: HASH_JOIN (id=13) -> PROJECTION (id=14) -> HASH_GROUP_BY (id=15)
  Input: <- Pipeline #11 [on: HASH_JOIN (id=13), port: default, barrier: FULL]
  Input: <- Pipeline #8 [on: HASH_JOIN (id=13), port: build, barrier: FULL]
  Dependencies: Pipeline #8, Pipeline #11
  Output: -> PARTITION [port: default, barrier: FULL]
Pipeline #13: PARTITION (id=30)
  Input: <- Pipeline #12 [on: PARTITION (id=30), port: default, barrier: FULL]
  Dependencies: Pipeline #12
  Output: -> MERGE_GROUP_BY [port: default, barrier: FULL]
Pipeline #14: MERGE_GROUP_BY (id=31)
  Input: <- Pipeline #13 [on: MERGE_GROUP_BY (id=31), port: default, barrier: FULL]
  Dependencies: Pipeline #13
  Output: -> PROJECTION [port: default, barrier: FULL]
Pipeline #15: PROJECTION (id=16) -> TOP_N (id=17)
  Input: <- Pipeline #14 [on: PROJECTION (id=16), port: default, barrier: FULL]
  Dependencies: Pipeline #14
  Output: -> MERGE_TOP_N [port: default, barrier: FULL]
Pipeline #16: MERGE_TOP_N (id=32)
  Input: <- Pipeline #15 [on: MERGE_TOP_N (id=32), port: default, barrier: FULL]
  Dependencies: Pipeline #15
  Output: -> RESULT_COLLECTOR [port: default, barrier: FULL]
Pipeline #17: RESULT_COLLECTOR (id=18)
  Input: <- Pipeline #16 [on: RESULT_COLLECTOR (id=18), port: default, barrier: FULL]
  Dependencies: Pipeline #16

=== Query Plan DAG ===
┌──────────────────────────┐                                                        
│ Pipeline #17             │                                                        
│ RESULT_COLLECTOR (id=18) │                                                        
│ Input(#16): FULL         │                                                        
└────────────┬─────────────┘                                                        
             │                                                                      
┌──────────────────────────┐                                                        
│ Pipeline #16             │                                                        
│ MERGE_TOP_N (id=32)      │                                                        
│ Input(#15): FULL         │                                                        
└────────────┬─────────────┘                                                        
             │                                                                      
┌──────────────────────────┐                                                        
│ Pipeline #15             │                                                        
│ TOP_N (id=17)            │                                                        
│ PROJECTION (id=16)       │                                                        
│ Input(#14): FULL         │                                                        
└────────────┬─────────────┘                                                        
             │                                                                      
┌──────────────────────────┐                                                        
│ Pipeline #14             │                                                        
│ MERGE_GROUP_BY (id=31)   │                                                        
│ Input(#13): FULL         │                                                        
└────────────┬─────────────┘                                                        
             │                                                                      
┌──────────────────────────┐                                                        
│ Pipeline #13             │                                                        
│ PARTITION (id=30)        │                                                        
│ Input(#12): FULL         │                                                        
└────────────┬─────────────┘                                                        
             │                                                                      
┌──────────────────────────┐                                                        
│ Pipeline #12             │                                                        
│ HASH_GROUP_BY (id=15)    │                                                        
│ PROJECTION (id=14)       │                                                        
│ HASH_JOIN (id=13)        │                                                        
│   type: INNER            │                                                        
│ Input(#11): FULL         │                                                        
│ Input(#8): FULL          │                                                        
└────────────┬─────────────┘                                                        
             ┌───────────────────────────────────────────────────────┐              
             │                                                       │              
┌──────────────────────────┐                            ┌──────────────────────────┐
│ Pipeline #8              │                            │ Pipeline #11             │
│ CONCAT (id=25)           │                            │ CONCAT (id=28)           │
│ Input(#7): PARTIAL       │                            │ Input(#10): PARTIAL      │
└────────────┬─────────────┘                            └────────────┬─────────────┘
             │                                                       │              
┌──────────────────────────┐                            ┌──────────────────────────┐
│ Pipeline #7              │                            │ Pipeline #10             │
│ PARTITION (id=26)        │                            │ PARTITION (id=29)        │
│ Input(#6): FULL          │                            │ Input(#9): PARTIAL       │
└────────────┬─────────────┘                            └────────────┬─────────────┘
             │                                                       │              
┌──────────────────────────┐                            ┌──────────────────────────┐
│ Pipeline #6              │                            │ Pipeline #9              │
│ HASH_JOIN (id=12)        │                            │ GPU_SCAN (id=27)         │
│   type: INNER            │                            │                          │
│ Input(#5): FULL          │                            │                          │
│ Input(#2): FULL          │                            │                          │
└────────────┬─────────────┘                            └──────────────────────────┘
             ┌───────────────────────────┐                                          
             │                           │                                          
┌──────────────────────────┐┌──────────────────────────┐                            
│ Pipeline #2              ││ Pipeline #5              │                            
│ CONCAT (id=20)           ││ CONCAT (id=23)           │                            
│ Input(#1): PARTIAL       ││ Input(#4): PARTIAL       │                            
└────────────┬─────────────┘└────────────┬─────────────┘                            
             │                           │                                          
┌──────────────────────────┐┌──────────────────────────┐                            
│ Pipeline #1              ││ Pipeline #4              │                            
│ PARTITION (id=21)        ││ PARTITION (id=24)        │                            
│ Input(#0): FULL          ││ Input(#3): PARTIAL       │                            
└────────────┬─────────────┘└────────────┬─────────────┘                            
             │                           │                                          
┌──────────────────────────┐┌──────────────────────────┐                            
│ Pipeline #0              ││ Pipeline #3              │                            
│ GPU_SCAN (id=19)         ││ GPU_SCAN (id=22)         │                            
└──────────────────────────┘└──────────────────────────┘                            

[2026-07-01 14:24:32.978] [info] [task_scheduler.cpp:367] [mgpu-audit] pipeline_task dispatched to GPU 0 task_id=0
[2026-07-01 14:24:32.978] [info] [task_scheduler.cpp:369] [locality-audit] dispatch task_id=0 preferred_device=0 actual_gpu=0
[2026-07-01 14:24:33.073] [info] [parquet_gpu_ingestible.cpp:696] [scan-audit] parquet_materialize target_gpu=0 files=/mnt/nvme/dataset/customer.parquet columns=c_custkey,c_mktsegment row_groups=0,1,2,3,4,5,6,7,8,9,10,11,12,13,14,15,16,17,18,19,20,21,22,23,24,25,26,27,28,29,30,31,32,33,34,35,36,37,38,39,40,41,42,43,44,45,46,47,48,49,50,51,52,53,54,55,56,57,58,59,60,61,62,63,64,65,66,67,68,69,70,71,72,73,74,75,76,77,78,79,80,81,82,83,84,85,86,87,88,89,90,91,92,93,94,95,96,97,98,99,100,101,102,103,104,105,106,107,108,109,110,111,112,113,114,115,116,117,118,119,120,121 compressed_bytes=65743561 uncompressed_bytes=120003782 column_bytes=c_custkey:60042225:120003782,c_mktsegment:5701336:5700536 output_rows=3000019 output_columns=2 split_count=1 duration_us=92159
[2026-07-01 14:24:33.073] [info] [gpu_pipeline_task.cpp:311] [stage-audit] pipeline_id=0 task_id=0 operator_id=19 operator_name=GPU_SCAN stage_kind=SCAN operator_type=94 input_type=GPU_SCAN output_type=PIPELINEABLE actual_gpu=0 pipeline_operator_count=1 input_batches=0 input_rows=0 input_columns=0 input_bytes=0 output_batches=1 output_rows=3000019 output_columns=1 output_bytes=24375192 byte_ratio=0.000000 row_ratio=0.000000 duration_us=95210
[2026-07-01 14:24:33.073] [info] [task_creator.cpp:352] [locality-audit] task_create operator_id=21 input_bytes=24375192 local_bytes=24375192 gpu_source_bytes=24375192 host_source_bytes=0 disk_source_bytes=0 gpu_sources=1 host_sources=0 preferred_device=0
[2026-07-01 14:24:33.074] [info] [task_scheduler.cpp:367] [mgpu-audit] pipeline_task dispatched to GPU 0 task_id=1
[2026-07-01 14:24:33.074] [info] [task_scheduler.cpp:369] [locality-audit] dispatch task_id=1 preferred_device=0 actual_gpu=0
[2026-07-01 14:24:33.074] [info] [gpu_pipeline_task.cpp:182] [locality-audit] prepare_before pipeline_id=1 task_id=1 preferred_device=0 actual_gpu=0 target_tier=GPU target_device=0 input_bytes=24375192 local_bytes=24375192 remote_gpu_bytes=0 host_bytes=0 disk_bytes=0 batch_count=1
[2026-07-01 14:24:33.074] [info] [gpu_pipeline_task.cpp:182] [locality-audit] prepare_after pipeline_id=1 task_id=1 preferred_device=0 actual_gpu=0 target_tier=GPU target_device=0 input_bytes=24375192 local_bytes=24375192 remote_gpu_bytes=0 host_bytes=0 disk_bytes=0 batch_count=1
[2026-07-01 14:24:33.074] [info] [gpu_pipeline_task.cpp:311] [stage-audit] pipeline_id=1 task_id=1 operator_id=21 operator_name=PARTITION stage_kind=PARTITION operator_type=82 input_type=PIPELINEABLE output_type=PIPELINEABLE actual_gpu=0 pipeline_operator_count=1 input_batches=1 input_rows=3000019 input_columns=1 input_bytes=24375192 output_batches=1 output_rows=3000019 output_columns=1 output_bytes=24375192 byte_ratio=1.000000 row_ratio=1.000000 duration_us=5
[2026-07-01 14:24:33.074] [info] [task_scheduler.cpp:367] [mgpu-audit] pipeline_task dispatched to GPU 0 task_id=2
[2026-07-01 14:24:33.074] [info] [task_scheduler.cpp:369] [locality-audit] dispatch task_id=2 preferred_device=0 actual_gpu=0
[2026-07-01 14:24:33.074] [info] [gpu_pipeline_task.cpp:182] [locality-audit] prepare_before pipeline_id=2 task_id=2 preferred_device=0 actual_gpu=0 target_tier=GPU target_device=0 input_bytes=24375192 local_bytes=24375192 remote_gpu_bytes=0 host_bytes=0 disk_bytes=0 batch_count=1
[2026-07-01 14:24:33.074] [info] [gpu_pipeline_task.cpp:182] [locality-audit] prepare_after pipeline_id=2 task_id=2 preferred_device=0 actual_gpu=0 target_tier=GPU target_device=0 input_bytes=24375192 local_bytes=24375192 remote_gpu_bytes=0 host_bytes=0 disk_bytes=0 batch_count=1
[2026-07-01 14:24:33.075] [info] [gpu_pipeline_task.cpp:311] [stage-audit] pipeline_id=2 task_id=2 operator_id=20 operator_name=CONCAT stage_kind=CONCAT operator_type=83 input_type=PARTITIONED output_type=PARTITIONED actual_gpu=0 pipeline_operator_count=1 input_batches=1 input_rows=3000019 input_columns=1 input_bytes=24375192 output_batches=1 output_rows=3000019 output_columns=1 output_bytes=24375192 byte_ratio=1.000000 row_ratio=1.000000 duration_us=6
[2026-07-01 14:24:33.075] [info] [task_scheduler.cpp:367] [mgpu-audit] pipeline_task dispatched to GPU 1 task_id=3
[2026-07-01 14:24:33.075] [info] [task_scheduler.cpp:369] [locality-audit] dispatch task_id=3 preferred_device=1 actual_gpu=1
[2026-07-01 14:24:33.075] [info] [task_scheduler.cpp:367] [mgpu-audit] pipeline_task dispatched to GPU 2 task_id=4
[2026-07-01 14:24:33.075] [info] [task_scheduler.cpp:369] [locality-audit] dispatch task_id=4 preferred_device=2 actual_gpu=2
[2026-07-01 14:24:33.075] [info] [task_scheduler.cpp:367] [mgpu-audit] pipeline_task dispatched to GPU 3 task_id=5
[2026-07-01 14:24:33.075] [info] [task_scheduler.cpp:369] [locality-audit] dispatch task_id=5 preferred_device=3 actual_gpu=3
[2026-07-01 14:24:33.075] [info] [task_scheduler.cpp:367] [mgpu-audit] pipeline_task dispatched to GPU 0 task_id=6
[2026-07-01 14:24:33.075] [info] [task_scheduler.cpp:369] [locality-audit] dispatch task_id=6 preferred_device=0 actual_gpu=0
[2026-07-01 14:24:33.075] [info] [task_scheduler.cpp:367] [mgpu-audit] pipeline_task dispatched to GPU 1 task_id=7
[2026-07-01 14:24:33.075] [info] [task_scheduler.cpp:369] [locality-audit] dispatch task_id=7 preferred_device=1 actual_gpu=1
[2026-07-01 14:24:33.498] [info] [parquet_gpu_ingestible.cpp:696] [scan-audit] parquet_materialize target_gpu=1 files=/mnt/nvme/dataset/orders.parquet columns=o_orderkey,o_custkey,o_orderdate,o_shippriority row_groups=0,1,2,3,4,5,6,7,8,9,10,11,12,13,14,15,16,17,18,19,20,21,22,23,24,25,26,27,28,29,30,31,32,33,34,35,36,37,38,39,40,41,42,43,44,45,46,47,48,49,50,51,52,53,54,55,56,57,58,59,60,61,62,63,64,65,66,67,68,69,70,71,72,73,74,75,76,77,78,79,80,81,82,83,84,85,86,87,88,89,90,91,92,93,94,95,96,97,98,99,100,101,102,103,104,105,106,107,108,109,110,111,112,113,114,115,116,117,118,119,120,121,122,123,124,125,126,127,128,129,130,131,132,133,134,135,136,137,138,139,140,141,142,143,144,145,146,147,148,149,150,151,152,153,154,155,156,157,158,159,160,161,162,163,164,165,166,167,168,169,170,171,172,173,174,175,176,177,178,179,180,181,182,183,184,185,186,187,188,189,190,191,192,193,194,195,196,197,198,199,200,201,202,203,204,205,206,207,208,209,210,211,212,213,214,215,216,217,218,219,220,221,222,223,224,225,226,227,228,229,230,231,232,233,234,235,236,237,238,239,240,241,242,243,244,245,246 compressed_bytes=332522751 uncompressed_bytes=535836346 column_bytes=o_orderkey:121517446:243793905,o_custkey:162751422:243793905,o_orderdate:48240792:48236433,o_shippriority:13091:12103 output_rows=14934843 output_columns=4 split_count=1 duration_us=414113
[2026-07-01 14:24:33.498] [info] [gpu_pipeline_task.cpp:311] [stage-audit] pipeline_id=3 task_id=3 operator_id=22 operator_name=GPU_SCAN stage_kind=SCAN operator_type=94 input_type=GPU_SCAN output_type=PIPELINEABLE actual_gpu=1 pipeline_operator_count=1 input_batches=0 input_rows=0 input_columns=0 input_bytes=0 output_batches=1 output_rows=14934843 output_columns=4 output_bytes=365903752 byte_ratio=0.000000 row_ratio=0.000000 duration_us=422865
[2026-07-01 14:24:33.498] [info] [task_creator.cpp:352] [locality-audit] task_create operator_id=24 input_bytes=365903752 local_bytes=365903752 gpu_source_bytes=365903752 host_source_bytes=0 disk_source_bytes=0 gpu_sources=1 host_sources=0 preferred_device=1
[2026-07-01 14:24:33.498] [info] [task_scheduler.cpp:367] [mgpu-audit] pipeline_task dispatched to GPU 1 task_id=8
[2026-07-01 14:24:33.498] [info] [task_scheduler.cpp:369] [locality-audit] dispatch task_id=8 preferred_device=1 actual_gpu=1
[2026-07-01 14:24:33.498] [info] [gpu_pipeline_task.cpp:182] [locality-audit] prepare_before pipeline_id=4 task_id=8 preferred_device=1 actual_gpu=1 target_tier=GPU target_device=1 input_bytes=365903752 local_bytes=365903752 remote_gpu_bytes=0 host_bytes=0 disk_bytes=0 batch_count=1
[2026-07-01 14:24:33.498] [info] [gpu_pipeline_task.cpp:182] [locality-audit] prepare_after pipeline_id=4 task_id=8 preferred_device=1 actual_gpu=1 target_tier=GPU target_device=1 input_bytes=365903752 local_bytes=365903752 remote_gpu_bytes=0 host_bytes=0 disk_bytes=0 batch_count=1
[2026-07-01 14:24:33.498] [info] [gpu_pipeline_task.cpp:311] [stage-audit] pipeline_id=4 task_id=8 operator_id=24 operator_name=PARTITION stage_kind=PARTITION operator_type=82 input_type=PIPELINEABLE output_type=PIPELINEABLE actual_gpu=1 pipeline_operator_count=1 input_batches=1 input_rows=14934843 input_columns=4 input_bytes=365903752 output_batches=1 output_rows=14934843 output_columns=4 output_bytes=365903752 byte_ratio=1.000000 row_ratio=1.000000 duration_us=6
[2026-07-01 14:24:33.538] [info] [parquet_gpu_ingestible.cpp:696] [scan-audit] parquet_materialize target_gpu=3 files=/mnt/nvme/dataset/orders.parquet columns=o_orderkey,o_custkey,o_orderdate,o_shippriority row_groups=494,495,496,497,498,499,500,501,502,503,504,505,506,507,508,509,510,511,512,513,514,515,516,517,518,519,520,521,522,523,524,525,526,527,528,529,530,531,532,533,534,535,536,537,538,539,540,541,542,543,544,545,546,547,548,549,550,551,552,553,554,555,556,557,558,559,560,561,562,563,564,565,566,567,568,569,570,571,572,573,574,575,576,577,578,579,580,581,582,583,584,585,586,587,588,589,590,591,592,593,594,595,596,597,598,599,600,601,602,603,604,605,606,607,608,609,610,611,612,613,614,615,616,617,618,619,620,621,622,623,624,625,626,627,628,629,630,631,632,633,634,635,636,637,638,639,640,641,642,643,644,645,646,647,648,649,650,651,652,653,654,655,656,657,658,659,660,661,662,663,664,665,666,667,668,669,670,671,672,673,674,675,676,677,678,679,680,681,682,683,684,685,686,687,688,689,690,691,692,693,694,695,696,697,698,699,700,701,702,703,704,705,706,707,708,709,710,711,712,713,714,715,716,717,718,719,720,721,722,723,724,725,726,727,728,729,730,731,732,733,734,735,736,737,738,739,740 compressed_bytes=331992580 uncompressed_bytes=534982944 column_bytes=o_orderkey:121323246:243403009,o_custkey:162487078:243403009,o_orderdate:48169165:48164823,o_shippriority:13091:12103 output_rows=14908870 output_columns=4 split_count=1 duration_us=453177
[2026-07-01 14:24:33.538] [info] [gpu_pipeline_task.cpp:311] [stage-audit] pipeline_id=3 task_id=5 operator_id=22 operator_name=GPU_SCAN stage_kind=SCAN operator_type=94 input_type=GPU_SCAN output_type=PIPELINEABLE actual_gpu=0 pipeline_operator_count=1 input_batches=0 input_rows=0 input_columns=0 input_bytes=0 output_batches=1 output_rows=14908870 output_columns=4 output_bytes=365267344 byte_ratio=0.000000 row_ratio=0.000000 duration_us=462877
[2026-07-01 14:24:33.538] [info] [task_creator.cpp:352] [locality-audit] task_create operator_id=24 input_bytes=365267344 local_bytes=365267344 gpu_source_bytes=365267344 host_source_bytes=0 disk_source_bytes=0 gpu_sources=1 host_sources=0 preferred_device=3
[2026-07-01 14:24:33.538] [info] [task_scheduler.cpp:367] [mgpu-audit] pipeline_task dispatched to GPU 3 task_id=9
[2026-07-01 14:24:33.538] [info] [task_scheduler.cpp:369] [locality-audit] dispatch task_id=9 preferred_device=3 actual_gpu=3
[2026-07-01 14:24:33.538] [info] [gpu_pipeline_task.cpp:182] [locality-audit] prepare_before pipeline_id=4 task_id=9 preferred_device=3 actual_gpu=0 target_tier=GPU target_device=3 input_bytes=365267344 local_bytes=365267344 remote_gpu_bytes=0 host_bytes=0 disk_bytes=0 batch_count=1
[2026-07-01 14:24:33.538] [info] [gpu_pipeline_task.cpp:182] [locality-audit] prepare_after pipeline_id=4 task_id=9 preferred_device=3 actual_gpu=0 target_tier=GPU target_device=3 input_bytes=365267344 local_bytes=365267344 remote_gpu_bytes=0 host_bytes=0 disk_bytes=0 batch_count=1
[2026-07-01 14:24:33.538] [info] [gpu_pipeline_task.cpp:311] [stage-audit] pipeline_id=4 task_id=9 operator_id=24 operator_name=PARTITION stage_kind=PARTITION operator_type=82 input_type=PIPELINEABLE output_type=PIPELINEABLE actual_gpu=0 pipeline_operator_count=1 input_batches=1 input_rows=14908870 input_columns=4 input_bytes=365267344 output_batches=1 output_rows=14908870 output_columns=4 output_bytes=365267344 byte_ratio=1.000000 row_ratio=1.000000 duration_us=1
[2026-07-01 14:24:33.538] [info] [task_scheduler.cpp:367] [mgpu-audit] pipeline_task dispatched to GPU 0 task_id=10
[2026-07-01 14:24:33.538] [info] [task_scheduler.cpp:369] [locality-audit] dispatch task_id=10 preferred_device=0 actual_gpu=0
[2026-07-01 14:24:33.538] [info] [task_scheduler.cpp:367] [mgpu-audit] pipeline_task dispatched to GPU 0 task_id=11
[2026-07-01 14:24:33.538] [info] [task_scheduler.cpp:369] [locality-audit] dispatch task_id=11 preferred_device=0 actual_gpu=0
[2026-07-01 14:24:33.538] [info] [gpu_pipeline_task.cpp:182] [locality-audit] prepare_before pipeline_id=5 task_id=10 preferred_device=0 actual_gpu=0 target_tier=GPU target_device=0 input_bytes=365903752 local_bytes=0 remote_gpu_bytes=365903752 host_bytes=0 disk_bytes=0 batch_count=1
[2026-07-01 14:24:33.538] [info] [gpu_pipeline_task.cpp:182] [locality-audit] prepare_before pipeline_id=5 task_id=11 preferred_device=0 actual_gpu=0 target_tier=GPU target_device=0 input_bytes=365267344 local_bytes=0 remote_gpu_bytes=365267344 host_bytes=0 disk_bytes=0 batch_count=1
[2026-07-01 14:24:33.714] [error] [sirius_physical_operator.cpp:103] pipelineable_operator_data: Unknown error at batch 2 preparing for processing, state: 0: CUDA error at: /home/dy1013/sirius_multi-gpu/cucascade/src/data/representation_converter.cpp:703: cudaErrorIllegalAddress an illegal memory access was encountered
[2026-07-01 14:24:33.714] [error] [gpu_pipeline_task.cpp:1048] Unknown error in prepare_for_processing for pipeline 5: CUDA error at: /home/dy1013/sirius_multi-gpu/cucascade/src/data/representation_converter.cpp:703: cudaErrorIllegalAddress an illegal memory access was encountered
[2026-07-01 14:24:33.714] [error] [gpu_pipeline_executor.cpp:400] GPU Pipeline Executor: Exception during task execution: CUDA error at: /home/dy1013/sirius_multi-gpu/cucascade/src/data/representation_converter.cpp:703: cudaErrorIllegalAddress an illegal memory access was encountered
[2026-07-01 14:24:33.714] [error] [gpu_pipeline_executor.cpp:400] GPU Pipeline Executor: Exception during task execution: CUDA error at: /tmp/conda-bld-output/bld/rattler-build_librmm/work/cpp/src/cuda_stream_view.cpp:45: cudaErrorIllegalAddress an illegal memory access was encountered
[2026-07-01 14:24:33.714] [error] [sirius_physical_operator.cpp:103] pipelineable_operator_data: Unknown error at batch 1 preparing for processing, state: 0: CUDA error at: /home/dy1013/sirius_multi-gpu/cucascade/src/data/representation_converter.cpp:703: cudaErrorIllegalAddress an illegal memory access was encountered
[2026-07-01 14:24:33.714] [error] [gpu_pipeline_task.cpp:1048] Unknown error in prepare_for_processing for pipeline 5: CUDA error at: /home/dy1013/sirius_multi-gpu/cucascade/src/data/representation_converter.cpp:703: cudaErrorIllegalAddress an illegal memory access was encountered
[2026-07-01 14:24:33.714] [error] [gpu_pipeline_executor.cpp:400] GPU Pipeline Executor: Exception during task execution: CUDA error at: /home/dy1013/sirius_multi-gpu/cucascade/src/data/representation_converter.cpp:703: cudaErrorIllegalAddress an illegal memory access was encountered
[2026-07-01 14:24:33.720] [error] [sirius_engine.cpp:178] Error executing query: CUDA error at: /home/dy1013/sirius_multi-gpu/cucascade/src/data/representation_converter.cpp:703: cudaErrorIllegalAddress an illegal memory access was encountered
[2026-07-01 14:24:33.720] [info] [task_scheduler.cpp:189] task_scheduler: draining after error
[2026-07-01 14:24:33.720] [info] [gpu_pipeline_executor.cpp:118] GPU Pipeline Executor: task queue interrupted, stopping manager loop
[2026-07-01 14:24:33.721] [info] [gpu_pipeline_executor.cpp:118] GPU Pipeline Executor: task queue interrupted, stopping manager loop
[2026-07-01 14:24:33.744] [error] [gpu_pipeline_executor.cpp:400] GPU Pipeline Executor: Exception during task execution: CUDA error at: /tmp/conda-bld-output/bld/rattler-build_librmm/work/cpp/src/cuda_stream_view.cpp:45: cudaErrorIllegalAddress an illegal memory access was encountered
[2026-07-01 14:24:33.744] [info] [gpu_pipeline_executor.cpp:118] GPU Pipeline Executor: task queue interrupted, stopping manager loop
[2026-07-01 14:24:33.744] [warning] [:] uring_reactor: chunk completed with no H2D after retry. slot=27 file_off=5944242176 io_size=106496 data_off=0 data_size=105720 bytes_read=106496 actual=105720 ctx_failed=true
[2026-07-01 14:24:33.744] [warning] [:] uring_reactor: chunk completed with no H2D after retry. slot=4 file_off=5948551168 io_size=1048576 data_off=3092 data_size=1045484 bytes_read=1048576 actual=1045484 ctx_failed=true
[2026-07-01 14:24:33.745] [warning] [:] uring_reactor: chunk completed with no H2D after retry. slot=5 file_off=5976264704 io_size=110592 data_off=0 data_size=108031 bytes_read=110592 actual=108031 ctx_failed=true
[2026-07-01 14:24:33.745] [warning] [:] uring_reactor: chunk completed with no H2D after retry. slot=1 file_off=5965611008 io_size=102400 data_off=0 data_size=99139 bytes_read=102400 actual=99139 ctx_failed=true
[2026-07-01 14:24:33.745] [warning] [:] uring_reactor: chunk completed with no H2D after retry. slot=3 file_off=5969887232 io_size=1048576 data_off=3557 data_size=1045019 bytes_read=1048576 actual=1045019 ctx_failed=true
[2026-07-01 14:24:33.746] [warning] [:] uring_reactor: chunk completed with no H2D after retry. slot=8 file_off=5991223296 io_size=1048576 data_off=2226 data_size=1046350 bytes_read=1048576 actual=1046350 ctx_failed=true
[2026-07-01 14:24:33.746] [warning] [:] uring_reactor: chunk completed with no H2D after retry. slot=5 file_off=5986947072 io_size=102400 data_off=0 data_size=98686 bytes_read=102400 actual=98686 ctx_failed=true
[2026-07-01 14:24:33.746] [warning] [:] uring_reactor: chunk completed with no H2D after retry. slot=9 file_off=5997641728 io_size=102400 data_off=0 data_size=98581 bytes_read=102400 actual=98581 ctx_failed=true
[2026-07-01 14:24:33.747] [warning] [:] uring_reactor: chunk completed with no H2D after retry. slot=8 file_off=6001913856 io_size=1048576 data_off=2494 data_size=1046082 bytes_read=1048576 actual=1046082 ctx_failed=true
[2026-07-01 14:24:33.747] [warning] [:] uring_reactor: chunk completed with no H2D after retry. slot=9 file_off=6008315904 io_size=102400 data_off=0 data_size=100106 bytes_read=102400 actual=100106 ctx_failed=true
[2026-07-01 14:24:33.747] [warning] [:] uring_reactor: chunk completed with no H2D after retry. slot=12 file_off=6012592128 io_size=1048576 data_off=2538 data_size=1046038 bytes_read=1048576 actual=1046038 ctx_failed=true
[2026-07-01 14:24:33.748] [warning] [:] uring_reactor: chunk completed with no H2D after retry. slot=13 file_off=6029660160 io_size=102400 data_off=0 data_size=99669 bytes_read=102400 actual=99669 ctx_failed=true
[2026-07-01 14:24:33.748] [error] [gpu_pipeline_executor.cpp:400] GPU Pipeline Executor: Exception during task execution: uring_reactor: H2D copy failed: an illegal memory access was encountered
[2026-07-01 14:24:33.748] [info] [gpu_pipeline_executor.cpp:118] GPU Pipeline Executor: task queue interrupted, stopping manager loop
[2026-07-01 14:24:33.748] [warning] [:] uring_reactor: chunk completed with no H2D after retry. slot=16 file_off=6033932288 io_size=1048576 data_off=2385 data_size=1046191 bytes_read=1048576 actual=1046191 ctx_failed=true
[2026-07-01 14:24:33.748] [info] [task_scheduler.cpp:232] task_scheduler: DONE draining after error
[2026-07-01 14:24:33.748] [error] [sirius_interface.cpp:201] Error in sirius_execute_pending_query_result: CUDA error at: /home/dy1013/sirius_multi-gpu/cucascade/src/data/representation_converter.cpp:703: cudaErrorIllegalAddress an illegal memory access was encountered
[2026-07-01 14:24:33.748] [error] [physical_sirius_execution.cpp:156] Transparent GPU execution error: Invalid Error: CUDA error at: /home/dy1013/sirius_multi-gpu/cucascade/src/data/representation_converter.cpp:703: cudaErrorIllegalAddress an illegal memory access was encountered
[2026-07-01 14:24:33.803] [info] [sirius_context.cpp:258] QueryEnd
[2026-07-01 14:24:33.819] [warning] [sirius_context.cpp:274] SiriusContext::QueryEnd: operator 12 port 'build' still had 1 un-consumed data batch(es) (memory leak).
[2026-07-01 14:24:33.819] [info] [:] [host_pool] HOST:0 QueryEnd allocated=4194304 bytes peak=6291456 bytes free_blocks=508
[2026-07-01 14:24:33.819] [info] [:] [gpu_pool] GPU:0 QueryEnd allocated=0 bytes peak=5766611232 bytes reserved=0 bytes
[2026-07-01 14:24:33.819] [info] [:] [gpu_pool] GPU:1 QueryEnd allocated=0 bytes peak=5072069552 bytes reserved=0 bytes
[2026-07-01 14:24:33.819] [info] [:] [gpu_pool] GPU:2 QueryEnd allocated=0 bytes peak=4279912136 bytes reserved=0 bytes
[2026-07-01 14:24:33.819] [info] [:] [gpu_pool] GPU:3 QueryEnd allocated=0 bytes peak=4279864576 bytes reserved=0 bytes
[2026-07-01 14:24:33.819] [info] [sirius_context.cpp:1013] Connection closed.
[2026-07-01 14:24:33.829] [info] [task_scheduler.cpp:295] Task request channel closed, exiting management event loop.
[2026-07-01 14:24:33.829] [info] [gpu_pipeline_executor.cpp:118] GPU Pipeline Executor: task queue interrupted, stopping manager loop
[2026-07-01 14:24:33.829] [info] [gpu_pipeline_executor.cpp:118] GPU Pipeline Executor: task queue interrupted, stopping manager loop
[2026-07-01 14:24:33.830] [info] [gpu_pipeline_executor.cpp:118] GPU Pipeline Executor: task queue interrupted, stopping manager loop
[2026-07-01 14:24:33.830] [info] [gpu_pipeline_executor.cpp:118] GPU Pipeline Executor: task queue interrupted, stopping manager loop
[2026-07-01 14:24:33.882] [warning] [:] uring_reactor: cudaFreeHost failed: an illegal memory access was encountered
[2026-07-01 14:24:33.882] [warning] [:] uring_reactor: cudaFreeHost failed: an illegal memory access was encountered
[2026-07-01 14:24:33.882] [warning] [:] uring_reactor: cudaFreeHost failed: an illegal memory access was encountered
[2026-07-01 14:24:33.882] [warning] [:] uring_reactor: cudaFreeHost failed: an illegal memory access was encountered
[2026-07-01 14:24:33.882] [warning] [:] uring_reactor: cudaFreeHost failed: an illegal memory access was encountered
[2026-07-01 14:24:33.882] [warning] [:] uring_reactor: cudaFreeHost failed: an illegal memory access was encountered
[2026-07-01 14:24:33.882] [warning] [:] uring_reactor: cudaFreeHost failed: an illegal memory access was encountered
[2026-07-01 14:24:33.882] [warning] [:] uring_reactor: cudaFreeHost failed: an illegal memory access was encountered
[2026-07-01 14:24:33.882] [warning] [:] uring_reactor: cudaFreeHost failed: an illegal memory access was encountered
[2026-07-01 14:24:33.882] [warning] [:] uring_reactor: cudaFreeHost failed: an illegal memory access was encountered
[2026-07-01 14:24:33.882] [warning] [:] uring_reactor: cudaFreeHost failed: an illegal memory access was encountered
[2026-07-01 14:24:33.882] [warning] [:] uring_reactor: cudaFreeHost failed: an illegal memory access was encountered
[2026-07-01 14:24:33.882] [warning] [:] uring_reactor: cudaFreeHost failed: an illegal memory access was encountered
[2026-07-01 14:24:33.882] [warning] [:] uring_reactor: cudaFreeHost failed: an illegal memory access was encountered
[2026-07-01 14:24:33.882] [warning] [:] uring_reactor: cudaFreeHost failed: an illegal memory access was encountered
[2026-07-01 14:24:33.882] [warning] [:] uring_reactor: cudaFreeHost failed: an illegal memory access was encountered
[2026-07-01 14:24:33.882] [warning] [:] uring_reactor: cudaFreeHost failed: an illegal memory access was encountered
[2026-07-01 14:24:33.882] [warning] [:] uring_reactor: cudaFreeHost failed: an illegal memory access was encountered
[2026-07-01 14:24:33.882] [warning] [:] uring_reactor: cudaFreeHost failed: an illegal memory access was encountered
[2026-07-01 14:24:33.882] [warning] [:] uring_reactor: cudaFreeHost failed: an illegal memory access was encountered
[2026-07-01 14:24:33.882] [warning] [:] uring_reactor: cudaFreeHost failed: an illegal memory access was encountered
[2026-07-01 14:24:33.882] [warning] [:] uring_reactor: cudaFreeHost failed: an illegal memory access was encountered
[2026-07-01 14:24:33.882] [warning] [:] uring_reactor: cudaFreeHost failed: an illegal memory access was encountered
[2026-07-01 14:24:33.882] [warning] [:] uring_reactor: cudaFreeHost failed: an illegal memory access was encountered
[2026-07-01 14:24:33.882] [warning] [:] uring_reactor: cudaFreeHost failed: an illegal memory access was encountered
[2026-07-01 14:24:33.882] [warning] [:] uring_reactor: cudaFreeHost failed: an illegal memory access was encountered
[2026-07-01 14:24:33.882] [warning] [:] uring_reactor: cudaFreeHost failed: an illegal memory access was encountered
[2026-07-01 14:24:33.882] [warning] [:] uring_reactor: cudaFreeHost failed: an illegal memory access was encountered
[2026-07-01 14:24:33.882] [warning] [:] uring_reactor: cudaFreeHost failed: an illegal memory access was encountered
[2026-07-01 14:24:33.882] [warning] [:] uring_reactor: cudaFreeHost failed: an illegal memory access was encountered
[2026-07-01 14:24:33.882] [warning] [:] uring_reactor: cudaFreeHost failed: an illegal memory access was encountered
[2026-07-01 14:24:33.882] [warning] [:] uring_reactor: cudaFreeHost failed: an illegal memory access was encountered
[2026-07-01 14:24:33.882] [warning] [:] uring_reactor: cudaFreeHost failed: an illegal memory access was encountered
[2026-07-01 14:24:33.882] [warning] [:] uring_reactor: cudaFreeHost failed: an illegal memory access was encountered
[2026-07-01 14:24:33.882] [warning] [:] uring_reactor: cudaFreeHost failed: an illegal memory access was encountered
[2026-07-01 14:24:33.882] [warning] [:] uring_reactor: cudaFreeHost failed: an illegal memory access was encountered
[2026-07-01 14:24:33.882] [warning] [:] uring_reactor: cudaFreeHost failed: an illegal memory access was encountered
[2026-07-01 14:24:33.882] [warning] [:] uring_reactor: cudaFreeHost failed: an illegal memory access was encountered
[2026-07-01 14:24:33.882] [warning] [:] uring_reactor: cudaFreeHost failed: an illegal memory access was encountered
[2026-07-01 14:24:33.882] [warning] [:] uring_reactor: cudaFreeHost failed: an illegal memory access was encountered
[2026-07-01 14:24:33.882] [warning] [:] uring_reactor: cudaFreeHost failed: an illegal memory access was encountered
[2026-07-01 14:24:33.882] [warning] [:] uring_reactor: cudaFreeHost failed: an illegal memory access was encountered
[2026-07-01 14:24:33.882] [warning] [:] uring_reactor: cudaFreeHost failed: an illegal memory access was encountered
[2026-07-01 14:24:33.882] [warning] [:] uring_reactor: cudaFreeHost failed: an illegal memory access was encountered
[2026-07-01 14:24:33.882] [warning] [:] uring_reactor: cudaFreeHost failed: an illegal memory access was encountered
[2026-07-01 14:24:33.882] [warning] [:] uring_reactor: cudaFreeHost failed: an illegal memory access was encountered
[2026-07-01 14:24:33.882] [warning] [:] uring_reactor: cudaFreeHost failed: an illegal memory access was encountered
[2026-07-01 14:24:33.882] [warning] [:] uring_reactor: cudaFreeHost failed: an illegal memory access was encountered
[2026-07-01 14:24:33.882] [warning] [:] uring_reactor: cudaFreeHost failed: an illegal memory access was encountered
[2026-07-01 14:24:33.882] [warning] [:] uring_reactor: cudaFreeHost failed: an illegal memory access was encountered
[2026-07-01 14:24:33.882] [warning] [:] uring_reactor: cudaFreeHost failed: an illegal memory access was encountered
[2026-07-01 14:24:33.882] [warning] [:] uring_reactor: cudaFreeHost failed: an illegal memory access was encountered
[2026-07-01 14:24:33.882] [warning] [:] uring_reactor: cudaFreeHost failed: an illegal memory access was encountered
[2026-07-01 14:24:33.882] [warning] [:] uring_reactor: cudaFreeHost failed: an illegal memory access was encountered
[2026-07-01 14:24:33.882] [warning] [:] uring_reactor: cudaFreeHost failed: an illegal memory access was encountered
[2026-07-01 14:24:33.882] [warning] [:] uring_reactor: cudaFreeHost failed: an illegal memory access was encountered
[2026-07-01 14:24:33.882] [warning] [:] uring_reactor: cudaFreeHost failed: an illegal memory access was encountered
[2026-07-01 14:24:33.882] [warning] [:] uring_reactor: cudaFreeHost failed: an illegal memory access was encountered
[2026-07-01 14:24:33.882] [warning] [:] uring_reactor: cudaFreeHost failed: an illegal memory access was encountered
[2026-07-01 14:24:33.882] [warning] [:] uring_reactor: cudaFreeHost failed: an illegal memory access was encountered
[2026-07-01 14:24:33.882] [warning] [:] uring_reactor: cudaFreeHost failed: an illegal memory access was encountered
[2026-07-01 14:24:33.882] [warning] [:] uring_reactor: cudaFreeHost failed: an illegal memory access was encountered
[2026-07-01 14:24:33.882] [warning] [:] uring_reactor: cudaFreeHost failed: an illegal memory access was encountered
[2026-07-01 14:24:33.882] [warning] [:] uring_reactor: cudaFreeHost failed: an illegal memory access was encountered
[2026-07-01 14:24:33.882] [warning] [:] uring_reactor: cudaFreeHost failed: an illegal memory access was encountered
[2026-07-01 14:24:33.882] [warning] [:] uring_reactor: cudaFreeHost failed: an illegal memory access was encountered
[2026-07-01 14:24:33.882] [warning] [:] uring_reactor: cudaFreeHost failed: an illegal memory access was encountered
[2026-07-01 14:24:33.882] [warning] [:] uring_reactor: cudaFreeHost failed: an illegal memory access was encountered
[2026-07-01 14:24:33.882] [warning] [:] uring_reactor: cudaFreeHost failed: an illegal memory access was encountered
[2026-07-01 14:24:33.882] [warning] [:] uring_reactor: cudaFreeHost failed: an illegal memory access was encountered
[2026-07-01 14:24:33.882] [warning] [:] uring_reactor: cudaFreeHost failed: an illegal memory access was encountered
[2026-07-01 14:24:33.882] [warning] [:] uring_reactor: cudaFreeHost failed: an illegal memory access was encountered
[2026-07-01 14:24:33.882] [warning] [:] uring_reactor: cudaFreeHost failed: an illegal memory access was encountered
[2026-07-01 14:24:33.882] [warning] [:] uring_reactor: cudaFreeHost failed: an illegal memory access was encountered
[2026-07-01 14:24:33.882] [warning] [:] uring_reactor: cudaFreeHost failed: an illegal memory access was encountered
[2026-07-01 14:24:33.882] [warning] [:] uring_reactor: cudaFreeHost failed: an illegal memory access was encountered
[2026-07-01 14:24:33.882] [warning] [:] uring_reactor: cudaFreeHost failed: an illegal memory access was encountered
[2026-07-01 14:24:33.882] [warning] [:] uring_reactor: cudaFreeHost failed: an illegal memory access was encountered
[2026-07-01 14:24:33.882] [warning] [:] uring_reactor: cudaFreeHost failed: an illegal memory access was encountered
[2026-07-01 14:24:33.882] [warning] [:] uring_reactor: cudaFreeHost failed: an illegal memory access was encountered
[2026-07-01 14:24:33.882] [warning] [:] uring_reactor: cudaFreeHost failed: an illegal memory access was encountered
[2026-07-01 14:24:33.882] [warning] [:] uring_reactor: cudaFreeHost failed: an illegal memory access was encountered
[2026-07-01 14:24:33.882] [warning] [:] uring_reactor: cudaFreeHost failed: an illegal memory access was encountered
[2026-07-01 14:24:33.882] [warning] [:] uring_reactor: cudaFreeHost failed: an illegal memory access was encountered
[2026-07-01 14:24:33.882] [warning] [:] uring_reactor: cudaFreeHost failed: an illegal memory access was encountered
[2026-07-01 14:24:33.882] [warning] [:] uring_reactor: cudaFreeHost failed: an illegal memory access was encountered
[2026-07-01 14:24:33.882] [warning] [:] uring_reactor: cudaFreeHost failed: an illegal memory access was encountered
[2026-07-01 14:24:33.882] [warning] [:] uring_reactor: cudaFreeHost failed: an illegal memory access was encountered
[2026-07-01 14:24:33.882] [warning] [:] uring_reactor: cudaFreeHost failed: an illegal memory access was encountered
[2026-07-01 14:24:33.882] [warning] [:] uring_reactor: cudaFreeHost failed: an illegal memory access was encountered
[2026-07-01 14:24:33.882] [warning] [:] uring_reactor: cudaFreeHost failed: an illegal memory access was encountered
[2026-07-01 14:24:33.882] [warning] [:] uring_reactor: cudaFreeHost failed: an illegal memory access was encountered
[2026-07-01 14:24:33.882] [warning] [:] uring_reactor: cudaFreeHost failed: an illegal memory access was encountered
[2026-07-01 14:24:33.882] [warning] [:] uring_reactor: cudaFreeHost failed: an illegal memory access was encountered
[2026-07-01 14:24:33.882] [warning] [:] uring_reactor: cudaFreeHost failed: an illegal memory access was encountered
[2026-07-01 14:24:33.882] [warning] [:] uring_reactor: cudaFreeHost failed: an illegal memory access was encountered
[2026-07-01 14:24:33.882] [warning] [:] uring_reactor: cudaFreeHost failed: an illegal memory access was encountered
[2026-07-01 14:24:33.882] [warning] [:] uring_reactor: cudaFreeHost failed: an illegal memory access was encountered
[2026-07-01 14:24:33.882] [warning] [:] uring_reactor: cudaFreeHost failed: an illegal memory access was encountered
[2026-07-01 14:24:33.882] [warning] [:] uring_reactor: cudaFreeHost failed: an illegal memory access was encountered
[2026-07-01 14:24:33.882] [warning] [:] uring_reactor: cudaFreeHost failed: an illegal memory access was encountered
[2026-07-01 14:24:33.882] [warning] [:] uring_reactor: cudaFreeHost failed: an illegal memory access was encountered
[2026-07-01 14:24:33.882] [warning] [:] uring_reactor: cudaFreeHost failed: an illegal memory access was encountered
[2026-07-01 14:24:33.882] [warning] [:] uring_reactor: cudaFreeHost failed: an illegal memory access was encountered
[2026-07-01 14:24:33.882] [warning] [:] uring_reactor: cudaFreeHost failed: an illegal memory access was encountered
[2026-07-01 14:24:33.882] [warning] [:] uring_reactor: cudaFreeHost failed: an illegal memory access was encountered
[2026-07-01 14:24:33.882] [warning] [:] uring_reactor: cudaFreeHost failed: an illegal memory access was encountered
[2026-07-01 14:24:33.882] [warning] [:] uring_reactor: cudaFreeHost failed: an illegal memory access was encountered
[2026-07-01 14:24:33.882] [warning] [:] uring_reactor: cudaFreeHost failed: an illegal memory access was encountered
[2026-07-01 14:24:33.882] [warning] [:] uring_reactor: cudaFreeHost failed: an illegal memory access was encountered
[2026-07-01 14:24:33.882] [warning] [:] uring_reactor: cudaFreeHost failed: an illegal memory access was encountered
[2026-07-01 14:24:33.882] [warning] [:] uring_reactor: cudaFreeHost failed: an illegal memory access was encountered
[2026-07-01 14:24:33.882] [warning] [:] uring_reactor: cudaFreeHost failed: an illegal memory access was encountered
[2026-07-01 14:24:33.882] [warning] [:] uring_reactor: cudaFreeHost failed: an illegal memory access was encountered
[2026-07-01 14:24:33.882] [warning] [:] uring_reactor: cudaFreeHost failed: an illegal memory access was encountered
[2026-07-01 14:24:33.882] [warning] [:] uring_reactor: cudaFreeHost failed: an illegal memory access was encountered
[2026-07-01 14:24:33.882] [warning] [:] uring_reactor: cudaFreeHost failed: an illegal memory access was encountered
[2026-07-01 14:24:33.882] [warning] [:] uring_reactor: cudaFreeHost failed: an illegal memory access was encountered
[2026-07-01 14:24:33.882] [warning] [:] uring_reactor: cudaFreeHost failed: an illegal memory access was encountered
[2026-07-01 14:24:33.882] [warning] [:] uring_reactor: cudaFreeHost failed: an illegal memory access was encountered
[2026-07-01 14:24:33.882] [warning] [:] uring_reactor: cudaFreeHost failed: an illegal memory access was encountered
[2026-07-01 14:24:33.882] [warning] [:] uring_reactor: cudaFreeHost failed: an illegal memory access was encountered
[2026-07-01 14:24:33.882] [warning] [:] uring_reactor: cudaFreeHost failed: an illegal memory access was encountered
[2026-07-01 14:24:33.882] [warning] [:] uring_reactor: cudaFreeHost failed: an illegal memory access was encountered
[2026-07-01 14:24:33.882] [warning] [:] uring_reactor: cudaFreeHost failed: an illegal memory access was encountered
[2026-07-01 14:24:33.882] [warning] [:] uring_reactor: cudaFreeHost failed: an illegal memory access was encountered
[2026-07-01 14:24:33.882] [warning] [:] uring_reactor: cudaFreeHost failed: an illegal memory access was encountered
[2026-07-01 14:24:33.882] [warning] [:] uring_reactor: cudaFreeHost failed: an illegal memory access was encountered
[2026-07-01 14:24:33.882] [warning] [:] uring_reactor: cudaFreeHost failed: an illegal memory access was encountered
[2026-07-01 14:24:33.882] [warning] [:] uring_reactor: cudaFreeHost failed: an illegal memory access was encountered
[2026-07-01 14:24:33.882] [warning] [:] uring_reactor: cudaFreeHost failed: an illegal memory access was encountered
[2026-07-01 14:24:33.882] [warning] [:] uring_reactor: cudaFreeHost failed: an illegal memory access was encountered
[2026-07-01 14:24:33.882] [warning] [:] uring_reactor: cudaFreeHost failed: an illegal memory access was encountered
[2026-07-01 14:24:33.882] [warning] [:] uring_reactor: cudaFreeHost failed: an illegal memory access was encountered
[2026-07-01 14:24:33.882] [warning] [:] uring_reactor: cudaFreeHost failed: an illegal memory access was encountered
[2026-07-01 14:24:33.882] [warning] [:] uring_reactor: cudaFreeHost failed: an illegal memory access was encountered
[2026-07-01 14:24:33.882] [warning] [:] uring_reactor: cudaFreeHost failed: an illegal memory access was encountered
[2026-07-01 14:24:33.882] [warning] [:] uring_reactor: cudaFreeHost failed: an illegal memory access was encountered
[2026-07-01 14:24:33.882] [warning] [:] uring_reactor: cudaFreeHost failed: an illegal memory access was encountered
[2026-07-01 14:24:33.882] [warning] [:] uring_reactor: cudaFreeHost failed: an illegal memory access was encountered
[2026-07-01 14:24:33.882] [warning] [:] uring_reactor: cudaFreeHost failed: an illegal memory access was encountered
[2026-07-01 14:24:33.882] [warning] [:] uring_reactor: cudaFreeHost failed: an illegal memory access was encountered
[2026-07-01 14:24:33.882] [warning] [:] uring_reactor: cudaFreeHost failed: an illegal memory access was encountered
[2026-07-01 14:24:33.882] [warning] [:] uring_reactor: cudaFreeHost failed: an illegal memory access was encountered
[2026-07-01 14:24:33.882] [warning] [:] uring_reactor: cudaFreeHost failed: an illegal memory access was encountered
[2026-07-01 14:24:33.882] [warning] [:] uring_reactor: cudaFreeHost failed: an illegal memory access was encountered
[2026-07-01 14:24:33.882] [warning] [:] uring_reactor: cudaFreeHost failed: an illegal memory access was encountered
[2026-07-01 14:24:33.882] [warning] [:] uring_reactor: cudaFreeHost failed: an illegal memory access was encountered
[2026-07-01 14:24:33.882] [warning] [:] uring_reactor: cudaFreeHost failed: an illegal memory access was encountered
[2026-07-01 14:24:33.882] [warning] [:] uring_reactor: cudaFreeHost failed: an illegal memory access was encountered
[2026-07-01 14:24:33.882] [warning] [:] uring_reactor: cudaFreeHost failed: an illegal memory access was encountered
[2026-07-01 14:24:33.882] [warning] [:] uring_reactor: cudaFreeHost failed: an illegal memory access was encountered
[2026-07-01 14:24:33.882] [warning] [:] uring_reactor: cudaFreeHost failed: an illegal memory access was encountered
[2026-07-01 14:24:33.882] [warning] [:] uring_reactor: cudaFreeHost failed: an illegal memory access was encountered
[2026-07-01 14:24:33.882] [warning] [:] uring_reactor: cudaFreeHost failed: an illegal memory access was encountered
[2026-07-01 14:24:33.882] [warning] [:] uring_reactor: cudaFreeHost failed: an illegal memory access was encountered
[2026-07-01 14:24:33.882] [warning] [:] uring_reactor: cudaFreeHost failed: an illegal memory access was encountered
[2026-07-01 14:24:33.882] [warning] [:] uring_reactor: cudaFreeHost failed: an illegal memory access was encountered
[2026-07-01 14:24:33.882] [warning] [:] uring_reactor: cudaFreeHost failed: an illegal memory access was encountered
[2026-07-01 14:24:33.882] [warning] [:] uring_reactor: cudaFreeHost failed: an illegal memory access was encountered
[2026-07-01 14:24:33.882] [warning] [:] uring_reactor: cudaFreeHost failed: an illegal memory access was encountered
[2026-07-01 14:24:33.882] [warning] [:] uring_reactor: cudaFreeHost failed: an illegal memory access was encountered
[2026-07-01 14:24:33.882] [warning] [:] uring_reactor: cudaFreeHost failed: an illegal memory access was encountered
[2026-07-01 14:24:33.882] [warning] [:] uring_reactor: cudaFreeHost failed: an illegal memory access was encountered
[2026-07-01 14:24:33.882] [warning] [:] uring_reactor: cudaFreeHost failed: an illegal memory access was encountered
[2026-07-01 14:24:33.882] [warning] [:] uring_reactor: cudaFreeHost failed: an illegal memory access was encountered
[2026-07-01 14:24:33.882] [warning] [:] uring_reactor: cudaFreeHost failed: an illegal memory access was encountered
[2026-07-01 14:24:33.882] [warning] [:] uring_reactor: cudaFreeHost failed: an illegal memory access was encountered
[2026-07-01 14:24:33.882] [warning] [:] uring_reactor: cudaFreeHost failed: an illegal memory access was encountered
[2026-07-01 14:24:33.882] [warning] [:] uring_reactor: cudaFreeHost failed: an illegal memory access was encountered
[2026-07-01 14:24:33.882] [warning] [:] uring_reactor: cudaFreeHost failed: an illegal memory access was encountered
[2026-07-01 14:24:33.882] [warning] [:] uring_reactor: cudaFreeHost failed: an illegal memory access was encountered
[2026-07-01 14:24:33.882] [warning] [:] uring_reactor: cudaFreeHost failed: an illegal memory access was encountered
[2026-07-01 14:24:33.882] [warning] [:] uring_reactor: cudaFreeHost failed: an illegal memory access was encountered
[2026-07-01 14:24:33.882] [warning] [:] uring_reactor: cudaFreeHost failed: an illegal memory access was encountered
[2026-07-01 14:24:33.882] [warning] [:] uring_reactor: cudaFreeHost failed: an illegal memory access was encountered
[2026-07-01 14:24:33.882] [warning] [:] uring_reactor: cudaFreeHost failed: an illegal memory access was encountered
[2026-07-01 14:24:33.882] [warning] [:] uring_reactor: cudaFreeHost failed: an illegal memory access was encountered
[2026-07-01 14:24:33.882] [warning] [:] uring_reactor: cudaFreeHost failed: an illegal memory access was encountered
[2026-07-01 14:24:33.882] [warning] [:] uring_reactor: cudaFreeHost failed: an illegal memory access was encountered
[2026-07-01 14:24:33.882] [warning] [:] uring_reactor: cudaFreeHost failed: an illegal memory access was encountered
[2026-07-01 14:24:33.882] [warning] [:] uring_reactor: cudaFreeHost failed: an illegal memory access was encountered
[2026-07-01 14:24:33.882] [warning] [:] uring_reactor: cudaFreeHost failed: an illegal memory access was encountered
[2026-07-01 14:24:33.882] [warning] [:] uring_reactor: cudaFreeHost failed: an illegal memory access was encountered
[2026-07-01 14:24:33.882] [warning] [:] uring_reactor: cudaFreeHost failed: an illegal memory access was encountered
[2026-07-01 14:24:33.882] [warning] [:] uring_reactor: cudaFreeHost failed: an illegal memory access was encountered
[2026-07-01 14:24:33.882] [warning] [:] uring_reactor: cudaFreeHost failed: an illegal memory access was encountered
[2026-07-01 14:24:33.882] [warning] [:] uring_reactor: cudaFreeHost failed: an illegal memory access was encountered
[2026-07-01 14:24:33.882] [warning] [:] uring_reactor: cudaFreeHost failed: an illegal memory access was encountered
[2026-07-01 14:24:33.882] [warning] [:] uring_reactor: cudaFreeHost failed: an illegal memory access was encountered
[2026-07-01 14:24:33.882] [warning] [:] uring_reactor: cudaFreeHost failed: an illegal memory access was encountered
[2026-07-01 14:24:33.882] [warning] [:] uring_reactor: cudaFreeHost failed: an illegal memory access was encountered
[2026-07-01 14:24:33.882] [warning] [:] uring_reactor: cudaFreeHost failed: an illegal memory access was encountered
[2026-07-01 14:24:33.882] [warning] [:] uring_reactor: cudaFreeHost failed: an illegal memory access was encountered
[2026-07-01 14:24:33.882] [warning] [:] uring_reactor: cudaFreeHost failed: an illegal memory access was encountered
[2026-07-01 14:24:33.882] [warning] [:] uring_reactor: cudaFreeHost failed: an illegal memory access was encountered
[2026-07-01 14:24:33.882] [warning] [:] uring_reactor: cudaFreeHost failed: an illegal memory access was encountered
[2026-07-01 14:24:33.882] [warning] [:] uring_reactor: cudaFreeHost failed: an illegal memory access was encountered
[2026-07-01 14:24:33.882] [warning] [:] uring_reactor: cudaFreeHost failed: an illegal memory access was encountered
[2026-07-01 14:24:33.882] [warning] [:] uring_reactor: cudaFreeHost failed: an illegal memory access was encountered
[2026-07-01 14:24:33.882] [warning] [:] uring_reactor: cudaFreeHost failed: an illegal memory access was encountered
[2026-07-01 14:24:33.882] [warning] [:] uring_reactor: cudaFreeHost failed: an illegal memory access was encountered
[2026-07-01 14:24:33.882] [warning] [:] uring_reactor: cudaFreeHost failed: an illegal memory access was encountered
[2026-07-01 14:24:33.882] [warning] [:] uring_reactor: cudaFreeHost failed: an illegal memory access was encountered
[2026-07-01 14:24:33.882] [warning] [:] uring_reactor: cudaFreeHost failed: an illegal memory access was encountered
[2026-07-01 14:24:33.882] [warning] [:] uring_reactor: cudaFreeHost failed: an illegal memory access was encountered
[2026-07-01 14:24:33.882] [warning] [:] uring_reactor: cudaFreeHost failed: an illegal memory access was encountered
[2026-07-01 14:24:33.882] [warning] [:] uring_reactor: cudaFreeHost failed: an illegal memory access was encountered
[2026-07-01 14:24:33.882] [warning] [:] uring_reactor: cudaFreeHost failed: an illegal memory access was encountered
[2026-07-01 14:24:33.882] [warning] [:] uring_reactor: cudaFreeHost failed: an illegal memory access was encountered
[2026-07-01 14:24:33.882] [warning] [:] uring_reactor: cudaFreeHost failed: an illegal memory access was encountered
[2026-07-01 14:24:33.882] [warning] [:] uring_reactor: cudaFreeHost failed: an illegal memory access was encountered
[2026-07-01 14:24:33.882] [warning] [:] uring_reactor: cudaFreeHost failed: an illegal memory access was encountered
[2026-07-01 14:24:33.882] [warning] [:] uring_reactor: cudaFreeHost failed: an illegal memory access was encountered
[2026-07-01 14:24:33.882] [warning] [:] uring_reactor: cudaFreeHost failed: an illegal memory access was encountered
[2026-07-01 14:24:33.882] [warning] [:] uring_reactor: cudaFreeHost failed: an illegal memory access was encountered
[2026-07-01 14:24:33.882] [warning] [:] uring_reactor: cudaFreeHost failed: an illegal memory access was encountered
[2026-07-01 14:24:33.882] [warning] [:] uring_reactor: cudaFreeHost failed: an illegal memory access was encountered
[2026-07-01 14:24:33.882] [warning] [:] uring_reactor: cudaFreeHost failed: an illegal memory access was encountered
[2026-07-01 14:24:33.882] [warning] [:] uring_reactor: cudaFreeHost failed: an illegal memory access was encountered
[2026-07-01 14:24:33.882] [warning] [:] uring_reactor: cudaFreeHost failed: an illegal memory access was encountered
[2026-07-01 14:24:33.882] [warning] [:] uring_reactor: cudaFreeHost failed: an illegal memory access was encountered
[2026-07-01 14:24:33.882] [warning] [:] uring_reactor: cudaFreeHost failed: an illegal memory access was encountered
[2026-07-01 14:24:33.882] [warning] [:] uring_reactor: cudaFreeHost failed: an illegal memory access was encountered
[2026-07-01 14:24:33.882] [warning] [:] uring_reactor: cudaFreeHost failed: an illegal memory access was encountered
[2026-07-01 14:24:33.882] [warning] [:] uring_reactor: cudaFreeHost failed: an illegal memory access was encountered
[2026-07-01 14:24:33.882] [warning] [:] uring_reactor: cudaFreeHost failed: an illegal memory access was encountered
[2026-07-01 14:24:33.882] [warning] [:] uring_reactor: cudaFreeHost failed: an illegal memory access was encountered
[2026-07-01 14:24:33.882] [warning] [:] uring_reactor: cudaFreeHost failed: an illegal memory access was encountered
[2026-07-01 14:24:33.882] [warning] [:] uring_reactor: cudaFreeHost failed: an illegal memory access was encountered
[2026-07-01 14:24:33.882] [warning] [:] uring_reactor: cudaFreeHost failed: an illegal memory access was encountered
[2026-07-01 14:24:33.882] [warning] [:] uring_reactor: cudaFreeHost failed: an illegal memory access was encountered
[2026-07-01 14:24:33.882] [warning] [:] uring_reactor: cudaFreeHost failed: an illegal memory access was encountered
[2026-07-01 14:24:33.882] [warning] [:] uring_reactor: cudaFreeHost failed: an illegal memory access was encountered
[2026-07-01 14:24:33.882] [warning] [:] uring_reactor: cudaFreeHost failed: an illegal memory access was encountered
[2026-07-01 14:24:33.882] [warning] [:] uring_reactor: cudaFreeHost failed: an illegal memory access was encountered
[2026-07-01 14:24:33.882] [warning] [:] uring_reactor: cudaFreeHost failed: an illegal memory access was encountered
[2026-07-01 14:24:33.882] [warning] [:] uring_reactor: cudaFreeHost failed: an illegal memory access was encountered
[2026-07-01 14:24:33.882] [warning] [:] uring_reactor: cudaFreeHost failed: an illegal memory access was encountered
[2026-07-01 14:24:33.882] [warning] [:] uring_reactor: cudaFreeHost failed: an illegal memory access was encountered
[2026-07-01 14:24:33.882] [warning] [:] uring_reactor: cudaFreeHost failed: an illegal memory access was encountered
[2026-07-01 14:24:33.882] [warning] [:] uring_reactor: cudaFreeHost failed: an illegal memory access was encountered
[2026-07-01 14:24:33.882] [warning] [:] uring_reactor: cudaFreeHost failed: an illegal memory access was encountered
[2026-07-01 14:24:33.882] [warning] [:] uring_reactor: cudaFreeHost failed: an illegal memory access was encountered
[2026-07-01 14:24:33.882] [warning] [:] uring_reactor: cudaFreeHost failed: an illegal memory access was encountered
[2026-07-01 14:24:33.882] [warning] [:] uring_reactor: cudaFreeHost failed: an illegal memory access was encountered
[2026-07-01 14:24:33.882] [warning] [:] uring_reactor: cudaFreeHost failed: an illegal memory access was encountered
[2026-07-01 14:24:33.882] [warning] [:] uring_reactor: cudaFreeHost failed: an illegal memory access was encountered
[2026-07-01 14:24:33.882] [warning] [:] uring_reactor: cudaFreeHost failed: an illegal memory access was encountered
[2026-07-01 14:24:33.882] [warning] [:] uring_reactor: cudaFreeHost failed: an illegal memory access was encountered
[2026-07-01 14:24:33.882] [warning] [:] uring_reactor: cudaFreeHost failed: an illegal memory access was encountered
[2026-07-01 14:24:33.882] [warning] [:] uring_reactor: cudaFreeHost failed: an illegal memory access was encountered
[2026-07-01 14:24:33.882] [warning] [:] uring_reactor: cudaFreeHost failed: an illegal memory access was encountered
[2026-07-01 14:24:33.882] [warning] [:] uring_reactor: cudaFreeHost failed: an illegal memory access was encountered
[2026-07-01 14:24:33.882] [warning] [:] uring_reactor: cudaFreeHost failed: an illegal memory access was encountered
[2026-07-01 14:24:33.882] [warning] [:] uring_reactor: cudaFreeHost failed: an illegal memory access was encountered
[2026-07-01 14:24:33.882] [warning] [:] uring_reactor: cudaFreeHost failed: an illegal memory access was encountered
[2026-07-01 14:24:33.882] [warning] [:] uring_reactor: cudaFreeHost failed: an illegal memory access was encountered
[2026-07-01 14:24:33.882] [warning] [:] uring_reactor: cudaFreeHost failed: an illegal memory access was encountered
[2026-07-01 14:24:33.882] [warning] [:] uring_reactor: cudaFreeHost failed: an illegal memory access was encountered
[2026-07-01 14:24:33.882] [warning] [:] uring_reactor: cudaFreeHost failed: an illegal memory access was encountered
[2026-07-01 14:24:33.882] [warning] [:] uring_reactor: cudaFreeHost failed: an illegal memory access was encountered
[2026-07-01 14:24:33.882] [warning] [:] uring_reactor: cudaFreeHost failed: an illegal memory access was encountered
[2026-07-01 14:24:33.882] [warning] [:] uring_reactor: cudaFreeHost failed: an illegal memory access was encountered
[2026-07-01 14:24:33.882] [warning] [:] uring_reactor: cudaFreeHost failed: an illegal memory access was encountered
[2026-07-01 14:24:33.882] [warning] [:] uring_reactor: cudaFreeHost failed: an illegal memory access was encountered
[2026-07-01 14:24:33.882] [warning] [:] uring_reactor: cudaFreeHost failed: an illegal memory access was encountered
[2026-07-01 14:24:33.882] [warning] [:] uring_reactor: cudaFreeHost failed: an illegal memory access was encountered
[2026-07-01 14:24:33.882] [warning] [:] uring_reactor: cudaFreeHost failed: an illegal memory access was encountered
[2026-07-01 14:24:33.882] [warning] [:] uring_reactor: cudaFreeHost failed: an illegal memory access was encountered
[2026-07-01 14:24:33.882] [warning] [:] uring_reactor: cudaFreeHost failed: an illegal memory access was encountered
[2026-07-01 14:24:33.882] [warning] [:] uring_reactor: cudaFreeHost failed: an illegal memory access was encountered
[2026-07-01 14:24:33.882] [warning] [:] uring_reactor: cudaFreeHost failed: an illegal memory access was encountered
[2026-07-01 14:24:33.882] [warning] [:] uring_reactor: cudaFreeHost failed: an illegal memory access was encountered
[2026-07-01 14:24:33.882] [warning] [:] uring_reactor: cudaFreeHost failed: an illegal memory access was encountered
[2026-07-01 14:24:33.882] [warning] [:] uring_reactor: cudaFreeHost failed: an illegal memory access was encountered
[2026-07-01 14:24:33.882] [warning] [:] uring_reactor: cudaFreeHost failed: an illegal memory access was encountered
[2026-07-01 14:24:33.882] [warning] [:] uring_reactor: cudaFreeHost failed: an illegal memory access was encountered
[2026-07-01 14:24:33.882] [warning] [:] uring_reactor: cudaFreeHost failed: an illegal memory access was encountered
[2026-07-01 14:24:33.882] [warning] [:] uring_reactor: cudaFreeHost failed: an illegal memory access was encountered
[2026-07-01 14:24:33.882] [warning] [:] uring_reactor: cudaFreeHost failed: an illegal memory access was encountered
[2026-07-01 14:24:33.882] [warning] [:] uring_reactor: cudaFreeHost failed: an illegal memory access was encountered
[2026-07-01 14:24:33.882] [warning] [:] uring_reactor: cudaFreeHost failed: an illegal memory access was encountered
[2026-07-01 14:24:33.882] [warning] [:] uring_reactor: cudaFreeHost failed: an illegal memory access was encountered
[2026-07-01 14:24:33.882] [warning] [:] uring_reactor: cudaFreeHost failed: an illegal memory access was encountered
[2026-07-01 14:24:33.882] [warning] [:] uring_reactor: cudaFreeHost failed: an illegal memory access was encountered
[2026-07-01 14:24:33.883] [warning] [:] uring_reactor: cudaFreeHost failed: an illegal memory access was encountered
[2026-07-01 14:24:33.883] [warning] [:] uring_reactor: cudaFreeHost failed: an illegal memory access was encountered
[2026-07-01 14:24:33.883] [warning] [:] uring_reactor: cudaFreeHost failed: an illegal memory access was encountered
[2026-07-01 14:24:33.883] [warning] [:] uring_reactor: cudaFreeHost failed: an illegal memory access was encountered
[2026-07-01 14:24:33.883] [warning] [:] uring_reactor: cudaFreeHost failed: an illegal memory access was encountered
[2026-07-01 14:24:33.883] [warning] [:] uring_reactor: cudaFreeHost failed: an illegal memory access was encountered
[2026-07-01 14:24:33.883] [warning] [:] uring_reactor: cudaFreeHost failed: an illegal memory access was encountered
[2026-07-01 14:24:33.883] [warning] [:] uring_reactor: cudaFreeHost failed: an illegal memory access was encountered
[2026-07-01 14:24:33.883] [warning] [:] uring_reactor: cudaFreeHost failed: an illegal memory access was encountered
[2026-07-01 14:24:33.883] [warning] [:] uring_reactor: cudaFreeHost failed: an illegal memory access was encountered
[2026-07-01 14:24:33.883] [warning] [:] uring_reactor: cudaFreeHost failed: an illegal memory access was encountered
[2026-07-01 14:24:33.883] [warning] [:] uring_reactor: cudaFreeHost failed: an illegal memory access was encountered
[2026-07-01 14:24:33.883] [warning] [:] uring_reactor: cudaFreeHost failed: an illegal memory access was encountered
[2026-07-01 14:24:33.883] [warning] [:] uring_reactor: cudaFreeHost failed: an illegal memory access was encountered
[2026-07-01 14:24:33.883] [warning] [:] uring_reactor: cudaFreeHost failed: an illegal memory access was encountered
[2026-07-01 14:24:33.883] [warning] [:] uring_reactor: cudaFreeHost failed: an illegal memory access was encountered
[2026-07-01 14:24:33.883] [warning] [:] uring_reactor: cudaFreeHost failed: an illegal memory access was encountered
[2026-07-01 14:24:33.883] [warning] [:] uring_reactor: cudaFreeHost failed: an illegal memory access was encountered
[2026-07-01 14:24:33.883] [warning] [:] uring_reactor: cudaFreeHost failed: an illegal memory access was encountered
[2026-07-01 14:24:33.883] [warning] [:] uring_reactor: cudaFreeHost failed: an illegal memory access was encountered
[2026-07-01 14:24:33.883] [warning] [:] uring_reactor: cudaFreeHost failed: an illegal memory access was encountered
[2026-07-01 14:24:33.883] [warning] [:] uring_reactor: cudaFreeHost failed: an illegal memory access was encountered
[2026-07-01 14:24:33.883] [warning] [:] uring_reactor: cudaFreeHost failed: an illegal memory access was encountered
[2026-07-01 14:24:33.883] [warning] [:] uring_reactor: cudaFreeHost failed: an illegal memory access was encountered
[2026-07-01 14:24:33.883] [warning] [:] uring_reactor: cudaFreeHost failed: an illegal memory access was encountered
[2026-07-01 14:24:33.883] [warning] [:] uring_reactor: cudaFreeHost failed: an illegal memory access was encountered
[2026-07-01 14:24:33.883] [warning] [:] uring_reactor: cudaFreeHost failed: an illegal memory access was encountered
[2026-07-01 14:24:33.883] [warning] [:] uring_reactor: cudaFreeHost failed: an illegal memory access was encountered
[2026-07-01 14:24:33.883] [warning] [:] uring_reactor: cudaFreeHost failed: an illegal memory access was encountered
[2026-07-01 14:24:33.883] [warning] [:] uring_reactor: cudaFreeHost failed: an illegal memory access was encountered
[2026-07-01 14:24:33.883] [warning] [:] uring_reactor: cudaFreeHost failed: an illegal memory access was encountered
[2026-07-01 14:24:33.883] [warning] [:] uring_reactor: cudaFreeHost failed: an illegal memory access was encountered
[2026-07-01 14:24:33.883] [warning] [:] uring_reactor: cudaFreeHost failed: an illegal memory access was encountered
[2026-07-01 14:24:33.883] [warning] [:] uring_reactor: cudaFreeHost failed: an illegal memory access was encountered
[2026-07-01 14:24:33.883] [warning] [:] uring_reactor: cudaFreeHost failed: an illegal memory access was encountered
[2026-07-01 14:24:33.883] [warning] [:] uring_reactor: cudaFreeHost failed: an illegal memory access was encountered
[2026-07-01 14:24:33.883] [warning] [:] uring_reactor: cudaFreeHost failed: an illegal memory access was encountered
[2026-07-01 14:24:33.883] [warning] [:] uring_reactor: cudaFreeHost failed: an illegal memory access was encountered
[2026-07-01 14:24:33.883] [warning] [:] uring_reactor: cudaFreeHost failed: an illegal memory access was encountered
[2026-07-01 14:24:33.883] [warning] [:] uring_reactor: cudaFreeHost failed: an illegal memory access was encountered
[2026-07-01 14:24:33.883] [warning] [:] uring_reactor: cudaFreeHost failed: an illegal memory access was encountered
[2026-07-01 14:24:33.883] [warning] [:] uring_reactor: cudaFreeHost failed: an illegal memory access was encountered
[2026-07-01 14:24:33.883] [warning] [:] uring_reactor: cudaFreeHost failed: an illegal memory access was encountered
[2026-07-01 14:24:33.883] [warning] [:] uring_reactor: cudaFreeHost failed: an illegal memory access was encountered
[2026-07-01 14:24:33.883] [warning] [:] uring_reactor: cudaFreeHost failed: an illegal memory access was encountered
[2026-07-01 14:24:33.883] [warning] [:] uring_reactor: cudaFreeHost failed: an illegal memory access was encountered
[2026-07-01 14:24:33.883] [warning] [:] uring_reactor: cudaFreeHost failed: an illegal memory access was encountered
[2026-07-01 14:24:33.883] [warning] [:] uring_reactor: cudaFreeHost failed: an illegal memory access was encountered
[2026-07-01 14:24:33.883] [warning] [:] uring_reactor: cudaFreeHost failed: an illegal memory access was encountered
[2026-07-01 14:24:33.883] [warning] [:] uring_reactor: cudaFreeHost failed: an illegal memory access was encountered
[2026-07-01 14:24:33.883] [warning] [:] uring_reactor: cudaFreeHost failed: an illegal memory access was encountered
[2026-07-01 14:24:33.883] [warning] [:] uring_reactor: cudaFreeHost failed: an illegal memory access was encountered
[2026-07-01 14:24:33.883] [warning] [:] uring_reactor: cudaFreeHost failed: an illegal memory access was encountered
[2026-07-01 14:24:33.883] [warning] [:] uring_reactor: cudaFreeHost failed: an illegal memory access was encountered
[2026-07-01 14:24:33.883] [warning] [:] uring_reactor: cudaFreeHost failed: an illegal memory access was encountered
[2026-07-01 14:24:33.883] [warning] [:] uring_reactor: cudaFreeHost failed: an illegal memory access was encountered
[2026-07-01 14:24:33.883] [warning] [:] uring_reactor: cudaFreeHost failed: an illegal memory access was encountered
[2026-07-01 14:24:33.883] [warning] [:] uring_reactor: cudaFreeHost failed: an illegal memory access was encountered
[2026-07-01 14:24:33.883] [warning] [:] uring_reactor: cudaFreeHost failed: an illegal memory access was encountered
[2026-07-01 14:24:33.883] [warning] [:] uring_reactor: cudaFreeHost failed: an illegal memory access was encountered
[2026-07-01 14:24:33.883] [warning] [:] uring_reactor: cudaFreeHost failed: an illegal memory access was encountered
[2026-07-01 14:24:33.883] [warning] [:] uring_reactor: cudaFreeHost failed: an illegal memory access was encountered
[2026-07-01 14:24:33.883] [warning] [:] uring_reactor: cudaFreeHost failed: an illegal memory access was encountered
[2026-07-01 14:24:33.883] [warning] [:] uring_reactor: cudaFreeHost failed: an illegal memory access was encountered
[2026-07-01 14:24:33.883] [warning] [:] uring_reactor: cudaFreeHost failed: an illegal memory access was encountered
[2026-07-01 14:24:33.883] [warning] [:] uring_reactor: cudaFreeHost failed: an illegal memory access was encountered
[2026-07-01 14:24:33.883] [warning] [:] uring_reactor: cudaFreeHost failed: an illegal memory access was encountered
[2026-07-01 14:24:33.883] [warning] [:] uring_reactor: cudaFreeHost failed: an illegal memory access was encountered
[2026-07-01 14:24:33.883] [warning] [:] uring_reactor: cudaFreeHost failed: an illegal memory access was encountered
[2026-07-01 14:24:33.883] [warning] [:] uring_reactor: cudaFreeHost failed: an illegal memory access was encountered
[2026-07-01 14:24:33.883] [warning] [:] uring_reactor: cudaFreeHost failed: an illegal memory access was encountered
[2026-07-01 14:24:33.883] [warning] [:] uring_reactor: cudaFreeHost failed: an illegal memory access was encountered
[2026-07-01 14:24:33.883] [warning] [:] uring_reactor: cudaFreeHost failed: an illegal memory access was encountered
[2026-07-01 14:24:33.883] [warning] [:] uring_reactor: cudaFreeHost failed: an illegal memory access was encountered
[2026-07-01 14:24:33.883] [warning] [:] uring_reactor: cudaFreeHost failed: an illegal memory access was encountered
[2026-07-01 14:24:33.883] [warning] [:] uring_reactor: cudaFreeHost failed: an illegal memory access was encountered
[2026-07-01 14:24:33.883] [warning] [:] uring_reactor: cudaFreeHost failed: an illegal memory access was encountered
[2026-07-01 14:24:33.883] [warning] [:] uring_reactor: cudaFreeHost failed: an illegal memory access was encountered
[2026-07-01 14:24:33.883] [warning] [:] uring_reactor: cudaFreeHost failed: an illegal memory access was encountered
[2026-07-01 14:24:33.883] [warning] [:] uring_reactor: cudaFreeHost failed: an illegal memory access was encountered
[2026-07-01 14:24:33.883] [warning] [:] uring_reactor: cudaFreeHost failed: an illegal memory access was encountered
[2026-07-01 14:24:33.883] [warning] [:] uring_reactor: cudaFreeHost failed: an illegal memory access was encountered
[2026-07-01 14:24:33.883] [warning] [:] uring_reactor: cudaFreeHost failed: an illegal memory access was encountered
[2026-07-01 14:24:33.883] [warning] [:] uring_reactor: cudaFreeHost failed: an illegal memory access was encountered
[2026-07-01 14:24:33.883] [warning] [:] uring_reactor: cudaFreeHost failed: an illegal memory access was encountered
[2026-07-01 14:24:33.883] [warning] [:] uring_reactor: cudaFreeHost failed: an illegal memory access was encountered
[2026-07-01 14:24:33.883] [warning] [:] uring_reactor: cudaFreeHost failed: an illegal memory access was encountered
[2026-07-01 14:24:33.883] [warning] [:] uring_reactor: cudaFreeHost failed: an illegal memory access was encountered
[2026-07-01 14:24:33.883] [warning] [:] uring_reactor: cudaFreeHost failed: an illegal memory access was encountered
[2026-07-01 14:24:33.883] [warning] [:] uring_reactor: cudaFreeHost failed: an illegal memory access was encountered
[2026-07-01 14:24:33.883] [warning] [:] uring_reactor: cudaFreeHost failed: an illegal memory access was encountered
[2026-07-01 14:24:33.883] [warning] [:] uring_reactor: cudaFreeHost failed: an illegal memory access was encountered
[2026-07-01 14:24:33.883] [warning] [:] uring_reactor: cudaFreeHost failed: an illegal memory access was encountered
[2026-07-01 14:24:33.883] [warning] [:] uring_reactor: cudaFreeHost failed: an illegal memory access was encountered
[2026-07-01 14:24:33.883] [warning] [:] uring_reactor: cudaFreeHost failed: an illegal memory access was encountered
[2026-07-01 14:24:33.883] [warning] [:] uring_reactor: cudaFreeHost failed: an illegal memory access was encountered
[2026-07-01 14:24:33.883] [warning] [:] uring_reactor: cudaFreeHost failed: an illegal memory access was encountered
[2026-07-01 14:24:33.883] [warning] [:] uring_reactor: cudaFreeHost failed: an illegal memory access was encountered
[2026-07-01 14:24:33.883] [warning] [:] uring_reactor: cudaFreeHost failed: an illegal memory access was encountered
[2026-07-01 14:24:33.883] [warning] [:] uring_reactor: cudaFreeHost failed: an illegal memory access was encountered
[2026-07-01 14:24:33.883] [warning] [:] uring_reactor: cudaFreeHost failed: an illegal memory access was encountered
[2026-07-01 14:24:33.883] [warning] [:] uring_reactor: cudaFreeHost failed: an illegal memory access was encountered
[2026-07-01 14:24:33.883] [warning] [:] uring_reactor: cudaFreeHost failed: an illegal memory access was encountered
[2026-07-01 14:24:33.883] [warning] [:] uring_reactor: cudaFreeHost failed: an illegal memory access was encountered
[2026-07-01 14:24:33.883] [warning] [:] uring_reactor: cudaFreeHost failed: an illegal memory access was encountered
[2026-07-01 14:24:33.883] [warning] [:] uring_reactor: cudaFreeHost failed: an illegal memory access was encountered
[2026-07-01 14:24:33.883] [warning] [:] uring_reactor: cudaFreeHost failed: an illegal memory access was encountered
[2026-07-01 14:24:33.883] [warning] [:] uring_reactor: cudaFreeHost failed: an illegal memory access was encountered
[2026-07-01 14:24:33.883] [warning] [:] uring_reactor: cudaFreeHost failed: an illegal memory access was encountered
[2026-07-01 14:24:33.883] [warning] [:] uring_reactor: cudaFreeHost failed: an illegal memory access was encountered
[2026-07-01 14:24:33.883] [warning] [:] uring_reactor: cudaFreeHost failed: an illegal memory access was encountered
[2026-07-01 14:24:33.883] [warning] [:] uring_reactor: cudaFreeHost failed: an illegal memory access was encountered
[2026-07-01 14:24:33.883] [warning] [:] uring_reactor: cudaFreeHost failed: an illegal memory access was encountered
[2026-07-01 14:24:33.883] [warning] [:] uring_reactor: cudaFreeHost failed: an illegal memory access was encountered
[2026-07-01 14:24:33.883] [warning] [:] uring_reactor: cudaFreeHost failed: an illegal memory access was encountered
[2026-07-01 14:24:33.883] [warning] [:] uring_reactor: cudaFreeHost failed: an illegal memory access was encountered
[2026-07-01 14:24:33.883] [warning] [:] uring_reactor: cudaFreeHost failed: an illegal memory access was encountered
[2026-07-01 14:24:33.883] [warning] [:] uring_reactor: cudaFreeHost failed: an illegal memory access was encountered
[2026-07-01 14:24:33.883] [warning] [:] uring_reactor: cudaFreeHost failed: an illegal memory access was encountered
[2026-07-01 14:24:33.883] [warning] [:] uring_reactor: cudaFreeHost failed: an illegal memory access was encountered
[2026-07-01 14:24:33.883] [warning] [:] uring_reactor: cudaFreeHost failed: an illegal memory access was encountered
[2026-07-01 14:24:33.883] [warning] [:] uring_reactor: cudaFreeHost failed: an illegal memory access was encountered
[2026-07-01 14:24:33.883] [warning] [:] uring_reactor: cudaFreeHost failed: an illegal memory access was encountered
[2026-07-01 14:24:33.883] [warning] [:] uring_reactor: cudaFreeHost failed: an illegal memory access was encountered
[2026-07-01 14:24:33.883] [warning] [:] uring_reactor: cudaFreeHost failed: an illegal memory access was encountered
[2026-07-01 14:24:33.883] [warning] [:] uring_reactor: cudaFreeHost failed: an illegal memory access was encountered
[2026-07-01 14:24:33.883] [warning] [:] uring_reactor: cudaFreeHost failed: an illegal memory access was encountered
[2026-07-01 14:24:33.883] [warning] [:] uring_reactor: cudaFreeHost failed: an illegal memory access was encountered
[2026-07-01 14:24:33.883] [warning] [:] uring_reactor: cudaFreeHost failed: an illegal memory access was encountered
[2026-07-01 14:24:33.883] [warning] [:] uring_reactor: cudaFreeHost failed: an illegal memory access was encountered
[2026-07-01 14:24:33.883] [warning] [:] uring_reactor: cudaFreeHost failed: an illegal memory access was encountered
[2026-07-01 14:24:33.883] [warning] [:] uring_reactor: cudaFreeHost failed: an illegal memory access was encountered
[2026-07-01 14:24:33.883] [warning] [:] uring_reactor: cudaFreeHost failed: an illegal memory access was encountered
[2026-07-01 14:24:33.883] [warning] [:] uring_reactor: cudaFreeHost failed: an illegal memory access was encountered
[2026-07-01 14:24:33.883] [warning] [:] uring_reactor: cudaFreeHost failed: an illegal memory access was encountered
[2026-07-01 14:24:33.883] [warning] [:] uring_reactor: cudaFreeHost failed: an illegal memory access was encountered
[2026-07-01 14:24:33.883] [warning] [:] uring_reactor: cudaFreeHost failed: an illegal memory access was encountered
[2026-07-01 14:24:33.883] [warning] [:] uring_reactor: cudaFreeHost failed: an illegal memory access was encountered
[2026-07-01 14:24:33.883] [warning] [:] uring_reactor: cudaFreeHost failed: an illegal memory access was encountered
[2026-07-01 14:24:33.883] [warning] [:] uring_reactor: cudaFreeHost failed: an illegal memory access was encountered
[2026-07-01 14:24:33.883] [warning] [:] uring_reactor: cudaFreeHost failed: an illegal memory access was encountered
[2026-07-01 14:24:33.883] [warning] [:] uring_reactor: cudaFreeHost failed: an illegal memory access was encountered
[2026-07-01 14:24:33.883] [warning] [:] uring_reactor: cudaFreeHost failed: an illegal memory access was encountered
[2026-07-01 14:24:33.883] [warning] [:] uring_reactor: cudaFreeHost failed: an illegal memory access was encountered
[2026-07-01 14:24:33.883] [warning] [:] uring_reactor: cudaFreeHost failed: an illegal memory access was encountered
[2026-07-01 14:24:33.883] [warning] [:] uring_reactor: cudaFreeHost failed: an illegal memory access was encountered
[2026-07-01 14:24:33.883] [warning] [:] uring_reactor: cudaFreeHost failed: an illegal memory access was encountered
[2026-07-01 14:24:33.883] [warning] [:] uring_reactor: cudaFreeHost failed: an illegal memory access was encountered
[2026-07-01 14:24:33.883] [warning] [:] uring_reactor: cudaFreeHost failed: an illegal memory access was encountered
[2026-07-01 14:24:33.883] [warning] [:] uring_reactor: cudaFreeHost failed: an illegal memory access was encountered
[2026-07-01 14:24:33.883] [warning] [:] uring_reactor: cudaFreeHost failed: an illegal memory access was encountered
[2026-07-01 14:24:33.883] [warning] [:] uring_reactor: cudaFreeHost failed: an illegal memory access was encountered
[2026-07-01 14:24:33.883] [warning] [:] uring_reactor: cudaFreeHost failed: an illegal memory access was encountered
[2026-07-01 14:24:33.883] [warning] [:] uring_reactor: cudaFreeHost failed: an illegal memory access was encountered
[2026-07-01 14:24:33.883] [warning] [:] uring_reactor: cudaFreeHost failed: an illegal memory access was encountered
[2026-07-01 14:24:33.883] [warning] [:] uring_reactor: cudaFreeHost failed: an illegal memory access was encountered
[2026-07-01 14:24:33.883] [warning] [:] uring_reactor: cudaFreeHost failed: an illegal memory access was encountered
[2026-07-01 14:24:33.883] [warning] [:] uring_reactor: cudaFreeHost failed: an illegal memory access was encountered
[2026-07-01 14:24:33.883] [warning] [:] uring_reactor: cudaFreeHost failed: an illegal memory access was encountered
[2026-07-01 14:24:33.883] [warning] [:] uring_reactor: cudaFreeHost failed: an illegal memory access was encountered
[2026-07-01 14:24:33.883] [warning] [:] uring_reactor: cudaFreeHost failed: an illegal memory access was encountered
[2026-07-01 14:24:33.883] [warning] [:] uring_reactor: cudaFreeHost failed: an illegal memory access was encountered
[2026-07-01 14:24:33.883] [warning] [:] uring_reactor: cudaFreeHost failed: an illegal memory access was encountered
[2026-07-01 14:24:33.883] [warning] [:] uring_reactor: cudaFreeHost failed: an illegal memory access was encountered
[2026-07-01 14:24:33.883] [warning] [:] uring_reactor: cudaFreeHost failed: an illegal memory access was encountered
[2026-07-01 14:24:33.883] [warning] [:] uring_reactor: cudaFreeHost failed: an illegal memory access was encountered
[2026-07-01 14:24:33.883] [warning] [:] uring_reactor: cudaFreeHost failed: an illegal memory access was encountered
[2026-07-01 14:24:33.883] [warning] [:] uring_reactor: cudaFreeHost failed: an illegal memory access was encountered
[2026-07-01 14:24:33.883] [warning] [:] uring_reactor: cudaFreeHost failed: an illegal memory access was encountered
[2026-07-01 14:24:33.883] [warning] [:] uring_reactor: cudaFreeHost failed: an illegal memory access was encountered
[2026-07-01 14:24:33.883] [warning] [:] uring_reactor: cudaFreeHost failed: an illegal memory access was encountered
[2026-07-01 14:24:33.883] [warning] [:] uring_reactor: cudaFreeHost failed: an illegal memory access was encountered
[2026-07-01 14:24:33.883] [warning] [:] uring_reactor: cudaFreeHost failed: an illegal memory access was encountered
[2026-07-01 14:24:33.883] [warning] [:] uring_reactor: cudaFreeHost failed: an illegal memory access was encountered
[2026-07-01 14:24:33.883] [warning] [:] uring_reactor: cudaFreeHost failed: an illegal memory access was encountered
[2026-07-01 14:24:33.883] [warning] [:] uring_reactor: cudaFreeHost failed: an illegal memory access was encountered
[2026-07-01 14:24:33.883] [warning] [:] uring_reactor: cudaFreeHost failed: an illegal memory access was encountered
[2026-07-01 14:24:33.883] [warning] [:] uring_reactor: cudaFreeHost failed: an illegal memory access was encountered
[2026-07-01 14:24:33.883] [warning] [:] uring_reactor: cudaFreeHost failed: an illegal memory access was encountered
[2026-07-01 14:24:33.883] [warning] [:] uring_reactor: cudaFreeHost failed: an illegal memory access was encountered
[2026-07-01 14:24:33.883] [warning] [:] uring_reactor: cudaFreeHost failed: an illegal memory access was encountered
[2026-07-01 14:24:33.883] [warning] [:] uring_reactor: cudaFreeHost failed: an illegal memory access was encountered
[2026-07-01 14:24:33.883] [warning] [:] uring_reactor: cudaFreeHost failed: an illegal memory access was encountered
[2026-07-01 14:24:33.883] [warning] [:] uring_reactor: cudaFreeHost failed: an illegal memory access was encountered
[2026-07-01 14:24:33.883] [warning] [:] uring_reactor: cudaFreeHost failed: an illegal memory access was encountered
[2026-07-01 14:24:33.883] [warning] [:] uring_reactor: cudaFreeHost failed: an illegal memory access was encountered
[2026-07-01 14:24:33.883] [warning] [:] uring_reactor: cudaFreeHost failed: an illegal memory access was encountered
[2026-07-01 14:24:33.883] [warning] [:] uring_reactor: cudaFreeHost failed: an illegal memory access was encountered
[2026-07-01 14:24:33.883] [warning] [:] uring_reactor: cudaFreeHost failed: an illegal memory access was encountered
[2026-07-01 14:24:33.883] [warning] [:] uring_reactor: cudaFreeHost failed: an illegal memory access was encountered
[2026-07-01 14:24:33.883] [warning] [:] uring_reactor: cudaFreeHost failed: an illegal memory access was encountered
[2026-07-01 14:24:33.883] [warning] [:] uring_reactor: cudaFreeHost failed: an illegal memory access was encountered
[2026-07-01 14:24:33.883] [warning] [:] uring_reactor: cudaFreeHost failed: an illegal memory access was encountered
[2026-07-01 14:24:33.883] [warning] [:] uring_reactor: cudaFreeHost failed: an illegal memory access was encountered
[2026-07-01 14:24:33.883] [warning] [:] uring_reactor: cudaFreeHost failed: an illegal memory access was encountered
[2026-07-01 14:24:33.883] [warning] [:] uring_reactor: cudaFreeHost failed: an illegal memory access was encountered
[2026-07-01 14:24:33.883] [warning] [:] uring_reactor: cudaFreeHost failed: an illegal memory access was encountered
[2026-07-01 14:24:33.883] [warning] [:] uring_reactor: cudaFreeHost failed: an illegal memory access was encountered
[2026-07-01 14:24:33.883] [warning] [:] uring_reactor: cudaFreeHost failed: an illegal memory access was encountered
[2026-07-01 14:24:33.883] [warning] [:] uring_reactor: cudaFreeHost failed: an illegal memory access was encountered
[2026-07-01 14:24:33.883] [warning] [:] uring_reactor: cudaFreeHost failed: an illegal memory access was encountered
[2026-07-01 14:24:33.883] [warning] [:] uring_reactor: cudaFreeHost failed: an illegal memory access was encountered
[2026-07-01 14:24:33.883] [warning] [:] uring_reactor: cudaFreeHost failed: an illegal memory access was encountered
[2026-07-01 14:24:33.883] [warning] [:] uring_reactor: cudaFreeHost failed: an illegal memory access was encountered
[2026-07-01 14:24:33.883] [warning] [:] uring_reactor: cudaFreeHost failed: an illegal memory access was encountered
[2026-07-01 14:24:33.883] [warning] [:] uring_reactor: cudaFreeHost failed: an illegal memory access was encountered
[2026-07-01 14:24:33.883] [warning] [:] uring_reactor: cudaFreeHost failed: an illegal memory access was encountered
[2026-07-01 14:24:33.883] [warning] [:] uring_reactor: cudaFreeHost failed: an illegal memory access was encountered
[2026-07-01 14:24:33.883] [warning] [:] uring_reactor: cudaFreeHost failed: an illegal memory access was encountered
[2026-07-01 14:24:33.883] [warning] [:] uring_reactor: cudaFreeHost failed: an illegal memory access was encountered
[2026-07-01 14:24:33.883] [warning] [:] uring_reactor: cudaFreeHost failed: an illegal memory access was encountered
[2026-07-01 14:24:33.883] [warning] [:] uring_reactor: cudaFreeHost failed: an illegal memory access was encountered
[2026-07-01 14:24:33.883] [warning] [:] uring_reactor: cudaFreeHost failed: an illegal memory access was encountered
[2026-07-01 14:24:33.883] [warning] [:] uring_reactor: cudaFreeHost failed: an illegal memory access was encountered
[2026-07-01 14:24:33.883] [warning] [:] uring_reactor: cudaFreeHost failed: an illegal memory access was encountered
[2026-07-01 14:24:33.883] [warning] [:] uring_reactor: cudaFreeHost failed: an illegal memory access was encountered
[2026-07-01 14:24:33.883] [warning] [:] uring_reactor: cudaFreeHost failed: an illegal memory access was encountered
[2026-07-01 14:24:33.883] [warning] [:] uring_reactor: cudaFreeHost failed: an illegal memory access was encountered
[2026-07-01 14:24:33.883] [warning] [:] uring_reactor: cudaFreeHost failed: an illegal memory access was encountered
[2026-07-01 14:24:33.883] [warning] [:] uring_reactor: cudaFreeHost failed: an illegal memory access was encountered
[2026-07-01 14:24:33.883] [warning] [:] uring_reactor: cudaFreeHost failed: an illegal memory access was encountered
[2026-07-01 14:24:33.883] [warning] [:] uring_reactor: cudaFreeHost failed: an illegal memory access was encountered
[2026-07-01 14:24:33.883] [warning] [:] uring_reactor: cudaFreeHost failed: an illegal memory access was encountered
[2026-07-01 14:24:33.883] [warning] [:] uring_reactor: cudaFreeHost failed: an illegal memory access was encountered
[2026-07-01 14:24:33.883] [warning] [:] uring_reactor: cudaFreeHost failed: an illegal memory access was encountered
[2026-07-01 14:24:33.883] [warning] [:] uring_reactor: cudaFreeHost failed: an illegal memory access was encountered
