[2026-07-08 08:11:38.614] [warning] [sirius_config.cpp:459] sirius_config: use_sirius_datasource was false but 2 GPUs are configured; the sirius datasource is required for multi-GPU IO routing. Overriding use_sirius_datasource to true.
[2026-07-08 08:11:38.615] [info] [sirius_context.cpp:1046] Loaded Sirius configuration from file: /home/dy1013/sirius_multi-gpu/experiment/fixed_page_runs/tpch22_score_7gb/configs/sirius_2gpu.yaml
[2026-07-08 08:11:38.618] [info] [telemetry_context.cpp:67] Telemetry context initialized (engine=siriusDB)
[2026-07-08 08:11:38.618] [info] [sirius_context.cpp:337] SiriusContext: topology summary — 2 GPU(s), 1 NUMA node(s), host='hicys76'
[2026-07-08 08:11:38.618] [info] [sirius_context.cpp:342]   GPU 0: NVIDIA RTX A5000 (numa=0, pci=00000000:AC:00.0)
[2026-07-08 08:11:38.618] [info] [sirius_context.cpp:342]   GPU 1: NVIDIA RTX A5000 (numa=0, pci=00000000:CA:00.0)
[2026-07-08 08:11:38.801] [warning] [sirius_context.cpp:352] SiriusContext: disk memory space is not configured; spilling GPU or HOST data to disk is disabled. If queries run out of GPU/HOST memory, downgrades to disk will not be possible.
[2026-07-08 08:11:38.801] [info] [sirius_context.cpp:364] SiriusContext: 1 host memory space(s) created for 1 NUMA node(s)
[2026-07-08 08:11:38.801] [info] [sirius_context.cpp:417] SiriusContext: P2P enabled 0 -> 1
[2026-07-08 08:11:38.801] [info] [sirius_context.cpp:417] SiriusContext: P2P enabled 1 -> 0
[2026-07-08 08:11:38.801] [info] [sirius_context.cpp:477] SiriusContext: cuDF pinned memory resource configured (NUMA-aware, max slab 8192 B, fallback node=0)
[2026-07-08 08:11:39.028] [info] [sirius_context.cpp:1007] Connection opened.
[2026-07-08 08:11:39.028] [info] [sirius_context.cpp:1020] Extension loaded: sirius
[2026-07-08 08:11:39.028] [info] [sirius_context.cpp:258] QueryEnd
[2026-07-08 08:11:39.038] [info] [:] [host_pool] HOST:0 QueryEnd allocated=0 bytes peak=0 bytes free_blocks=512
[2026-07-08 08:11:39.038] [info] [:] [gpu_pool] GPU:0 QueryEnd allocated=0 bytes peak=0 bytes reserved=0 bytes
[2026-07-08 08:11:39.038] [info] [:] [gpu_pool] GPU:1 QueryEnd allocated=0 bytes peak=0 bytes reserved=0 bytes
[2026-07-08 08:11:39.038] [info] [:] [host_pool] HOST:0 QueryBegin allocated=0 bytes peak=0 bytes free_blocks=512
[2026-07-08 08:11:39.038] [info] [:] [gpu_pool] GPU:0 QueryBegin allocated=0 bytes peak=0 bytes reserved=0 bytes
[2026-07-08 08:11:39.038] [info] [:] [gpu_pool] GPU:1 QueryBegin allocated=0 bytes peak=0 bytes reserved=0 bytes
[2026-07-08 08:11:39.038] [info] [sirius_context.cpp:242] QueryBegin: SQL: CALL pin_table('/mnt/nvme/dataset/customer*.parquet', tier='gpu', name='customer', cols=['c_custkey','c_nationkey'])
[2026-07-08 08:11:39.086] [info] [sirius_extension.cpp:1060] [fixed-page-cache] pin_table chunk_rr name='customer' chunk=0 rows=15000000 source_gpu=0 target_gpu=0
[2026-07-08 08:11:39.098] [info] [sirius_scan_manager.cpp:1094] [fixed-page-cache] page_directory indexed table='customer' fixed_cols=2 pages=12 resident_pages=12 resident_bytes=180000000 stats_pages=12 evicted_pages=0 eviction_count=0 directory_entries=12 page_bytes=16777216 rows=15000000 partial=false owned_pages=0
[2026-07-08 08:11:39.098] [info] [sirius_context.cpp:258] QueryEnd
[2026-07-08 08:11:39.119] [info] [:] [host_pool] HOST:0 QueryEnd allocated=3145728 bytes peak=3145728 bytes free_blocks=509
[2026-07-08 08:11:39.119] [info] [:] [gpu_pool] GPU:0 QueryEnd allocated=183750400 bytes peak=313203200 bytes reserved=0 bytes
[2026-07-08 08:11:39.119] [info] [:] [gpu_pool] GPU:1 QueryEnd allocated=0 bytes peak=0 bytes reserved=0 bytes
[2026-07-08 08:11:39.119] [info] [:] [host_pool] HOST:0 QueryBegin allocated=3145728 bytes peak=3145728 bytes free_blocks=509
[2026-07-08 08:11:39.119] [info] [:] [gpu_pool] GPU:0 QueryBegin allocated=183750400 bytes peak=313203200 bytes reserved=0 bytes
[2026-07-08 08:11:39.119] [info] [:] [gpu_pool] GPU:1 QueryBegin allocated=0 bytes peak=0 bytes reserved=0 bytes
[2026-07-08 08:11:39.119] [info] [sirius_context.cpp:242] QueryBegin: SQL: CALL pin_table('/mnt/nvme/dataset/lineitem*.parquet', tier='gpu', name='lineitem', cols=['l_discount','l_extendedprice','l_orderkey','l_shipdate','l_suppkey'])
[2026-07-08 08:11:42.439] [info] [sirius_context.cpp:258] QueryEnd
[2026-07-08 08:11:42.458] [info] [:] [host_pool] HOST:0 QueryEnd allocated=3145728 bytes peak=3145728 bytes free_blocks=509
[2026-07-08 08:11:42.458] [info] [:] [gpu_pool] GPU:0 QueryEnd allocated=183750400 bytes peak=313203200 bytes reserved=0 bytes
[2026-07-08 08:11:42.458] [info] [:] [gpu_pool] GPU:1 QueryEnd allocated=0 bytes peak=0 bytes reserved=0 bytes
[2026-07-08 08:11:42.459] [info] [:] [host_pool] HOST:0 QueryBegin allocated=3145728 bytes peak=3145728 bytes free_blocks=509
[2026-07-08 08:11:42.459] [info] [:] [gpu_pool] GPU:0 QueryBegin allocated=183750400 bytes peak=313203200 bytes reserved=0 bytes
[2026-07-08 08:11:42.459] [info] [:] [gpu_pool] GPU:1 QueryBegin allocated=0 bytes peak=0 bytes reserved=0 bytes
[2026-07-08 08:11:42.459] [info] [sirius_context.cpp:242] QueryBegin: SQL: CALL unpin_table('customer')
[2026-07-08 08:11:42.460] [info] [sirius_context.cpp:258] QueryEnd
[2026-07-08 08:11:42.479] [info] [:] [host_pool] HOST:0 QueryEnd allocated=3145728 bytes peak=3145728 bytes free_blocks=509
[2026-07-08 08:11:42.479] [info] [:] [gpu_pool] GPU:0 QueryEnd allocated=0 bytes peak=313203200 bytes reserved=0 bytes
[2026-07-08 08:11:42.479] [info] [:] [gpu_pool] GPU:1 QueryEnd allocated=0 bytes peak=0 bytes reserved=0 bytes
[2026-07-08 08:11:42.479] [info] [:] [host_pool] HOST:0 QueryBegin allocated=3145728 bytes peak=3145728 bytes free_blocks=509
[2026-07-08 08:11:42.479] [info] [:] [gpu_pool] GPU:0 QueryBegin allocated=0 bytes peak=313203200 bytes reserved=0 bytes
[2026-07-08 08:11:42.479] [info] [:] [gpu_pool] GPU:1 QueryBegin allocated=0 bytes peak=0 bytes reserved=0 bytes
[2026-07-08 08:11:42.479] [info] [sirius_context.cpp:242] QueryBegin: SQL: CALL unpin_table('lineitem')
[2026-07-08 08:11:42.480] [info] [sirius_context.cpp:258] QueryEnd
[2026-07-08 08:11:42.499] [info] [:] [host_pool] HOST:0 QueryEnd allocated=3145728 bytes peak=3145728 bytes free_blocks=509
[2026-07-08 08:11:42.499] [info] [:] [gpu_pool] GPU:0 QueryEnd allocated=0 bytes peak=313203200 bytes reserved=0 bytes
[2026-07-08 08:11:42.499] [info] [:] [gpu_pool] GPU:1 QueryEnd allocated=0 bytes peak=0 bytes reserved=0 bytes
[2026-07-08 08:11:42.499] [info] [:] [host_pool] HOST:0 QueryBegin allocated=3145728 bytes peak=3145728 bytes free_blocks=509
[2026-07-08 08:11:42.499] [info] [:] [gpu_pool] GPU:0 QueryBegin allocated=0 bytes peak=313203200 bytes reserved=0 bytes
[2026-07-08 08:11:42.499] [info] [:] [gpu_pool] GPU:1 QueryBegin allocated=0 bytes peak=0 bytes reserved=0 bytes
[2026-07-08 08:11:42.499] [info] [sirius_context.cpp:242] QueryBegin: SQL: CALL unpin_table('nation')
[2026-07-08 08:11:42.500] [info] [sirius_context.cpp:258] QueryEnd
[2026-07-08 08:11:42.519] [info] [:] [host_pool] HOST:0 QueryEnd allocated=3145728 bytes peak=3145728 bytes free_blocks=509
[2026-07-08 08:11:42.519] [info] [:] [gpu_pool] GPU:0 QueryEnd allocated=0 bytes peak=313203200 bytes reserved=0 bytes
[2026-07-08 08:11:42.519] [info] [:] [gpu_pool] GPU:1 QueryEnd allocated=0 bytes peak=0 bytes reserved=0 bytes
[2026-07-08 08:11:42.519] [info] [:] [host_pool] HOST:0 QueryBegin allocated=3145728 bytes peak=3145728 bytes free_blocks=509
[2026-07-08 08:11:42.519] [info] [:] [gpu_pool] GPU:0 QueryBegin allocated=0 bytes peak=313203200 bytes reserved=0 bytes
[2026-07-08 08:11:42.519] [info] [:] [gpu_pool] GPU:1 QueryBegin allocated=0 bytes peak=0 bytes reserved=0 bytes
[2026-07-08 08:11:42.519] [info] [sirius_context.cpp:242] QueryBegin: SQL: CALL unpin_table('orders')
[2026-07-08 08:11:42.520] [info] [sirius_context.cpp:258] QueryEnd
[2026-07-08 08:11:42.540] [info] [:] [host_pool] HOST:0 QueryEnd allocated=3145728 bytes peak=3145728 bytes free_blocks=509
[2026-07-08 08:11:42.540] [info] [:] [gpu_pool] GPU:0 QueryEnd allocated=0 bytes peak=313203200 bytes reserved=0 bytes
[2026-07-08 08:11:42.540] [info] [:] [gpu_pool] GPU:1 QueryEnd allocated=0 bytes peak=0 bytes reserved=0 bytes
[2026-07-08 08:11:42.540] [info] [:] [host_pool] HOST:0 QueryBegin allocated=3145728 bytes peak=3145728 bytes free_blocks=509
[2026-07-08 08:11:42.540] [info] [:] [gpu_pool] GPU:0 QueryBegin allocated=0 bytes peak=313203200 bytes reserved=0 bytes
[2026-07-08 08:11:42.540] [info] [:] [gpu_pool] GPU:1 QueryBegin allocated=0 bytes peak=0 bytes reserved=0 bytes
[2026-07-08 08:11:42.540] [info] [sirius_context.cpp:242] QueryBegin: SQL: CALL unpin_table('supplier')
[2026-07-08 08:11:42.541] [info] [sirius_context.cpp:258] QueryEnd
[2026-07-08 08:11:42.560] [info] [:] [host_pool] HOST:0 QueryEnd allocated=3145728 bytes peak=3145728 bytes free_blocks=509
[2026-07-08 08:11:42.560] [info] [:] [gpu_pool] GPU:0 QueryEnd allocated=0 bytes peak=313203200 bytes reserved=0 bytes
[2026-07-08 08:11:42.560] [info] [:] [gpu_pool] GPU:1 QueryEnd allocated=0 bytes peak=0 bytes reserved=0 bytes
[2026-07-08 08:11:42.560] [info] [sirius_context.cpp:1013] Connection closed.
[2026-07-08 08:11:42.568] [info] [task_scheduler.cpp:295] Task request channel closed, exiting management event loop.
[2026-07-08 08:11:42.568] [info] [gpu_pipeline_executor.cpp:118] GPU Pipeline Executor: task queue interrupted, stopping manager loop
[2026-07-08 08:11:42.568] [info] [gpu_pipeline_executor.cpp:118] GPU Pipeline Executor: task queue interrupted, stopping manager loop
[2026-07-08 08:25:17.925] [warning] [sirius_config.cpp:459] sirius_config: use_sirius_datasource was false but 2 GPUs are configured; the sirius datasource is required for multi-GPU IO routing. Overriding use_sirius_datasource to true.
[2026-07-08 08:25:17.925] [info] [sirius_context.cpp:1046] Loaded Sirius configuration from file: /home/dy1013/sirius_multi-gpu/experiment/fixed_page_runs/tpch22_score_7gb/configs/sirius_2gpu.yaml
[2026-07-08 08:25:17.928] [info] [telemetry_context.cpp:67] Telemetry context initialized (engine=siriusDB)
[2026-07-08 08:25:17.928] [info] [sirius_context.cpp:337] SiriusContext: topology summary — 2 GPU(s), 1 NUMA node(s), host='hicys76'
[2026-07-08 08:25:17.928] [info] [sirius_context.cpp:342]   GPU 0: NVIDIA RTX A5000 (numa=0, pci=00000000:AC:00.0)
[2026-07-08 08:25:17.928] [info] [sirius_context.cpp:342]   GPU 1: NVIDIA RTX A5000 (numa=0, pci=00000000:CA:00.0)
[2026-07-08 08:25:18.057] [warning] [sirius_context.cpp:352] SiriusContext: disk memory space is not configured; spilling GPU or HOST data to disk is disabled. If queries run out of GPU/HOST memory, downgrades to disk will not be possible.
[2026-07-08 08:25:18.057] [info] [sirius_context.cpp:364] SiriusContext: 1 host memory space(s) created for 1 NUMA node(s)
[2026-07-08 08:25:18.058] [info] [sirius_context.cpp:417] SiriusContext: P2P enabled 0 -> 1
[2026-07-08 08:25:18.058] [info] [sirius_context.cpp:417] SiriusContext: P2P enabled 1 -> 0
[2026-07-08 08:25:18.058] [info] [sirius_context.cpp:477] SiriusContext: cuDF pinned memory resource configured (NUMA-aware, max slab 8192 B, fallback node=0)
[2026-07-08 08:25:18.226] [info] [sirius_context.cpp:1007] Connection opened.
[2026-07-08 08:25:18.226] [info] [sirius_context.cpp:1020] Extension loaded: sirius
[2026-07-08 08:25:18.227] [info] [sirius_context.cpp:258] QueryEnd
[2026-07-08 08:25:18.245] [info] [:] [host_pool] HOST:0 QueryEnd allocated=0 bytes peak=0 bytes free_blocks=512
[2026-07-08 08:25:18.245] [info] [:] [gpu_pool] GPU:0 QueryEnd allocated=0 bytes peak=0 bytes reserved=0 bytes
[2026-07-08 08:25:18.245] [info] [:] [gpu_pool] GPU:1 QueryEnd allocated=0 bytes peak=0 bytes reserved=0 bytes
[2026-07-08 08:25:18.247] [info] [:] [host_pool] HOST:0 QueryBegin allocated=0 bytes peak=0 bytes free_blocks=512
[2026-07-08 08:25:18.247] [info] [:] [gpu_pool] GPU:0 QueryBegin allocated=0 bytes peak=0 bytes reserved=0 bytes
[2026-07-08 08:25:18.247] [info] [:] [gpu_pool] GPU:1 QueryBegin allocated=0 bytes peak=0 bytes reserved=0 bytes
[2026-07-08 08:25:18.247] [info] [sirius_context.cpp:242] QueryBegin: SQL: CALL pin_table('/mnt/nvme/dataset/customer*.parquet', tier='gpu', name='customer', cols=['c_custkey','c_nationkey'])
[2026-07-08 08:25:18.293] [info] [sirius_extension.cpp:1060] [fixed-page-cache] pin_table chunk_rr name='customer' chunk=0 rows=15000000 source_gpu=0 target_gpu=0
[2026-07-08 08:25:18.301] [info] [sirius_scan_manager.cpp:1094] [fixed-page-cache] page_directory indexed table='customer' fixed_cols=2 pages=12 resident_pages=12 resident_bytes=180000000 stats_pages=12 evicted_pages=0 eviction_count=0 directory_entries=12 page_bytes=16777216 rows=15000000 partial=false owned_pages=0
[2026-07-08 08:25:18.301] [info] [sirius_context.cpp:258] QueryEnd
[2026-07-08 08:25:18.306] [info] [:] [host_pool] HOST:0 QueryEnd allocated=3145728 bytes peak=3145728 bytes free_blocks=509
[2026-07-08 08:25:18.306] [info] [:] [gpu_pool] GPU:0 QueryEnd allocated=183750400 bytes peak=313203200 bytes reserved=0 bytes
[2026-07-08 08:25:18.306] [info] [:] [gpu_pool] GPU:1 QueryEnd allocated=0 bytes peak=0 bytes reserved=0 bytes
[2026-07-08 08:25:18.306] [info] [:] [host_pool] HOST:0 QueryBegin allocated=3145728 bytes peak=3145728 bytes free_blocks=509
[2026-07-08 08:25:18.306] [info] [:] [gpu_pool] GPU:0 QueryBegin allocated=183750400 bytes peak=313203200 bytes reserved=0 bytes
[2026-07-08 08:25:18.306] [info] [:] [gpu_pool] GPU:1 QueryBegin allocated=0 bytes peak=0 bytes reserved=0 bytes
[2026-07-08 08:25:18.306] [info] [sirius_context.cpp:242] QueryBegin: SQL: CALL pin_table('/mnt/nvme/dataset/lineitem*.parquet', tier='gpu', name='lineitem', cols=['l_discount','l_extendedprice','l_orderkey','l_shipdate','l_suppkey'])
[2026-07-08 08:25:21.596] [info] [sirius_context.cpp:258] QueryEnd
[2026-07-08 08:25:21.612] [info] [:] [host_pool] HOST:0 QueryEnd allocated=3145728 bytes peak=3145728 bytes free_blocks=509
[2026-07-08 08:25:21.612] [info] [:] [gpu_pool] GPU:0 QueryEnd allocated=183750400 bytes peak=313203200 bytes reserved=0 bytes
[2026-07-08 08:25:21.612] [info] [:] [gpu_pool] GPU:1 QueryEnd allocated=0 bytes peak=0 bytes reserved=0 bytes
[2026-07-08 08:25:21.613] [info] [:] [host_pool] HOST:0 QueryBegin allocated=3145728 bytes peak=3145728 bytes free_blocks=509
[2026-07-08 08:25:21.613] [info] [:] [gpu_pool] GPU:0 QueryBegin allocated=183750400 bytes peak=313203200 bytes reserved=0 bytes
[2026-07-08 08:25:21.613] [info] [:] [gpu_pool] GPU:1 QueryBegin allocated=0 bytes peak=0 bytes reserved=0 bytes
[2026-07-08 08:25:21.613] [info] [sirius_context.cpp:242] QueryBegin: SQL: CALL unpin_table('customer')
[2026-07-08 08:25:21.614] [info] [sirius_context.cpp:258] QueryEnd
[2026-07-08 08:25:21.622] [info] [:] [host_pool] HOST:0 QueryEnd allocated=3145728 bytes peak=3145728 bytes free_blocks=509
[2026-07-08 08:25:21.622] [info] [:] [gpu_pool] GPU:0 QueryEnd allocated=0 bytes peak=313203200 bytes reserved=0 bytes
[2026-07-08 08:25:21.622] [info] [:] [gpu_pool] GPU:1 QueryEnd allocated=0 bytes peak=0 bytes reserved=0 bytes
[2026-07-08 08:25:21.622] [info] [:] [host_pool] HOST:0 QueryBegin allocated=3145728 bytes peak=3145728 bytes free_blocks=509
[2026-07-08 08:25:21.622] [info] [:] [gpu_pool] GPU:0 QueryBegin allocated=0 bytes peak=313203200 bytes reserved=0 bytes
[2026-07-08 08:25:21.622] [info] [:] [gpu_pool] GPU:1 QueryBegin allocated=0 bytes peak=0 bytes reserved=0 bytes
[2026-07-08 08:25:21.622] [info] [sirius_context.cpp:242] QueryBegin: SQL: CALL unpin_table('lineitem')
[2026-07-08 08:25:21.623] [info] [sirius_context.cpp:258] QueryEnd
[2026-07-08 08:25:21.632] [info] [:] [host_pool] HOST:0 QueryEnd allocated=3145728 bytes peak=3145728 bytes free_blocks=509
[2026-07-08 08:25:21.632] [info] [:] [gpu_pool] GPU:0 QueryEnd allocated=0 bytes peak=313203200 bytes reserved=0 bytes
[2026-07-08 08:25:21.632] [info] [:] [gpu_pool] GPU:1 QueryEnd allocated=0 bytes peak=0 bytes reserved=0 bytes
[2026-07-08 08:25:21.633] [info] [:] [host_pool] HOST:0 QueryBegin allocated=3145728 bytes peak=3145728 bytes free_blocks=509
[2026-07-08 08:25:21.633] [info] [:] [gpu_pool] GPU:0 QueryBegin allocated=0 bytes peak=313203200 bytes reserved=0 bytes
[2026-07-08 08:25:21.633] [info] [:] [gpu_pool] GPU:1 QueryBegin allocated=0 bytes peak=0 bytes reserved=0 bytes
[2026-07-08 08:25:21.633] [info] [sirius_context.cpp:242] QueryBegin: SQL: CALL unpin_table('nation')
[2026-07-08 08:25:21.633] [info] [sirius_context.cpp:258] QueryEnd
[2026-07-08 08:25:21.643] [info] [:] [host_pool] HOST:0 QueryEnd allocated=3145728 bytes peak=3145728 bytes free_blocks=509
[2026-07-08 08:25:21.643] [info] [:] [gpu_pool] GPU:0 QueryEnd allocated=0 bytes peak=313203200 bytes reserved=0 bytes
[2026-07-08 08:25:21.643] [info] [:] [gpu_pool] GPU:1 QueryEnd allocated=0 bytes peak=0 bytes reserved=0 bytes
[2026-07-08 08:25:21.643] [info] [:] [host_pool] HOST:0 QueryBegin allocated=3145728 bytes peak=3145728 bytes free_blocks=509
[2026-07-08 08:25:21.643] [info] [:] [gpu_pool] GPU:0 QueryBegin allocated=0 bytes peak=313203200 bytes reserved=0 bytes
[2026-07-08 08:25:21.643] [info] [:] [gpu_pool] GPU:1 QueryBegin allocated=0 bytes peak=0 bytes reserved=0 bytes
[2026-07-08 08:25:21.643] [info] [sirius_context.cpp:242] QueryBegin: SQL: CALL unpin_table('orders')
[2026-07-08 08:25:21.643] [info] [sirius_context.cpp:258] QueryEnd
[2026-07-08 08:25:21.653] [info] [:] [host_pool] HOST:0 QueryEnd allocated=3145728 bytes peak=3145728 bytes free_blocks=509
[2026-07-08 08:25:21.653] [info] [:] [gpu_pool] GPU:0 QueryEnd allocated=0 bytes peak=313203200 bytes reserved=0 bytes
[2026-07-08 08:25:21.653] [info] [:] [gpu_pool] GPU:1 QueryEnd allocated=0 bytes peak=0 bytes reserved=0 bytes
[2026-07-08 08:25:21.653] [info] [:] [host_pool] HOST:0 QueryBegin allocated=3145728 bytes peak=3145728 bytes free_blocks=509
[2026-07-08 08:25:21.653] [info] [:] [gpu_pool] GPU:0 QueryBegin allocated=0 bytes peak=313203200 bytes reserved=0 bytes
[2026-07-08 08:25:21.653] [info] [:] [gpu_pool] GPU:1 QueryBegin allocated=0 bytes peak=0 bytes reserved=0 bytes
[2026-07-08 08:25:21.653] [info] [sirius_context.cpp:242] QueryBegin: SQL: CALL unpin_table('supplier')
[2026-07-08 08:25:21.653] [info] [sirius_context.cpp:258] QueryEnd
[2026-07-08 08:25:21.663] [info] [:] [host_pool] HOST:0 QueryEnd allocated=3145728 bytes peak=3145728 bytes free_blocks=509
[2026-07-08 08:25:21.663] [info] [:] [gpu_pool] GPU:0 QueryEnd allocated=0 bytes peak=313203200 bytes reserved=0 bytes
[2026-07-08 08:25:21.663] [info] [:] [gpu_pool] GPU:1 QueryEnd allocated=0 bytes peak=0 bytes reserved=0 bytes
[2026-07-08 08:25:21.663] [info] [sirius_context.cpp:1013] Connection closed.
[2026-07-08 08:25:21.674] [info] [task_scheduler.cpp:295] Task request channel closed, exiting management event loop.
[2026-07-08 08:25:21.674] [info] [gpu_pipeline_executor.cpp:118] GPU Pipeline Executor: task queue interrupted, stopping manager loop
[2026-07-08 08:25:21.675] [info] [gpu_pipeline_executor.cpp:118] GPU Pipeline Executor: task queue interrupted, stopping manager loop
