[2026-07-01 15:58:43.706] [warning] [sirius_config.cpp:459] sirius_config: use_sirius_datasource was false but 4 GPUs are configured; the sirius datasource is required for multi-GPU IO routing. Overriding use_sirius_datasource to true.
[2026-07-01 15:58:43.706] [info] [sirius_context.cpp:1046] Loaded Sirius configuration from file: /home/dy1013/sirius_multi-gpu/experiment/automatic_motivation_latency_full_probe_real_20260701/configs/sirius_4gpu.yaml
[2026-07-01 15:58:43.710] [info] [telemetry_context.cpp:67] Telemetry context initialized (engine=siriusDB)
[2026-07-01 15:58:43.710] [info] [sirius_context.cpp:337] SiriusContext: topology summary — 4 GPU(s), 1 NUMA node(s), host='hicys76'
[2026-07-01 15:58:43.710] [info] [sirius_context.cpp:342]   GPU 0: NVIDIA RTX A5000 (numa=0, pci=00000000:16:00.0)
[2026-07-01 15:58:43.710] [info] [sirius_context.cpp:342]   GPU 1: NVIDIA RTX A5000 (numa=0, pci=00000000:34:00.0)
[2026-07-01 15:58:43.710] [info] [sirius_context.cpp:342]   GPU 2: NVIDIA RTX A5000 (numa=0, pci=00000000:AC:00.0)
[2026-07-01 15:58:43.710] [info] [sirius_context.cpp:342]   GPU 3: NVIDIA RTX A5000 (numa=0, pci=00000000:CA:00.0)
[2026-07-01 15:58:43.864] [warning] [sirius_context.cpp:352] SiriusContext: disk memory space is not configured; spilling GPU or HOST data to disk is disabled. If queries run out of GPU/HOST memory, downgrades to disk will not be possible.
[2026-07-01 15:58:43.864] [info] [sirius_context.cpp:364] SiriusContext: 1 host memory space(s) created for 1 NUMA node(s)
[2026-07-01 15:58:43.867] [info] [sirius_context.cpp:417] SiriusContext: P2P enabled 0 -> 1
[2026-07-01 15:58:43.869] [info] [sirius_context.cpp:417] SiriusContext: P2P enabled 0 -> 2
[2026-07-01 15:58:43.869] [error] [sirius_context.cpp:398] SiriusContext: cudaDeviceCanAccessPeer(0,3) failed: invalid device ordinal
[2026-07-01 15:58:43.869] [info] [sirius_context.cpp:417] SiriusContext: P2P enabled 1 -> 0
[2026-07-01 15:58:43.871] [info] [sirius_context.cpp:417] SiriusContext: P2P enabled 1 -> 2
[2026-07-01 15:58:43.871] [error] [sirius_context.cpp:398] SiriusContext: cudaDeviceCanAccessPeer(1,3) failed: invalid device ordinal
[2026-07-01 15:58:43.871] [info] [sirius_context.cpp:417] SiriusContext: P2P enabled 2 -> 0
[2026-07-01 15:58:43.871] [info] [sirius_context.cpp:417] SiriusContext: P2P enabled 2 -> 1
[2026-07-01 15:58:43.871] [error] [sirius_context.cpp:398] SiriusContext: cudaDeviceCanAccessPeer(2,3) failed: invalid device ordinal
[2026-07-01 15:58:43.871] [error] [sirius_context.cpp:398] SiriusContext: cudaDeviceCanAccessPeer(3,0) failed: invalid device ordinal
[2026-07-01 15:58:43.871] [error] [sirius_context.cpp:398] SiriusContext: cudaDeviceCanAccessPeer(3,1) failed: invalid device ordinal
[2026-07-01 15:58:43.871] [error] [sirius_context.cpp:398] SiriusContext: cudaDeviceCanAccessPeer(3,2) failed: invalid device ordinal
[2026-07-01 15:58:43.888] [info] [sirius_context.cpp:477] SiriusContext: cuDF pinned memory resource configured (NUMA-aware, max slab 8192 B, fallback node=0)
[2026-07-01 15:58:44.067] [error] [:] downgrade_executor per-thread init: cudaSetDevice(3) failed: invalid device ordinal
[2026-07-01 15:58:44.067] [error] [:] downgrade_executor per-thread init: cudaSetDevice(3) failed: invalid device ordinal
[2026-07-01 15:58:44.067] [error] [:] downgrade_executor per-thread init: cudaSetDevice(3) failed: invalid device ordinal
[2026-07-01 15:58:44.067] [error] [:] downgrade_executor per-thread init: cudaSetDevice(3) failed: invalid device ordinal
[2026-07-01 15:58:44.068] [error] [:] gpu_pipeline_executor per-thread init: cudaSetDevice(3) failed: invalid device ordinal
[2026-07-01 15:58:44.068] [error] [:] gpu_pipeline_executor per-thread init: cudaSetDevice(3) failed: invalid device ordinal
[2026-07-01 15:58:44.068] [error] [:] gpu_pipeline_executor per-thread init: cudaSetDevice(3) failed: invalid device ordinal
[2026-07-01 15:58:44.068] [error] [:] gpu_pipeline_executor per-thread init: cudaSetDevice(3) failed: invalid device ordinal
[2026-07-01 15:58:44.070] [info] [sirius_context.cpp:1007] Connection opened.
[2026-07-01 15:58:44.070] [info] [sirius_context.cpp:1020] Extension loaded: sirius
[2026-07-01 15:58:44.070] [info] [sirius_context.cpp:258] QueryEnd
[2026-07-01 15:58:44.078] [info] [:] [host_pool] HOST:0 QueryEnd allocated=0 bytes peak=0 bytes free_blocks=512
[2026-07-01 15:58:44.078] [info] [:] [gpu_pool] GPU:0 QueryEnd allocated=0 bytes peak=0 bytes reserved=0 bytes
[2026-07-01 15:58:44.078] [info] [:] [gpu_pool] GPU:1 QueryEnd allocated=0 bytes peak=0 bytes reserved=0 bytes
[2026-07-01 15:58:44.078] [info] [:] [gpu_pool] GPU:2 QueryEnd allocated=0 bytes peak=0 bytes reserved=0 bytes
[2026-07-01 15:58:44.078] [info] [:] [gpu_pool] GPU:3 QueryEnd allocated=0 bytes peak=0 bytes reserved=0 bytes
[2026-07-01 15:58:44.078] [info] [:] [host_pool] HOST:0 QueryBegin allocated=0 bytes peak=0 bytes free_blocks=512
[2026-07-01 15:58:44.078] [info] [:] [gpu_pool] GPU:0 QueryBegin allocated=0 bytes peak=0 bytes reserved=0 bytes
[2026-07-01 15:58:44.078] [info] [:] [gpu_pool] GPU:1 QueryBegin allocated=0 bytes peak=0 bytes reserved=0 bytes
[2026-07-01 15:58:44.078] [info] [:] [gpu_pool] GPU:2 QueryBegin allocated=0 bytes peak=0 bytes reserved=0 bytes
[2026-07-01 15:58:44.078] [info] [:] [gpu_pool] GPU:3 QueryBegin allocated=0 bytes peak=0 bytes reserved=0 bytes
[2026-07-01 15:58:44.078] [info] [sirius_context.cpp:242] QueryBegin: SQL: SET gpu_execution = true;
[2026-07-01 15:58:44.078] [info] [sirius_context.cpp:258] QueryEnd
[2026-07-01 15:58:44.088] [info] [:] [host_pool] HOST:0 QueryEnd allocated=0 bytes peak=0 bytes free_blocks=512
[2026-07-01 15:58:44.088] [info] [:] [gpu_pool] GPU:0 QueryEnd allocated=0 bytes peak=0 bytes reserved=0 bytes
[2026-07-01 15:58:44.088] [info] [:] [gpu_pool] GPU:1 QueryEnd allocated=0 bytes peak=0 bytes reserved=0 bytes
[2026-07-01 15:58:44.088] [info] [:] [gpu_pool] GPU:2 QueryEnd allocated=0 bytes peak=0 bytes reserved=0 bytes
[2026-07-01 15:58:44.088] [info] [:] [gpu_pool] GPU:3 QueryEnd allocated=0 bytes peak=0 bytes reserved=0 bytes
[2026-07-01 15:58:44.088] [info] [:] [host_pool] HOST:0 QueryBegin allocated=0 bytes peak=0 bytes free_blocks=512
[2026-07-01 15:58:44.088] [info] [:] [gpu_pool] GPU:0 QueryBegin allocated=0 bytes peak=0 bytes reserved=0 bytes
[2026-07-01 15:58:44.088] [info] [:] [gpu_pool] GPU:1 QueryBegin allocated=0 bytes peak=0 bytes reserved=0 bytes
[2026-07-01 15:58:44.088] [info] [:] [gpu_pool] GPU:2 QueryBegin allocated=0 bytes peak=0 bytes reserved=0 bytes
[2026-07-01 15:58:44.088] [info] [:] [gpu_pool] GPU:3 QueryBegin allocated=0 bytes peak=0 bytes reserved=0 bytes
[2026-07-01 15:58:44.088] [info] [sirius_context.cpp:242] QueryBegin: SQL: select p.p_brand, p.p_type, p.p_size, count(distinct ps.ps_suppkey) as supplier_cnt from partsupp ps, part p where p.p_partkey = ps.ps_partkey and p.p_brand <> 'Brand#21' and p.p_type not like 'MEDIUM PLATED%' and p.p_size in (38, 2, 8, 31, 44, 5, 14, 24) and ps.ps_suppkey not in ( select s.s_suppkey from supplier s where s.s_comment like '%Customer%Complaints%' ) group by p.p_brand, p.p_type, p.p_size order by supplier_cnt desc, p.p_brand, p.p_type, p.p_size
[2026-07-01 15:58:44.107] [info] [sirius_context.cpp:954] Transparent execution: Sirius physical plan generated successfully
[2026-07-01 15:58:44.108] [info] [sirius_context.cpp:966] Transparent execution: physical plan replaced with GPU operator
[2026-07-01 15:58:44.108] [info] [physical_sirius_execution.cpp:96] Transparent GPU execution: executing query
[2026-07-01 15:58:44.111] [info] [sirius_engine.cpp:400] Query Plan:
=== Pipeline Overview ===
Pipeline #0: GPU_SCAN (id=25) -> FILTER (id=14)
  Output: -> PARTITION [port: default, barrier: FULL]
Pipeline #1: PARTITION (id=27)
  Input: <- Pipeline #0 [on: PARTITION (id=27), port: default, barrier: FULL]
  Dependencies: Pipeline #0
  Output: -> CONCAT [port: default, barrier: PARTIAL]
Pipeline #2: CONCAT (id=26)
  Input: <- Pipeline #1 [on: CONCAT (id=26), port: default, barrier: PARTIAL]
  Dependencies: Pipeline #1
  Output: -> HASH_JOIN [port: build, barrier: FULL]
Pipeline #3: GPU_SCAN (id=28)
  Output: -> PARTITION [port: default, barrier: FULL]
Pipeline #4: PARTITION (id=30)
  Input: <- Pipeline #3 [on: PARTITION (id=30), port: default, barrier: FULL]
  Dependencies: Pipeline #3
  Output: -> CONCAT [port: default, barrier: PARTIAL]
Pipeline #5: CONCAT (id=29)
  Input: <- Pipeline #4 [on: CONCAT (id=29), port: default, barrier: PARTIAL]
  Dependencies: Pipeline #4
  Output: -> HASH_JOIN [port: build, barrier: FULL]
Pipeline #6: GPU_SCAN (id=31)
  Output: -> PARTITION [port: default, barrier: PARTIAL]
Pipeline #7: PARTITION (id=33)
  Input: <- Pipeline #6 [on: PARTITION (id=33), port: default, barrier: PARTIAL]
  Dependencies: Pipeline #6
  Output: -> CONCAT [port: default, barrier: PARTIAL]
Pipeline #8: CONCAT (id=32)
  Input: <- Pipeline #7 [on: CONCAT (id=32), port: default, barrier: PARTIAL]
  Dependencies: Pipeline #7
  Output: -> HASH_JOIN [port: default, barrier: FULL]
Pipeline #9: HASH_JOIN (id=15)
  Input: <- Pipeline #8 [on: HASH_JOIN (id=15), port: default, barrier: FULL]
  Input: <- Pipeline #2 [on: HASH_JOIN (id=15), port: build, barrier: FULL]
  Dependencies: Pipeline #2, Pipeline #8
  Output: -> PARTITION [port: default, barrier: PARTIAL]
Pipeline #10: PARTITION (id=35)
  Input: <- Pipeline #9 [on: PARTITION (id=35), port: default, barrier: PARTIAL]
  Dependencies: Pipeline #9
  Output: -> CONCAT [port: default, barrier: PARTIAL]
Pipeline #11: CONCAT (id=34)
  Input: <- Pipeline #10 [on: CONCAT (id=34), port: default, barrier: PARTIAL]
  Dependencies: Pipeline #10
  Output: -> HASH_JOIN [port: default, barrier: FULL]
Pipeline #12: HASH_JOIN (id=17) -> FILTER (id=18) -> PROJECTION (id=21) -> HASH_GROUP_BY (id=22)
  Input: <- Pipeline #11 [on: HASH_JOIN (id=17), port: default, barrier: FULL]
  Input: <- Pipeline #5 [on: HASH_JOIN (id=17), port: build, barrier: FULL]
  Dependencies: Pipeline #5, Pipeline #11
  Output: -> PARTITION [port: default, barrier: FULL]
Pipeline #13: PARTITION (id=36)
  Input: <- Pipeline #12 [on: PARTITION (id=36), port: default, barrier: FULL]
  Dependencies: Pipeline #12
  Output: -> MERGE_GROUP_BY [port: default, barrier: FULL]
Pipeline #14: MERGE_GROUP_BY (id=37)
  Input: <- Pipeline #13 [on: MERGE_GROUP_BY (id=37), port: default, barrier: FULL]
  Dependencies: Pipeline #13
  Output: -> ORDER_BY [port: default, barrier: FULL]
Pipeline #15: ORDER_BY (id=23)
  Input: <- Pipeline #14 [on: ORDER_BY (id=23), port: default, barrier: FULL]
  Dependencies: Pipeline #14
  Output: -> SORT_SAMPLE [port: default, barrier: PIPELINE]
Pipeline #16: SORT_SAMPLE (id=38) -> SORT_PARTITION (id=39)
  Input: <- Pipeline #15 [on: SORT_SAMPLE (id=38), port: default, barrier: PIPELINE]
  Dependencies: Pipeline #15
  Output: -> MERGE_SORT [port: default, barrier: FULL]
Pipeline #17: MERGE_SORT (id=40)
  Input: <- Pipeline #16 [on: MERGE_SORT (id=40), port: default, barrier: FULL]
  Dependencies: Pipeline #16
  Output: -> RESULT_COLLECTOR [port: default, barrier: FULL]
Pipeline #18: RESULT_COLLECTOR (id=24)
  Input: <- Pipeline #17 [on: RESULT_COLLECTOR (id=24), port: default, barrier: FULL]
  Dependencies: Pipeline #17

=== Query Plan DAG ===
┌──────────────────────────┐                                                        
│ Pipeline #18             │                                                        
│ RESULT_COLLECTOR (id=24) │                                                        
│ Input(#17): FULL         │                                                        
└────────────┬─────────────┘                                                        
             │                                                                      
┌──────────────────────────┐                                                        
│ Pipeline #17             │                                                        
│ MERGE_SORT (id=40)       │                                                        
│ Input(#16): FULL         │                                                        
└────────────┬─────────────┘                                                        
             │                                                                      
┌──────────────────────────┐                                                        
│ Pipeline #16             │                                                        
│ SORT_PARTITION (id=39)   │                                                        
│ SORT_SAMPLE (id=38)      │                                                        
│ Input(#15): PIPELINE     │                                                        
└────────────┬─────────────┘                                                        
             │                                                                      
┌──────────────────────────┐                                                        
│ Pipeline #15             │                                                        
│ ORDER_BY (id=23)         │                                                        
│ Input(#14): FULL         │                                                        
└────────────┬─────────────┘                                                        
             │                                                                      
┌──────────────────────────┐                                                        
│ Pipeline #14             │                                                        
│ MERGE_GROUP_BY (id=37)   │                                                        
│ Input(#13): FULL         │                                                        
└────────────┬─────────────┘                                                        
             │                                                                      
┌──────────────────────────┐                                                        
│ Pipeline #13             │                                                        
│ PARTITION (id=36)        │                                                        
│ Input(#12): FULL         │                                                        
└────────────┬─────────────┘                                                        
             │                                                                      
┌──────────────────────────┐                                                        
│ Pipeline #12             │                                                        
│ HASH_GROUP_BY (id=22)    │                                                        
│ PROJECTION (id=21)       │                                                        
│ FILTER (id=18)           │                                                        
│ HASH_JOIN (id=17)        │                                                        
│   type: MARK             │                                                        
│ Input(#11): FULL         │                                                        
│ Input(#5): FULL          │                                                        
└────────────┬─────────────┘                                                        
             ┌───────────────────────────┐                                          
             │                           │                                          
┌──────────────────────────┐┌──────────────────────────┐                            
│ Pipeline #5              ││ Pipeline #11             │                            
│ CONCAT (id=29)           ││ CONCAT (id=34)           │                            
│ Input(#4): PARTIAL       ││ Input(#10): PARTIAL      │                            
└────────────┬─────────────┘└────────────┬─────────────┘                            
             │                           │                                          
┌──────────────────────────┐┌──────────────────────────┐                            
│ Pipeline #4              ││ Pipeline #10             │                            
│ PARTITION (id=30)        ││ PARTITION (id=35)        │                            
│ Input(#3): FULL          ││ Input(#9): PARTIAL       │                            
└────────────┬─────────────┘└────────────┬─────────────┘                            
             │                           │                                          
┌──────────────────────────┐┌──────────────────────────┐                            
│ Pipeline #3              ││ Pipeline #9              │                            
│ GPU_SCAN (id=28)         ││ HASH_JOIN (id=15)        │                            
│                          ││   type: INNER            │                            
│                          ││ Input(#8): FULL          │                            
│                          ││ Input(#2): FULL          │                            
└──────────────────────────┘└────────────┬─────────────┘                            
                                         ┌───────────────────────────┐              
                                         │                           │              
                            ┌──────────────────────────┐┌──────────────────────────┐
                            │ Pipeline #2              ││ Pipeline #8              │
                            │ CONCAT (id=26)           ││ CONCAT (id=32)           │
                            │ Input(#1): PARTIAL       ││ Input(#7): PARTIAL       │
                            └────────────┬─────────────┘└────────────┬─────────────┘
                                         │                           │              
                            ┌──────────────────────────┐┌──────────────────────────┐
                            │ Pipeline #1              ││ Pipeline #7              │
                            │ PARTITION (id=27)        ││ PARTITION (id=33)        │
                            │ Input(#0): FULL          ││ Input(#6): PARTIAL       │
                            └────────────┬─────────────┘└────────────┬─────────────┘
                                         │                           │              
                            ┌──────────────────────────┐┌──────────────────────────┐
                            │ Pipeline #0              ││ Pipeline #6              │
                            │ FILTER (id=14)           ││ GPU_SCAN (id=31)         │
                            │ GPU_SCAN (id=25)         ││                          │
                            └──────────────────────────┘└──────────────────────────┘

[2026-07-01 15:58:44.118] [info] [task_scheduler.cpp:367] [mgpu-audit] pipeline_task dispatched to GPU 1 task_id=0
[2026-07-01 15:58:44.118] [info] [task_scheduler.cpp:369] [locality-audit] dispatch task_id=0 preferred_device=1 actual_gpu=1
[2026-07-01 15:58:44.224] [info] [parquet_gpu_ingestible.cpp:696] [scan-audit] parquet_materialize target_gpu=1 files=/mnt/nvme/dataset/part.parquet columns=p_partkey,p_brand,p_type,p_size row_groups=0,1,2,3,4,5,6,7,8,9,10,11,12,13,14,15,16,17,18,19,20,21,22,23,24,25,26,27,28,29,30,31,32,33,34,35,36,37,38,39,40,41,42,43,44,45,46,47,48,49,50,51,52,53,54,55,56,57,58,59,60,61,62,63,64,65,66,67,68,69,70,71,72,73,74,75,76,77,78,79,80,81,82,83,84,85,86,87,88,89,90,91,92,93,94,95,96,97,98,99,100,101,102,103,104,105,106,107,108,109,110,111,112,113,114,115,116,117,118,119,120,121,122,123,124,125,126,127,128,129,130,131,132,133,134,135,136,137,138,139,140,141,142,143,144,145,146,147,148,149,150,151,152,153,154,155,156,157,158,159,160,161,162 compressed_bytes=128079122 uncompressed_bytes=208459611 column_bytes=p_partkey:80056131:160005053,p_brand:12610597:12638401,p_type:20287451:20693330,p_size:15124943:15122827 output_rows=20000000 output_columns=4 split_count=1 duration_us=104004
[2026-07-01 15:58:44.245] [info] [gpu_pipeline_task.cpp:311] [stage-audit] pipeline_id=0 task_id=0 operator_id=25 operator_name=GPU_SCAN stage_kind=SCAN operator_type=94 input_type=GPU_SCAN output_type=PIPELINEABLE actual_gpu=1 pipeline_operator_count=2 input_batches=0 input_rows=0 input_columns=0 input_bytes=0 output_batches=1 output_rows=18560830 output_columns=4 output_bytes=912359912 byte_ratio=0.000000 row_ratio=0.000000 duration_us=126806
[2026-07-01 15:58:44.255] [info] [gpu_pipeline_task.cpp:311] [stage-audit] pipeline_id=0 task_id=0 operator_id=14 operator_name=FILTER stage_kind=FILTER operator_type=12 input_type=PIPELINEABLE output_type=PIPELINEABLE actual_gpu=1 pipeline_operator_count=2 input_batches=1 input_rows=18560830 input_columns=4 input_bytes=912359912 output_batches=1 output_rows=2970570 output_columns=4 output_bytes=146017698 byte_ratio=0.160044 row_ratio=0.160045 duration_us=9123
[2026-07-01 15:58:44.255] [info] [task_creator.cpp:352] [locality-audit] task_create operator_id=27 input_bytes=146017698 local_bytes=146017698 gpu_source_bytes=146017698 host_source_bytes=0 disk_source_bytes=0 gpu_sources=1 host_sources=0 preferred_device=1
[2026-07-01 15:58:44.255] [info] [task_scheduler.cpp:367] [mgpu-audit] pipeline_task dispatched to GPU 1 task_id=1
[2026-07-01 15:58:44.255] [info] [task_scheduler.cpp:369] [locality-audit] dispatch task_id=1 preferred_device=1 actual_gpu=1
[2026-07-01 15:58:44.255] [info] [gpu_pipeline_task.cpp:182] [locality-audit] prepare_before pipeline_id=1 task_id=1 preferred_device=1 actual_gpu=1 target_tier=GPU target_device=1 input_bytes=146017698 local_bytes=146017698 remote_gpu_bytes=0 host_bytes=0 disk_bytes=0 batch_count=1
[2026-07-01 15:58:44.255] [info] [gpu_pipeline_task.cpp:182] [locality-audit] prepare_after pipeline_id=1 task_id=1 preferred_device=1 actual_gpu=1 target_tier=GPU target_device=1 input_bytes=146017698 local_bytes=146017698 remote_gpu_bytes=0 host_bytes=0 disk_bytes=0 batch_count=1
[2026-07-01 15:58:44.270] [info] [gpu_pipeline_task.cpp:311] [stage-audit] pipeline_id=1 task_id=1 operator_id=27 operator_name=PARTITION stage_kind=PARTITION operator_type=82 input_type=PIPELINEABLE output_type=PIPELINEABLE actual_gpu=1 pipeline_operator_count=1 input_batches=1 input_rows=2970570 input_columns=4 input_bytes=146017698 output_batches=4 output_rows=2970570 output_columns=16 output_bytes=145275194 byte_ratio=0.994915 row_ratio=1.000000 duration_us=15212
[2026-07-01 15:58:44.271] [info] [task_scheduler.cpp:367] [mgpu-audit] pipeline_task dispatched to GPU 2 task_id=4
[2026-07-01 15:58:44.271] [info] [task_scheduler.cpp:369] [locality-audit] dispatch task_id=4 preferred_device=2 actual_gpu=2
[2026-07-01 15:58:44.271] [info] [task_scheduler.cpp:367] [mgpu-audit] pipeline_task dispatched to GPU 3 task_id=5
[2026-07-01 15:58:44.271] [info] [task_scheduler.cpp:369] [locality-audit] dispatch task_id=5 preferred_device=3 actual_gpu=3
[2026-07-01 15:58:44.271] [info] [task_scheduler.cpp:367] [mgpu-audit] pipeline_task dispatched to GPU 0 task_id=2
[2026-07-01 15:58:44.271] [info] [task_scheduler.cpp:369] [locality-audit] dispatch task_id=2 preferred_device=0 actual_gpu=0
[2026-07-01 15:58:44.271] [info] [task_scheduler.cpp:367] [mgpu-audit] pipeline_task dispatched to GPU 1 task_id=3
[2026-07-01 15:58:44.271] [info] [task_scheduler.cpp:369] [locality-audit] dispatch task_id=3 preferred_device=1 actual_gpu=1
[2026-07-01 15:58:44.271] [info] [gpu_pipeline_task.cpp:182] [locality-audit] prepare_before pipeline_id=2 task_id=4 preferred_device=2 actual_gpu=2 target_tier=GPU target_device=2 input_bytes=36323414 local_bytes=0 remote_gpu_bytes=36323414 host_bytes=0 disk_bytes=0 batch_count=1
[2026-07-01 15:58:44.271] [info] [gpu_pipeline_task.cpp:182] [locality-audit] prepare_before pipeline_id=2 task_id=5 preferred_device=3 actual_gpu=0 target_tier=GPU target_device=3 input_bytes=36368760 local_bytes=0 remote_gpu_bytes=36368760 host_bytes=0 disk_bytes=0 batch_count=1
[2026-07-01 15:58:44.271] [info] [gpu_pipeline_task.cpp:182] [locality-audit] prepare_before pipeline_id=2 task_id=2 preferred_device=0 actual_gpu=0 target_tier=GPU target_device=0 input_bytes=36305466 local_bytes=0 remote_gpu_bytes=36305466 host_bytes=0 disk_bytes=0 batch_count=1
[2026-07-01 15:58:44.271] [info] [gpu_pipeline_task.cpp:182] [locality-audit] prepare_before pipeline_id=2 task_id=3 preferred_device=1 actual_gpu=1 target_tier=GPU target_device=1 input_bytes=36277554 local_bytes=36277554 remote_gpu_bytes=0 host_bytes=0 disk_bytes=0 batch_count=1
[2026-07-01 15:58:44.271] [info] [gpu_pipeline_task.cpp:182] [locality-audit] prepare_after pipeline_id=2 task_id=3 preferred_device=1 actual_gpu=1 target_tier=GPU target_device=1 input_bytes=36277554 local_bytes=36277554 remote_gpu_bytes=0 host_bytes=0 disk_bytes=0 batch_count=1
[2026-07-01 15:58:44.271] [info] [gpu_pipeline_task.cpp:311] [stage-audit] pipeline_id=2 task_id=3 operator_id=26 operator_name=CONCAT stage_kind=CONCAT operator_type=83 input_type=PARTITIONED output_type=PARTITIONED actual_gpu=1 pipeline_operator_count=1 input_batches=1 input_rows=741762 input_columns=4 input_bytes=36277554 output_batches=1 output_rows=741762 output_columns=4 output_bytes=36277554 byte_ratio=1.000000 row_ratio=1.000000 duration_us=5
[2026-07-01 15:58:44.575] [info] [gpu_pipeline_task.cpp:182] [locality-audit] prepare_after pipeline_id=2 task_id=4 preferred_device=2 actual_gpu=2 target_tier=GPU target_device=2 input_bytes=36323414 local_bytes=36323414 remote_gpu_bytes=0 host_bytes=0 disk_bytes=0 batch_count=1
[2026-07-01 15:58:44.575] [info] [gpu_pipeline_task.cpp:311] [stage-audit] pipeline_id=2 task_id=4 operator_id=26 operator_name=CONCAT stage_kind=CONCAT operator_type=83 input_type=PARTITIONED output_type=PARTITIONED actual_gpu=2 pipeline_operator_count=1 input_batches=1 input_rows=742690 input_columns=4 input_bytes=36323414 output_batches=1 output_rows=742690 output_columns=4 output_bytes=36323414 byte_ratio=1.000000 row_ratio=1.000000 duration_us=1
[2026-07-01 15:58:44.576] [info] [gpu_pipeline_task.cpp:182] [locality-audit] prepare_after pipeline_id=2 task_id=2 preferred_device=0 actual_gpu=0 target_tier=GPU target_device=0 input_bytes=36305466 local_bytes=36305466 remote_gpu_bytes=0 host_bytes=0 disk_bytes=0 batch_count=1
[2026-07-01 15:58:44.576] [info] [gpu_pipeline_task.cpp:311] [stage-audit] pipeline_id=2 task_id=2 operator_id=26 operator_name=CONCAT stage_kind=CONCAT operator_type=83 input_type=PARTITIONED output_type=PARTITIONED actual_gpu=0 pipeline_operator_count=1 input_batches=1 input_rows=742397 input_columns=4 input_bytes=36305466 output_batches=1 output_rows=742397 output_columns=4 output_bytes=36305466 byte_ratio=1.000000 row_ratio=1.000000 duration_us=8
[2026-07-01 15:58:44.577] [info] [gpu_pipeline_task.cpp:182] [locality-audit] prepare_after pipeline_id=2 task_id=5 preferred_device=3 actual_gpu=0 target_tier=GPU target_device=3 input_bytes=36368760 local_bytes=36368760 remote_gpu_bytes=0 host_bytes=0 disk_bytes=0 batch_count=1
[2026-07-01 15:58:44.577] [info] [gpu_pipeline_task.cpp:311] [stage-audit] pipeline_id=2 task_id=5 operator_id=26 operator_name=CONCAT stage_kind=CONCAT operator_type=83 input_type=PARTITIONED output_type=PARTITIONED actual_gpu=0 pipeline_operator_count=1 input_batches=1 input_rows=743721 input_columns=4 input_bytes=36368760 output_batches=1 output_rows=743721 output_columns=4 output_bytes=36368760 byte_ratio=1.000000 row_ratio=1.000000 duration_us=0
[2026-07-01 15:58:44.577] [info] [task_scheduler.cpp:367] [mgpu-audit] pipeline_task dispatched to GPU 2 task_id=6
[2026-07-01 15:58:44.577] [info] [task_scheduler.cpp:369] [locality-audit] dispatch task_id=6 preferred_device=2 actual_gpu=2
[2026-07-01 15:58:44.577] [info] [task_scheduler.cpp:367] [mgpu-audit] pipeline_task dispatched to GPU 3 task_id=7
[2026-07-01 15:58:44.577] [info] [task_scheduler.cpp:369] [locality-audit] dispatch task_id=7 preferred_device=3 actual_gpu=3
[2026-07-01 15:58:44.577] [info] [task_scheduler.cpp:367] [mgpu-audit] pipeline_task dispatched to GPU 0 task_id=8
[2026-07-01 15:58:44.577] [info] [task_scheduler.cpp:369] [locality-audit] dispatch task_id=8 preferred_device=0 actual_gpu=0
[2026-07-01 15:58:44.795] [info] [parquet_gpu_ingestible.cpp:696] [scan-audit] parquet_materialize target_gpu=2 files=/mnt/nvme/dataset/partsupp.parquet columns=ps_partkey,ps_suppkey row_groups=0,1,2,3,4,5,6,7,8,9,10,11,12,13,14,15,16,17,18,19,20,21,22,23,24,25,26,27,28,29,30,31,32,33,34,35,36,37,38,39,40,41,42,43,44,45,46,47,48,49,50,51,52,53,54,55,56,57,58,59,60,61,62,63,64,65,66,67,68,69,70,71,72,73,74,75,76,77,78,79,80,81,82,83,84,85,86,87,88,89,90,91,92,93,94,95,96,97,98,99,100,101,102,103,104,105,106,107,108,109,110,111,112,113,114,115,116,117,118,119,120,121,122,123,124,125,126,127,128,129,130,131,132,133,134,135,136,137,138,139,140,141,142,143,144,145,146,147,148,149,150,151,152,153,154,155,156,157,158,159,160,161,162,163,164,165,166,167,168,169,170,171,172,173,174,175,176,177,178,179,180,181,182,183,184,185,186,187,188,189,190,191,192,193,194,195,196,197,198,199,200,201,202,203,204,205,206,207,208,209,210,211,212,213,214,215,216,217,218,219,220,221,222,223,224,225,226,227,228,229,230,231,232,233,234,235,236,237,238,239,240,241,242,243,244,245,246,247,248,249,250,251,252,253,254,255,256,257,258,259,260,261,262,263,264,265,266,267,268,269,270,271 compressed_bytes=193210456 uncompressed_bytes=536724464 column_bytes=ps_partkey:58827122:268362232,ps_suppkey:134383334:268362232 output_rows=33544225 output_columns=2 split_count=1 duration_us=212732
[2026-07-01 15:58:44.795] [info] [gpu_pipeline_task.cpp:311] [stage-audit] pipeline_id=6 task_id=6 operator_id=31 operator_name=GPU_SCAN stage_kind=SCAN operator_type=94 input_type=GPU_SCAN output_type=PIPELINEABLE actual_gpu=2 pipeline_operator_count=1 input_batches=0 input_rows=0 input_columns=0 input_bytes=0 output_batches=1 output_rows=33544225 output_columns=2 output_bytes=545093776 byte_ratio=0.000000 row_ratio=0.000000 duration_us=217597
[2026-07-01 15:58:44.796] [info] [task_creator.cpp:352] [locality-audit] task_create operator_id=33 input_bytes=545093776 local_bytes=545093776 gpu_source_bytes=545093776 host_source_bytes=0 disk_source_bytes=0 gpu_sources=1 host_sources=0 preferred_device=2
[2026-07-01 15:58:44.796] [info] [task_scheduler.cpp:367] [mgpu-audit] pipeline_task dispatched to GPU 2 task_id=9
[2026-07-01 15:58:44.796] [info] [task_scheduler.cpp:369] [locality-audit] dispatch task_id=9 preferred_device=2 actual_gpu=2
[2026-07-01 15:58:44.796] [info] [gpu_pipeline_task.cpp:182] [locality-audit] prepare_before pipeline_id=7 task_id=9 preferred_device=2 actual_gpu=2 target_tier=GPU target_device=2 input_bytes=545093776 local_bytes=545093776 remote_gpu_bytes=0 host_bytes=0 disk_bytes=0 batch_count=1
[2026-07-01 15:58:44.796] [info] [gpu_pipeline_task.cpp:182] [locality-audit] prepare_after pipeline_id=7 task_id=9 preferred_device=2 actual_gpu=2 target_tier=GPU target_device=2 input_bytes=545093776 local_bytes=545093776 remote_gpu_bytes=0 host_bytes=0 disk_bytes=0 batch_count=1
[2026-07-01 15:58:44.809] [info] [gpu_pipeline_task.cpp:311] [stage-audit] pipeline_id=7 task_id=9 operator_id=33 operator_name=PARTITION stage_kind=PARTITION operator_type=82 input_type=PIPELINEABLE output_type=PIPELINEABLE actual_gpu=2 pipeline_operator_count=1 input_batches=1 input_rows=33544225 input_columns=2 input_bytes=545093776 output_batches=4 output_rows=33544225 output_columns=8 output_bytes=536707600 byte_ratio=0.984615 row_ratio=1.000000 duration_us=12585
[2026-07-01 15:58:44.811] [info] [parquet_gpu_ingestible.cpp:696] [scan-audit] parquet_materialize target_gpu=0 files=/mnt/nvme/dataset/partsupp.parquet columns=ps_partkey,ps_suppkey row_groups=544,545,546,547,548,549,550,551,552,553,554,555,556,557,558,559,560,561,562,563,564,565,566,567,568,569,570,571,572,573,574,575,576,577,578,579,580,581,582,583,584,585,586,587,588,589,590,591,592,593,594,595,596,597,598,599,600,601,602,603,604,605,606,607,608,609,610,611,612,613,614,615,616,617,618,619,620,621,622,623,624,625,626,627,628,629,630,631,632,633,634,635,636,637,638,639,640,641,642,643,644,645,646,647,648,649 compressed_bytes=74490333 uncompressed_bytes=206898456 column_bytes=ps_partkey:22687486:103449228,ps_suppkey:51802847:103449228 output_rows=12930743 output_columns=2 split_count=1 duration_us=228834
[2026-07-01 15:58:44.811] [info] [gpu_pipeline_task.cpp:311] [stage-audit] pipeline_id=6 task_id=8 operator_id=31 operator_name=GPU_SCAN stage_kind=SCAN operator_type=94 input_type=GPU_SCAN output_type=PIPELINEABLE actual_gpu=0 pipeline_operator_count=1 input_batches=0 input_rows=0 input_columns=0 input_bytes=0 output_batches=1 output_rows=12930743 output_columns=2 output_bytes=210124656 byte_ratio=0.000000 row_ratio=0.000000 duration_us=233777
[2026-07-01 15:58:44.811] [info] [task_creator.cpp:352] [locality-audit] task_create operator_id=33 input_bytes=210124656 local_bytes=210124656 gpu_source_bytes=210124656 host_source_bytes=0 disk_source_bytes=0 gpu_sources=1 host_sources=0 preferred_device=0
[2026-07-01 15:58:44.812] [info] [task_scheduler.cpp:367] [mgpu-audit] pipeline_task dispatched to GPU 0 task_id=10
[2026-07-01 15:58:44.812] [info] [task_scheduler.cpp:369] [locality-audit] dispatch task_id=10 preferred_device=0 actual_gpu=0
[2026-07-01 15:58:44.812] [info] [gpu_pipeline_task.cpp:182] [locality-audit] prepare_before pipeline_id=7 task_id=10 preferred_device=0 actual_gpu=0 target_tier=GPU target_device=0 input_bytes=210124656 local_bytes=210124656 remote_gpu_bytes=0 host_bytes=0 disk_bytes=0 batch_count=1
[2026-07-01 15:58:44.812] [info] [gpu_pipeline_task.cpp:182] [locality-audit] prepare_after pipeline_id=7 task_id=10 preferred_device=0 actual_gpu=0 target_tier=GPU target_device=0 input_bytes=210124656 local_bytes=210124656 remote_gpu_bytes=0 host_bytes=0 disk_bytes=0 batch_count=1
[2026-07-01 15:58:44.814] [info] [parquet_gpu_ingestible.cpp:696] [scan-audit] parquet_materialize target_gpu=3 files=/mnt/nvme/dataset/partsupp.parquet columns=ps_partkey,ps_suppkey row_groups=272,273,274,275,276,277,278,279,280,281,282,283,284,285,286,287,288,289,290,291,292,293,294,295,296,297,298,299,300,301,302,303,304,305,306,307,308,309,310,311,312,313,314,315,316,317,318,319,320,321,322,323,324,325,326,327,328,329,330,331,332,333,334,335,336,337,338,339,340,341,342,343,344,345,346,347,348,349,350,351,352,353,354,355,356,357,358,359,360,361,362,363,364,365,366,367,368,369,370,371,372,373,374,375,376,377,378,379,380,381,382,383,384,385,386,387,388,389,390,391,392,393,394,395,396,397,398,399,400,401,402,403,404,405,406,407,408,409,410,411,412,413,414,415,416,417,418,419,420,421,422,423,424,425,426,427,428,429,430,431,432,433,434,435,436,437,438,439,440,441,442,443,444,445,446,447,448,449,450,451,452,453,454,455,456,457,458,459,460,461,462,463,464,465,466,467,468,469,470,471,472,473,474,475,476,477,478,479,480,481,482,483,484,485,486,487,488,489,490,491,492,493,494,495,496,497,498,499,500,501,502,503,504,505,506,507,508,509,510,511,512,513,514,515,516,517,518,519,520,521,522,523,524,525,526,527,528,529,530,531,532,533,534,535,536,537,538,539,540,541,542,543 compressed_bytes=193096655 uncompressed_bytes=536417376 column_bytes=ps_partkey:58790459:268208688,ps_suppkey:134306196:268208688 output_rows=33525032 output_columns=2 split_count=1 duration_us=233202
[2026-07-01 15:58:44.816] [info] [gpu_pipeline_task.cpp:311] [stage-audit] pipeline_id=6 task_id=7 operator_id=31 operator_name=GPU_SCAN stage_kind=SCAN operator_type=94 input_type=GPU_SCAN output_type=PIPELINEABLE actual_gpu=0 pipeline_operator_count=1 input_batches=0 input_rows=0 input_columns=0 input_bytes=0 output_batches=1 output_rows=33525032 output_columns=2 output_bytes=544781824 byte_ratio=0.000000 row_ratio=0.000000 duration_us=238315
[2026-07-01 15:58:44.817] [info] [task_creator.cpp:352] [locality-audit] task_create operator_id=33 input_bytes=544781824 local_bytes=544781824 gpu_source_bytes=544781824 host_source_bytes=0 disk_source_bytes=0 gpu_sources=1 host_sources=0 preferred_device=3
[2026-07-01 15:58:44.817] [info] [task_scheduler.cpp:367] [mgpu-audit] pipeline_task dispatched to GPU 3 task_id=11
[2026-07-01 15:58:44.817] [info] [task_scheduler.cpp:369] [locality-audit] dispatch task_id=11 preferred_device=3 actual_gpu=3
[2026-07-01 15:58:44.817] [info] [gpu_pipeline_task.cpp:182] [locality-audit] prepare_before pipeline_id=7 task_id=11 preferred_device=3 actual_gpu=0 target_tier=GPU target_device=3 input_bytes=544781824 local_bytes=544781824 remote_gpu_bytes=0 host_bytes=0 disk_bytes=0 batch_count=1
[2026-07-01 15:58:44.817] [info] [gpu_pipeline_task.cpp:182] [locality-audit] prepare_after pipeline_id=7 task_id=11 preferred_device=3 actual_gpu=0 target_tier=GPU target_device=3 input_bytes=544781824 local_bytes=544781824 remote_gpu_bytes=0 host_bytes=0 disk_bytes=0 batch_count=1
[2026-07-01 15:58:44.825] [info] [gpu_pipeline_task.cpp:311] [stage-audit] pipeline_id=7 task_id=10 operator_id=33 operator_name=PARTITION stage_kind=PARTITION operator_type=82 input_type=PIPELINEABLE output_type=PIPELINEABLE actual_gpu=0 pipeline_operator_count=1 input_batches=1 input_rows=12930743 input_columns=2 input_bytes=210124656 output_batches=4 output_rows=12930743 output_columns=8 output_bytes=206891888 byte_ratio=0.984615 row_ratio=1.000000 duration_us=12868
[2026-07-01 15:58:44.830] [info] [gpu_pipeline_task.cpp:311] [stage-audit] pipeline_id=7 task_id=11 operator_id=33 operator_name=PARTITION stage_kind=PARTITION operator_type=82 input_type=PIPELINEABLE output_type=PIPELINEABLE actual_gpu=0 pipeline_operator_count=1 input_batches=1 input_rows=33525032 input_columns=2 input_bytes=544781824 output_batches=4 output_rows=33525032 output_columns=8 output_bytes=536400512 byte_ratio=0.984615 row_ratio=1.000000 duration_us=12821
[2026-07-01 15:58:44.830] [info] [task_scheduler.cpp:367] [mgpu-audit] pipeline_task dispatched to GPU 1 task_id=13
[2026-07-01 15:58:44.830] [info] [task_scheduler.cpp:369] [locality-audit] dispatch task_id=13 preferred_device=1 actual_gpu=1
[2026-07-01 15:58:44.830] [info] [task_scheduler.cpp:367] [mgpu-audit] pipeline_task dispatched to GPU 2 task_id=14
[2026-07-01 15:58:44.830] [info] [task_scheduler.cpp:369] [locality-audit] dispatch task_id=14 preferred_device=2 actual_gpu=2
[2026-07-01 15:58:44.830] [info] [task_scheduler.cpp:367] [mgpu-audit] pipeline_task dispatched to GPU 0 task_id=12
[2026-07-01 15:58:44.830] [info] [task_scheduler.cpp:369] [locality-audit] dispatch task_id=12 preferred_device=0 actual_gpu=0
[2026-07-01 15:58:44.831] [info] [task_scheduler.cpp:367] [mgpu-audit] pipeline_task dispatched to GPU 3 task_id=15
[2026-07-01 15:58:44.831] [info] [task_scheduler.cpp:369] [locality-audit] dispatch task_id=15 preferred_device=3 actual_gpu=3
[2026-07-01 15:58:44.831] [info] [gpu_pipeline_task.cpp:182] [locality-audit] prepare_before pipeline_id=8 task_id=13 preferred_device=1 actual_gpu=1 target_tier=GPU target_device=1 input_bytes=319675712 local_bytes=0 remote_gpu_bytes=319675712 host_bytes=0 disk_bytes=0 batch_count=3
[2026-07-01 15:58:44.831] [info] [gpu_pipeline_task.cpp:182] [locality-audit] prepare_before pipeline_id=8 task_id=14 preferred_device=2 actual_gpu=2 target_tier=GPU target_device=2 input_bytes=320159744 local_bytes=134182912 remote_gpu_bytes=185976832 host_bytes=0 disk_bytes=0 batch_count=3
[2026-07-01 15:58:44.831] [info] [gpu_pipeline_task.cpp:182] [locality-audit] prepare_before pipeline_id=8 task_id=15 preferred_device=3 actual_gpu=0 target_tier=GPU target_device=3 input_bytes=320120704 local_bytes=134294832 remote_gpu_bytes=185825872 host_bytes=0 disk_bytes=0 batch_count=3
[2026-07-01 15:58:44.831] [info] [gpu_pipeline_task.cpp:182] [locality-audit] prepare_before pipeline_id=8 task_id=12 preferred_device=0 actual_gpu=0 target_tier=GPU target_device=0 input_bytes=320043840 local_bytes=51731696 remote_gpu_bytes=268312144 host_bytes=0 disk_bytes=0 batch_count=3
[2026-07-01 15:58:44.835] [error] [sirius_physical_operator.cpp:103] pipelineable_operator_data: Unknown error at batch 19 preparing for processing, state: 0: CUDA error at: /home/dy1013/sirius_multi-gpu/cucascade/src/data/representation_converter.cpp:703: cudaErrorInvalidValue invalid argument
[2026-07-01 15:58:44.835] [error] [gpu_pipeline_task.cpp:1048] Unknown error in prepare_for_processing for pipeline 8: CUDA error at: /home/dy1013/sirius_multi-gpu/cucascade/src/data/representation_converter.cpp:703: cudaErrorInvalidValue invalid argument
[2026-07-01 15:58:44.835] [error] [gpu_pipeline_executor.cpp:400] GPU Pipeline Executor: Exception during task execution: CUDA error at: /home/dy1013/sirius_multi-gpu/cucascade/src/data/representation_converter.cpp:703: cudaErrorInvalidValue invalid argument
[2026-07-01 15:58:44.841] [error] [sirius_engine.cpp:178] Error executing query: CUDA error at: /home/dy1013/sirius_multi-gpu/cucascade/src/data/representation_converter.cpp:703: cudaErrorInvalidValue invalid argument
[2026-07-01 15:58:44.841] [info] [task_scheduler.cpp:189] task_scheduler: draining after error
[2026-07-01 15:58:44.841] [info] [gpu_pipeline_executor.cpp:118] GPU Pipeline Executor: task queue interrupted, stopping manager loop
[2026-07-01 15:58:44.849] [error] [sirius_physical_operator.cpp:103] pipelineable_operator_data: Unknown error at batch 18 preparing for processing, state: 0: CUDA error at: /home/dy1013/sirius_multi-gpu/cucascade/src/data/representation_converter.cpp:703: cudaErrorInvalidValue invalid argument
[2026-07-01 15:58:44.849] [error] [gpu_pipeline_task.cpp:1048] Unknown error in prepare_for_processing for pipeline 8: CUDA error at: /home/dy1013/sirius_multi-gpu/cucascade/src/data/representation_converter.cpp:703: cudaErrorInvalidValue invalid argument
[2026-07-01 15:58:44.849] [error] [gpu_pipeline_executor.cpp:400] GPU Pipeline Executor: Exception during task execution: CUDA error at: /home/dy1013/sirius_multi-gpu/cucascade/src/data/representation_converter.cpp:703: cudaErrorInvalidValue invalid argument
[2026-07-01 15:58:44.862] [info] [gpu_pipeline_task.cpp:182] [locality-audit] prepare_after pipeline_id=8 task_id=12 preferred_device=0 actual_gpu=0 target_tier=GPU target_device=0 input_bytes=320043840 local_bytes=320043840 remote_gpu_bytes=0 host_bytes=0 disk_bytes=0 batch_count=3
[2026-07-01 15:58:44.863] [info] [gpu_pipeline_task.cpp:182] [locality-audit] prepare_after pipeline_id=8 task_id=15 preferred_device=3 actual_gpu=0 target_tier=GPU target_device=3 input_bytes=320120704 local_bytes=320120704 remote_gpu_bytes=0 host_bytes=0 disk_bytes=0 batch_count=3
[2026-07-01 15:58:44.870] [info] [gpu_pipeline_task.cpp:311] [stage-audit] pipeline_id=8 task_id=12 operator_id=32 operator_name=CONCAT stage_kind=CONCAT operator_type=83 input_type=PARTITIONED output_type=PARTITIONED actual_gpu=0 pipeline_operator_count=1 input_batches=3 input_rows=20002740 input_columns=6 input_bytes=320043840 output_batches=1 output_rows=20002740 output_columns=2 output_bytes=320043840 byte_ratio=1.000000 row_ratio=1.000000 duration_us=7198
[2026-07-01 15:58:44.877] [info] [gpu_pipeline_task.cpp:311] [stage-audit] pipeline_id=8 task_id=15 operator_id=32 operator_name=CONCAT stage_kind=CONCAT operator_type=83 input_type=PARTITIONED output_type=PARTITIONED actual_gpu=0 pipeline_operator_count=1 input_batches=3 input_rows=20007544 input_columns=6 input_bytes=320120704 output_batches=1 output_rows=20007544 output_columns=2 output_bytes=320120704 byte_ratio=1.000000 row_ratio=1.000000 duration_us=13241
[2026-07-01 15:58:44.877] [info] [gpu_pipeline_executor.cpp:118] GPU Pipeline Executor: task queue interrupted, stopping manager loop
[2026-07-01 15:58:44.877] [info] [gpu_pipeline_executor.cpp:118] GPU Pipeline Executor: task queue interrupted, stopping manager loop
[2026-07-01 15:58:44.877] [info] [gpu_pipeline_executor.cpp:118] GPU Pipeline Executor: task queue interrupted, stopping manager loop
[2026-07-01 15:58:44.877] [info] [task_scheduler.cpp:232] task_scheduler: DONE draining after error
[2026-07-01 15:58:44.878] [error] [sirius_interface.cpp:201] Error in sirius_execute_pending_query_result: CUDA error at: /home/dy1013/sirius_multi-gpu/cucascade/src/data/representation_converter.cpp:703: cudaErrorInvalidValue invalid argument
[2026-07-01 15:58:44.878] [error] [physical_sirius_execution.cpp:156] Transparent GPU execution error: Invalid Error: CUDA error at: /home/dy1013/sirius_multi-gpu/cucascade/src/data/representation_converter.cpp:703: cudaErrorInvalidValue invalid argument
[2026-07-01 15:58:44.892] [info] [sirius_context.cpp:258] QueryEnd
[2026-07-01 15:58:44.906] [warning] [sirius_context.cpp:274] SiriusContext::QueryEnd: operator 15 port 'build' still had 4 un-consumed data batch(es) (memory leak).
[2026-07-01 15:58:44.906] [warning] [sirius_context.cpp:274] SiriusContext::QueryEnd: operator 15 port 'default' still had 2 un-consumed data batch(es) (memory leak).
[2026-07-01 15:58:44.906] [info] [:] [host_pool] HOST:0 QueryEnd allocated=5242880 bytes peak=139460608 bytes free_blocks=507
[2026-07-01 15:58:44.906] [info] [:] [gpu_pool] GPU:0 QueryEnd allocated=0 bytes peak=1691493568 bytes reserved=0 bytes
[2026-07-01 15:58:44.906] [info] [:] [gpu_pool] GPU:1 QueryEnd allocated=0 bytes peak=2276877824 bytes reserved=0 bytes
[2026-07-01 15:58:44.906] [info] [:] [gpu_pool] GPU:2 QueryEnd allocated=0 bytes peak=4330120320 bytes reserved=0 bytes
[2026-07-01 15:58:44.906] [info] [:] [gpu_pool] GPU:3 QueryEnd allocated=0 bytes peak=4327708928 bytes reserved=0 bytes
[2026-07-01 15:58:44.907] [info] [sirius_context.cpp:1013] Connection closed.
[2026-07-01 15:58:44.918] [info] [task_scheduler.cpp:295] Task request channel closed, exiting management event loop.
[2026-07-01 15:58:44.918] [info] [gpu_pipeline_executor.cpp:118] GPU Pipeline Executor: task queue interrupted, stopping manager loop
[2026-07-01 15:58:44.918] [info] [gpu_pipeline_executor.cpp:118] GPU Pipeline Executor: task queue interrupted, stopping manager loop
[2026-07-01 15:58:44.918] [info] [gpu_pipeline_executor.cpp:118] GPU Pipeline Executor: task queue interrupted, stopping manager loop
[2026-07-01 15:58:44.919] [info] [gpu_pipeline_executor.cpp:118] GPU Pipeline Executor: task queue interrupted, stopping manager loop
