[2026-06-22 04:26:50.026] [info] [sirius_context.cpp:1046] Loaded Sirius configuration from file: /home/dy1013/sirius_multi-gpu/locality_baseline_runs/20260622_042649/configs/sirius_1gpu.yaml
[2026-06-22 04:26:50.032] [info] [telemetry_context.cpp:67] Telemetry context initialized (engine=siriusDB)
[2026-06-22 04:26:50.032] [info] [sirius_context.cpp:337] SiriusContext: topology summary — 1 GPU(s), 1 NUMA node(s), host='hicys76'
[2026-06-22 04:26:50.032] [info] [sirius_context.cpp:342]   GPU 0: NVIDIA RTX A5000 (numa=0, pci=00000000:16:00.0)
[2026-06-22 04:26:50.192] [warning] [sirius_context.cpp:352] SiriusContext: disk memory space is not configured; spilling GPU or HOST data to disk is disabled. If queries run out of GPU/HOST memory, downgrades to disk will not be possible.
[2026-06-22 04:26:50.192] [info] [sirius_context.cpp:364] SiriusContext: 1 host memory space(s) created for 1 NUMA node(s)
[2026-06-22 04:26:50.192] [info] [sirius_context.cpp:427] SiriusContext: skipping peer-access enable loop (num_gpus=1); single-GPU host has no pairs to enable
[2026-06-22 04:26:50.214] [info] [sirius_context.cpp:477] SiriusContext: cuDF pinned memory resource configured (NUMA-aware, max slab 8192 B, fallback node=0)
[2026-06-22 04:26:50.415] [info] [sirius_context.cpp:1007] Connection opened.
[2026-06-22 04:26:50.415] [info] [sirius_context.cpp:1020] Extension loaded: sirius
[2026-06-22 04:26:50.415] [info] [sirius_context.cpp:258] QueryEnd
[2026-06-22 04:26:50.424] [info] [:] [host_pool] HOST:0 QueryEnd allocated=0 bytes peak=0 bytes free_blocks=512
[2026-06-22 04:26:50.424] [info] [:] [gpu_pool] GPU:0 QueryEnd allocated=0 bytes peak=0 bytes reserved=0 bytes
[2026-06-22 04:26:50.424] [info] [:] [host_pool] HOST:0 QueryBegin allocated=0 bytes peak=0 bytes free_blocks=512
[2026-06-22 04:26:50.424] [info] [:] [gpu_pool] GPU:0 QueryBegin allocated=0 bytes peak=0 bytes reserved=0 bytes
[2026-06-22 04:26:50.424] [info] [sirius_context.cpp:242] QueryBegin: SQL: SET gpu_execution = true;
[2026-06-22 04:26:50.425] [info] [sirius_context.cpp:258] QueryEnd
[2026-06-22 04:26:50.435] [info] [:] [host_pool] HOST:0 QueryEnd allocated=0 bytes peak=0 bytes free_blocks=512
[2026-06-22 04:26:50.435] [info] [:] [gpu_pool] GPU:0 QueryEnd allocated=0 bytes peak=0 bytes reserved=0 bytes
[2026-06-22 04:26:50.435] [info] [:] [host_pool] HOST:0 QueryBegin allocated=0 bytes peak=0 bytes free_blocks=512
[2026-06-22 04:26:50.435] [info] [:] [gpu_pool] GPU:0 QueryBegin allocated=0 bytes peak=0 bytes reserved=0 bytes
[2026-06-22 04:26:50.435] [info] [sirius_context.cpp:242] QueryBegin: SQL: select sum(l_extendedprice * l_discount) as revenue from lineitem where l_shipdate >= date '1997-01-01' and l_shipdate < date '1998-01-01' and l_discount between 0.03 - 0.01 and 0.03 + 0.01 and l_quantity < 24
[2026-06-22 04:26:50.739] [info] [sirius_context.cpp:954] Transparent execution: Sirius physical plan generated successfully
[2026-06-22 04:26:50.759] [info] [sirius_context.cpp:966] Transparent execution: physical plan replaced with GPU operator
[2026-06-22 04:26:50.759] [info] [physical_sirius_execution.cpp:96] Transparent GPU execution: executing query
[2026-06-22 04:26:50.806] [info] [sirius_engine.cpp:400] Query Plan:
=== Pipeline Overview ===
Pipeline #0: GPU_SCAN (id=7) -> PROJECTION (id=4) -> UNGROUPED_AGGREGATE (id=5)
  Output: -> MERGE_AGGREGATE [port: default, barrier: FULL]
Pipeline #1: MERGE_AGGREGATE (id=8)
  Input: <- Pipeline #0 [on: MERGE_AGGREGATE (id=8), port: default, barrier: FULL]
  Dependencies: Pipeline #0
  Output: -> RESULT_COLLECTOR [port: default, barrier: FULL]
Pipeline #2: RESULT_COLLECTOR (id=6)
  Input: <- Pipeline #1 [on: RESULT_COLLECTOR (id=6), port: default, barrier: FULL]
  Dependencies: Pipeline #1

=== Query Plan DAG ===
┌────────────────────────────┐
│ Pipeline #2                │
│ RESULT_COLLECTOR (id=6)    │
│ Input(#1): FULL            │
└─────────────┬──────────────┘
              │               
┌────────────────────────────┐
│ Pipeline #1                │
│ MERGE_AGGREGATE (id=8)     │
│ Input(#0): FULL            │
└─────────────┬──────────────┘
              │               
┌────────────────────────────┐
│ Pipeline #0                │
│ UNGROUPED_AGGREGATE (id=5) │
│ PROJECTION (id=4)          │
│ GPU_SCAN (id=7)            │
└────────────────────────────┘

[2026-06-22 04:26:50.976] [info] [task_scheduler.cpp:366] [mgpu-audit] pipeline_task dispatched to GPU 0 task_id=0
[2026-06-22 04:26:50.976] [info] [task_scheduler.cpp:368] [locality-audit] dispatch task_id=0 preferred_device=0 actual_gpu=0
[2026-06-22 04:26:50.977] [info] [task_scheduler.cpp:366] [mgpu-audit] pipeline_task dispatched to GPU 0 task_id=1
[2026-06-22 04:26:50.977] [info] [task_scheduler.cpp:368] [locality-audit] dispatch task_id=1 preferred_device=0 actual_gpu=0
[2026-06-22 04:26:51.337] [info] [task_scheduler.cpp:366] [mgpu-audit] pipeline_task dispatched to GPU 0 task_id=2
[2026-06-22 04:26:51.338] [info] [task_scheduler.cpp:368] [locality-audit] dispatch task_id=2 preferred_device=0 actual_gpu=0
[2026-06-22 04:26:51.646] [info] [task_scheduler.cpp:366] [mgpu-audit] pipeline_task dispatched to GPU 0 task_id=3
[2026-06-22 04:26:51.646] [info] [task_scheduler.cpp:368] [locality-audit] dispatch task_id=3 preferred_device=0 actual_gpu=0
[2026-06-22 04:26:51.959] [info] [task_scheduler.cpp:366] [mgpu-audit] pipeline_task dispatched to GPU 0 task_id=4
[2026-06-22 04:26:51.959] [info] [task_scheduler.cpp:368] [locality-audit] dispatch task_id=4 preferred_device=0 actual_gpu=0
[2026-06-22 04:26:52.273] [info] [task_scheduler.cpp:366] [mgpu-audit] pipeline_task dispatched to GPU 0 task_id=5
[2026-06-22 04:26:52.273] [info] [task_scheduler.cpp:368] [locality-audit] dispatch task_id=5 preferred_device=0 actual_gpu=0
[2026-06-22 04:26:52.575] [info] [task_scheduler.cpp:366] [mgpu-audit] pipeline_task dispatched to GPU 0 task_id=6
[2026-06-22 04:26:52.575] [info] [task_scheduler.cpp:368] [locality-audit] dispatch task_id=6 preferred_device=0 actual_gpu=0
[2026-06-22 04:26:52.853] [info] [task_scheduler.cpp:366] [mgpu-audit] pipeline_task dispatched to GPU 0 task_id=7
[2026-06-22 04:26:52.853] [info] [task_scheduler.cpp:368] [locality-audit] dispatch task_id=7 preferred_device=0 actual_gpu=0
[2026-06-22 04:26:53.135] [info] [task_scheduler.cpp:366] [mgpu-audit] pipeline_task dispatched to GPU 0 task_id=8
[2026-06-22 04:26:53.135] [info] [task_scheduler.cpp:368] [locality-audit] dispatch task_id=8 preferred_device=0 actual_gpu=0
[2026-06-22 04:26:53.422] [info] [task_scheduler.cpp:366] [mgpu-audit] pipeline_task dispatched to GPU 0 task_id=9
[2026-06-22 04:26:53.422] [info] [task_scheduler.cpp:368] [locality-audit] dispatch task_id=9 preferred_device=0 actual_gpu=0
[2026-06-22 04:26:53.894] [info] [task_creator.cpp:351] [locality-audit] task_create operator_id=8 input_bytes=160 local_bytes=144 gpu_source_bytes=144 host_source_bytes=16 disk_source_bytes=0 gpu_sources=1 host_sources=1 preferred_device=0
[2026-06-22 04:26:53.895] [info] [task_scheduler.cpp:366] [mgpu-audit] pipeline_task dispatched to GPU 0 task_id=10
[2026-06-22 04:26:53.895] [info] [task_scheduler.cpp:368] [locality-audit] dispatch task_id=10 preferred_device=0 actual_gpu=0
[2026-06-22 04:26:53.895] [info] [gpu_pipeline_task.cpp:173] [locality-audit] prepare_before pipeline_id=1 task_id=10 preferred_device=0 actual_gpu=0 target_tier=GPU target_device=0 input_bytes=160 local_bytes=144 remote_gpu_bytes=0 host_bytes=16 disk_bytes=0 batch_count=10
[2026-06-22 04:26:53.895] [info] [gpu_pipeline_task.cpp:173] [locality-audit] prepare_after pipeline_id=1 task_id=10 preferred_device=0 actual_gpu=0 target_tier=GPU target_device=0 input_bytes=160 local_bytes=160 remote_gpu_bytes=0 host_bytes=0 disk_bytes=0 batch_count=10
[2026-06-22 04:26:53.898] [info] [task_creator.cpp:351] [locality-audit] task_create operator_id=6 input_bytes=16 local_bytes=16 gpu_source_bytes=16 host_source_bytes=0 disk_source_bytes=0 gpu_sources=1 host_sources=0 preferred_device=0
[2026-06-22 04:26:53.898] [info] [task_scheduler.cpp:366] [mgpu-audit] pipeline_task dispatched to GPU 0 task_id=11
[2026-06-22 04:26:53.898] [info] [task_scheduler.cpp:368] [locality-audit] dispatch task_id=11 preferred_device=0 actual_gpu=0
[2026-06-22 04:26:53.898] [info] [gpu_pipeline_task.cpp:173] [locality-audit] prepare_before pipeline_id=2 task_id=11 preferred_device=0 actual_gpu=0 target_tier=GPU target_device=0 input_bytes=16 local_bytes=16 remote_gpu_bytes=0 host_bytes=0 disk_bytes=0 batch_count=1
[2026-06-22 04:26:53.898] [info] [gpu_pipeline_task.cpp:173] [locality-audit] prepare_after pipeline_id=2 task_id=11 preferred_device=0 actual_gpu=0 target_tier=GPU target_device=0 input_bytes=16 local_bytes=16 remote_gpu_bytes=0 host_bytes=0 disk_bytes=0 batch_count=1
[2026-06-22 04:26:53.919] [info] [gpu_pipeline_executor.cpp:118] GPU Pipeline Executor: task queue interrupted, stopping manager loop
[2026-06-22 04:26:53.941] [info] [physical_sirius_execution.cpp:160] Transparent GPU execution: query completed
[2026-06-22 04:26:53.962] [info] [sirius_context.cpp:258] QueryEnd
[2026-06-22 04:26:53.979] [info] [:] [host_pool] HOST:0 QueryEnd allocated=5242880 bytes peak=7340032 bytes free_blocks=507
[2026-06-22 04:26:53.979] [info] [:] [gpu_pool] GPU:0 QueryEnd allocated=0 bytes peak=3200000000 bytes reserved=0 bytes
[2026-06-22 04:26:53.980] [info] [:] [host_pool] HOST:0 QueryBegin allocated=5242880 bytes peak=7340032 bytes free_blocks=507
[2026-06-22 04:26:53.980] [info] [:] [gpu_pool] GPU:0 QueryBegin allocated=0 bytes peak=3200000000 bytes reserved=0 bytes
[2026-06-22 04:26:53.980] [info] [sirius_context.cpp:242] QueryBegin: SQL: SET gpu_execution = true;
[2026-06-22 04:26:53.981] [info] [sirius_context.cpp:258] QueryEnd
[2026-06-22 04:26:54.000] [info] [:] [host_pool] HOST:0 QueryEnd allocated=5242880 bytes peak=7340032 bytes free_blocks=507
[2026-06-22 04:26:54.000] [info] [:] [gpu_pool] GPU:0 QueryEnd allocated=0 bytes peak=3200000000 bytes reserved=0 bytes
[2026-06-22 04:26:54.000] [info] [:] [host_pool] HOST:0 QueryBegin allocated=5242880 bytes peak=7340032 bytes free_blocks=507
[2026-06-22 04:26:54.000] [info] [:] [gpu_pool] GPU:0 QueryBegin allocated=0 bytes peak=3200000000 bytes reserved=0 bytes
[2026-06-22 04:26:54.000] [info] [sirius_context.cpp:242] QueryBegin: SQL: select sum(l_extendedprice * l_discount) as revenue from lineitem where l_shipdate >= date '1997-01-01' and l_shipdate < date '1998-01-01' and l_discount between 0.03 - 0.01 and 0.03 + 0.01 and l_quantity < 24
[2026-06-22 04:26:54.236] [info] [sirius_context.cpp:954] Transparent execution: Sirius physical plan generated successfully
[2026-06-22 04:26:54.249] [info] [sirius_context.cpp:966] Transparent execution: physical plan replaced with GPU operator
[2026-06-22 04:26:54.249] [info] [physical_sirius_execution.cpp:96] Transparent GPU execution: executing query
[2026-06-22 04:26:54.296] [info] [sirius_engine.cpp:400] Query Plan:
=== Pipeline Overview ===
Pipeline #0: GPU_SCAN (id=7) -> PROJECTION (id=4) -> UNGROUPED_AGGREGATE (id=5)
  Output: -> MERGE_AGGREGATE [port: default, barrier: FULL]
Pipeline #1: MERGE_AGGREGATE (id=8)
  Input: <- Pipeline #0 [on: MERGE_AGGREGATE (id=8), port: default, barrier: FULL]
  Dependencies: Pipeline #0
  Output: -> RESULT_COLLECTOR [port: default, barrier: FULL]
Pipeline #2: RESULT_COLLECTOR (id=6)
  Input: <- Pipeline #1 [on: RESULT_COLLECTOR (id=6), port: default, barrier: FULL]
  Dependencies: Pipeline #1

=== Query Plan DAG ===
┌────────────────────────────┐
│ Pipeline #2                │
│ RESULT_COLLECTOR (id=6)    │
│ Input(#1): FULL            │
└─────────────┬──────────────┘
              │               
┌────────────────────────────┐
│ Pipeline #1                │
│ MERGE_AGGREGATE (id=8)     │
│ Input(#0): FULL            │
└─────────────┬──────────────┘
              │               
┌────────────────────────────┐
│ Pipeline #0                │
│ UNGROUPED_AGGREGATE (id=5) │
│ PROJECTION (id=4)          │
│ GPU_SCAN (id=7)            │
└────────────────────────────┘

[2026-06-22 04:26:54.439] [info] [task_scheduler.cpp:366] [mgpu-audit] pipeline_task dispatched to GPU 0 task_id=12
[2026-06-22 04:26:54.439] [info] [task_scheduler.cpp:368] [locality-audit] dispatch task_id=12 preferred_device=0 actual_gpu=0
[2026-06-22 04:26:54.439] [info] [task_scheduler.cpp:366] [mgpu-audit] pipeline_task dispatched to GPU 0 task_id=13
[2026-06-22 04:26:54.439] [info] [task_scheduler.cpp:368] [locality-audit] dispatch task_id=13 preferred_device=0 actual_gpu=0
[2026-06-22 04:26:54.439] [info] [task_scheduler.cpp:366] [mgpu-audit] pipeline_task dispatched to GPU 0 task_id=14
[2026-06-22 04:26:54.439] [info] [task_scheduler.cpp:368] [locality-audit] dispatch task_id=14 preferred_device=0 actual_gpu=0
[2026-06-22 04:26:54.723] [info] [task_scheduler.cpp:366] [mgpu-audit] pipeline_task dispatched to GPU 0 task_id=15
[2026-06-22 04:26:54.723] [info] [task_scheduler.cpp:368] [locality-audit] dispatch task_id=15 preferred_device=0 actual_gpu=0
[2026-06-22 04:26:55.008] [info] [task_scheduler.cpp:366] [mgpu-audit] pipeline_task dispatched to GPU 0 task_id=16
[2026-06-22 04:26:55.008] [info] [task_scheduler.cpp:368] [locality-audit] dispatch task_id=16 preferred_device=0 actual_gpu=0
[2026-06-22 04:26:55.298] [info] [task_scheduler.cpp:366] [mgpu-audit] pipeline_task dispatched to GPU 0 task_id=17
[2026-06-22 04:26:55.298] [info] [task_scheduler.cpp:368] [locality-audit] dispatch task_id=17 preferred_device=0 actual_gpu=0
[2026-06-22 04:26:55.577] [info] [task_scheduler.cpp:366] [mgpu-audit] pipeline_task dispatched to GPU 0 task_id=18
[2026-06-22 04:26:55.577] [info] [task_scheduler.cpp:368] [locality-audit] dispatch task_id=18 preferred_device=0 actual_gpu=0
[2026-06-22 04:26:55.859] [info] [task_scheduler.cpp:366] [mgpu-audit] pipeline_task dispatched to GPU 0 task_id=19
[2026-06-22 04:26:55.859] [info] [task_scheduler.cpp:368] [locality-audit] dispatch task_id=19 preferred_device=0 actual_gpu=0
[2026-06-22 04:26:56.142] [info] [task_scheduler.cpp:366] [mgpu-audit] pipeline_task dispatched to GPU 0 task_id=20
[2026-06-22 04:26:56.142] [info] [task_scheduler.cpp:368] [locality-audit] dispatch task_id=20 preferred_device=0 actual_gpu=0
[2026-06-22 04:26:56.424] [info] [task_scheduler.cpp:366] [mgpu-audit] pipeline_task dispatched to GPU 0 task_id=21
[2026-06-22 04:26:56.424] [info] [task_scheduler.cpp:368] [locality-audit] dispatch task_id=21 preferred_device=0 actual_gpu=0
[2026-06-22 04:26:57.186] [info] [task_creator.cpp:351] [locality-audit] task_create operator_id=8 input_bytes=160 local_bytes=144 gpu_source_bytes=144 host_source_bytes=16 disk_source_bytes=0 gpu_sources=1 host_sources=1 preferred_device=0
[2026-06-22 04:26:57.186] [info] [task_scheduler.cpp:366] [mgpu-audit] pipeline_task dispatched to GPU 0 task_id=22
[2026-06-22 04:26:57.186] [info] [task_scheduler.cpp:368] [locality-audit] dispatch task_id=22 preferred_device=0 actual_gpu=0
[2026-06-22 04:26:57.186] [info] [gpu_pipeline_task.cpp:173] [locality-audit] prepare_before pipeline_id=1 task_id=22 preferred_device=0 actual_gpu=0 target_tier=GPU target_device=0 input_bytes=160 local_bytes=144 remote_gpu_bytes=0 host_bytes=16 disk_bytes=0 batch_count=10
[2026-06-22 04:26:57.186] [info] [gpu_pipeline_task.cpp:173] [locality-audit] prepare_after pipeline_id=1 task_id=22 preferred_device=0 actual_gpu=0 target_tier=GPU target_device=0 input_bytes=160 local_bytes=160 remote_gpu_bytes=0 host_bytes=0 disk_bytes=0 batch_count=10
[2026-06-22 04:26:57.188] [info] [task_creator.cpp:351] [locality-audit] task_create operator_id=6 input_bytes=16 local_bytes=16 gpu_source_bytes=16 host_source_bytes=0 disk_source_bytes=0 gpu_sources=1 host_sources=0 preferred_device=0
[2026-06-22 04:26:57.188] [info] [task_scheduler.cpp:366] [mgpu-audit] pipeline_task dispatched to GPU 0 task_id=23
[2026-06-22 04:26:57.188] [info] [task_scheduler.cpp:368] [locality-audit] dispatch task_id=23 preferred_device=0 actual_gpu=0
[2026-06-22 04:26:57.188] [info] [gpu_pipeline_task.cpp:173] [locality-audit] prepare_before pipeline_id=2 task_id=23 preferred_device=0 actual_gpu=0 target_tier=GPU target_device=0 input_bytes=16 local_bytes=16 remote_gpu_bytes=0 host_bytes=0 disk_bytes=0 batch_count=1
[2026-06-22 04:26:57.188] [info] [gpu_pipeline_task.cpp:173] [locality-audit] prepare_after pipeline_id=2 task_id=23 preferred_device=0 actual_gpu=0 target_tier=GPU target_device=0 input_bytes=16 local_bytes=16 remote_gpu_bytes=0 host_bytes=0 disk_bytes=0 batch_count=1
[2026-06-22 04:26:57.209] [info] [gpu_pipeline_executor.cpp:118] GPU Pipeline Executor: task queue interrupted, stopping manager loop
[2026-06-22 04:26:57.231] [info] [physical_sirius_execution.cpp:160] Transparent GPU execution: query completed
[2026-06-22 04:26:57.245] [info] [sirius_context.cpp:258] QueryEnd
[2026-06-22 04:26:57.253] [info] [:] [host_pool] HOST:0 QueryEnd allocated=5242880 bytes peak=7340032 bytes free_blocks=507
[2026-06-22 04:26:57.253] [info] [:] [gpu_pool] GPU:0 QueryEnd allocated=0 bytes peak=3200000000 bytes reserved=0 bytes
[2026-06-22 04:26:57.254] [info] [sirius_context.cpp:1013] Connection closed.
[2026-06-22 04:26:57.260] [info] [task_scheduler.cpp:295] Task request channel closed, exiting management event loop.
[2026-06-22 04:26:57.260] [info] [gpu_pipeline_executor.cpp:118] GPU Pipeline Executor: task queue interrupted, stopping manager loop
