[2026-07-09 03:41:27.216] [info] [sirius_context.cpp:957] Loaded Sirius configuration from file: /home/dy1013/sirius_multi-gpu/experiment/fixed_page_runs/allq_5x_7gb/configs/sirius_2gpu.yaml
[2026-07-09 03:41:27.221] [info] [telemetry_context.cpp:78] Telemetry context initialized (engine=siriusDB)
[2026-07-09 03:41:27.221] [info] [sirius_context.cpp:296] SiriusContext: topology summary — 2 GPU(s), 1 NUMA node(s), host='hicys76'
[2026-07-09 03:41:27.221] [info] [sirius_context.cpp:301]   GPU 0: NVIDIA RTX A5000 (numa=0, pci=00000000:AC:00.0)
[2026-07-09 03:41:27.221] [info] [sirius_context.cpp:301]   GPU 1: NVIDIA RTX A5000 (numa=0, pci=00000000:CA:00.0)
[2026-07-09 03:41:27.371] [warning] [sirius_context.cpp:311] SiriusContext: disk memory space is not configured; spilling GPU or HOST data to disk is disabled. If queries run out of GPU/HOST memory, downgrades to disk will not be possible.
[2026-07-09 03:41:27.371] [info] [sirius_context.cpp:323] SiriusContext: 1 host memory space(s) created for 1 NUMA node(s)
[2026-07-09 03:41:27.373] [info] [sirius_context.cpp:376] SiriusContext: P2P enabled 0 -> 1
[2026-07-09 03:41:27.373] [info] [sirius_context.cpp:376] SiriusContext: P2P enabled 1 -> 0
[2026-07-09 03:41:27.390] [info] [sirius_context.cpp:436] SiriusContext: cuDF pinned memory resource configured (NUMA-aware, max slab 8192 B, fallback node=0)
[2026-07-09 03:41:27.394] [info] [sirius_context.cpp:918] Connection opened.
[2026-07-09 03:41:27.394] [info] [sirius_context.cpp:931] Extension loaded: sirius
[2026-07-09 03:41:27.394] [info] [sirius_context.cpp:217] QueryEnd
[2026-07-09 03:41:27.402] [info] [:] [host_pool] HOST:0 QueryEnd allocated=67108864 bytes peak=67108864 bytes free_blocks=448
[2026-07-09 03:41:27.402] [info] [:] [gpu_pool] GPU:0 QueryEnd allocated=0 bytes peak=0 bytes reserved=0 bytes
[2026-07-09 03:41:27.402] [info] [:] [gpu_pool] GPU:1 QueryEnd allocated=0 bytes peak=0 bytes reserved=0 bytes
[2026-07-09 03:41:27.403] [info] [:] [host_pool] HOST:0 QueryBegin allocated=67108864 bytes peak=67108864 bytes free_blocks=448
[2026-07-09 03:41:27.403] [info] [:] [gpu_pool] GPU:0 QueryBegin allocated=0 bytes peak=0 bytes reserved=0 bytes
[2026-07-09 03:41:27.403] [info] [:] [gpu_pool] GPU:1 QueryBegin allocated=0 bytes peak=0 bytes reserved=0 bytes
[2026-07-09 03:41:27.403] [info] [sirius_context.cpp:201] QueryBegin: SQL: CALL pin_table('/mnt/nvme/dataset/lineitem.parquet', tier='gpu', name='lineitem', cols=['l_commitdate','l_orderkey','l_receiptdate','l_shipdate','l_shipmode'])
[2026-07-09 03:41:27.502] [info] [parquet_gpu_ingestible.cpp:250] [coalesce-debug] parquet_batch_coalescer emit #1: 1 slice(s), acc_bytes=535436089, cap=536870912
[2026-07-09 03:41:27.502] [info] [parquet_gpu_ingestible.cpp:250] [coalesce-debug] parquet_batch_coalescer emit #2: 1 slice(s), acc_bytes=534003400, cap=536870912
[2026-07-09 03:41:27.502] [info] [parquet_gpu_ingestible.cpp:250] [coalesce-debug] parquet_batch_coalescer emit #3: 1 slice(s), acc_bytes=534010221, cap=536870912
[2026-07-09 03:41:27.502] [info] [parquet_gpu_ingestible.cpp:250] [coalesce-debug] parquet_batch_coalescer emit #4: 1 slice(s), acc_bytes=534012907, cap=536870912
[2026-07-09 03:41:27.502] [info] [parquet_gpu_ingestible.cpp:250] [coalesce-debug] parquet_batch_coalescer emit #5: 1 slice(s), acc_bytes=535548935, cap=536870912
[2026-07-09 03:41:27.502] [info] [parquet_gpu_ingestible.cpp:250] [coalesce-debug] parquet_batch_coalescer emit #6: 1 slice(s), acc_bytes=535704849, cap=536870912
[2026-07-09 03:41:27.502] [info] [parquet_gpu_ingestible.cpp:250] [coalesce-debug] parquet_batch_coalescer emit #7: 1 slice(s), acc_bytes=535702297, cap=536870912
[2026-07-09 03:41:27.502] [info] [parquet_gpu_ingestible.cpp:250] [coalesce-debug] parquet_batch_coalescer emit #8: 1 slice(s), acc_bytes=535704936, cap=536870912
[2026-07-09 03:41:27.502] [info] [parquet_gpu_ingestible.cpp:250] [coalesce-debug] parquet_batch_coalescer emit #9: 1 slice(s), acc_bytes=535700947, cap=536870912
[2026-07-09 03:41:27.502] [info] [parquet_gpu_ingestible.cpp:250] [coalesce-debug] parquet_batch_coalescer emit #10: 1 slice(s), acc_bytes=535695564, cap=536870912
[2026-07-09 03:41:27.502] [info] [parquet_gpu_ingestible.cpp:250] [coalesce-debug] parquet_batch_coalescer emit #11: 1 slice(s), acc_bytes=535692301, cap=536870912
[2026-07-09 03:41:27.502] [info] [parquet_gpu_ingestible.cpp:250] [coalesce-debug] parquet_batch_coalescer emit #12: 1 slice(s), acc_bytes=535707119, cap=536870912
[2026-07-09 03:41:27.502] [info] [parquet_gpu_ingestible.cpp:250] [coalesce-debug] parquet_batch_coalescer emit #13: 1 slice(s), acc_bytes=535689980, cap=536870912
[2026-07-09 03:41:27.502] [info] [parquet_gpu_ingestible.cpp:250] [coalesce-debug] parquet_batch_coalescer emit #14: 1 slice(s), acc_bytes=535718432, cap=536870912
[2026-07-09 03:41:27.502] [info] [parquet_gpu_ingestible.cpp:250] [coalesce-debug] parquet_batch_coalescer emit #15: 1 slice(s), acc_bytes=535730034, cap=536870912
[2026-07-09 03:41:27.502] [info] [parquet_gpu_ingestible.cpp:250] [coalesce-debug] parquet_batch_coalescer emit #16: 1 slice(s), acc_bytes=535714170, cap=536870912
[2026-07-09 03:41:27.503] [info] [parquet_gpu_ingestible.cpp:250] [coalesce-debug] parquet_batch_coalescer emit #17: 1 slice(s), acc_bytes=535700862, cap=536870912
[2026-07-09 03:41:27.503] [info] [parquet_gpu_ingestible.cpp:250] [coalesce-debug] parquet_batch_coalescer emit #18: 1 slice(s), acc_bytes=535696305, cap=536870912
[2026-07-09 03:41:27.503] [info] [parquet_gpu_ingestible.cpp:250] [coalesce-debug] parquet_batch_coalescer emit #19: 1 slice(s), acc_bytes=535696174, cap=536870912
[2026-07-09 03:41:27.503] [info] [parquet_gpu_ingestible.cpp:250] [coalesce-debug] parquet_batch_coalescer emit #20: 1 slice(s), acc_bytes=535700220, cap=536870912
[2026-07-09 03:41:27.503] [info] [parquet_gpu_ingestible.cpp:250] [coalesce-debug] parquet_batch_coalescer emit #21: 1 slice(s), acc_bytes=535713245, cap=536870912
[2026-07-09 03:41:27.503] [info] [parquet_gpu_ingestible.cpp:250] [coalesce-debug] parquet_batch_coalescer emit #22: 1 slice(s), acc_bytes=535708324, cap=536870912
[2026-07-09 03:41:27.503] [info] [parquet_gpu_ingestible.cpp:250] [coalesce-debug] parquet_batch_coalescer emit #23: 1 slice(s), acc_bytes=535700366, cap=536870912
[2026-07-09 03:41:27.503] [info] [parquet_gpu_ingestible.cpp:250] [coalesce-debug] parquet_batch_coalescer emit #24: 1 slice(s), acc_bytes=535705941, cap=536870912
[2026-07-09 03:41:27.503] [info] [parquet_gpu_ingestible.cpp:250] [coalesce-debug] parquet_batch_coalescer emit #25: 1 slice(s), acc_bytes=535709161, cap=536870912
[2026-07-09 03:41:27.503] [info] [parquet_gpu_ingestible.cpp:250] [coalesce-debug] parquet_batch_coalescer emit #26: 1 slice(s), acc_bytes=535693261, cap=536870912
[2026-07-09 03:41:27.503] [info] [parquet_gpu_ingestible.cpp:250] [coalesce-debug] parquet_batch_coalescer emit #27: 1 slice(s), acc_bytes=535702199, cap=536870912
[2026-07-09 03:41:27.503] [info] [parquet_gpu_ingestible.cpp:250] [coalesce-debug] parquet_batch_coalescer emit #28: 1 slice(s), acc_bytes=535108465, cap=536870912
[2026-07-09 03:41:30.702] [info] [sirius_context.cpp:217] QueryEnd
[2026-07-09 03:41:30.726] [info] [:] [host_pool] HOST:0 QueryEnd allocated=70254592 bytes peak=70254592 bytes free_blocks=445
[2026-07-09 03:41:30.726] [info] [:] [gpu_pool] GPU:0 QueryEnd allocated=0 bytes peak=6986508800 bytes reserved=0 bytes
[2026-07-09 03:41:30.726] [info] [:] [gpu_pool] GPU:1 QueryEnd allocated=0 bytes peak=6722615552 bytes reserved=0 bytes
[2026-07-09 03:41:30.727] [info] [:] [host_pool] HOST:0 QueryBegin allocated=70254592 bytes peak=70254592 bytes free_blocks=445
[2026-07-09 03:41:30.727] [info] [:] [gpu_pool] GPU:0 QueryBegin allocated=0 bytes peak=6986508800 bytes reserved=0 bytes
[2026-07-09 03:41:30.727] [info] [:] [gpu_pool] GPU:1 QueryBegin allocated=0 bytes peak=6722615552 bytes reserved=0 bytes
[2026-07-09 03:41:30.727] [info] [sirius_context.cpp:201] QueryBegin: SQL: CALL unpin_table('lineitem')
[2026-07-09 03:41:30.728] [info] [sirius_context.cpp:217] QueryEnd
[2026-07-09 03:41:30.747] [info] [:] [host_pool] HOST:0 QueryEnd allocated=70254592 bytes peak=70254592 bytes free_blocks=445
[2026-07-09 03:41:30.747] [info] [:] [gpu_pool] GPU:0 QueryEnd allocated=0 bytes peak=6986508800 bytes reserved=0 bytes
[2026-07-09 03:41:30.747] [info] [:] [gpu_pool] GPU:1 QueryEnd allocated=0 bytes peak=6722615552 bytes reserved=0 bytes
[2026-07-09 03:41:30.747] [info] [:] [host_pool] HOST:0 QueryBegin allocated=70254592 bytes peak=70254592 bytes free_blocks=445
[2026-07-09 03:41:30.747] [info] [:] [gpu_pool] GPU:0 QueryBegin allocated=0 bytes peak=6986508800 bytes reserved=0 bytes
[2026-07-09 03:41:30.747] [info] [:] [gpu_pool] GPU:1 QueryBegin allocated=0 bytes peak=6722615552 bytes reserved=0 bytes
[2026-07-09 03:41:30.747] [info] [sirius_context.cpp:201] QueryBegin: SQL: CALL unpin_table('orders')
[2026-07-09 03:41:30.748] [info] [sirius_context.cpp:217] QueryEnd
[2026-07-09 03:41:30.767] [info] [:] [host_pool] HOST:0 QueryEnd allocated=70254592 bytes peak=70254592 bytes free_blocks=445
[2026-07-09 03:41:30.767] [info] [:] [gpu_pool] GPU:0 QueryEnd allocated=0 bytes peak=6986508800 bytes reserved=0 bytes
[2026-07-09 03:41:30.767] [info] [:] [gpu_pool] GPU:1 QueryEnd allocated=0 bytes peak=6722615552 bytes reserved=0 bytes
[2026-07-09 03:41:30.767] [info] [sirius_context.cpp:924] Connection closed.
[2026-07-09 03:41:30.781] [info] [task_scheduler.cpp:368] Task request channel closed, exiting management event loop.
[2026-07-09 03:41:30.781] [info] [gpu_pipeline_executor.cpp:118] GPU Pipeline Executor: task queue interrupted, stopping manager loop
[2026-07-09 03:41:30.781] [info] [gpu_pipeline_executor.cpp:118] GPU Pipeline Executor: task queue interrupted, stopping manager loop
