[2026-07-08 17:03:39.167] [info] [sirius_context.cpp:957] Loaded Sirius configuration from file: /home/dy1013/sirius_multi-gpu/experiment/fixed_page_runs/tpch22_5x_7gb_ws3g/configs/sirius_1gpu.yaml
[2026-07-08 17:03:39.190] [info] [telemetry_context.cpp:78] Telemetry context initialized (engine=siriusDB)
[2026-07-08 17:03:39.190] [info] [sirius_context.cpp:296] SiriusContext: topology summary — 1 GPU(s), 1 NUMA node(s), host='hicys76'
[2026-07-08 17:03:39.190] [info] [sirius_context.cpp:301]   GPU 0: NVIDIA RTX A5000 (numa=0, pci=00000000:16:00.0)
[2026-07-08 17:03:39.319] [warning] [sirius_context.cpp:311] SiriusContext: disk memory space is not configured; spilling GPU or HOST data to disk is disabled. If queries run out of GPU/HOST memory, downgrades to disk will not be possible.
[2026-07-08 17:03:39.319] [info] [sirius_context.cpp:323] SiriusContext: 1 host memory space(s) created for 1 NUMA node(s)
[2026-07-08 17:03:39.319] [info] [sirius_context.cpp:386] SiriusContext: skipping peer-access enable loop (num_gpus=1); single-GPU host has no pairs to enable
[2026-07-08 17:03:39.338] [info] [sirius_context.cpp:436] SiriusContext: cuDF pinned memory resource configured (NUMA-aware, max slab 8192 B, fallback node=0)
[2026-07-08 17:03:39.341] [info] [sirius_context.cpp:918] Connection opened.
[2026-07-08 17:03:39.341] [info] [sirius_context.cpp:931] Extension loaded: sirius
[2026-07-08 17:03:39.341] [info] [sirius_context.cpp:217] QueryEnd
[2026-07-08 17:03:39.350] [info] [:] [host_pool] HOST:0 QueryEnd allocated=67108864 bytes peak=67108864 bytes free_blocks=448
[2026-07-08 17:03:39.350] [info] [:] [gpu_pool] GPU:0 QueryEnd allocated=0 bytes peak=0 bytes reserved=0 bytes
[2026-07-08 17:03:39.351] [info] [:] [host_pool] HOST:0 QueryBegin allocated=67108864 bytes peak=67108864 bytes free_blocks=448
[2026-07-08 17:03:39.351] [info] [:] [gpu_pool] GPU:0 QueryBegin allocated=0 bytes peak=0 bytes reserved=0 bytes
[2026-07-08 17:03:39.351] [info] [sirius_context.cpp:201] QueryBegin: SQL: CALL pin_table('/mnt/nvme/dataset/lineitem.parquet', tier='gpu', name='lineitem', cols=['l_discount','l_extendedprice','l_orderkey','l_partkey','l_quantity','l_suppkey'])
[2026-07-08 17:03:39.445] [info] [parquet_gpu_ingestible.cpp:250] [coalesce-debug] parquet_batch_coalescer emit #1: 1 slice(s), acc_bytes=532374270, cap=536870912
[2026-07-08 17:03:39.445] [info] [parquet_gpu_ingestible.cpp:250] [coalesce-debug] parquet_batch_coalescer emit #2: 1 slice(s), acc_bytes=535581594, cap=536870912
[2026-07-08 17:03:39.445] [info] [parquet_gpu_ingestible.cpp:250] [coalesce-debug] parquet_batch_coalescer emit #3: 1 slice(s), acc_bytes=535601850, cap=536870912
[2026-07-08 17:03:39.445] [info] [parquet_gpu_ingestible.cpp:250] [coalesce-debug] parquet_batch_coalescer emit #4: 1 slice(s), acc_bytes=535563060, cap=536870912
[2026-07-08 17:03:39.445] [info] [parquet_gpu_ingestible.cpp:250] [coalesce-debug] parquet_batch_coalescer emit #5: 1 slice(s), acc_bytes=535603968, cap=536870912
[2026-07-08 17:03:39.445] [info] [parquet_gpu_ingestible.cpp:250] [coalesce-debug] parquet_batch_coalescer emit #6: 1 slice(s), acc_bytes=535591944, cap=536870912
[2026-07-08 17:03:39.445] [info] [parquet_gpu_ingestible.cpp:250] [coalesce-debug] parquet_batch_coalescer emit #7: 1 slice(s), acc_bytes=535615824, cap=536870912
[2026-07-08 17:03:39.445] [info] [parquet_gpu_ingestible.cpp:250] [coalesce-debug] parquet_batch_coalescer emit #8: 1 slice(s), acc_bytes=535570026, cap=536870912
[2026-07-08 17:03:39.445] [info] [parquet_gpu_ingestible.cpp:250] [coalesce-debug] parquet_batch_coalescer emit #9: 1 slice(s), acc_bytes=535617294, cap=536870912
[2026-07-08 17:03:39.445] [info] [parquet_gpu_ingestible.cpp:250] [coalesce-debug] parquet_batch_coalescer emit #10: 1 slice(s), acc_bytes=533810850, cap=536870912
[2026-07-08 17:03:39.445] [info] [parquet_gpu_ingestible.cpp:250] [coalesce-debug] parquet_batch_coalescer emit #11: 1 slice(s), acc_bytes=534331572, cap=536870912
[2026-07-08 17:03:39.445] [info] [parquet_gpu_ingestible.cpp:250] [coalesce-debug] parquet_batch_coalescer emit #12: 1 slice(s), acc_bytes=534378984, cap=536870912
[2026-07-08 17:03:39.445] [info] [parquet_gpu_ingestible.cpp:250] [coalesce-debug] parquet_batch_coalescer emit #13: 1 slice(s), acc_bytes=534341532, cap=536870912
[2026-07-08 17:03:39.445] [info] [parquet_gpu_ingestible.cpp:250] [coalesce-debug] parquet_batch_coalescer emit #14: 1 slice(s), acc_bytes=534346848, cap=536870912
[2026-07-08 17:03:39.445] [info] [parquet_gpu_ingestible.cpp:250] [coalesce-debug] parquet_batch_coalescer emit #15: 1 slice(s), acc_bytes=534346674, cap=536870912
[2026-07-08 17:03:39.445] [info] [parquet_gpu_ingestible.cpp:250] [coalesce-debug] parquet_batch_coalescer emit #16: 1 slice(s), acc_bytes=534329508, cap=536870912
[2026-07-08 17:03:39.445] [info] [parquet_gpu_ingestible.cpp:250] [coalesce-debug] parquet_batch_coalescer emit #17: 1 slice(s), acc_bytes=534349182, cap=536870912
[2026-07-08 17:03:39.445] [info] [parquet_gpu_ingestible.cpp:250] [coalesce-debug] parquet_batch_coalescer emit #18: 1 slice(s), acc_bytes=534357420, cap=536870912
[2026-07-08 17:03:39.445] [info] [parquet_gpu_ingestible.cpp:250] [coalesce-debug] parquet_batch_coalescer emit #19: 1 slice(s), acc_bytes=534343806, cap=536870912
[2026-07-08 17:03:39.445] [info] [parquet_gpu_ingestible.cpp:250] [coalesce-debug] parquet_batch_coalescer emit #20: 1 slice(s), acc_bytes=534345252, cap=536870912
[2026-07-08 17:03:39.445] [info] [parquet_gpu_ingestible.cpp:250] [coalesce-debug] parquet_batch_coalescer emit #21: 1 slice(s), acc_bytes=534348984, cap=536870912
[2026-07-08 17:03:39.445] [info] [parquet_gpu_ingestible.cpp:250] [coalesce-debug] parquet_batch_coalescer emit #22: 1 slice(s), acc_bytes=534346812, cap=536870912
[2026-07-08 17:03:39.445] [info] [parquet_gpu_ingestible.cpp:250] [coalesce-debug] parquet_batch_coalescer emit #23: 1 slice(s), acc_bytes=534356136, cap=536870912
[2026-07-08 17:03:39.445] [info] [parquet_gpu_ingestible.cpp:250] [coalesce-debug] parquet_batch_coalescer emit #24: 1 slice(s), acc_bytes=534335850, cap=536870912
[2026-07-08 17:03:39.445] [info] [parquet_gpu_ingestible.cpp:250] [coalesce-debug] parquet_batch_coalescer emit #25: 1 slice(s), acc_bytes=534330870, cap=536870912
[2026-07-08 17:03:39.445] [info] [parquet_gpu_ingestible.cpp:250] [coalesce-debug] parquet_batch_coalescer emit #26: 1 slice(s), acc_bytes=534371100, cap=536870912
[2026-07-08 17:03:39.445] [info] [parquet_gpu_ingestible.cpp:250] [coalesce-debug] parquet_batch_coalescer emit #27: 1 slice(s), acc_bytes=534351018, cap=536870912
[2026-07-08 17:03:39.445] [info] [parquet_gpu_ingestible.cpp:250] [coalesce-debug] parquet_batch_coalescer emit #28: 1 slice(s), acc_bytes=534363084, cap=536870912
[2026-07-08 17:03:39.445] [info] [parquet_gpu_ingestible.cpp:250] [coalesce-debug] parquet_batch_coalescer emit #29: 1 slice(s), acc_bytes=534386076, cap=536870912
[2026-07-08 17:03:39.445] [info] [parquet_gpu_ingestible.cpp:250] [coalesce-debug] parquet_batch_coalescer emit #30: 1 slice(s), acc_bytes=534350568, cap=536870912
[2026-07-08 17:03:39.445] [info] [parquet_gpu_ingestible.cpp:250] [coalesce-debug] parquet_batch_coalescer emit #31: 1 slice(s), acc_bytes=534368448, cap=536870912
[2026-07-08 17:03:39.445] [info] [parquet_gpu_ingestible.cpp:250] [coalesce-debug] parquet_batch_coalescer emit #32: 1 slice(s), acc_bytes=534358470, cap=536870912
[2026-07-08 17:03:39.445] [info] [parquet_gpu_ingestible.cpp:250] [coalesce-debug] parquet_batch_coalescer emit #33: 1 slice(s), acc_bytes=534354936, cap=536870912
[2026-07-08 17:03:39.445] [info] [parquet_gpu_ingestible.cpp:250] [coalesce-debug] parquet_batch_coalescer emit #34: 1 slice(s), acc_bytes=534354852, cap=536870912
[2026-07-08 17:03:39.445] [info] [parquet_gpu_ingestible.cpp:250] [coalesce-debug] parquet_batch_coalescer emit #35: 1 slice(s), acc_bytes=534322698, cap=536870912
[2026-07-08 17:03:39.445] [info] [parquet_gpu_ingestible.cpp:250] [coalesce-debug] parquet_batch_coalescer emit #36: 1 slice(s), acc_bytes=534321234, cap=536870912
[2026-07-08 17:03:39.445] [info] [parquet_gpu_ingestible.cpp:250] [coalesce-debug] parquet_batch_coalescer emit #37: 1 slice(s), acc_bytes=534354744, cap=536870912
[2026-07-08 17:03:39.445] [info] [parquet_gpu_ingestible.cpp:250] [coalesce-debug] parquet_batch_coalescer emit #38: 1 slice(s), acc_bytes=534351840, cap=536870912
[2026-07-08 17:03:39.445] [info] [parquet_gpu_ingestible.cpp:250] [coalesce-debug] parquet_batch_coalescer emit #39: 1 slice(s), acc_bytes=534325470, cap=536870912
[2026-07-08 17:03:39.445] [info] [parquet_gpu_ingestible.cpp:250] [coalesce-debug] parquet_batch_coalescer emit #40: 1 slice(s), acc_bytes=534370326, cap=536870912
[2026-07-08 17:03:39.445] [info] [parquet_gpu_ingestible.cpp:250] [coalesce-debug] parquet_batch_coalescer emit #41: 1 slice(s), acc_bytes=534361200, cap=536870912
[2026-07-08 17:03:39.445] [info] [parquet_gpu_ingestible.cpp:250] [coalesce-debug] parquet_batch_coalescer emit #42: 1 slice(s), acc_bytes=534357708, cap=536870912
[2026-07-08 17:03:39.445] [info] [parquet_gpu_ingestible.cpp:250] [coalesce-debug] parquet_batch_coalescer emit #43: 1 slice(s), acc_bytes=534352218, cap=536870912
[2026-07-08 17:03:39.445] [info] [parquet_gpu_ingestible.cpp:250] [coalesce-debug] parquet_batch_coalescer emit #44: 1 slice(s), acc_bytes=534342630, cap=536870912
[2026-07-08 17:03:39.445] [info] [parquet_gpu_ingestible.cpp:250] [coalesce-debug] parquet_batch_coalescer emit #45: 1 slice(s), acc_bytes=534356772, cap=536870912
[2026-07-08 17:03:39.445] [info] [parquet_gpu_ingestible.cpp:250] [coalesce-debug] parquet_batch_coalescer emit #46: 1 slice(s), acc_bytes=534347628, cap=536870912
[2026-07-08 17:03:39.445] [info] [parquet_gpu_ingestible.cpp:250] [coalesce-debug] parquet_batch_coalescer emit #47: 1 slice(s), acc_bytes=534351972, cap=536870912
[2026-07-08 17:03:39.445] [info] [parquet_gpu_ingestible.cpp:250] [coalesce-debug] parquet_batch_coalescer emit #48: 1 slice(s), acc_bytes=534346164, cap=536870912
[2026-07-08 17:03:39.445] [info] [parquet_gpu_ingestible.cpp:250] [coalesce-debug] parquet_batch_coalescer emit #49: 1 slice(s), acc_bytes=534341502, cap=536870912
[2026-07-08 17:03:39.445] [info] [parquet_gpu_ingestible.cpp:250] [coalesce-debug] parquet_batch_coalescer emit #50: 1 slice(s), acc_bytes=534348336, cap=536870912
[2026-07-08 17:03:39.445] [info] [parquet_gpu_ingestible.cpp:250] [coalesce-debug] parquet_batch_coalescer emit #51: 1 slice(s), acc_bytes=534334206, cap=536870912
[2026-07-08 17:03:39.445] [info] [parquet_gpu_ingestible.cpp:250] [coalesce-debug] parquet_batch_coalescer emit #52: 1 slice(s), acc_bytes=534348660, cap=536870912
[2026-07-08 17:03:39.445] [info] [parquet_gpu_ingestible.cpp:250] [coalesce-debug] parquet_batch_coalescer emit #53: 1 slice(s), acc_bytes=534362292, cap=536870912
[2026-07-08 17:03:39.445] [info] [parquet_gpu_ingestible.cpp:250] [coalesce-debug] parquet_batch_coalescer emit #54: 1 slice(s), acc_bytes=534360804, cap=536870912
[2026-07-08 17:03:41.416] [info] [sirius_context.cpp:217] QueryEnd
[2026-07-08 17:03:41.424] [info] [:] [host_pool] HOST:0 QueryEnd allocated=70254592 bytes peak=70254592 bytes free_blocks=445
[2026-07-08 17:03:41.424] [info] [:] [gpu_pool] GPU:0 QueryEnd allocated=0 bytes peak=6962655744 bytes reserved=0 bytes
[2026-07-08 17:03:41.431] [info] [:] [host_pool] HOST:0 QueryBegin allocated=70254592 bytes peak=70254592 bytes free_blocks=445
[2026-07-08 17:03:41.431] [info] [:] [gpu_pool] GPU:0 QueryBegin allocated=0 bytes peak=6962655744 bytes reserved=0 bytes
[2026-07-08 17:03:41.431] [info] [sirius_context.cpp:201] QueryBegin: SQL: CALL unpin_table('lineitem')
[2026-07-08 17:03:41.435] [info] [sirius_context.cpp:217] QueryEnd
[2026-07-08 17:03:41.444] [info] [:] [host_pool] HOST:0 QueryEnd allocated=70254592 bytes peak=70254592 bytes free_blocks=445
[2026-07-08 17:03:41.444] [info] [:] [gpu_pool] GPU:0 QueryEnd allocated=0 bytes peak=6962655744 bytes reserved=0 bytes
[2026-07-08 17:03:41.452] [info] [:] [host_pool] HOST:0 QueryBegin allocated=70254592 bytes peak=70254592 bytes free_blocks=445
[2026-07-08 17:03:41.452] [info] [:] [gpu_pool] GPU:0 QueryBegin allocated=0 bytes peak=6962655744 bytes reserved=0 bytes
[2026-07-08 17:03:41.452] [info] [sirius_context.cpp:201] QueryBegin: SQL: CALL unpin_table('nation')
[2026-07-08 17:03:41.454] [info] [sirius_context.cpp:217] QueryEnd
[2026-07-08 17:03:41.465] [info] [:] [host_pool] HOST:0 QueryEnd allocated=70254592 bytes peak=70254592 bytes free_blocks=445
[2026-07-08 17:03:41.465] [info] [:] [gpu_pool] GPU:0 QueryEnd allocated=0 bytes peak=6962655744 bytes reserved=0 bytes
[2026-07-08 17:03:41.465] [info] [:] [host_pool] HOST:0 QueryBegin allocated=70254592 bytes peak=70254592 bytes free_blocks=445
[2026-07-08 17:03:41.465] [info] [:] [gpu_pool] GPU:0 QueryBegin allocated=0 bytes peak=6962655744 bytes reserved=0 bytes
[2026-07-08 17:03:41.465] [info] [sirius_context.cpp:201] QueryBegin: SQL: CALL unpin_table('orders')
[2026-07-08 17:03:41.465] [info] [sirius_context.cpp:217] QueryEnd
[2026-07-08 17:03:41.475] [info] [:] [host_pool] HOST:0 QueryEnd allocated=70254592 bytes peak=70254592 bytes free_blocks=445
[2026-07-08 17:03:41.475] [info] [:] [gpu_pool] GPU:0 QueryEnd allocated=0 bytes peak=6962655744 bytes reserved=0 bytes
[2026-07-08 17:03:41.475] [info] [:] [host_pool] HOST:0 QueryBegin allocated=70254592 bytes peak=70254592 bytes free_blocks=445
[2026-07-08 17:03:41.475] [info] [:] [gpu_pool] GPU:0 QueryBegin allocated=0 bytes peak=6962655744 bytes reserved=0 bytes
[2026-07-08 17:03:41.475] [info] [sirius_context.cpp:201] QueryBegin: SQL: CALL unpin_table('part')
[2026-07-08 17:03:41.476] [info] [sirius_context.cpp:217] QueryEnd
[2026-07-08 17:03:41.485] [info] [:] [host_pool] HOST:0 QueryEnd allocated=70254592 bytes peak=70254592 bytes free_blocks=445
[2026-07-08 17:03:41.485] [info] [:] [gpu_pool] GPU:0 QueryEnd allocated=0 bytes peak=6962655744 bytes reserved=0 bytes
[2026-07-08 17:03:41.485] [info] [:] [host_pool] HOST:0 QueryBegin allocated=70254592 bytes peak=70254592 bytes free_blocks=445
[2026-07-08 17:03:41.485] [info] [:] [gpu_pool] GPU:0 QueryBegin allocated=0 bytes peak=6962655744 bytes reserved=0 bytes
[2026-07-08 17:03:41.485] [info] [sirius_context.cpp:201] QueryBegin: SQL: CALL unpin_table('partsupp')
[2026-07-08 17:03:41.486] [info] [sirius_context.cpp:217] QueryEnd
[2026-07-08 17:03:41.496] [info] [:] [host_pool] HOST:0 QueryEnd allocated=70254592 bytes peak=70254592 bytes free_blocks=445
[2026-07-08 17:03:41.496] [info] [:] [gpu_pool] GPU:0 QueryEnd allocated=0 bytes peak=6962655744 bytes reserved=0 bytes
[2026-07-08 17:03:41.496] [info] [:] [host_pool] HOST:0 QueryBegin allocated=70254592 bytes peak=70254592 bytes free_blocks=445
[2026-07-08 17:03:41.496] [info] [:] [gpu_pool] GPU:0 QueryBegin allocated=0 bytes peak=6962655744 bytes reserved=0 bytes
[2026-07-08 17:03:41.496] [info] [sirius_context.cpp:201] QueryBegin: SQL: CALL unpin_table('supplier')
[2026-07-08 17:03:41.496] [info] [sirius_context.cpp:217] QueryEnd
[2026-07-08 17:03:41.506] [info] [:] [host_pool] HOST:0 QueryEnd allocated=70254592 bytes peak=70254592 bytes free_blocks=445
[2026-07-08 17:03:41.506] [info] [:] [gpu_pool] GPU:0 QueryEnd allocated=0 bytes peak=6962655744 bytes reserved=0 bytes
[2026-07-08 17:03:41.506] [info] [sirius_context.cpp:924] Connection closed.
[2026-07-08 17:03:41.522] [info] [task_scheduler.cpp:368] Task request channel closed, exiting management event loop.
[2026-07-08 17:03:41.522] [info] [gpu_pipeline_executor.cpp:118] GPU Pipeline Executor: task queue interrupted, stopping manager loop
