explicit order: q21,q17,q12,q19,q13,q15,q18,q14,q4,q20,q22,q9,q1,q11,q3,q2,q6,q16,q10,q8,q7,q5
[04:25:40.449] Opening DuckDB connection over parquet dir /mnt/nvme/sirius_tpch/tpch_parquet_sf100_optimized
[04:25:40.456] Registering TPC-H parquet views
[04:25:40.462] All TPC-H views registered
[04:25:40.462] Loading Sirius extension from /home/dy1013/sirius_multi-gpu/build/release/extension/sirius/sirius.duckdb_extension
[04:25:40.956] Sirius extension loaded
[celebi_fixed_variable] exec=1/3 pos=1/22 q21 done
[celebi_fixed_variable] exec=1/3 pos=2/22 q17 done
[celebi_fixed_variable] exec=1/3 pos=3/22 q12 done
[celebi_fixed_variable] exec=1/3 pos=4/22 q19 done
[celebi_fixed_variable] exec=1/3 pos=5/22 q13 done
[celebi_fixed_variable] exec=1/3 pos=6/22 q15 done
[celebi_fixed_variable] exec=1/3 pos=7/22 q18 done
[celebi_fixed_variable] exec=1/3 pos=8/22 q14 done
[celebi_fixed_variable] exec=1/3 pos=9/22 q4 done
[celebi_fixed_variable] exec=1/3 pos=10/22 q20 done
[celebi_fixed_variable] exec=1/3 pos=11/22 q22 done
[celebi_fixed_variable] exec=1/3 pos=12/22 q9 done
[celebi_fixed_variable] exec=1/3 pos=13/22 q1 done
[celebi_fixed_variable] exec=1/3 pos=14/22 q11 done
[celebi_fixed_variable] exec=1/3 pos=15/22 q3 done
[celebi_fixed_variable] exec=1/3 pos=16/22 q2 done
[celebi_fixed_variable] exec=1/3 pos=17/22 q6 done
[celebi_fixed_variable] exec=1/3 pos=18/22 q16 done
[celebi_fixed_variable] exec=1/3 pos=19/22 q10 done
[celebi_fixed_variable] exec=1/3 pos=20/22 q8 done
[celebi_fixed_variable] exec=1/3 pos=21/22 q7 done
[celebi_fixed_variable] exec=1/3 pos=22/22 q5 done
[celebi_fixed_variable] exec=2/3 pos=1/22 q21 done
[celebi_fixed_variable] exec=2/3 pos=2/22 q17 done
[celebi_fixed_variable] exec=2/3 pos=3/22 q12 done
[celebi_fixed_variable] exec=2/3 pos=4/22 q19 done
[celebi_fixed_variable] exec=2/3 pos=5/22 q13 done
[celebi_fixed_variable] exec=2/3 pos=6/22 q15 done
[celebi_fixed_variable] exec=2/3 pos=7/22 q18 done
[celebi_fixed_variable] exec=2/3 pos=8/22 q14 done
[celebi_fixed_variable] exec=2/3 pos=9/22 q4 done
[celebi_fixed_variable] exec=2/3 pos=10/22 q20 done
[celebi_fixed_variable] exec=2/3 pos=11/22 q22 done
[celebi_fixed_variable] exec=2/3 pos=12/22 q9 done
[celebi_fixed_variable] exec=2/3 pos=13/22 q1 done
[celebi_fixed_variable] exec=2/3 pos=14/22 q11 done
[celebi_fixed_variable] exec=2/3 pos=15/22 q3 done
[celebi_fixed_variable] exec=2/3 pos=16/22 q2 done
[celebi_fixed_variable] exec=2/3 pos=17/22 q6 done
[celebi_fixed_variable] exec=2/3 pos=18/22 q16 done
[celebi_fixed_variable] exec=2/3 pos=19/22 q10 done
[celebi_fixed_variable] exec=2/3 pos=20/22 q8 done
[celebi_fixed_variable] exec=2/3 pos=21/22 q7 done
[celebi_fixed_variable] exec=2/3 pos=22/22 q5 done
[celebi_fixed_variable] exec=3/3 pos=1/22 q21 done
[celebi_fixed_variable] exec=3/3 pos=2/22 q17 done
[celebi_fixed_variable] exec=3/3 pos=3/22 q12 done
[celebi_fixed_variable] exec=3/3 pos=4/22 q19 done
[celebi_fixed_variable] exec=3/3 pos=5/22 q13 done
[celebi_fixed_variable] exec=3/3 pos=6/22 q15 done
[celebi_fixed_variable] exec=3/3 pos=7/22 q18 done
[celebi_fixed_variable] exec=3/3 pos=8/22 q14 done
[celebi_fixed_variable] exec=3/3 pos=9/22 q4 done
[celebi_fixed_variable] exec=3/3 pos=10/22 q20 done
[celebi_fixed_variable] exec=3/3 pos=11/22 q22 done
[celebi_fixed_variable] exec=3/3 pos=12/22 q9 done
[celebi_fixed_variable] exec=3/3 pos=13/22 q1 done
[celebi_fixed_variable] exec=3/3 pos=14/22 q11 done
[celebi_fixed_variable] exec=3/3 pos=15/22 q3 done
[celebi_fixed_variable] exec=3/3 pos=16/22 q2 done
[celebi_fixed_variable] exec=3/3 pos=17/22 q6 done
[celebi_fixed_variable] exec=3/3 pos=18/22 q16 done
[celebi_fixed_variable] exec=3/3 pos=19/22 q10 done
[celebi_fixed_variable] exec=3/3 pos=20/22 q8 done
[celebi_fixed_variable] exec=3/3 pos=21/22 q7 done
[celebi_fixed_variable] exec=3/3 pos=22/22 q5 done
