[2026-07-08 03:30:43.309] [warning] [sirius_config.cpp:459] sirius_config: use_sirius_datasource was false but 2 GPUs are configured; the sirius datasource is required for multi-GPU IO routing. Overriding use_sirius_datasource to true.
[2026-07-08 03:30:43.309] [info] [sirius_context.cpp:1046] Loaded Sirius configuration from file: /home/dy1013/sirius_multi-gpu/experiment/fixed_page_runs/random_7gb/configs/sirius_2gpu.yaml
[2026-07-08 03:30:43.315] [info] [telemetry_context.cpp:67] Telemetry context initialized (engine=siriusDB)
[2026-07-08 03:30:43.315] [info] [sirius_context.cpp:337] SiriusContext: topology summary — 2 GPU(s), 1 NUMA node(s), host='hicys76'
[2026-07-08 03:30:43.315] [info] [sirius_context.cpp:342]   GPU 0: NVIDIA RTX A5000 (numa=0, pci=00000000:16:00.0)
[2026-07-08 03:30:43.315] [info] [sirius_context.cpp:342]   GPU 1: NVIDIA RTX A5000 (numa=0, pci=00000000:34:00.0)
[2026-07-08 03:30:43.460] [warning] [sirius_context.cpp:352] SiriusContext: disk memory space is not configured; spilling GPU or HOST data to disk is disabled. If queries run out of GPU/HOST memory, downgrades to disk will not be possible.
[2026-07-08 03:30:43.460] [info] [sirius_context.cpp:364] SiriusContext: 1 host memory space(s) created for 1 NUMA node(s)
[2026-07-08 03:30:43.461] [info] [sirius_context.cpp:417] SiriusContext: P2P enabled 0 -> 1
[2026-07-08 03:30:43.461] [info] [sirius_context.cpp:417] SiriusContext: P2P enabled 1 -> 0
[2026-07-08 03:30:43.477] [info] [sirius_context.cpp:477] SiriusContext: cuDF pinned memory resource configured (NUMA-aware, max slab 8192 B, fallback node=0)
[2026-07-08 03:30:43.645] [info] [sirius_context.cpp:1007] Connection opened.
[2026-07-08 03:30:43.645] [info] [sirius_context.cpp:1020] Extension loaded: sirius
[2026-07-08 03:30:43.645] [info] [sirius_context.cpp:258] QueryEnd
[2026-07-08 03:30:43.654] [info] [:] [host_pool] HOST:0 QueryEnd allocated=0 bytes peak=0 bytes free_blocks=512
[2026-07-08 03:30:43.654] [info] [:] [gpu_pool] GPU:0 QueryEnd allocated=0 bytes peak=0 bytes reserved=0 bytes
[2026-07-08 03:30:43.654] [info] [:] [gpu_pool] GPU:1 QueryEnd allocated=0 bytes peak=0 bytes reserved=0 bytes
[2026-07-08 03:30:43.655] [info] [:] [host_pool] HOST:0 QueryBegin allocated=0 bytes peak=0 bytes free_blocks=512
[2026-07-08 03:30:43.655] [info] [:] [gpu_pool] GPU:0 QueryBegin allocated=0 bytes peak=0 bytes reserved=0 bytes
[2026-07-08 03:30:43.655] [info] [:] [gpu_pool] GPU:1 QueryBegin allocated=0 bytes peak=0 bytes reserved=0 bytes
[2026-07-08 03:30:43.655] [info] [sirius_context.cpp:242] QueryBegin: SQL: CALL pin_table('/mnt/nvme/dataset/customer*.parquet', tier='gpu', name='customer', cols=['c_custkey'])
[2026-07-08 03:30:43.712] [info] [sirius_extension.cpp:1060] [fixed-page-cache] pin_table chunk_rr name='customer' chunk=0 rows=15000000 source_gpu=0 target_gpu=0
[2026-07-08 03:30:43.749] [info] [sirius_scan_manager.cpp:892] [fixed-page-cache] page_directory indexed table='customer' fixed_cols=1 pages=58 resident_pages=58 resident_bytes=120000000 stats_pages=58 evicted_pages=0 eviction_count=0 page_bytes=2097152 rows=15000000 partial=false
[2026-07-08 03:30:43.749] [info] [sirius_context.cpp:258] QueryEnd
[2026-07-08 03:30:43.755] [info] [:] [host_pool] HOST:0 QueryEnd allocated=4194304 bytes peak=4194304 bytes free_blocks=508
[2026-07-08 03:30:43.755] [info] [:] [gpu_pool] GPU:0 QueryEnd allocated=121875200 bytes peak=241876224 bytes reserved=0 bytes
[2026-07-08 03:30:43.755] [info] [:] [gpu_pool] GPU:1 QueryEnd allocated=0 bytes peak=0 bytes reserved=0 bytes
[2026-07-08 03:30:43.755] [info] [:] [host_pool] HOST:0 QueryBegin allocated=4194304 bytes peak=4194304 bytes free_blocks=508
[2026-07-08 03:30:43.755] [info] [:] [gpu_pool] GPU:0 QueryBegin allocated=121875200 bytes peak=241876224 bytes reserved=0 bytes
[2026-07-08 03:30:43.755] [info] [:] [gpu_pool] GPU:1 QueryBegin allocated=0 bytes peak=0 bytes reserved=0 bytes
[2026-07-08 03:30:43.756] [info] [sirius_context.cpp:242] QueryBegin: SQL: CALL pin_table('/mnt/nvme/dataset/lineitem*.parquet', tier='gpu', name='lineitem', cols=['l_orderkey'])
[2026-07-08 03:30:44.224] [info] [sirius_extension.cpp:1060] [fixed-page-cache] pin_table chunk_rr name='lineitem' chunk=0 rows=65976100 source_gpu=0 target_gpu=0
[2026-07-08 03:30:44.372] [info] [sirius_extension.cpp:1049] [fixed-page-cache] pin_table chunk_rr name='lineitem' chunk=1 rows=65958060 source_gpu=0 target_gpu=1
[2026-07-08 03:30:44.375] [info] [sirius_extension.cpp:1060] [fixed-page-cache] pin_table chunk_rr name='lineitem' chunk=2 rows=66014724 source_gpu=0 target_gpu=0
[2026-07-08 03:30:44.424] [info] [sirius_extension.cpp:1049] [fixed-page-cache] pin_table chunk_rr name='lineitem' chunk=3 rows=66014514 source_gpu=0 target_gpu=1
[2026-07-08 03:30:44.427] [info] [sirius_extension.cpp:1060] [fixed-page-cache] pin_table chunk_rr name='lineitem' chunk=4 rows=66016567 source_gpu=0 target_gpu=0
[2026-07-08 03:30:44.434] [info] [sirius_context.cpp:258] QueryEnd
[2026-07-08 03:30:44.442] [info] [:] [host_pool] HOST:0 QueryEnd allocated=5242880 bytes peak=533725184 bytes free_blocks=507
[2026-07-08 03:30:44.442] [info] [:] [gpu_pool] GPU:0 QueryEnd allocated=121875200 bytes peak=6531027968 bytes reserved=0 bytes
[2026-07-08 03:30:44.442] [info] [:] [gpu_pool] GPU:1 QueryEnd allocated=0 bytes peak=1072277760 bytes reserved=0 bytes
[2026-07-08 03:30:44.443] [info] [:] [host_pool] HOST:0 QueryBegin allocated=5242880 bytes peak=533725184 bytes free_blocks=507
[2026-07-08 03:30:44.443] [info] [:] [gpu_pool] GPU:0 QueryBegin allocated=121875200 bytes peak=6531027968 bytes reserved=0 bytes
[2026-07-08 03:30:44.443] [info] [:] [gpu_pool] GPU:1 QueryBegin allocated=0 bytes peak=1072277760 bytes reserved=0 bytes
[2026-07-08 03:30:44.443] [info] [sirius_context.cpp:242] QueryBegin: SQL: CALL unpin_table('customer')
[2026-07-08 03:30:44.444] [info] [sirius_context.cpp:258] QueryEnd
[2026-07-08 03:30:44.452] [info] [:] [host_pool] HOST:0 QueryEnd allocated=5242880 bytes peak=533725184 bytes free_blocks=507
[2026-07-08 03:30:44.452] [info] [:] [gpu_pool] GPU:0 QueryEnd allocated=0 bytes peak=6531027968 bytes reserved=0 bytes
[2026-07-08 03:30:44.452] [info] [:] [gpu_pool] GPU:1 QueryEnd allocated=0 bytes peak=1072277760 bytes reserved=0 bytes
[2026-07-08 03:30:44.452] [info] [:] [host_pool] HOST:0 QueryBegin allocated=5242880 bytes peak=533725184 bytes free_blocks=507
[2026-07-08 03:30:44.452] [info] [:] [gpu_pool] GPU:0 QueryBegin allocated=0 bytes peak=6531027968 bytes reserved=0 bytes
[2026-07-08 03:30:44.452] [info] [:] [gpu_pool] GPU:1 QueryBegin allocated=0 bytes peak=1072277760 bytes reserved=0 bytes
[2026-07-08 03:30:44.452] [info] [sirius_context.cpp:242] QueryBegin: SQL: CALL unpin_table('lineitem')
[2026-07-08 03:30:44.453] [info] [sirius_context.cpp:258] QueryEnd
[2026-07-08 03:30:44.462] [info] [:] [host_pool] HOST:0 QueryEnd allocated=5242880 bytes peak=533725184 bytes free_blocks=507
[2026-07-08 03:30:44.462] [info] [:] [gpu_pool] GPU:0 QueryEnd allocated=0 bytes peak=6531027968 bytes reserved=0 bytes
[2026-07-08 03:30:44.462] [info] [:] [gpu_pool] GPU:1 QueryEnd allocated=0 bytes peak=1072277760 bytes reserved=0 bytes
[2026-07-08 03:30:44.462] [info] [:] [host_pool] HOST:0 QueryBegin allocated=5242880 bytes peak=533725184 bytes free_blocks=507
[2026-07-08 03:30:44.462] [info] [:] [gpu_pool] GPU:0 QueryBegin allocated=0 bytes peak=6531027968 bytes reserved=0 bytes
[2026-07-08 03:30:44.462] [info] [:] [gpu_pool] GPU:1 QueryBegin allocated=0 bytes peak=1072277760 bytes reserved=0 bytes
[2026-07-08 03:30:44.462] [info] [sirius_context.cpp:242] QueryBegin: SQL: CALL unpin_table('nation')
[2026-07-08 03:30:44.463] [info] [sirius_context.cpp:258] QueryEnd
[2026-07-08 03:30:44.473] [info] [:] [host_pool] HOST:0 QueryEnd allocated=5242880 bytes peak=533725184 bytes free_blocks=507
[2026-07-08 03:30:44.473] [info] [:] [gpu_pool] GPU:0 QueryEnd allocated=0 bytes peak=6531027968 bytes reserved=0 bytes
[2026-07-08 03:30:44.473] [info] [:] [gpu_pool] GPU:1 QueryEnd allocated=0 bytes peak=1072277760 bytes reserved=0 bytes
[2026-07-08 03:30:44.473] [info] [:] [host_pool] HOST:0 QueryBegin allocated=5242880 bytes peak=533725184 bytes free_blocks=507
[2026-07-08 03:30:44.473] [info] [:] [gpu_pool] GPU:0 QueryBegin allocated=0 bytes peak=6531027968 bytes reserved=0 bytes
[2026-07-08 03:30:44.473] [info] [:] [gpu_pool] GPU:1 QueryBegin allocated=0 bytes peak=1072277760 bytes reserved=0 bytes
[2026-07-08 03:30:44.473] [info] [sirius_context.cpp:242] QueryBegin: SQL: CALL unpin_table('orders')
[2026-07-08 03:30:44.474] [info] [sirius_context.cpp:258] QueryEnd
[2026-07-08 03:30:44.483] [info] [:] [host_pool] HOST:0 QueryEnd allocated=5242880 bytes peak=533725184 bytes free_blocks=507
[2026-07-08 03:30:44.483] [info] [:] [gpu_pool] GPU:0 QueryEnd allocated=0 bytes peak=6531027968 bytes reserved=0 bytes
[2026-07-08 03:30:44.483] [info] [:] [gpu_pool] GPU:1 QueryEnd allocated=0 bytes peak=1072277760 bytes reserved=0 bytes
[2026-07-08 03:30:44.483] [info] [:] [host_pool] HOST:0 QueryBegin allocated=5242880 bytes peak=533725184 bytes free_blocks=507
[2026-07-08 03:30:44.483] [info] [:] [gpu_pool] GPU:0 QueryBegin allocated=0 bytes peak=6531027968 bytes reserved=0 bytes
[2026-07-08 03:30:44.483] [info] [:] [gpu_pool] GPU:1 QueryBegin allocated=0 bytes peak=1072277760 bytes reserved=0 bytes
[2026-07-08 03:30:44.483] [info] [sirius_context.cpp:242] QueryBegin: SQL: CALL unpin_table('part')
[2026-07-08 03:30:44.483] [info] [sirius_context.cpp:258] QueryEnd
[2026-07-08 03:30:44.503] [info] [:] [host_pool] HOST:0 QueryEnd allocated=5242880 bytes peak=533725184 bytes free_blocks=507
[2026-07-08 03:30:44.503] [info] [:] [gpu_pool] GPU:0 QueryEnd allocated=0 bytes peak=6531027968 bytes reserved=0 bytes
[2026-07-08 03:30:44.503] [info] [:] [gpu_pool] GPU:1 QueryEnd allocated=0 bytes peak=1072277760 bytes reserved=0 bytes
[2026-07-08 03:30:44.504] [info] [:] [host_pool] HOST:0 QueryBegin allocated=5242880 bytes peak=533725184 bytes free_blocks=507
[2026-07-08 03:30:44.504] [info] [:] [gpu_pool] GPU:0 QueryBegin allocated=0 bytes peak=6531027968 bytes reserved=0 bytes
[2026-07-08 03:30:44.504] [info] [:] [gpu_pool] GPU:1 QueryBegin allocated=0 bytes peak=1072277760 bytes reserved=0 bytes
[2026-07-08 03:30:44.504] [info] [sirius_context.cpp:242] QueryBegin: SQL: CALL unpin_table('partsupp')
[2026-07-08 03:30:44.505] [info] [sirius_context.cpp:258] QueryEnd
[2026-07-08 03:30:44.514] [info] [:] [host_pool] HOST:0 QueryEnd allocated=5242880 bytes peak=533725184 bytes free_blocks=507
[2026-07-08 03:30:44.514] [info] [:] [gpu_pool] GPU:0 QueryEnd allocated=0 bytes peak=6531027968 bytes reserved=0 bytes
[2026-07-08 03:30:44.514] [info] [:] [gpu_pool] GPU:1 QueryEnd allocated=0 bytes peak=1072277760 bytes reserved=0 bytes
[2026-07-08 03:30:44.514] [info] [:] [host_pool] HOST:0 QueryBegin allocated=5242880 bytes peak=533725184 bytes free_blocks=507
[2026-07-08 03:30:44.514] [info] [:] [gpu_pool] GPU:0 QueryBegin allocated=0 bytes peak=6531027968 bytes reserved=0 bytes
[2026-07-08 03:30:44.514] [info] [:] [gpu_pool] GPU:1 QueryBegin allocated=0 bytes peak=1072277760 bytes reserved=0 bytes
[2026-07-08 03:30:44.514] [info] [sirius_context.cpp:242] QueryBegin: SQL: CALL unpin_table('region')
[2026-07-08 03:30:44.515] [info] [sirius_context.cpp:258] QueryEnd
[2026-07-08 03:30:44.524] [info] [:] [host_pool] HOST:0 QueryEnd allocated=5242880 bytes peak=533725184 bytes free_blocks=507
[2026-07-08 03:30:44.524] [info] [:] [gpu_pool] GPU:0 QueryEnd allocated=0 bytes peak=6531027968 bytes reserved=0 bytes
[2026-07-08 03:30:44.524] [info] [:] [gpu_pool] GPU:1 QueryEnd allocated=0 bytes peak=1072277760 bytes reserved=0 bytes
[2026-07-08 03:30:44.524] [info] [:] [host_pool] HOST:0 QueryBegin allocated=5242880 bytes peak=533725184 bytes free_blocks=507
[2026-07-08 03:30:44.524] [info] [:] [gpu_pool] GPU:0 QueryBegin allocated=0 bytes peak=6531027968 bytes reserved=0 bytes
[2026-07-08 03:30:44.524] [info] [:] [gpu_pool] GPU:1 QueryBegin allocated=0 bytes peak=1072277760 bytes reserved=0 bytes
[2026-07-08 03:30:44.524] [info] [sirius_context.cpp:242] QueryBegin: SQL: CALL unpin_table('supplier')
[2026-07-08 03:30:44.524] [info] [sirius_context.cpp:258] QueryEnd
[2026-07-08 03:30:44.534] [info] [:] [host_pool] HOST:0 QueryEnd allocated=5242880 bytes peak=533725184 bytes free_blocks=507
[2026-07-08 03:30:44.534] [info] [:] [gpu_pool] GPU:0 QueryEnd allocated=0 bytes peak=6531027968 bytes reserved=0 bytes
[2026-07-08 03:30:44.534] [info] [:] [gpu_pool] GPU:1 QueryEnd allocated=0 bytes peak=1072277760 bytes reserved=0 bytes
[2026-07-08 03:30:44.535] [info] [sirius_context.cpp:1013] Connection closed.
[2026-07-08 03:30:44.544] [info] [task_scheduler.cpp:295] Task request channel closed, exiting management event loop.
[2026-07-08 03:30:44.544] [info] [gpu_pipeline_executor.cpp:118] GPU Pipeline Executor: task queue interrupted, stopping manager loop
[2026-07-08 03:30:44.544] [info] [gpu_pipeline_executor.cpp:118] GPU Pipeline Executor: task queue interrupted, stopping manager loop
