[2026-07-09 04:43:52.171] [info] [sirius_context.cpp:957] Loaded Sirius configuration from file: /home/dy1013/sirius_multi-gpu/experiment/fixed_page_runs/allq_5x_7gb_fixed/configs/sirius_2gpu.yaml
[2026-07-09 04:43:52.176] [info] [telemetry_context.cpp:78] Telemetry context initialized (engine=siriusDB)
[2026-07-09 04:43:52.176] [info] [sirius_context.cpp:296] SiriusContext: topology summary — 2 GPU(s), 1 NUMA node(s), host='hicys76'
[2026-07-09 04:43:52.176] [info] [sirius_context.cpp:301]   GPU 0: NVIDIA RTX A5000 (numa=0, pci=00000000:AC:00.0)
[2026-07-09 04:43:52.176] [info] [sirius_context.cpp:301]   GPU 1: NVIDIA RTX A5000 (numa=0, pci=00000000:CA:00.0)
[2026-07-09 04:43:52.319] [warning] [sirius_context.cpp:311] SiriusContext: disk memory space is not configured; spilling GPU or HOST data to disk is disabled. If queries run out of GPU/HOST memory, downgrades to disk will not be possible.
[2026-07-09 04:43:52.319] [info] [sirius_context.cpp:323] SiriusContext: 1 host memory space(s) created for 1 NUMA node(s)
[2026-07-09 04:43:52.321] [info] [sirius_context.cpp:376] SiriusContext: P2P enabled 0 -> 1
[2026-07-09 04:43:52.321] [info] [sirius_context.cpp:376] SiriusContext: P2P enabled 1 -> 0
[2026-07-09 04:43:52.340] [info] [sirius_context.cpp:436] SiriusContext: cuDF pinned memory resource configured (NUMA-aware, max slab 8192 B, fallback node=0)
[2026-07-09 04:43:52.343] [info] [sirius_context.cpp:918] Connection opened.
[2026-07-09 04:43:52.343] [info] [sirius_context.cpp:931] Extension loaded: sirius
[2026-07-09 04:43:52.343] [info] [sirius_context.cpp:217] QueryEnd
[2026-07-09 04:43:52.352] [info] [:] [host_pool] HOST:0 QueryEnd allocated=67108864 bytes peak=67108864 bytes free_blocks=448
[2026-07-09 04:43:52.352] [info] [:] [gpu_pool] GPU:0 QueryEnd allocated=0 bytes peak=0 bytes reserved=0 bytes
[2026-07-09 04:43:52.352] [info] [:] [gpu_pool] GPU:1 QueryEnd allocated=0 bytes peak=0 bytes reserved=0 bytes
[2026-07-09 04:43:52.353] [info] [:] [host_pool] HOST:0 QueryBegin allocated=67108864 bytes peak=67108864 bytes free_blocks=448
[2026-07-09 04:43:52.353] [info] [:] [gpu_pool] GPU:0 QueryBegin allocated=0 bytes peak=0 bytes reserved=0 bytes
[2026-07-09 04:43:52.353] [info] [:] [gpu_pool] GPU:1 QueryBegin allocated=0 bytes peak=0 bytes reserved=0 bytes
[2026-07-09 04:43:52.353] [info] [sirius_context.cpp:201] QueryBegin: SQL: CALL pin_table('/mnt/nvme/dataset/lineitem.parquet', tier='gpu', name='lineitem', cols=['l_commitdate','l_orderkey','l_receiptdate','l_suppkey'])
[2026-07-09 04:43:52.457] [info] [parquet_gpu_ingestible.cpp:250] [coalesce-debug] parquet_batch_coalescer emit #1: 1 slice(s), acc_bytes=536716208, cap=536870912
[2026-07-09 04:43:52.457] [info] [parquet_gpu_ingestible.cpp:250] [coalesce-debug] parquet_batch_coalescer emit #2: 1 slice(s), acc_bytes=535305388, cap=536870912
[2026-07-09 04:43:52.457] [info] [parquet_gpu_ingestible.cpp:250] [coalesce-debug] parquet_batch_coalescer emit #3: 1 slice(s), acc_bytes=535320576, cap=536870912
[2026-07-09 04:43:52.457] [info] [parquet_gpu_ingestible.cpp:250] [coalesce-debug] parquet_batch_coalescer emit #4: 1 slice(s), acc_bytes=535314076, cap=536870912
[2026-07-09 04:43:52.457] [info] [parquet_gpu_ingestible.cpp:250] [coalesce-debug] parquet_batch_coalescer emit #5: 1 slice(s), acc_bytes=534318900, cap=536870912
[2026-07-09 04:43:52.457] [info] [parquet_gpu_ingestible.cpp:250] [coalesce-debug] parquet_batch_coalescer emit #6: 1 slice(s), acc_bytes=534054816, cap=536870912
[2026-07-09 04:43:52.457] [info] [parquet_gpu_ingestible.cpp:250] [coalesce-debug] parquet_batch_coalescer emit #7: 1 slice(s), acc_bytes=534035004, cap=536870912
[2026-07-09 04:43:52.457] [info] [parquet_gpu_ingestible.cpp:250] [coalesce-debug] parquet_batch_coalescer emit #8: 1 slice(s), acc_bytes=534025468, cap=536870912
[2026-07-09 04:43:52.457] [info] [parquet_gpu_ingestible.cpp:250] [coalesce-debug] parquet_batch_coalescer emit #9: 1 slice(s), acc_bytes=534041820, cap=536870912
[2026-07-09 04:43:52.457] [info] [parquet_gpu_ingestible.cpp:250] [coalesce-debug] parquet_batch_coalescer emit #10: 1 slice(s), acc_bytes=534023328, cap=536870912
[2026-07-09 04:43:52.457] [info] [parquet_gpu_ingestible.cpp:250] [coalesce-debug] parquet_batch_coalescer emit #11: 1 slice(s), acc_bytes=534035812, cap=536870912
[2026-07-09 04:43:52.457] [info] [parquet_gpu_ingestible.cpp:250] [coalesce-debug] parquet_batch_coalescer emit #12: 1 slice(s), acc_bytes=534035252, cap=536870912
[2026-07-09 04:43:52.457] [info] [parquet_gpu_ingestible.cpp:250] [coalesce-debug] parquet_batch_coalescer emit #13: 1 slice(s), acc_bytes=534034432, cap=536870912
[2026-07-09 04:43:52.457] [info] [parquet_gpu_ingestible.cpp:250] [coalesce-debug] parquet_batch_coalescer emit #14: 1 slice(s), acc_bytes=534043712, cap=536870912
[2026-07-09 04:43:52.457] [info] [parquet_gpu_ingestible.cpp:250] [coalesce-debug] parquet_batch_coalescer emit #15: 1 slice(s), acc_bytes=534057544, cap=536870912
[2026-07-09 04:43:52.457] [info] [parquet_gpu_ingestible.cpp:250] [coalesce-debug] parquet_batch_coalescer emit #16: 1 slice(s), acc_bytes=534054920, cap=536870912
[2026-07-09 04:43:52.457] [info] [parquet_gpu_ingestible.cpp:250] [coalesce-debug] parquet_batch_coalescer emit #17: 1 slice(s), acc_bytes=534040396, cap=536870912
[2026-07-09 04:43:52.457] [info] [parquet_gpu_ingestible.cpp:250] [coalesce-debug] parquet_batch_coalescer emit #18: 1 slice(s), acc_bytes=534016736, cap=536870912
[2026-07-09 04:43:52.457] [info] [parquet_gpu_ingestible.cpp:250] [coalesce-debug] parquet_batch_coalescer emit #19: 1 slice(s), acc_bytes=534035320, cap=536870912
[2026-07-09 04:43:52.457] [info] [parquet_gpu_ingestible.cpp:250] [coalesce-debug] parquet_batch_coalescer emit #20: 1 slice(s), acc_bytes=534034512, cap=536870912
[2026-07-09 04:43:52.457] [info] [parquet_gpu_ingestible.cpp:250] [coalesce-debug] parquet_batch_coalescer emit #21: 1 slice(s), acc_bytes=534055124, cap=536870912
[2026-07-09 04:43:52.457] [info] [parquet_gpu_ingestible.cpp:250] [coalesce-debug] parquet_batch_coalescer emit #22: 1 slice(s), acc_bytes=534040892, cap=536870912
[2026-07-09 04:43:52.457] [info] [parquet_gpu_ingestible.cpp:250] [coalesce-debug] parquet_batch_coalescer emit #23: 1 slice(s), acc_bytes=534040144, cap=536870912
[2026-07-09 04:43:52.457] [info] [parquet_gpu_ingestible.cpp:250] [coalesce-debug] parquet_batch_coalescer emit #24: 1 slice(s), acc_bytes=534041368, cap=536870912
[2026-07-09 04:43:52.457] [info] [parquet_gpu_ingestible.cpp:250] [coalesce-debug] parquet_batch_coalescer emit #25: 1 slice(s), acc_bytes=534027912, cap=536870912
[2026-07-09 04:43:52.457] [info] [parquet_gpu_ingestible.cpp:250] [coalesce-debug] parquet_batch_coalescer emit #26: 1 slice(s), acc_bytes=534033852, cap=536870912
[2026-07-09 04:43:52.457] [info] [parquet_gpu_ingestible.cpp:250] [coalesce-debug] parquet_batch_coalescer emit #27: 1 slice(s), acc_bytes=534043344, cap=536870912
[2026-07-09 04:43:56.637] [info] [sirius_context.cpp:217] QueryEnd
[2026-07-09 04:43:56.652] [info] [:] [host_pool] HOST:0 QueryEnd allocated=70254592 bytes peak=70254592 bytes free_blocks=445
[2026-07-09 04:43:56.652] [info] [:] [gpu_pool] GPU:0 QueryEnd allocated=0 bytes peak=6951865344 bytes reserved=0 bytes
[2026-07-09 04:43:56.652] [info] [:] [gpu_pool] GPU:1 QueryEnd allocated=0 bytes peak=6593200384 bytes reserved=0 bytes
[2026-07-09 04:43:56.653] [info] [:] [host_pool] HOST:0 QueryBegin allocated=70254592 bytes peak=70254592 bytes free_blocks=445
[2026-07-09 04:43:56.653] [info] [:] [gpu_pool] GPU:0 QueryBegin allocated=0 bytes peak=6951865344 bytes reserved=0 bytes
[2026-07-09 04:43:56.653] [info] [:] [gpu_pool] GPU:1 QueryBegin allocated=0 bytes peak=6593200384 bytes reserved=0 bytes
[2026-07-09 04:43:56.653] [info] [sirius_context.cpp:201] QueryBegin: SQL: CALL unpin_table('lineitem')
[2026-07-09 04:43:56.653] [info] [sirius_context.cpp:217] QueryEnd
[2026-07-09 04:43:56.673] [info] [:] [host_pool] HOST:0 QueryEnd allocated=70254592 bytes peak=70254592 bytes free_blocks=445
[2026-07-09 04:43:56.673] [info] [:] [gpu_pool] GPU:0 QueryEnd allocated=0 bytes peak=6951865344 bytes reserved=0 bytes
[2026-07-09 04:43:56.673] [info] [:] [gpu_pool] GPU:1 QueryEnd allocated=0 bytes peak=6593200384 bytes reserved=0 bytes
[2026-07-09 04:43:56.673] [info] [:] [host_pool] HOST:0 QueryBegin allocated=70254592 bytes peak=70254592 bytes free_blocks=445
[2026-07-09 04:43:56.673] [info] [:] [gpu_pool] GPU:0 QueryBegin allocated=0 bytes peak=6951865344 bytes reserved=0 bytes
[2026-07-09 04:43:56.673] [info] [:] [gpu_pool] GPU:1 QueryBegin allocated=0 bytes peak=6593200384 bytes reserved=0 bytes
[2026-07-09 04:43:56.673] [info] [sirius_context.cpp:201] QueryBegin: SQL: CALL unpin_table('nation')
[2026-07-09 04:43:56.673] [info] [sirius_context.cpp:217] QueryEnd
[2026-07-09 04:43:56.693] [info] [:] [host_pool] HOST:0 QueryEnd allocated=70254592 bytes peak=70254592 bytes free_blocks=445
[2026-07-09 04:43:56.693] [info] [:] [gpu_pool] GPU:0 QueryEnd allocated=0 bytes peak=6951865344 bytes reserved=0 bytes
[2026-07-09 04:43:56.693] [info] [:] [gpu_pool] GPU:1 QueryEnd allocated=0 bytes peak=6593200384 bytes reserved=0 bytes
[2026-07-09 04:43:56.693] [info] [:] [host_pool] HOST:0 QueryBegin allocated=70254592 bytes peak=70254592 bytes free_blocks=445
[2026-07-09 04:43:56.693] [info] [:] [gpu_pool] GPU:0 QueryBegin allocated=0 bytes peak=6951865344 bytes reserved=0 bytes
[2026-07-09 04:43:56.693] [info] [:] [gpu_pool] GPU:1 QueryBegin allocated=0 bytes peak=6593200384 bytes reserved=0 bytes
[2026-07-09 04:43:56.693] [info] [sirius_context.cpp:201] QueryBegin: SQL: CALL unpin_table('orders')
[2026-07-09 04:43:56.694] [info] [sirius_context.cpp:217] QueryEnd
[2026-07-09 04:43:56.714] [info] [:] [host_pool] HOST:0 QueryEnd allocated=70254592 bytes peak=70254592 bytes free_blocks=445
[2026-07-09 04:43:56.714] [info] [:] [gpu_pool] GPU:0 QueryEnd allocated=0 bytes peak=6951865344 bytes reserved=0 bytes
[2026-07-09 04:43:56.714] [info] [:] [gpu_pool] GPU:1 QueryEnd allocated=0 bytes peak=6593200384 bytes reserved=0 bytes
[2026-07-09 04:43:56.714] [info] [:] [host_pool] HOST:0 QueryBegin allocated=70254592 bytes peak=70254592 bytes free_blocks=445
[2026-07-09 04:43:56.714] [info] [:] [gpu_pool] GPU:0 QueryBegin allocated=0 bytes peak=6951865344 bytes reserved=0 bytes
[2026-07-09 04:43:56.714] [info] [:] [gpu_pool] GPU:1 QueryBegin allocated=0 bytes peak=6593200384 bytes reserved=0 bytes
[2026-07-09 04:43:56.714] [info] [sirius_context.cpp:201] QueryBegin: SQL: CALL unpin_table('supplier')
[2026-07-09 04:43:56.715] [info] [sirius_context.cpp:217] QueryEnd
[2026-07-09 04:43:56.734] [info] [:] [host_pool] HOST:0 QueryEnd allocated=70254592 bytes peak=70254592 bytes free_blocks=445
[2026-07-09 04:43:56.734] [info] [:] [gpu_pool] GPU:0 QueryEnd allocated=0 bytes peak=6951865344 bytes reserved=0 bytes
[2026-07-09 04:43:56.734] [info] [:] [gpu_pool] GPU:1 QueryEnd allocated=0 bytes peak=6593200384 bytes reserved=0 bytes
[2026-07-09 04:43:56.734] [info] [sirius_context.cpp:924] Connection closed.
[2026-07-09 04:43:56.755] [info] [task_scheduler.cpp:368] Task request channel closed, exiting management event loop.
[2026-07-09 04:43:56.755] [info] [gpu_pipeline_executor.cpp:118] GPU Pipeline Executor: task queue interrupted, stopping manager loop
[2026-07-09 04:43:56.755] [info] [gpu_pipeline_executor.cpp:118] GPU Pipeline Executor: task queue interrupted, stopping manager loop
