[RUN] baseline q13_then_q22_iter0 (1/10)
==> pixi run python test/tpch_performance/performance_test.py --input /mnt/nvme/dataset --engine gpu --mode sequential --iterations 1 --queries 13,22 --config /home/dy1013/sirius_multi-gpu/experiment/automatic_motivation_latency_stable_probe/configs/sirius_4gpu.yaml --output /home/dy1013/sirius_multi-gpu/experiment/automatic_motivation_latency_stable_probe/baseline/pairs --name q13_then_q22_iter0
[13:47:54.825] Source:        /mnt/nvme/dataset
[13:47:54.825] Mode:          sequential
[13:47:54.825] Iterations:    1
[13:47:54.825] Engine:        gpu
[13:47:54.825] Queries:       [13, 22]
[13:47:54.825] Config:        /home/dy1013/sirius_multi-gpu/experiment/automatic_motivation_latency_stable_probe/configs/sirius_4gpu.yaml
[13:47:54.825] Pin:           none
[13:47:54.825] DuckDB profiling: False
[13:47:54.825] Benchmark dir: /home/dy1013/sirius_multi-gpu/experiment/automatic_motivation_latency_stable_probe/baseline/pairs/q13_then_q22_iter0
[13:47:54.825] Runtime CSV:   /home/dy1013/sirius_multi-gpu/experiment/automatic_motivation_latency_stable_probe/baseline/pairs/q13_then_q22_iter0/csv/runtimes.csv
[13:47:54.825] Log dir:       /home/dy1013/sirius_multi-gpu/experiment/automatic_motivation_latency_stable_probe/baseline/pairs/q13_then_q22_iter0/log_dir
[13:47:54.825] Mode 'sequential': single connection per engine, round-robin iterations
[13:47:54.825] Opening DuckDB connection over parquet dir /mnt/nvme/dataset
[13:47:54.835]   Registering view 'customer' over 1 file(s)
[13:47:54.838]   Registering view 'lineitem' over 1 file(s)
[13:47:54.931]   Registering view 'nation' over 1 file(s)
[13:47:54.932]   Registering view 'orders' over 1 file(s)
[13:47:54.943]   Registering view 'part' over 1 file(s)
[13:47:54.945]   Registering view 'partsupp' over 1 file(s)
[13:47:54.949]   Registering view 'region' over 1 file(s)
[13:47:54.950]   Registering view 'supplier' over 1 file(s)
[13:47:54.950] All TPC-H views registered
[13:47:54.950] Loading Sirius extension from /home/dy1013/sirius_multi-gpu/build/release/extension/sirius/sirius.duckdb_extension
[13:47:56.656] Sirius extension loaded
[13:47:56.656] --- q13 iter0 engine=sirius ---
[13:47:56.656]   SET gpu_execution = true (GPU/sirius)
[13:47:56.676]   Executing q13 on GPU/sirius…
[13:50:26.726] Closing connection
Traceback (most recent call last):
  File "/home/dy1013/sirius_multi-gpu/test/tpch_performance/performance_test.py", line 779, in <module>
    main()
    ~~~~^^
  File "/home/dy1013/sirius_multi-gpu/test/tpch_performance/performance_test.py", line 755, in main
    RUNNERS[args.mode](
    ~~~~~~~~~~~~~~~~~~^
        source,
        ^^^^^^^
    ...<7 lines>...
        duckdb_profiling=args.duckdb_profiling,
        ^^^^^^^^^^^^^^^^^^^^^^^^^^^^^^^^^^^^^^^
    )
    ^
  File "/home/dy1013/sirius_multi-gpu/test/tpch_performance/performance_test.py", line 402, in run_sequential
    _run_one(
    ~~~~~~~~^
        writer,
        ^^^^^^^
    ...<6 lines>...
        duckdb_profiling,
        ^^^^^^^^^^^^^^^^^
    )
    ^
  File "/home/dy1013/sirius_multi-gpu/test/tpch_performance/performance_test.py", line 326, in _run_one
    elapsed, rows = time_query(con, qnum, use_gpu, profile_path=profile_path)
                    ~~~~~~~~~~^^^^^^^^^^^^^^^^^^^^^^^^^^^^^^^^^^^^^^^^^^^^^^^
  File "/home/dy1013/sirius_multi-gpu/test/tpch_performance/performance_test.py", line 292, in time_query
    rows = con.execute(QUERIES[f"q{qnum}"]).fetchall()
           ~~~~~~~~~~~^^^^^^^^^^^^^^^^^^^^^
_duckdb.InternalException: INTERNAL Error: Sirius GPU execution failed: Invalid Error: GPU pipeline task exceeded maximum OOM retry limit (100) for original task 9

Stack Trace:

/home/dy1013/sirius_multi-gpu/build/release/extension/sirius/sirius.duckdb_extension(+0x215e0ba) [0x7362d715e0ba]
/home/dy1013/sirius_multi-gpu/build/release/extension/sirius/sirius.duckdb_extension(+0x215e1c3) [0x7362d715e1c3]
/home/dy1013/sirius_multi-gpu/build/release/extension/sirius/sirius.duckdb_extension(+0x2161522) [0x7362d7161522]
/home/dy1013/sirius_multi-gpu/build/release/extension/sirius/sirius.duckdb_extension(+0x12ec48a) [0x7362d62ec48a]
/home/dy1013/sirius_multi-gpu/.pixi/envs/default/lib/python3.14/site-packages/_duckdb.cpython-314-x86_64-linux-gnu.so(_ZN6duckdb16PipelineExecutor15FetchFromSourceERNS_9DataChunkE+0x8b) [0x736309cd454b]
/home/dy1013/sirius_multi-gpu/.pixi/envs/default/lib/python3.14/site-packages/_duckdb.cpython-314-x86_64-linux-gnu.so(_ZN6duckdb16PipelineExecutor7ExecuteEm+0xed) [0x736309cdfc5d]
/home/dy1013/sirius_multi-gpu/.pixi/envs/default/lib/python3.14/site-packages/_duckdb.cpython-314-x86_64-linux-gnu.so(_ZN6duckdb12PipelineTask11ExecuteTaskENS_17TaskExecutionModeE+0x183) [0x736309ce0073]
/home/dy1013/sirius_multi-gpu/.pixi/envs/default/lib/python3.14/site-packages/_duckdb.cpython-314-x86_64-linux-gnu.so(_ZN6duckdb12ExecutorTask7ExecuteENS_17TaskExecutionModeE+0xff) [0x736309cd624f]
/home/dy1013/sirius_multi-gpu/.pixi/envs/default/lib/python3.14/site-packages/_duckdb.cpython-314-x86_64-linux-gnu.so(_ZN6duckdb8Executor11ExecuteTaskEb+0x8a) [0x736309ce173a]
/home/dy1013/sirius_multi-gpu/.pixi/envs/default/lib/python3.14/site-packages/_duckdb.cpython-314-x86_64-linux-gnu.so(_ZN6duckdb13ClientContext19ExecuteTaskInternalERNS_17ClientContextLockERNS_15BaseQueryResultEb+0x62) [0x736309cb8a12]
/home/dy1013/sirius_multi-gpu/.pixi/envs/default/lib/python3.14/site-packages/_duckdb.cpython-314-x86_64-linux-gnu.so(_ZN6duckdb18PendingQueryResult11ExecuteTaskEv+0x43) [0x736309cb8c43]
/home/dy1013/sirius_multi-gpu/.pixi/envs/default/lib/python3.14/site-packages/_duckdb.cpython-314-x86_64-linux-gnu.so(_ZN6duckdb18DuckDBPyConnection20CompletePendingQueryERNS_18PendingQueryResultE+0x64) [0x736308221c04]
/home/dy1013/sirius_multi-gpu/.pixi/envs/default/lib/python3.14/site-packages/_duckdb.cpython-314-x86_64-linux-gnu.so(+0xc240ff) [0x7363082240ff]
/home/dy1013/sirius_multi-gpu/.pixi/envs/default/lib/python3.14/site-packages/_duckdb.cpython-314-x86_64-linux-gnu.so(+0xc4a7d3) [0x73630824a7d3]
/home/dy1013/sirius_multi-gpu/.pixi/envs/default/lib/python3.14/site-packages/_duckdb.cpython-314-x86_64-linux-gnu.so(+0xc3e5fb) [0x73630823e5fb]
/home/dy1013/sirius_multi-gpu/.pixi/envs/default/lib/python3.14/site-packages/_duckdb.cpython-314-x86_64-linux-gnu.so(+0xbaa534) [0x7363081aa534]
/home/dy1013/sirius_multi-gpu/.pixi/envs/default/bin/python(PyObject_Vectorcall+0x2e) [0x6100d67fbb7e]
/home/dy1013/sirius_multi-gpu/.pixi/envs/default/bin/python(_PyEval_EvalFrameDefault+0xccb) [0x6100d680dd8b]
/home/dy1013/sirius_multi-gpu/.pixi/envs/default/bin/python(+0x1d5e88) [0x6100d6809e88]
/home/dy1013/sirius_multi-gpu/.pixi/envs/default/bin/python(PyEval_EvalCode+0xb5) [0x6100d68e6645]
/home/dy1013/sirius_multi-gpu/.pixi/envs/default/bin/python(+0x2f459d) [0x6100d692859d]
/home/dy1013/sirius_multi-gpu/.pixi/envs/default/bin/python(+0x2f3818) [0x6100d6927818]
/home/dy1013/sirius_multi-gpu/.pixi/envs/default/bin/python(+0x2f337f) [0x6100d692737f]
/home/dy1013/sirius_multi-gpu/.pixi/envs/default/bin/python(+0x2f2fcd) [0x6100d6926fcd]
/home/dy1013/sirius_multi-gpu/.pixi/envs/default/bin/python(Py_RunMain+0x2b9) [0x6100d68d5959]
/home/dy1013/sirius_multi-gpu/.pixi/envs/default/bin/python(Py_BytesMain+0x37) [0x6100d68cfba7]
/lib/x86_64-linux-gnu/libc.so.6(+0x2a1ca) [0x73630bc2a1ca]
/lib/x86_64-linux-gnu/libc.so.6(__libc_start_main+0x8b) [0x73630bc2a28b]
/home/dy1013/sirius_multi-gpu/.pixi/envs/default/bin/python(+0x29af7a) [0x6100d68cef7a]

This error signals an assertion failure within DuckDB. This usually occurs due to unexpected conditions or errors in the program's logic.
For more information, see https://duckdb.org/docs/stable/dev/internal_errors
