[2026-07-10 06:37:30.136] [info] [sirius_context.cpp:957] Loaded Sirius configuration from file: /home/dy1013/sirius_multi-gpu/experiment/fixed_page_runs/scan_table_overlap_q1_q22/configs/sirius_2gpu.yaml
[2026-07-10 06:37:30.142] [info] [telemetry_context.cpp:78] Telemetry context initialized (engine=siriusDB)
[2026-07-10 06:37:30.142] [info] [sirius_context.cpp:296] SiriusContext: topology summary — 2 GPU(s), 1 NUMA node(s), host='hicys76'
[2026-07-10 06:37:30.142] [info] [sirius_context.cpp:301]   GPU 0: NVIDIA RTX A5000 (numa=0, pci=00000000:AC:00.0)
[2026-07-10 06:37:30.142] [info] [sirius_context.cpp:301]   GPU 1: NVIDIA RTX A5000 (numa=0, pci=00000000:CA:00.0)
[2026-07-10 06:37:30.286] [warning] [sirius_context.cpp:311] SiriusContext: disk memory space is not configured; spilling GPU or HOST data to disk is disabled. If queries run out of GPU/HOST memory, downgrades to disk will not be possible.
[2026-07-10 06:37:30.286] [info] [sirius_context.cpp:323] SiriusContext: 1 host memory space(s) created for 1 NUMA node(s)
[2026-07-10 06:37:30.288] [info] [sirius_context.cpp:376] SiriusContext: P2P enabled 0 -> 1
[2026-07-10 06:37:30.288] [info] [sirius_context.cpp:376] SiriusContext: P2P enabled 1 -> 0
[2026-07-10 06:37:30.305] [info] [sirius_context.cpp:436] SiriusContext: cuDF pinned memory resource configured (NUMA-aware, max slab 8192 B, fallback node=0)
[2026-07-10 06:37:30.308] [info] [sirius_context.cpp:918] Connection opened.
[2026-07-10 06:37:30.308] [info] [sirius_context.cpp:931] Extension loaded: sirius
[2026-07-10 06:37:30.308] [info] [sirius_context.cpp:217] QueryEnd
[2026-07-10 06:37:30.317] [info] [:] [host_pool] HOST:0 QueryEnd allocated=67108864 bytes peak=67108864 bytes free_blocks=448
[2026-07-10 06:37:30.317] [info] [:] [gpu_pool] GPU:0 QueryEnd allocated=0 bytes peak=0 bytes reserved=0 bytes
[2026-07-10 06:37:30.317] [info] [:] [gpu_pool] GPU:1 QueryEnd allocated=0 bytes peak=0 bytes reserved=0 bytes
[2026-07-10 06:37:30.317] [info] [:] [host_pool] HOST:0 QueryBegin allocated=67108864 bytes peak=67108864 bytes free_blocks=448
[2026-07-10 06:37:30.317] [info] [:] [gpu_pool] GPU:0 QueryBegin allocated=0 bytes peak=0 bytes reserved=0 bytes
[2026-07-10 06:37:30.317] [info] [:] [gpu_pool] GPU:1 QueryBegin allocated=0 bytes peak=0 bytes reserved=0 bytes
[2026-07-10 06:37:30.317] [info] [sirius_context.cpp:201] QueryBegin: SQL: SET gpu_execution = true;
[2026-07-10 06:37:30.318] [info] [sirius_context.cpp:217] QueryEnd
[2026-07-10 06:37:30.327] [info] [:] [host_pool] HOST:0 QueryEnd allocated=67108864 bytes peak=67108864 bytes free_blocks=448
[2026-07-10 06:37:30.327] [info] [:] [gpu_pool] GPU:0 QueryEnd allocated=0 bytes peak=0 bytes reserved=0 bytes
[2026-07-10 06:37:30.327] [info] [:] [gpu_pool] GPU:1 QueryEnd allocated=0 bytes peak=0 bytes reserved=0 bytes
[2026-07-10 06:37:30.328] [info] [:] [host_pool] HOST:0 QueryBegin allocated=67108864 bytes peak=67108864 bytes free_blocks=448
[2026-07-10 06:37:30.328] [info] [:] [gpu_pool] GPU:0 QueryBegin allocated=0 bytes peak=0 bytes reserved=0 bytes
[2026-07-10 06:37:30.328] [info] [:] [gpu_pool] GPU:1 QueryBegin allocated=0 bytes peak=0 bytes reserved=0 bytes
[2026-07-10 06:37:30.328] [info] [sirius_context.cpp:201] QueryBegin: SQL: select 100.00 * sum(case when p.p_type like 'PROMO%' then l.l_extendedprice * (1 - l.l_discount) else 0 end) / sum(l.l_extendedprice * (1 - l.l_discount)) as promo_revenue from lineitem l, part p where l.l_partkey = p.p_partkey and l.l_shipdate >= date '1994-08-01' and l.l_shipdate < date '1994-09-01'
[2026-07-10 06:37:30.583] [info] [sirius_plan_get.cpp:267] [sirius_plan_get] LogicalGet has dynamic_filters attached (channel key=0x6306df2d08e0).
[2026-07-10 06:37:30.583] [info] [sirius_plan_comparison_join.cpp:540] [sirius_plan_comparison_join] Not wiring dynamic filter(s): build side is unfiltered (build est 20000000 rows).
[2026-07-10 06:37:30.590] [info] [sirius_context.cpp:865] Transparent execution: Sirius physical plan generated successfully
[2026-07-10 06:37:30.597] [info] [sirius_context.cpp:877] Transparent execution: physical plan replaced with GPU operator
[2026-07-10 06:37:30.598] [info] [physical_sirius_execution.cpp:97] Transparent GPU execution: executing query
[2026-07-10 06:37:30.665] [info] [sirius_plan_get.cpp:267] [sirius_plan_get] LogicalGet has dynamic_filters attached (channel key=0x6306df2d08e0).
[2026-07-10 06:37:30.665] [info] [sirius_plan_comparison_join.cpp:540] [sirius_plan_comparison_join] Not wiring dynamic filter(s): build side is unfiltered (build est 20000000 rows).
[2026-07-10 06:37:30.665] [info] [sirius_engine.cpp:375] Query Plan:
=== Pipeline Overview ===
Pipeline #0: GPU_SCAN (id=13)
  Output: -> PARTITION [port: default, barrier: FULL]
Pipeline #1: PARTITION (id=15)
  Input: <- Pipeline #0 [on: PARTITION (id=15), port: default, barrier: FULL]
  Dependencies: Pipeline #0
  Output: -> CONCAT [port: default, barrier: PARTIAL]
Pipeline #2: CONCAT (id=14)
  Input: <- Pipeline #1 [on: CONCAT (id=14), port: default, barrier: PARTIAL]
  Dependencies: Pipeline #1
  Output: -> HASH_JOIN [port: build, barrier: FULL]
Pipeline #3: GPU_SCAN (id=16)
  Output: -> PARTITION [port: default, barrier: PARTIAL]
Pipeline #4: PARTITION (id=18)
  Input: <- Pipeline #3 [on: PARTITION (id=18), port: default, barrier: PARTIAL]
  Dependencies: Pipeline #3
  Output: -> CONCAT [port: default, barrier: PARTIAL]
Pipeline #5: CONCAT (id=17)
  Input: <- Pipeline #4 [on: CONCAT (id=17), port: default, barrier: PARTIAL]
  Dependencies: Pipeline #4
  Output: -> HASH_JOIN [port: default, barrier: FULL]
Pipeline #6: HASH_JOIN (id=8) -> PROJECTION (id=9) -> UNGROUPED_AGGREGATE (id=10)
  Input: <- Pipeline #5 [on: HASH_JOIN (id=8), port: default, barrier: FULL]
  Input: <- Pipeline #2 [on: HASH_JOIN (id=8), port: build, barrier: FULL]
  Dependencies: Pipeline #2, Pipeline #5
  Output: -> MERGE_AGGREGATE [port: default, barrier: FULL]
Pipeline #7: MERGE_AGGREGATE (id=19)
  Input: <- Pipeline #6 [on: MERGE_AGGREGATE (id=19), port: default, barrier: FULL]
  Dependencies: Pipeline #6
  Output: -> PROJECTION [port: default, barrier: FULL]
Pipeline #8: PROJECTION (id=11) -> RESULT_COLLECTOR (id=12)
  Input: <- Pipeline #7 [on: PROJECTION (id=11), port: default, barrier: FULL]
  Dependencies: Pipeline #7

=== Query Plan DAG ===
┌─────────────────────────────┐                               
│ Pipeline #8                 │                               
│ RESULT_COLLECTOR (id=12)    │                               
│ PROJECTION (id=11)          │                               
│ Input(#7): FULL             │                               
└──────────────┬──────────────┘                               
               │                                              
┌─────────────────────────────┐                               
│ Pipeline #7                 │                               
│ MERGE_AGGREGATE (id=19)     │                               
│ Input(#6): FULL             │                               
└──────────────┬──────────────┘                               
               │                                              
┌─────────────────────────────┐                               
│ Pipeline #6                 │                               
│ UNGROUPED_AGGREGATE (id=10) │                               
│ PROJECTION (id=9)           │                               
│ HASH_JOIN (id=8)            │                               
│   type: INNER               │                               
│ Input(#5): FULL             │                               
│ Input(#2): FULL             │                               
└──────────────┬──────────────┘                               
               ┌──────────────────────────────┐               
               │                              │               
┌─────────────────────────────┐┌─────────────────────────────┐
│ Pipeline #2                 ││ Pipeline #5                 │
│ CONCAT (id=14)              ││ CONCAT (id=17)              │
│ Input(#1): PARTIAL          ││ Input(#4): PARTIAL          │
└──────────────┬──────────────┘└──────────────┬──────────────┘
               │                              │               
┌─────────────────────────────┐┌─────────────────────────────┐
│ Pipeline #1                 ││ Pipeline #4                 │
│ PARTITION (id=15)           ││ PARTITION (id=18)           │
│ Input(#0): FULL             ││ Input(#3): PARTIAL          │
└──────────────┬──────────────┘└──────────────┬──────────────┘
               │                              │               
┌─────────────────────────────┐┌─────────────────────────────┐
│ Pipeline #0                 ││ Pipeline #3                 │
│ GPU_SCAN (id=13)            ││ GPU_SCAN (id=16)            │
└─────────────────────────────┘└─────────────────────────────┘

[2026-07-10 06:37:30.672] [info] [parquet_gpu_ingestible.cpp:278] [coalesce-debug] parquet_batch_coalescer emit #1: 1 slice(s), acc_bytes=265693290, cap=536870912
[2026-07-10 06:37:30.672] [info] [load_balancing_scan_batch_coalescer.cpp:96] [coalesce-debug] load_balancer emit pipeline=0 -> preferred GPU 0
[2026-07-10 06:37:30.680] [info] [task_scheduler.cpp:462] [mgpu-audit] pipeline_task dispatched to GPU 0 task_id=0
[2026-07-10 06:37:30.680] [info] [task_scheduler.cpp:464] [locality-audit] dispatch task_id=0 preferred_device=0 actual_gpu=0
[2026-07-10 06:37:30.773] [info] [parquet_gpu_ingestible.cpp:905] [scan-audit] parquet_materialize target_gpu=0 files=/mnt/nvme/dataset/part.parquet columns=p_partkey|p_type row_groups=0,1,2,3,4,5,6,7,8,9,10,11,12,13,14,15,16,17,18,19,20,21,22,23,24,25,26,27,28,29,30,31,32,33,34,35,36,37,38,39,40,41,42,43,44,45,46,47,48,49,50,51,52,53,54,55,56,57,58,59,60,61,62,63,64,65,66,67,68,69,70,71,72,73,74,75,76,77,78,79,80,81,82,83,84,85,86,87,88,89,90,91,92,93,94,95,96,97,98,99,100,101,102,103,104,105,106,107,108,109,110,111,112,113,114,115,116,117,118,119,120,121,122,123,124,125,126,127,128,129,130,131,132,133,134,135,136,137,138,139,140,141,142,143,144,145,146,147,148,149,150,151,152,153,154,155,156,157,158,159,160,161,162 compressed_bytes=100343582 uncompressed_bytes=265693290 output_rows=20000000 output_columns=2 split_count=1 duration_us=86028
[2026-07-10 06:37:30.773] [info] [gpu_pipeline_task.cpp:321] [stage-audit] pipeline_id=0 task_id=0 operator_id=13 operator_name=GPU_SCAN stage_kind=SCAN operator_type=94 input_type=GPU_SCAN output_type=PIPELINEABLE actual_gpu=0 pipeline_operator_count=1 input_batches=0 input_rows=0 input_columns=0 input_bytes=0 output_batches=1 output_rows=20000000 output_columns=2 output_bytes=656999222 byte_ratio=0.000000 row_ratio=0.000000 duration_us=89539
[2026-07-10 06:37:30.773] [info] [task_creator.cpp:363] [locality-audit] task_create operator_id=15 input_bytes=656999222 local_bytes=656999222 gpu_source_bytes=656999222 host_source_bytes=0 disk_source_bytes=0 gpu_sources=1 host_sources=0 preferred_device=0
[2026-07-10 06:37:30.773] [info] [task_scheduler.cpp:462] [mgpu-audit] pipeline_task dispatched to GPU 0 task_id=1
[2026-07-10 06:37:30.773] [info] [task_scheduler.cpp:464] [locality-audit] dispatch task_id=1 preferred_device=0 actual_gpu=0
[2026-07-10 06:37:30.773] [info] [parquet_gpu_ingestible.cpp:278] [coalesce-debug] parquet_batch_coalescer emit #1: 1 slice(s), acc_bytes=533977932, cap=536870912
[2026-07-10 06:37:30.773] [info] [parquet_gpu_ingestible.cpp:278] [coalesce-debug] parquet_batch_coalescer emit #2: 1 slice(s), acc_bytes=535582455, cap=536870912
[2026-07-10 06:37:30.773] [info] [parquet_gpu_ingestible.cpp:278] [coalesce-debug] parquet_batch_coalescer emit #3: 1 slice(s), acc_bytes=535597956, cap=536870912
[2026-07-10 06:37:30.773] [info] [parquet_gpu_ingestible.cpp:278] [coalesce-debug] parquet_batch_coalescer emit #4: 1 slice(s), acc_bytes=535592925, cap=536870912
[2026-07-10 06:37:30.773] [info] [parquet_gpu_ingestible.cpp:278] [coalesce-debug] parquet_batch_coalescer emit #5: 1 slice(s), acc_bytes=534714072, cap=536870912
[2026-07-10 06:37:30.773] [info] [parquet_gpu_ingestible.cpp:278] [coalesce-debug] parquet_batch_coalescer emit #6: 1 slice(s), acc_bytes=534355278, cap=536870912
[2026-07-10 06:37:30.773] [info] [parquet_gpu_ingestible.cpp:278] [coalesce-debug] parquet_batch_coalescer emit #7: 1 slice(s), acc_bytes=534344190, cap=536870912
[2026-07-10 06:37:30.773] [info] [parquet_gpu_ingestible.cpp:278] [coalesce-debug] parquet_batch_coalescer emit #8: 1 slice(s), acc_bytes=534338091, cap=536870912
[2026-07-10 06:37:30.773] [info] [parquet_gpu_ingestible.cpp:278] [coalesce-debug] parquet_batch_coalescer emit #9: 1 slice(s), acc_bytes=534353301, cap=536870912
[2026-07-10 06:37:30.773] [info] [gpu_pipeline_task.cpp:188] [locality-audit] prepare_before pipeline_id=1 task_id=1 preferred_device=0 actual_gpu=0 target_tier=GPU target_device=0 input_bytes=656999222 local_bytes=656999222 remote_gpu_bytes=0 host_bytes=0 disk_bytes=0 batch_count=1
[2026-07-10 06:37:30.773] [info] [parquet_gpu_ingestible.cpp:278] [coalesce-debug] parquet_batch_coalescer emit #10: 1 slice(s), acc_bytes=534344529, cap=536870912
[2026-07-10 06:37:30.774] [info] [parquet_gpu_ingestible.cpp:278] [coalesce-debug] parquet_batch_coalescer emit #11: 1 slice(s), acc_bytes=534347898, cap=536870912
[2026-07-10 06:37:30.774] [info] [gpu_pipeline_task.cpp:188] [locality-audit] prepare_after pipeline_id=1 task_id=1 preferred_device=0 actual_gpu=0 target_tier=GPU target_device=0 input_bytes=656999222 local_bytes=656999222 remote_gpu_bytes=0 host_bytes=0 disk_bytes=0 batch_count=1
[2026-07-10 06:37:30.774] [info] [parquet_gpu_ingestible.cpp:278] [coalesce-debug] parquet_batch_coalescer emit #12: 1 slice(s), acc_bytes=534345993, cap=536870912
[2026-07-10 06:37:30.774] [info] [parquet_gpu_ingestible.cpp:278] [coalesce-debug] parquet_batch_coalescer emit #13: 1 slice(s), acc_bytes=534350985, cap=536870912
[2026-07-10 06:37:30.774] [info] [parquet_gpu_ingestible.cpp:278] [coalesce-debug] parquet_batch_coalescer emit #14: 1 slice(s), acc_bytes=534357051, cap=536870912
[2026-07-10 06:37:30.774] [info] [parquet_gpu_ingestible.cpp:278] [coalesce-debug] parquet_batch_coalescer emit #15: 1 slice(s), acc_bytes=534368322, cap=536870912
[2026-07-10 06:37:30.774] [info] [parquet_gpu_ingestible.cpp:278] [coalesce-debug] parquet_batch_coalescer emit #16: 1 slice(s), acc_bytes=534363459, cap=536870912
[2026-07-10 06:37:30.774] [info] [parquet_gpu_ingestible.cpp:278] [coalesce-debug] parquet_batch_coalescer emit #17: 1 slice(s), acc_bytes=534354894, cap=536870912
[2026-07-10 06:37:30.774] [info] [parquet_gpu_ingestible.cpp:278] [coalesce-debug] parquet_batch_coalescer emit #18: 1 slice(s), acc_bytes=534321966, cap=536870912
[2026-07-10 06:37:30.774] [info] [parquet_gpu_ingestible.cpp:278] [coalesce-debug] parquet_batch_coalescer emit #19: 1 slice(s), acc_bytes=534353292, cap=536870912
[2026-07-10 06:37:30.774] [info] [parquet_gpu_ingestible.cpp:278] [coalesce-debug] parquet_batch_coalescer emit #20: 1 slice(s), acc_bytes=534347898, cap=536870912
[2026-07-10 06:37:30.774] [info] [parquet_gpu_ingestible.cpp:278] [coalesce-debug] parquet_batch_coalescer emit #21: 1 slice(s), acc_bytes=534359454, cap=536870912
[2026-07-10 06:37:30.774] [info] [parquet_gpu_ingestible.cpp:278] [coalesce-debug] parquet_batch_coalescer emit #22: 1 slice(s), acc_bytes=534347424, cap=536870912
[2026-07-10 06:37:30.774] [info] [parquet_gpu_ingestible.cpp:278] [coalesce-debug] parquet_batch_coalescer emit #23: 1 slice(s), acc_bytes=534352200, cap=536870912
[2026-07-10 06:37:30.774] [info] [parquet_gpu_ingestible.cpp:278] [coalesce-debug] parquet_batch_coalescer emit #24: 1 slice(s), acc_bytes=534349068, cap=536870912
[2026-07-10 06:37:30.774] [info] [parquet_gpu_ingestible.cpp:278] [coalesce-debug] parquet_batch_coalescer emit #25: 1 slice(s), acc_bytes=534344919, cap=536870912
[2026-07-10 06:37:30.774] [info] [parquet_gpu_ingestible.cpp:278] [coalesce-debug] parquet_batch_coalescer emit #26: 1 slice(s), acc_bytes=534341433, cap=536870912
[2026-07-10 06:37:30.774] [info] [parquet_gpu_ingestible.cpp:278] [coalesce-debug] parquet_batch_coalescer emit #27: 1 slice(s), acc_bytes=534361548, cap=536870912
[2026-07-10 06:37:30.774] [info] [load_balancing_scan_batch_coalescer.cpp:96] [coalesce-debug] load_balancer emit pipeline=3 -> preferred GPU 1
[2026-07-10 06:37:30.798] [info] [gpu_pipeline_task.cpp:321] [stage-audit] pipeline_id=1 task_id=1 operator_id=15 operator_name=PARTITION stage_kind=PARTITION operator_type=82 input_type=PIPELINEABLE output_type=PIPELINEABLE actual_gpu=0 pipeline_operator_count=1 input_batches=1 input_rows=20000000 input_columns=2 input_bytes=656999222 output_batches=2 output_rows=20000000 output_columns=4 output_bytes=654499258 byte_ratio=0.996195 row_ratio=1.000000 duration_us=24447
[2026-07-10 06:37:30.798] [info] [task_scheduler.cpp:462] [mgpu-audit] pipeline_task dispatched to GPU 1 task_id=3
[2026-07-10 06:37:30.798] [info] [task_scheduler.cpp:464] [locality-audit] dispatch task_id=3 preferred_device=1 actual_gpu=1
[2026-07-10 06:37:30.798] [info] [task_scheduler.cpp:462] [mgpu-audit] pipeline_task dispatched to GPU 0 task_id=2
[2026-07-10 06:37:30.798] [info] [task_scheduler.cpp:464] [locality-audit] dispatch task_id=2 preferred_device=0 actual_gpu=0
[2026-07-10 06:37:30.798] [info] [gpu_pipeline_task.cpp:188] [locality-audit] prepare_before pipeline_id=2 task_id=2 preferred_device=0 actual_gpu=0 target_tier=GPU target_device=0 input_bytes=327363661 local_bytes=327363661 remote_gpu_bytes=0 host_bytes=0 disk_bytes=0 batch_count=1
[2026-07-10 06:37:30.798] [info] [gpu_pipeline_task.cpp:188] [locality-audit] prepare_after pipeline_id=2 task_id=2 preferred_device=0 actual_gpu=0 target_tier=GPU target_device=0 input_bytes=327363661 local_bytes=327363661 remote_gpu_bytes=0 host_bytes=0 disk_bytes=0 batch_count=1
[2026-07-10 06:37:30.798] [info] [gpu_pipeline_task.cpp:188] [locality-audit] prepare_before pipeline_id=2 task_id=3 preferred_device=1 actual_gpu=1 target_tier=GPU target_device=1 input_bytes=327135597 local_bytes=0 remote_gpu_bytes=327135597 host_bytes=0 disk_bytes=0 batch_count=1
[2026-07-10 06:37:30.798] [info] [gpu_pipeline_task.cpp:321] [stage-audit] pipeline_id=2 task_id=2 operator_id=14 operator_name=CONCAT stage_kind=CONCAT operator_type=83 input_type=PARTITIONED output_type=PARTITIONED actual_gpu=0 pipeline_operator_count=1 input_batches=1 input_rows=10003181 input_columns=2 input_bytes=327363661 output_batches=1 output_rows=10003181 output_columns=2 output_bytes=327363661 byte_ratio=1.000000 row_ratio=1.000000 duration_us=7
[2026-07-10 06:37:30.883] [info] [load_balancing_scan_batch_coalescer.cpp:96] [coalesce-debug] load_balancer emit pipeline=3 -> preferred GPU 0
[2026-07-10 06:37:30.914] [info] [gpu_pipeline_task.cpp:188] [locality-audit] prepare_after pipeline_id=2 task_id=3 preferred_device=1 actual_gpu=1 target_tier=GPU target_device=1 input_bytes=327135597 local_bytes=327135597 remote_gpu_bytes=0 host_bytes=0 disk_bytes=0 batch_count=1
[2026-07-10 06:37:30.914] [info] [gpu_pipeline_task.cpp:321] [stage-audit] pipeline_id=2 task_id=3 operator_id=14 operator_name=CONCAT stage_kind=CONCAT operator_type=83 input_type=PARTITIONED output_type=PARTITIONED actual_gpu=1 pipeline_operator_count=1 input_batches=1 input_rows=9996819 input_columns=2 input_bytes=327135597 output_batches=1 output_rows=9996819 output_columns=2 output_bytes=327135597 byte_ratio=1.000000 row_ratio=1.000000 duration_us=4
[2026-07-10 06:37:30.957] [info] [task_scheduler.cpp:462] [mgpu-audit] pipeline_task dispatched to GPU 1 task_id=4
[2026-07-10 06:37:30.957] [info] [task_scheduler.cpp:464] [locality-audit] dispatch task_id=4 preferred_device=1 actual_gpu=1
[2026-07-10 06:37:31.028] [info] [load_balancing_scan_batch_coalescer.cpp:96] [coalesce-debug] load_balancer emit pipeline=3 -> preferred GPU 1
[2026-07-10 06:37:31.042] [info] [task_scheduler.cpp:462] [mgpu-audit] pipeline_task dispatched to GPU 0 task_id=5
[2026-07-10 06:37:31.042] [info] [task_scheduler.cpp:464] [locality-audit] dispatch task_id=5 preferred_device=0 actual_gpu=0
[2026-07-10 06:37:31.204] [info] [load_balancing_scan_batch_coalescer.cpp:96] [coalesce-debug] load_balancer emit pipeline=3 -> preferred GPU 0
[2026-07-10 06:37:31.237] [info] [task_scheduler.cpp:462] [mgpu-audit] pipeline_task dispatched to GPU 1 task_id=6
[2026-07-10 06:37:31.237] [info] [task_scheduler.cpp:464] [locality-audit] dispatch task_id=6 preferred_device=1 actual_gpu=1
[2026-07-10 06:37:31.369] [info] [load_balancing_scan_batch_coalescer.cpp:96] [coalesce-debug] load_balancer emit pipeline=3 -> preferred GPU 1
[2026-07-10 06:37:31.375] [info] [parquet_gpu_ingestible.cpp:905] [scan-audit] parquet_materialize target_gpu=0 files=/mnt/nvme/dataset/lineitem.parquet columns=l_partkey|l_extendedprice|l_discount|l_shipdate row_groups=177,178,179,180,181,182,183,184,185,186,187,188,189,190,191,192,193,194,195,196,197,198,199,200,201,202,203,204,205,206,207,208,209,210,211,212,213,214,215,216,217,218,219,220,221,222,223,224,225,226,227,228,229,230,231,232,233,234,235,236,237,238,239,240,241,242,243,244,245,246,247,248,249,250,251,252,253,254,255,256,257,258,259,260,261,262,263,264,265,266,267,268,269,270,271,272,273,274,275,276,277,278,279,280,281,282,283,284,285,286,287,288,289,290,291,292,293,294,295,296,297,298,299,300,301,302,303,304,305,306,307,308,309,310,311,312,313,314,315,316,317,318,319,320,321,322,323,324,325,326,327,328,329,330,331,332,333,334,335,336,337,338,339,340,341,342,343,344,345,346,347,348,349,350,351,352,353,354 compressed_bytes=279223463 uncompressed_bytes=535582455 output_rows=282914 output_columns=4 split_count=1 duration_us=152943
[2026-07-10 06:37:31.375] [info] [gpu_pipeline_task.cpp:321] [stage-audit] pipeline_id=3 task_id=5 operator_id=16 operator_name=GPU_SCAN stage_kind=SCAN operator_type=94 input_type=GPU_SCAN output_type=PIPELINEABLE actual_gpu=0 pipeline_operator_count=1 input_batches=0 input_rows=0 input_columns=0 input_bytes=0 output_batches=1 output_rows=282914 output_columns=3 output_bytes=6896112 byte_ratio=0.000000 row_ratio=0.000000 duration_us=291823
[2026-07-10 06:37:31.383] [info] [task_scheduler.cpp:462] [mgpu-audit] pipeline_task dispatched to GPU 0 task_id=7
[2026-07-10 06:37:31.383] [info] [task_scheduler.cpp:464] [locality-audit] dispatch task_id=7 preferred_device=0 actual_gpu=0
[2026-07-10 06:37:31.384] [info] [parquet_gpu_ingestible.cpp:905] [scan-audit] parquet_materialize target_gpu=1 files=/mnt/nvme/dataset/lineitem.parquet columns=l_partkey|l_extendedprice|l_discount|l_shipdate row_groups=0,1,2,3,4,5,6,7,8,9,10,11,12,13,14,15,16,17,18,19,20,21,22,23,24,25,26,27,28,29,30,31,32,33,34,35,36,37,38,39,40,41,42,43,44,45,46,47,48,49,50,51,52,53,54,55,56,57,58,59,60,61,62,63,64,65,66,67,68,69,70,71,72,73,74,75,76,77,78,79,80,81,82,83,84,85,86,87,88,89,90,91,92,93,94,95,96,97,98,99,100,101,102,103,104,105,106,107,108,109,110,111,112,113,114,115,116,117,118,119,120,121,122,123,124,125,126,127,128,129,130,131,132,133,134,135,136,137,138,139,140,141,142,143,144,145,146,147,148,149,150,151,152,153,154,155,156,157,158,159,160,161,162,163,164,165,166,167,168,169,170,171,172,173,174,175,176 compressed_bytes=278355871 uncompressed_bytes=533977932 output_rows=282392 output_columns=4 split_count=1 duration_us=240109
[2026-07-10 06:37:31.384] [info] [gpu_pipeline_task.cpp:321] [stage-audit] pipeline_id=3 task_id=4 operator_id=16 operator_name=GPU_SCAN stage_kind=SCAN operator_type=94 input_type=GPU_SCAN output_type=PIPELINEABLE actual_gpu=1 pipeline_operator_count=1 input_batches=0 input_rows=0 input_columns=0 input_bytes=0 output_batches=1 output_rows=282392 output_columns=3 output_bytes=6883392 byte_ratio=0.000000 row_ratio=0.000000 duration_us=384189
[2026-07-10 06:37:31.546] [info] [load_balancing_scan_batch_coalescer.cpp:96] [coalesce-debug] load_balancer emit pipeline=3 -> preferred GPU 0
[2026-07-10 06:37:31.563] [info] [task_scheduler.cpp:462] [mgpu-audit] pipeline_task dispatched to GPU 1 task_id=8
[2026-07-10 06:37:31.563] [info] [task_scheduler.cpp:464] [locality-audit] dispatch task_id=8 preferred_device=1 actual_gpu=1
[2026-07-10 06:37:31.563] [info] [task_creator.cpp:363] [locality-audit] task_create operator_id=18 input_bytes=6896112 local_bytes=6896112 gpu_source_bytes=6896112 host_source_bytes=0 disk_source_bytes=0 gpu_sources=1 host_sources=0 preferred_device=0
[2026-07-10 06:37:31.563] [info] [task_creator.cpp:363] [locality-audit] task_create operator_id=18 input_bytes=6883392 local_bytes=6883392 gpu_source_bytes=6883392 host_source_bytes=0 disk_source_bytes=0 gpu_sources=1 host_sources=0 preferred_device=1
[2026-07-10 06:37:31.563] [info] [task_scheduler.cpp:462] [mgpu-audit] pipeline_task dispatched to GPU 0 task_id=9
[2026-07-10 06:37:31.563] [info] [task_scheduler.cpp:464] [locality-audit] dispatch task_id=9 preferred_device=0 actual_gpu=0
[2026-07-10 06:37:31.563] [info] [gpu_pipeline_task.cpp:188] [locality-audit] prepare_before pipeline_id=4 task_id=9 preferred_device=0 actual_gpu=0 target_tier=GPU target_device=0 input_bytes=6896112 local_bytes=6896112 remote_gpu_bytes=0 host_bytes=0 disk_bytes=0 batch_count=1
[2026-07-10 06:37:31.563] [info] [gpu_pipeline_task.cpp:188] [locality-audit] prepare_after pipeline_id=4 task_id=9 preferred_device=0 actual_gpu=0 target_tier=GPU target_device=0 input_bytes=6896112 local_bytes=6896112 remote_gpu_bytes=0 host_bytes=0 disk_bytes=0 batch_count=1
[2026-07-10 06:37:31.598] [error] [gpu_pipeline_executor.cpp:408] GPU Pipeline Executor: Exception during task execution: CUDA error at: /tmp/conda-bld-output/bld/rattler-build_librmm/work/cpp/src/cuda_stream_view.cpp:45: cudaErrorIllegalInstruction an illegal instruction was encountered
[2026-07-10 06:37:31.598] [info] [task_creator.cpp:218] Task Creator: pool interrupted, stopping manager loop
[2026-07-10 06:37:31.599] [error] [gpu_pipeline_executor.cpp:408] GPU Pipeline Executor: Exception during task execution: CUDA error: an illegal instruction was encountered at /home/dy1013/sirius_multi-gpu/src/io/uring/uring_reactor.cpp:1009
[2026-07-10 06:37:31.599] [error] [gpu_pipeline_executor.cpp:408] GPU Pipeline Executor: Exception during task execution: CUDA error: an illegal instruction was encountered at /home/dy1013/sirius_multi-gpu/src/io/uring/uring_reactor.cpp:1009
[2026-07-10 06:37:31.599] [info] [task_scheduler.cpp:462] [mgpu-audit] pipeline_task dispatched to GPU 1 task_id=10
[2026-07-10 06:37:31.599] [info] [task_scheduler.cpp:464] [locality-audit] dispatch task_id=10 preferred_device=1 actual_gpu=1
[2026-07-10 06:37:31.599] [info] [gpu_pipeline_task.cpp:188] [locality-audit] prepare_before pipeline_id=4 task_id=10 preferred_device=1 actual_gpu=1 target_tier=GPU target_device=1 input_bytes=6883392 local_bytes=6883392 remote_gpu_bytes=0 host_bytes=0 disk_bytes=0 batch_count=1
[2026-07-10 06:37:31.599] [error] [gpu_pipeline_task.cpp:1062] Unknown error in prepare_for_processing for pipeline 4: CUDA error at: /tmp/conda-bld-output/bld/rattler-build_librmm/work/cpp/src/cuda_stream_view.cpp:45: cudaErrorIllegalInstruction an illegal instruction was encountered
[2026-07-10 06:37:31.599] [error] [gpu_pipeline_executor.cpp:408] GPU Pipeline Executor: Exception during task execution: CUDA error at: /tmp/conda-bld-output/bld/rattler-build_librmm/work/cpp/src/cuda_stream_view.cpp:45: cudaErrorIllegalInstruction an illegal instruction was encountered
[2026-07-10 06:37:31.639] [error] [gpu_pipeline_task.cpp:1062] Unknown error in prepare_for_processing for pipeline 3: CUDA error at: /tmp/conda-bld-output/bld/rattler-build_librmm/work/cpp/src/cuda_stream_view.cpp:45: cudaErrorIllegalInstruction an illegal instruction was encountered
[2026-07-10 06:37:31.639] [error] [gpu_pipeline_executor.cpp:408] GPU Pipeline Executor: Exception during task execution: CUDA error at: /tmp/conda-bld-output/bld/rattler-build_librmm/work/cpp/src/cuda_stream_view.cpp:45: cudaErrorIllegalInstruction an illegal instruction was encountered
[2026-07-10 06:37:31.733] [info] [load_balancing_scan_batch_coalescer.cpp:96] [coalesce-debug] load_balancer emit pipeline=3 -> preferred GPU 1
[2026-07-10 06:37:31.749] [info] [task_scheduler.cpp:462] [mgpu-audit] pipeline_task dispatched to GPU 0 task_id=11
[2026-07-10 06:37:31.749] [info] [task_scheduler.cpp:464] [locality-audit] dispatch task_id=11 preferred_device=0 actual_gpu=0
[2026-07-10 06:37:31.788] [error] [gpu_pipeline_task.cpp:1062] Unknown error in prepare_for_processing for pipeline 3: CUDA error at: /tmp/conda-bld-output/bld/rattler-build_librmm/work/cpp/src/cuda_stream_view.cpp:45: cudaErrorIllegalInstruction an illegal instruction was encountered
[2026-07-10 06:37:31.788] [error] [gpu_pipeline_executor.cpp:408] GPU Pipeline Executor: Exception during task execution: CUDA error at: /tmp/conda-bld-output/bld/rattler-build_librmm/work/cpp/src/cuda_stream_view.cpp:45: cudaErrorIllegalInstruction an illegal instruction was encountered
[2026-07-10 06:37:31.913] [info] [load_balancing_scan_batch_coalescer.cpp:96] [coalesce-debug] load_balancer emit pipeline=3 -> preferred GPU 0
[2026-07-10 06:37:31.929] [info] [task_scheduler.cpp:462] [mgpu-audit] pipeline_task dispatched to GPU 1 task_id=12
[2026-07-10 06:37:31.929] [info] [task_scheduler.cpp:464] [locality-audit] dispatch task_id=12 preferred_device=1 actual_gpu=1
[2026-07-10 06:37:31.944] [error] [gpu_pipeline_task.cpp:1062] Unknown error in prepare_for_processing for pipeline 3: CUDA error at: /tmp/conda-bld-output/bld/rattler-build_librmm/work/cpp/src/cuda_stream_view.cpp:45: cudaErrorIllegalInstruction an illegal instruction was encountered
[2026-07-10 06:37:31.944] [error] [gpu_pipeline_executor.cpp:408] GPU Pipeline Executor: Exception during task execution: CUDA error at: /tmp/conda-bld-output/bld/rattler-build_librmm/work/cpp/src/cuda_stream_view.cpp:45: cudaErrorIllegalInstruction an illegal instruction was encountered
[2026-07-10 06:37:32.098] [info] [load_balancing_scan_batch_coalescer.cpp:96] [coalesce-debug] load_balancer emit pipeline=3 -> preferred GPU 1
[2026-07-10 06:37:32.111] [info] [task_scheduler.cpp:462] [mgpu-audit] pipeline_task dispatched to GPU 0 task_id=13
[2026-07-10 06:37:32.111] [info] [task_scheduler.cpp:464] [locality-audit] dispatch task_id=13 preferred_device=0 actual_gpu=0
[2026-07-10 06:37:32.126] [error] [gpu_pipeline_task.cpp:1062] Unknown error in prepare_for_processing for pipeline 3: CUDA error at: /tmp/conda-bld-output/bld/rattler-build_librmm/work/cpp/src/cuda_stream_view.cpp:45: cudaErrorIllegalInstruction an illegal instruction was encountered
[2026-07-10 06:37:32.126] [error] [gpu_pipeline_executor.cpp:408] GPU Pipeline Executor: Exception during task execution: CUDA error at: /tmp/conda-bld-output/bld/rattler-build_librmm/work/cpp/src/cuda_stream_view.cpp:45: cudaErrorIllegalInstruction an illegal instruction was encountered
[2026-07-10 06:37:32.276] [info] [load_balancing_scan_batch_coalescer.cpp:96] [coalesce-debug] load_balancer emit pipeline=3 -> preferred GPU 0
[2026-07-10 06:37:32.453] [info] [load_balancing_scan_batch_coalescer.cpp:96] [coalesce-debug] load_balancer emit pipeline=3 -> preferred GPU 1
[2026-07-10 06:37:32.597] [info] [load_balancing_scan_batch_coalescer.cpp:96] [coalesce-debug] load_balancer emit pipeline=3 -> preferred GPU 0
[2026-07-10 06:37:32.765] [info] [load_balancing_scan_batch_coalescer.cpp:96] [coalesce-debug] load_balancer emit pipeline=3 -> preferred GPU 1
[2026-07-10 06:37:32.937] [info] [load_balancing_scan_batch_coalescer.cpp:96] [coalesce-debug] load_balancer emit pipeline=3 -> preferred GPU 0
[2026-07-10 06:37:33.108] [info] [load_balancing_scan_batch_coalescer.cpp:96] [coalesce-debug] load_balancer emit pipeline=3 -> preferred GPU 1
[2026-07-10 06:37:33.285] [info] [load_balancing_scan_batch_coalescer.cpp:96] [coalesce-debug] load_balancer emit pipeline=3 -> preferred GPU 0
[2026-07-10 06:37:33.466] [info] [load_balancing_scan_batch_coalescer.cpp:96] [coalesce-debug] load_balancer emit pipeline=3 -> preferred GPU 1
[2026-07-10 06:37:33.644] [info] [load_balancing_scan_batch_coalescer.cpp:96] [coalesce-debug] load_balancer emit pipeline=3 -> preferred GPU 0
[2026-07-10 06:37:33.816] [info] [load_balancing_scan_batch_coalescer.cpp:96] [coalesce-debug] load_balancer emit pipeline=3 -> preferred GPU 1
[2026-07-10 06:37:33.991] [info] [load_balancing_scan_batch_coalescer.cpp:96] [coalesce-debug] load_balancer emit pipeline=3 -> preferred GPU 0
[2026-07-10 06:37:34.170] [info] [load_balancing_scan_batch_coalescer.cpp:96] [coalesce-debug] load_balancer emit pipeline=3 -> preferred GPU 1
[2026-07-10 06:37:34.344] [info] [load_balancing_scan_batch_coalescer.cpp:96] [coalesce-debug] load_balancer emit pipeline=3 -> preferred GPU 0
[2026-07-10 06:37:34.524] [info] [load_balancing_scan_batch_coalescer.cpp:96] [coalesce-debug] load_balancer emit pipeline=3 -> preferred GPU 1
[2026-07-10 06:37:34.705] [info] [load_balancing_scan_batch_coalescer.cpp:96] [coalesce-debug] load_balancer emit pipeline=3 -> preferred GPU 0
[2026-07-10 06:37:34.881] [info] [load_balancing_scan_batch_coalescer.cpp:96] [coalesce-debug] load_balancer emit pipeline=3 -> preferred GPU 1
[2026-07-10 06:37:35.060] [info] [load_balancing_scan_batch_coalescer.cpp:96] [coalesce-debug] load_balancer emit pipeline=3 -> preferred GPU 0
[2026-07-10 06:37:35.227] [info] [load_balancing_scan_batch_coalescer.cpp:96] [coalesce-debug] load_balancer emit pipeline=3 -> preferred GPU 1
[2026-07-10 06:37:35.402] [info] [parquet_gpu_ingestible.cpp:278] [coalesce-debug] parquet_batch_coalescer emit #28: 1 slice(s), acc_bytes=194749065, cap=536870912
[2026-07-10 06:37:35.402] [info] [load_balancing_scan_batch_coalescer.cpp:96] [coalesce-debug] load_balancer emit pipeline=3 -> preferred GPU 0
[2026-07-10 06:37:35.593] [error] [sirius_engine.cpp:172] Error executing query: CUDA error at: /tmp/conda-bld-output/bld/rattler-build_librmm/work/cpp/src/cuda_stream_view.cpp:45: cudaErrorIllegalInstruction an illegal instruction was encountered
[2026-07-10 06:37:35.593] [info] [task_scheduler.cpp:262] task_scheduler: draining after error
[2026-07-10 06:37:35.608] [info] [gpu_pipeline_executor.cpp:118] GPU Pipeline Executor: task queue interrupted, stopping manager loop
[2026-07-10 06:37:35.608] [info] [gpu_pipeline_executor.cpp:118] GPU Pipeline Executor: task queue interrupted, stopping manager loop
[2026-07-10 06:37:35.613] [info] [task_scheduler.cpp:305] task_scheduler: DONE draining after error
[2026-07-10 06:37:35.613] [error] [sirius_interface.cpp:201] Error in sirius_execute_pending_query_result: CUDA error at: /tmp/conda-bld-output/bld/rattler-build_librmm/work/cpp/src/cuda_stream_view.cpp:45: cudaErrorIllegalInstruction an illegal instruction was encountered
[2026-07-10 06:37:35.613] [error] [physical_sirius_execution.cpp:161] Transparent GPU execution error: Invalid Error: CUDA error at: /tmp/conda-bld-output/bld/rattler-build_librmm/work/cpp/src/cuda_stream_view.cpp:45: cudaErrorIllegalInstruction an illegal instruction was encountered
[2026-07-10 06:37:35.638] [info] [sirius_context.cpp:217] QueryEnd
[2026-07-10 06:37:35.643] [warning] [sirius_context.cpp:233] SiriusContext::QueryEnd: operator 8 port 'build' still had 2 un-consumed data batch(es) (memory leak).
[2026-07-10 06:37:35.643] [info] [:] [host_pool] HOST:0 QueryEnd allocated=72351744 bytes peak=72351744 bytes free_blocks=443
[2026-07-10 06:37:35.643] [info] [:] [gpu_pool] GPU:0 QueryEnd allocated=0 bytes peak=4612023736 bytes reserved=0 bytes
[2026-07-10 06:37:35.643] [info] [:] [gpu_pool] GPU:1 QueryEnd allocated=0 bytes peak=4618803488 bytes reserved=0 bytes
[2026-07-10 06:37:35.650] [info] [sirius_context.cpp:924] Connection closed.
[2026-07-10 06:37:35.699] [info] [task_scheduler.cpp:368] Task request channel closed, exiting management event loop.
[2026-07-10 06:37:35.699] [info] [gpu_pipeline_executor.cpp:118] GPU Pipeline Executor: task queue interrupted, stopping manager loop
[2026-07-10 06:37:35.699] [info] [gpu_pipeline_executor.cpp:118] GPU Pipeline Executor: task queue interrupted, stopping manager loop
[2026-07-10 06:37:35.701] [warning] [segfault_backtrace_handler.cpp:92] SIRIUS signal handler triggered, flushing logs
