[2026-07-03 07:33:32.962] [warning] [sirius_config.cpp:459] sirius_config: use_sirius_datasource was false but 2 GPUs are configured; the sirius datasource is required for multi-GPU IO routing. Overriding use_sirius_datasource to true.
[2026-07-03 07:33:32.962] [info] [sirius_context.cpp:1046] Loaded Sirius configuration from file: /home/dy1013/sirius_multi-gpu/experiment/fixed_page_policy_probe_20260703/configs/sirius_2gpu.yaml
[2026-07-03 07:33:32.966] [info] [telemetry_context.cpp:67] Telemetry context initialized (engine=siriusDB)
[2026-07-03 07:33:32.966] [info] [sirius_context.cpp:337] SiriusContext: topology summary — 2 GPU(s), 1 NUMA node(s), host='hicys76'
[2026-07-03 07:33:32.966] [info] [sirius_context.cpp:342]   GPU 0: NVIDIA RTX A5000 (numa=0, pci=00000000:16:00.0)
[2026-07-03 07:33:32.966] [info] [sirius_context.cpp:342]   GPU 1: NVIDIA RTX A5000 (numa=0, pci=00000000:34:00.0)
[2026-07-03 07:33:33.118] [warning] [sirius_context.cpp:352] SiriusContext: disk memory space is not configured; spilling GPU or HOST data to disk is disabled. If queries run out of GPU/HOST memory, downgrades to disk will not be possible.
[2026-07-03 07:33:33.118] [info] [sirius_context.cpp:364] SiriusContext: 1 host memory space(s) created for 1 NUMA node(s)
[2026-07-03 07:33:33.121] [info] [sirius_context.cpp:417] SiriusContext: P2P enabled 0 -> 1
[2026-07-03 07:33:33.121] [info] [sirius_context.cpp:417] SiriusContext: P2P enabled 1 -> 0
[2026-07-03 07:33:33.140] [info] [sirius_context.cpp:477] SiriusContext: cuDF pinned memory resource configured (NUMA-aware, max slab 8192 B, fallback node=0)
[2026-07-03 07:33:33.307] [info] [sirius_context.cpp:1007] Connection opened.
[2026-07-03 07:33:33.307] [info] [sirius_context.cpp:1020] Extension loaded: sirius
[2026-07-03 07:33:33.307] [info] [sirius_context.cpp:258] QueryEnd
[2026-07-03 07:33:33.316] [info] [:] [host_pool] HOST:0 QueryEnd allocated=0 bytes peak=0 bytes free_blocks=512
[2026-07-03 07:33:33.316] [info] [:] [gpu_pool] GPU:0 QueryEnd allocated=0 bytes peak=0 bytes reserved=0 bytes
[2026-07-03 07:33:33.316] [info] [:] [gpu_pool] GPU:1 QueryEnd allocated=0 bytes peak=0 bytes reserved=0 bytes
[2026-07-03 07:33:33.317] [info] [:] [host_pool] HOST:0 QueryBegin allocated=0 bytes peak=0 bytes free_blocks=512
[2026-07-03 07:33:33.317] [info] [:] [gpu_pool] GPU:0 QueryBegin allocated=0 bytes peak=0 bytes reserved=0 bytes
[2026-07-03 07:33:33.317] [info] [:] [gpu_pool] GPU:1 QueryBegin allocated=0 bytes peak=0 bytes reserved=0 bytes
[2026-07-03 07:33:33.317] [info] [sirius_context.cpp:242] QueryBegin: SQL: CALL pin_table('/mnt/nvme/dataset/customer*.parquet', tier='gpu', name='customer', cols=['c_custkey','c_nationkey'])
[2026-07-03 07:33:33.383] [info] [sirius_extension.cpp:1060] [fixed-page-cache] pin_table chunk_rr name='customer' chunk=0 rows=15000000 source_gpu=0 target_gpu=0
[2026-07-03 07:33:33.387] [info] [sirius_scan_manager.cpp:579] [fixed-page-cache] indexed pinned table 'customer' fixed_cols=2 pages=87 page_bytes=2097152 rows=15000000 partial=false
[2026-07-03 07:33:33.387] [info] [sirius_context.cpp:258] QueryEnd
[2026-07-03 07:33:33.397] [info] [:] [host_pool] HOST:0 QueryEnd allocated=3145728 bytes peak=3145728 bytes free_blocks=509
[2026-07-03 07:33:33.397] [info] [:] [gpu_pool] GPU:0 QueryEnd allocated=183750400 bytes peak=313203200 bytes reserved=0 bytes
[2026-07-03 07:33:33.397] [info] [:] [gpu_pool] GPU:1 QueryEnd allocated=0 bytes peak=0 bytes reserved=0 bytes
[2026-07-03 07:33:33.397] [info] [:] [host_pool] HOST:0 QueryBegin allocated=3145728 bytes peak=3145728 bytes free_blocks=509
[2026-07-03 07:33:33.397] [info] [:] [gpu_pool] GPU:0 QueryBegin allocated=183750400 bytes peak=313203200 bytes reserved=0 bytes
[2026-07-03 07:33:33.397] [info] [:] [gpu_pool] GPU:1 QueryBegin allocated=0 bytes peak=0 bytes reserved=0 bytes
[2026-07-03 07:33:33.397] [info] [sirius_context.cpp:242] QueryBegin: SQL: CALL pin_table('/mnt/nvme/dataset/lineitem*.parquet', tier='gpu', name='lineitem', cols=['l_discount','l_extendedprice','l_orderkey','l_shipdate','l_suppkey'])
[2026-07-03 07:33:36.734] [info] [sirius_context.cpp:258] QueryEnd
[2026-07-03 07:33:36.746] [info] [:] [host_pool] HOST:0 QueryEnd allocated=3145728 bytes peak=3145728 bytes free_blocks=509
[2026-07-03 07:33:36.746] [info] [:] [gpu_pool] GPU:0 QueryEnd allocated=183750400 bytes peak=313203200 bytes reserved=0 bytes
[2026-07-03 07:33:36.746] [info] [:] [gpu_pool] GPU:1 QueryEnd allocated=0 bytes peak=0 bytes reserved=0 bytes
[2026-07-03 07:33:36.747] [info] [:] [host_pool] HOST:0 QueryBegin allocated=3145728 bytes peak=3145728 bytes free_blocks=509
[2026-07-03 07:33:36.747] [info] [:] [gpu_pool] GPU:0 QueryBegin allocated=183750400 bytes peak=313203200 bytes reserved=0 bytes
[2026-07-03 07:33:36.747] [info] [:] [gpu_pool] GPU:1 QueryBegin allocated=0 bytes peak=0 bytes reserved=0 bytes
[2026-07-03 07:33:36.747] [info] [sirius_context.cpp:242] QueryBegin: SQL: CALL unpin_table('customer')
[2026-07-03 07:33:36.748] [info] [sirius_context.cpp:258] QueryEnd
[2026-07-03 07:33:36.767] [info] [:] [host_pool] HOST:0 QueryEnd allocated=3145728 bytes peak=3145728 bytes free_blocks=509
[2026-07-03 07:33:36.767] [info] [:] [gpu_pool] GPU:0 QueryEnd allocated=0 bytes peak=313203200 bytes reserved=0 bytes
[2026-07-03 07:33:36.767] [info] [:] [gpu_pool] GPU:1 QueryEnd allocated=0 bytes peak=0 bytes reserved=0 bytes
[2026-07-03 07:33:36.767] [info] [:] [host_pool] HOST:0 QueryBegin allocated=3145728 bytes peak=3145728 bytes free_blocks=509
[2026-07-03 07:33:36.767] [info] [:] [gpu_pool] GPU:0 QueryBegin allocated=0 bytes peak=313203200 bytes reserved=0 bytes
[2026-07-03 07:33:36.767] [info] [:] [gpu_pool] GPU:1 QueryBegin allocated=0 bytes peak=0 bytes reserved=0 bytes
[2026-07-03 07:33:36.767] [info] [sirius_context.cpp:242] QueryBegin: SQL: CALL unpin_table('lineitem')
[2026-07-03 07:33:36.768] [info] [sirius_context.cpp:258] QueryEnd
[2026-07-03 07:33:36.787] [info] [:] [host_pool] HOST:0 QueryEnd allocated=3145728 bytes peak=3145728 bytes free_blocks=509
[2026-07-03 07:33:36.787] [info] [:] [gpu_pool] GPU:0 QueryEnd allocated=0 bytes peak=313203200 bytes reserved=0 bytes
[2026-07-03 07:33:36.787] [info] [:] [gpu_pool] GPU:1 QueryEnd allocated=0 bytes peak=0 bytes reserved=0 bytes
[2026-07-03 07:33:36.787] [info] [:] [host_pool] HOST:0 QueryBegin allocated=3145728 bytes peak=3145728 bytes free_blocks=509
[2026-07-03 07:33:36.787] [info] [:] [gpu_pool] GPU:0 QueryBegin allocated=0 bytes peak=313203200 bytes reserved=0 bytes
[2026-07-03 07:33:36.787] [info] [:] [gpu_pool] GPU:1 QueryBegin allocated=0 bytes peak=0 bytes reserved=0 bytes
[2026-07-03 07:33:36.787] [info] [sirius_context.cpp:242] QueryBegin: SQL: CALL unpin_table('nation')
[2026-07-03 07:33:36.788] [info] [sirius_context.cpp:258] QueryEnd
[2026-07-03 07:33:36.807] [info] [:] [host_pool] HOST:0 QueryEnd allocated=3145728 bytes peak=3145728 bytes free_blocks=509
[2026-07-03 07:33:36.807] [info] [:] [gpu_pool] GPU:0 QueryEnd allocated=0 bytes peak=313203200 bytes reserved=0 bytes
[2026-07-03 07:33:36.807] [info] [:] [gpu_pool] GPU:1 QueryEnd allocated=0 bytes peak=0 bytes reserved=0 bytes
[2026-07-03 07:33:36.807] [info] [:] [host_pool] HOST:0 QueryBegin allocated=3145728 bytes peak=3145728 bytes free_blocks=509
[2026-07-03 07:33:36.807] [info] [:] [gpu_pool] GPU:0 QueryBegin allocated=0 bytes peak=313203200 bytes reserved=0 bytes
[2026-07-03 07:33:36.807] [info] [:] [gpu_pool] GPU:1 QueryBegin allocated=0 bytes peak=0 bytes reserved=0 bytes
[2026-07-03 07:33:36.807] [info] [sirius_context.cpp:242] QueryBegin: SQL: CALL unpin_table('orders')
[2026-07-03 07:33:36.809] [info] [sirius_context.cpp:258] QueryEnd
[2026-07-03 07:33:36.828] [info] [:] [host_pool] HOST:0 QueryEnd allocated=3145728 bytes peak=3145728 bytes free_blocks=509
[2026-07-03 07:33:36.828] [info] [:] [gpu_pool] GPU:0 QueryEnd allocated=0 bytes peak=313203200 bytes reserved=0 bytes
[2026-07-03 07:33:36.828] [info] [:] [gpu_pool] GPU:1 QueryEnd allocated=0 bytes peak=0 bytes reserved=0 bytes
[2026-07-03 07:33:36.828] [info] [:] [host_pool] HOST:0 QueryBegin allocated=3145728 bytes peak=3145728 bytes free_blocks=509
[2026-07-03 07:33:36.828] [info] [:] [gpu_pool] GPU:0 QueryBegin allocated=0 bytes peak=313203200 bytes reserved=0 bytes
[2026-07-03 07:33:36.828] [info] [:] [gpu_pool] GPU:1 QueryBegin allocated=0 bytes peak=0 bytes reserved=0 bytes
[2026-07-03 07:33:36.828] [info] [sirius_context.cpp:242] QueryBegin: SQL: CALL unpin_table('region')
[2026-07-03 07:33:36.829] [info] [sirius_context.cpp:258] QueryEnd
[2026-07-03 07:33:36.848] [info] [:] [host_pool] HOST:0 QueryEnd allocated=3145728 bytes peak=3145728 bytes free_blocks=509
[2026-07-03 07:33:36.848] [info] [:] [gpu_pool] GPU:0 QueryEnd allocated=0 bytes peak=313203200 bytes reserved=0 bytes
[2026-07-03 07:33:36.848] [info] [:] [gpu_pool] GPU:1 QueryEnd allocated=0 bytes peak=0 bytes reserved=0 bytes
[2026-07-03 07:33:36.848] [info] [:] [host_pool] HOST:0 QueryBegin allocated=3145728 bytes peak=3145728 bytes free_blocks=509
[2026-07-03 07:33:36.848] [info] [:] [gpu_pool] GPU:0 QueryBegin allocated=0 bytes peak=313203200 bytes reserved=0 bytes
[2026-07-03 07:33:36.848] [info] [:] [gpu_pool] GPU:1 QueryBegin allocated=0 bytes peak=0 bytes reserved=0 bytes
[2026-07-03 07:33:36.848] [info] [sirius_context.cpp:242] QueryBegin: SQL: CALL unpin_table('supplier')
[2026-07-03 07:33:36.849] [info] [sirius_context.cpp:258] QueryEnd
[2026-07-03 07:33:36.868] [info] [:] [host_pool] HOST:0 QueryEnd allocated=3145728 bytes peak=3145728 bytes free_blocks=509
[2026-07-03 07:33:36.868] [info] [:] [gpu_pool] GPU:0 QueryEnd allocated=0 bytes peak=313203200 bytes reserved=0 bytes
[2026-07-03 07:33:36.868] [info] [:] [gpu_pool] GPU:1 QueryEnd allocated=0 bytes peak=0 bytes reserved=0 bytes
[2026-07-03 07:33:36.868] [info] [sirius_context.cpp:1013] Connection closed.
[2026-07-03 07:33:36.873] [info] [task_scheduler.cpp:295] Task request channel closed, exiting management event loop.
[2026-07-03 07:33:36.873] [info] [gpu_pipeline_executor.cpp:118] GPU Pipeline Executor: task queue interrupted, stopping manager loop
[2026-07-03 07:33:36.873] [info] [gpu_pipeline_executor.cpp:118] GPU Pipeline Executor: task queue interrupted, stopping manager loop
