[2026-07-08 04:12:57.265] [warning] [sirius_config.cpp:459] sirius_config: use_sirius_datasource was false but 2 GPUs are configured; the sirius datasource is required for multi-GPU IO routing. Overriding use_sirius_datasource to true.
[2026-07-08 04:12:57.265] [info] [sirius_context.cpp:1046] Loaded Sirius configuration from file: /home/dy1013/sirius_multi-gpu/experiment/fixed_page_runs/allq_admit4/configs/sirius_2gpu.yaml
[2026-07-08 04:12:57.270] [info] [telemetry_context.cpp:67] Telemetry context initialized (engine=siriusDB)
[2026-07-08 04:12:57.270] [info] [sirius_context.cpp:337] SiriusContext: topology summary — 2 GPU(s), 1 NUMA node(s), host='hicys76'
[2026-07-08 04:12:57.270] [info] [sirius_context.cpp:342]   GPU 0: NVIDIA RTX A5000 (numa=0, pci=00000000:16:00.0)
[2026-07-08 04:12:57.270] [info] [sirius_context.cpp:342]   GPU 1: NVIDIA RTX A5000 (numa=0, pci=00000000:34:00.0)
[2026-07-08 04:12:57.412] [warning] [sirius_context.cpp:352] SiriusContext: disk memory space is not configured; spilling GPU or HOST data to disk is disabled. If queries run out of GPU/HOST memory, downgrades to disk will not be possible.
[2026-07-08 04:12:57.412] [info] [sirius_context.cpp:364] SiriusContext: 1 host memory space(s) created for 1 NUMA node(s)
[2026-07-08 04:12:57.412] [info] [sirius_context.cpp:417] SiriusContext: P2P enabled 0 -> 1
[2026-07-08 04:12:57.412] [info] [sirius_context.cpp:417] SiriusContext: P2P enabled 1 -> 0
[2026-07-08 04:12:57.430] [info] [sirius_context.cpp:477] SiriusContext: cuDF pinned memory resource configured (NUMA-aware, max slab 8192 B, fallback node=0)
[2026-07-08 04:12:57.596] [info] [sirius_context.cpp:1007] Connection opened.
[2026-07-08 04:12:57.596] [info] [sirius_context.cpp:1020] Extension loaded: sirius
[2026-07-08 04:12:57.596] [info] [sirius_context.cpp:258] QueryEnd
[2026-07-08 04:12:57.605] [info] [:] [host_pool] HOST:0 QueryEnd allocated=0 bytes peak=0 bytes free_blocks=512
[2026-07-08 04:12:57.605] [info] [:] [gpu_pool] GPU:0 QueryEnd allocated=0 bytes peak=0 bytes reserved=0 bytes
[2026-07-08 04:12:57.605] [info] [:] [gpu_pool] GPU:1 QueryEnd allocated=0 bytes peak=0 bytes reserved=0 bytes
[2026-07-08 04:12:57.606] [info] [:] [host_pool] HOST:0 QueryBegin allocated=0 bytes peak=0 bytes free_blocks=512
[2026-07-08 04:12:57.606] [info] [:] [gpu_pool] GPU:0 QueryBegin allocated=0 bytes peak=0 bytes reserved=0 bytes
[2026-07-08 04:12:57.606] [info] [:] [gpu_pool] GPU:1 QueryBegin allocated=0 bytes peak=0 bytes reserved=0 bytes
[2026-07-08 04:12:57.606] [info] [sirius_context.cpp:242] QueryBegin: SQL: CALL pin_table('/mnt/nvme/dataset/part*.parquet', tier='gpu', name='part', cols=['p_partkey'])
[2026-07-08 04:12:57.673] [info] [sirius_extension.cpp:1060] [fixed-page-cache] pin_table chunk_rr name='part' chunk=0 rows=20000000 source_gpu=0 target_gpu=0
[2026-07-08 04:12:57.718] [info] [sirius_scan_manager.cpp:903] [fixed-page-cache] page_directory indexed table='part' fixed_cols=1 pages=77 resident_pages=77 resident_bytes=160000000 stats_pages=77 evicted_pages=0 eviction_count=0 directory_entries=77 page_bytes=2097152 rows=20000000 partial=false
[2026-07-08 04:12:57.718] [info] [sirius_context.cpp:258] QueryEnd
[2026-07-08 04:12:57.726] [info] [:] [host_pool] HOST:0 QueryEnd allocated=4194304 bytes peak=4194304 bytes free_blocks=508
[2026-07-08 04:12:57.726] [info] [:] [gpu_pool] GPU:0 QueryEnd allocated=162500096 bytes peak=322501632 bytes reserved=0 bytes
[2026-07-08 04:12:57.726] [info] [:] [gpu_pool] GPU:1 QueryEnd allocated=0 bytes peak=0 bytes reserved=0 bytes
[2026-07-08 04:12:57.726] [info] [:] [host_pool] HOST:0 QueryBegin allocated=4194304 bytes peak=4194304 bytes free_blocks=508
[2026-07-08 04:12:57.726] [info] [:] [gpu_pool] GPU:0 QueryBegin allocated=162500096 bytes peak=322501632 bytes reserved=0 bytes
[2026-07-08 04:12:57.726] [info] [:] [gpu_pool] GPU:1 QueryBegin allocated=0 bytes peak=0 bytes reserved=0 bytes
[2026-07-08 04:12:57.726] [info] [sirius_context.cpp:242] QueryBegin: SQL: CALL pin_table('/mnt/nvme/dataset/partsupp*.parquet', tier='gpu', name='partsupp', cols=['ps_partkey','ps_suppkey'])
[2026-07-08 04:12:57.937] [info] [sirius_extension.cpp:1060] [fixed-page-cache] pin_table chunk_rr name='partsupp' chunk=0 rows=32926711 source_gpu=0 target_gpu=0
[2026-07-08 04:12:58.085] [info] [sirius_extension.cpp:1049] [fixed-page-cache] pin_table chunk_rr name='partsupp' chunk=1 rows=33033435 source_gpu=0 target_gpu=1
[2026-07-08 04:12:58.086] [info] [sirius_extension.cpp:1060] [fixed-page-cache] pin_table chunk_rr name='partsupp' chunk=2 rows=14039854 source_gpu=0 target_gpu=0
[2026-07-08 04:12:58.267] [info] [sirius_scan_manager.cpp:903] [fixed-page-cache] page_directory indexed table='partsupp' fixed_cols=2 pages=614 resident_pages=614 resident_bytes=1280000000 stats_pages=614 evicted_pages=0 eviction_count=0 directory_entries=614 page_bytes=2097152 rows=80000000 partial=false
[2026-07-08 04:12:58.267] [info] [sirius_context.cpp:258] QueryEnd
[2026-07-08 04:12:58.271] [info] [:] [host_pool] HOST:0 QueryEnd allocated=4194304 bytes peak=269484032 bytes free_blocks=508
[2026-07-08 04:12:58.271] [info] [:] [gpu_pool] GPU:0 QueryEnd allocated=925707776 bytes peak=2514363648 bytes reserved=0 bytes
[2026-07-08 04:12:58.271] [info] [:] [gpu_pool] GPU:1 QueryEnd allocated=536793600 bytes peak=536794624 bytes reserved=0 bytes
[2026-07-08 04:12:58.271] [info] [:] [host_pool] HOST:0 QueryBegin allocated=4194304 bytes peak=269484032 bytes free_blocks=508
[2026-07-08 04:12:58.271] [info] [:] [gpu_pool] GPU:0 QueryBegin allocated=925707776 bytes peak=2514363648 bytes reserved=0 bytes
[2026-07-08 04:12:58.271] [info] [:] [gpu_pool] GPU:1 QueryBegin allocated=536793600 bytes peak=536794624 bytes reserved=0 bytes
[2026-07-08 04:12:58.271] [info] [sirius_context.cpp:242] QueryBegin: SQL: CALL pin_table('/mnt/nvme/dataset/supplier*.parquet', tier='gpu', name='supplier', cols=['s_suppkey'])
[2026-07-08 04:12:58.283] [info] [sirius_extension.cpp:1060] [fixed-page-cache] pin_table chunk_rr name='supplier' chunk=0 rows=1000000 source_gpu=0 target_gpu=0
[2026-07-08 04:12:58.284] [info] [sirius_scan_manager.cpp:903] [fixed-page-cache] page_directory indexed table='supplier' fixed_cols=1 pages=4 resident_pages=4 resident_bytes=8000000 stats_pages=4 evicted_pages=0 eviction_count=0 directory_entries=4 page_bytes=2097152 rows=1000000 partial=false
[2026-07-08 04:12:58.284] [info] [sirius_context.cpp:258] QueryEnd
[2026-07-08 04:12:58.292] [info] [:] [host_pool] HOST:0 QueryEnd allocated=5242880 bytes peak=269484032 bytes free_blocks=507
[2026-07-08 04:12:58.292] [info] [:] [gpu_pool] GPU:0 QueryEnd allocated=933832960 bytes peak=2514363648 bytes reserved=0 bytes
[2026-07-08 04:12:58.292] [info] [:] [gpu_pool] GPU:1 QueryEnd allocated=536793600 bytes peak=536794624 bytes reserved=0 bytes
[2026-07-08 04:12:58.292] [info] [:] [host_pool] HOST:0 QueryBegin allocated=5242880 bytes peak=269484032 bytes free_blocks=507
[2026-07-08 04:12:58.292] [info] [:] [gpu_pool] GPU:0 QueryBegin allocated=933832960 bytes peak=2514363648 bytes reserved=0 bytes
[2026-07-08 04:12:58.292] [info] [:] [gpu_pool] GPU:1 QueryBegin allocated=536793600 bytes peak=536794624 bytes reserved=0 bytes
[2026-07-08 04:12:58.292] [info] [sirius_context.cpp:242] QueryBegin: SQL: SET gpu_execution = true;
[2026-07-08 04:12:58.292] [info] [sirius_context.cpp:258] QueryEnd
[2026-07-08 04:12:58.302] [info] [:] [host_pool] HOST:0 QueryEnd allocated=5242880 bytes peak=269484032 bytes free_blocks=507
[2026-07-08 04:12:58.302] [info] [:] [gpu_pool] GPU:0 QueryEnd allocated=933832960 bytes peak=2514363648 bytes reserved=0 bytes
[2026-07-08 04:12:58.302] [info] [:] [gpu_pool] GPU:1 QueryEnd allocated=536793600 bytes peak=536794624 bytes reserved=0 bytes
[2026-07-08 04:12:58.302] [info] [:] [host_pool] HOST:0 QueryBegin allocated=5242880 bytes peak=269484032 bytes free_blocks=507
[2026-07-08 04:12:58.302] [info] [:] [gpu_pool] GPU:0 QueryBegin allocated=933832960 bytes peak=2514363648 bytes reserved=0 bytes
[2026-07-08 04:12:58.302] [info] [:] [gpu_pool] GPU:1 QueryBegin allocated=536793600 bytes peak=536794624 bytes reserved=0 bytes
[2026-07-08 04:12:58.302] [info] [sirius_context.cpp:242] QueryBegin: SQL: select p.p_brand, p.p_type, p.p_size, count(distinct ps.ps_suppkey) as supplier_cnt from partsupp ps, part p where p.p_partkey = ps.ps_partkey and p.p_brand <> 'Brand#21' and p.p_type not like 'MEDIUM PLATED%' and p.p_size in (38, 2, 8, 31, 44, 5, 14, 24) and ps.ps_suppkey not in ( select s.s_suppkey from supplier s where s.s_comment like '%Customer%Complaints%' ) group by p.p_brand, p.p_type, p.p_size order by supplier_cnt desc, p.p_brand, p.p_type, p.p_size
[2026-07-08 04:12:58.322] [info] [sirius_context.cpp:954] Transparent execution: Sirius physical plan generated successfully
[2026-07-08 04:12:58.323] [info] [sirius_context.cpp:966] Transparent execution: physical plan replaced with GPU operator
[2026-07-08 04:12:58.323] [info] [physical_sirius_execution.cpp:96] Transparent GPU execution: executing query
[2026-07-08 04:12:58.326] [info] [sirius_engine.cpp:400] Query Plan:
=== Pipeline Overview ===
Pipeline #0: GPU_SCAN (id=25) -> FILTER (id=14)
  Output: -> PARTITION [port: default, barrier: FULL]
Pipeline #1: PARTITION (id=27)
  Input: <- Pipeline #0 [on: PARTITION (id=27), port: default, barrier: FULL]
  Dependencies: Pipeline #0
  Output: -> CONCAT [port: default, barrier: PARTIAL]
Pipeline #2: CONCAT (id=26)
  Input: <- Pipeline #1 [on: CONCAT (id=26), port: default, barrier: PARTIAL]
  Dependencies: Pipeline #1
  Output: -> HASH_JOIN [port: build, barrier: FULL]
Pipeline #3: GPU_SCAN (id=28)
  Output: -> PARTITION [port: default, barrier: FULL]
Pipeline #4: PARTITION (id=30)
  Input: <- Pipeline #3 [on: PARTITION (id=30), port: default, barrier: FULL]
  Dependencies: Pipeline #3
  Output: -> CONCAT [port: default, barrier: PARTIAL]
Pipeline #5: CONCAT (id=29)
  Input: <- Pipeline #4 [on: CONCAT (id=29), port: default, barrier: PARTIAL]
  Dependencies: Pipeline #4
  Output: -> HASH_JOIN [port: build, barrier: FULL]
Pipeline #6: GPU_SCAN (id=31)
  Output: -> PARTITION [port: default, barrier: PARTIAL]
Pipeline #7: PARTITION (id=33)
  Input: <- Pipeline #6 [on: PARTITION (id=33), port: default, barrier: PARTIAL]
  Dependencies: Pipeline #6
  Output: -> CONCAT [port: default, barrier: PARTIAL]
Pipeline #8: CONCAT (id=32)
  Input: <- Pipeline #7 [on: CONCAT (id=32), port: default, barrier: PARTIAL]
  Dependencies: Pipeline #7
  Output: -> HASH_JOIN [port: default, barrier: FULL]
Pipeline #9: HASH_JOIN (id=15)
  Input: <- Pipeline #8 [on: HASH_JOIN (id=15), port: default, barrier: FULL]
  Input: <- Pipeline #2 [on: HASH_JOIN (id=15), port: build, barrier: FULL]
  Dependencies: Pipeline #2, Pipeline #8
  Output: -> PARTITION [port: default, barrier: PARTIAL]
Pipeline #10: PARTITION (id=35)
  Input: <- Pipeline #9 [on: PARTITION (id=35), port: default, barrier: PARTIAL]
  Dependencies: Pipeline #9
  Output: -> CONCAT [port: default, barrier: PARTIAL]
Pipeline #11: CONCAT (id=34)
  Input: <- Pipeline #10 [on: CONCAT (id=34), port: default, barrier: PARTIAL]
  Dependencies: Pipeline #10
  Output: -> HASH_JOIN [port: default, barrier: FULL]
Pipeline #12: HASH_JOIN (id=17) -> FILTER (id=18) -> PROJECTION (id=21) -> HASH_GROUP_BY (id=22)
  Input: <- Pipeline #11 [on: HASH_JOIN (id=17), port: default, barrier: FULL]
  Input: <- Pipeline #5 [on: HASH_JOIN (id=17), port: build, barrier: FULL]
  Dependencies: Pipeline #5, Pipeline #11
  Output: -> PARTITION [port: default, barrier: FULL]
Pipeline #13: PARTITION (id=36)
  Input: <- Pipeline #12 [on: PARTITION (id=36), port: default, barrier: FULL]
  Dependencies: Pipeline #12
  Output: -> MERGE_GROUP_BY [port: default, barrier: FULL]
Pipeline #14: MERGE_GROUP_BY (id=37)
  Input: <- Pipeline #13 [on: MERGE_GROUP_BY (id=37), port: default, barrier: FULL]
  Dependencies: Pipeline #13
  Output: -> ORDER_BY [port: default, barrier: FULL]
Pipeline #15: ORDER_BY (id=23)
  Input: <- Pipeline #14 [on: ORDER_BY (id=23), port: default, barrier: FULL]
  Dependencies: Pipeline #14
  Output: -> SORT_SAMPLE [port: default, barrier: PIPELINE]
Pipeline #16: SORT_SAMPLE (id=38) -> SORT_PARTITION (id=39)
  Input: <- Pipeline #15 [on: SORT_SAMPLE (id=38), port: default, barrier: PIPELINE]
  Dependencies: Pipeline #15
  Output: -> MERGE_SORT [port: default, barrier: FULL]
Pipeline #17: MERGE_SORT (id=40)
  Input: <- Pipeline #16 [on: MERGE_SORT (id=40), port: default, barrier: FULL]
  Dependencies: Pipeline #16
  Output: -> RESULT_COLLECTOR [port: default, barrier: FULL]
Pipeline #18: RESULT_COLLECTOR (id=24)
  Input: <- Pipeline #17 [on: RESULT_COLLECTOR (id=24), port: default, barrier: FULL]
  Dependencies: Pipeline #17

=== Query Plan DAG ===
┌──────────────────────────┐                                                        
│ Pipeline #18             │                                                        
│ RESULT_COLLECTOR (id=24) │                                                        
│ Input(#17): FULL         │                                                        
└────────────┬─────────────┘                                                        
             │                                                                      
┌──────────────────────────┐                                                        
│ Pipeline #17             │                                                        
│ MERGE_SORT (id=40)       │                                                        
│ Input(#16): FULL         │                                                        
└────────────┬─────────────┘                                                        
             │                                                                      
┌──────────────────────────┐                                                        
│ Pipeline #16             │                                                        
│ SORT_PARTITION (id=39)   │                                                        
│ SORT_SAMPLE (id=38)      │                                                        
│ Input(#15): PIPELINE     │                                                        
└────────────┬─────────────┘                                                        
             │                                                                      
┌──────────────────────────┐                                                        
│ Pipeline #15             │                                                        
│ ORDER_BY (id=23)         │                                                        
│ Input(#14): FULL         │                                                        
└────────────┬─────────────┘                                                        
             │                                                                      
┌──────────────────────────┐                                                        
│ Pipeline #14             │                                                        
│ MERGE_GROUP_BY (id=37)   │                                                        
│ Input(#13): FULL         │                                                        
└────────────┬─────────────┘                                                        
             │                                                                      
┌──────────────────────────┐                                                        
│ Pipeline #13             │                                                        
│ PARTITION (id=36)        │                                                        
│ Input(#12): FULL         │                                                        
└────────────┬─────────────┘                                                        
             │                                                                      
┌──────────────────────────┐                                                        
│ Pipeline #12             │                                                        
│ HASH_GROUP_BY (id=22)    │                                                        
│ PROJECTION (id=21)       │                                                        
│ FILTER (id=18)           │                                                        
│ HASH_JOIN (id=17)        │                                                        
│   type: MARK             │                                                        
│ Input(#11): FULL         │                                                        
│ Input(#5): FULL          │                                                        
└────────────┬─────────────┘                                                        
             ┌───────────────────────────┐                                          
             │                           │                                          
┌──────────────────────────┐┌──────────────────────────┐                            
│ Pipeline #5              ││ Pipeline #11             │                            
│ CONCAT (id=29)           ││ CONCAT (id=34)           │                            
│ Input(#4): PARTIAL       ││ Input(#10): PARTIAL      │                            
└────────────┬─────────────┘└────────────┬─────────────┘                            
             │                           │                                          
┌──────────────────────────┐┌──────────────────────────┐                            
│ Pipeline #4              ││ Pipeline #10             │                            
│ PARTITION (id=30)        ││ PARTITION (id=35)        │                            
│ Input(#3): FULL          ││ Input(#9): PARTIAL       │                            
└────────────┬─────────────┘└────────────┬─────────────┘                            
             │                           │                                          
┌──────────────────────────┐┌──────────────────────────┐                            
│ Pipeline #3              ││ Pipeline #9              │                            
│ GPU_SCAN (id=28)         ││ HASH_JOIN (id=15)        │                            
│                          ││   type: INNER            │                            
│                          ││ Input(#8): FULL          │                            
│                          ││ Input(#2): FULL          │                            
└──────────────────────────┘└────────────┬─────────────┘                            
                                         ┌───────────────────────────┐              
                                         │                           │              
                            ┌──────────────────────────┐┌──────────────────────────┐
                            │ Pipeline #2              ││ Pipeline #8              │
                            │ CONCAT (id=26)           ││ CONCAT (id=32)           │
                            │ Input(#1): PARTIAL       ││ Input(#7): PARTIAL       │
                            └────────────┬─────────────┘└────────────┬─────────────┘
                                         │                           │              
                            ┌──────────────────────────┐┌──────────────────────────┐
                            │ Pipeline #1              ││ Pipeline #7              │
                            │ PARTITION (id=27)        ││ PARTITION (id=33)        │
                            │ Input(#0): FULL          ││ Input(#6): PARTIAL       │
                            └────────────┬─────────────┘└────────────┬─────────────┘
                                         │                           │              
                            ┌──────────────────────────┐┌──────────────────────────┐
                            │ Pipeline #0              ││ Pipeline #6              │
                            │ FILTER (id=14)           ││ GPU_SCAN (id=31)         │
                            │ GPU_SCAN (id=25)         ││                          │
                            └──────────────────────────┘└──────────────────────────┘

[2026-07-08 04:12:58.331] [info] [task_scheduler.cpp:367] [mgpu-audit] pipeline_task dispatched to GPU 1 task_id=0
[2026-07-08 04:12:58.331] [info] [task_scheduler.cpp:369] [locality-audit] dispatch task_id=0 preferred_device=1 actual_gpu=1
[2026-07-08 04:12:58.421] [info] [parquet_gpu_ingestible.cpp:2539] [scan-audit] parquet_materialize target_gpu=1 files=/mnt/nvme/dataset/part.parquet columns=p_partkey,p_brand,p_type,p_size row_groups=0,1,2,3,4,5,6,7,8,9,10,11,12,13,14,15,16,17,18,19,20,21,22,23,24,25,26,27,28,29,30,31,32,33,34,35,36,37,38,39,40,41,42,43,44,45,46,47,48,49,50,51,52,53,54,55,56,57,58,59,60,61,62,63,64,65,66,67,68,69,70,71,72,73,74,75,76,77,78,79,80,81,82,83,84,85,86,87,88,89,90,91,92,93,94,95,96,97,98,99,100,101,102,103,104,105,106,107,108,109,110,111,112,113,114,115,116,117,118,119,120,121,122,123,124,125,126,127,128,129,130,131,132,133,134,135,136,137,138,139,140,141,142,143,144,145,146,147,148,149,150,151,152,153,154,155,156,157,158,159,160,161,162 compressed_bytes=128079122 uncompressed_bytes=208459611 column_bytes=p_partkey:80056131:160005053,p_brand:12610597:12638401,p_type:20287451:20693330,p_size:15124943:15122827 output_rows=20000000 output_columns=4 split_count=1 duration_us=86877
[2026-07-08 04:12:58.442] [info] [parquet_gpu_ingestible.cpp:2607] [fixed-page-cache] stage_timing stage=post_filter_select target_gpu=1 input_rows=20000000 output_rows=18560830 input_columns=4 output_columns=4 input_kind=materialized_table duration_us=21310
[2026-07-08 04:12:58.442] [info] [gpu_pipeline_task.cpp:313] [stage-audit] pipeline_id=0 task_id=0 operator_id=25 operator_name=GPU_SCAN stage_kind=SCAN operator_type=94 input_type=GPU_SCAN output_type=PIPELINEABLE actual_gpu=1 pipeline_operator_count=2 input_batches=0 input_rows=0 input_columns=0 input_bytes=0 output_batches=1 output_rows=18560830 output_columns=4 output_bytes=912359912 byte_ratio=0.000000 row_ratio=0.000000 duration_us=110818
[2026-07-08 04:12:58.451] [info] [gpu_pipeline_task.cpp:313] [stage-audit] pipeline_id=0 task_id=0 operator_id=14 operator_name=FILTER stage_kind=FILTER operator_type=12 input_type=PIPELINEABLE output_type=PIPELINEABLE actual_gpu=1 pipeline_operator_count=2 input_batches=1 input_rows=18560830 input_columns=4 input_bytes=912359912 output_batches=1 output_rows=2970570 output_columns=4 output_bytes=146017698 byte_ratio=0.160044 row_ratio=0.160045 duration_us=8631
[2026-07-08 04:12:58.451] [info] [task_creator.cpp:352] [locality-audit] task_create operator_id=27 input_bytes=146017698 local_bytes=146017698 gpu_source_bytes=146017698 host_source_bytes=0 disk_source_bytes=0 gpu_sources=1 host_sources=0 preferred_device=1
[2026-07-08 04:12:58.451] [info] [task_scheduler.cpp:367] [mgpu-audit] pipeline_task dispatched to GPU 1 task_id=1
[2026-07-08 04:12:58.451] [info] [task_scheduler.cpp:369] [locality-audit] dispatch task_id=1 preferred_device=1 actual_gpu=1
[2026-07-08 04:12:58.451] [info] [gpu_pipeline_task.cpp:184] [locality-audit] prepare_before pipeline_id=1 task_id=1 preferred_device=1 actual_gpu=1 target_tier=GPU target_device=1 input_bytes=146017698 local_bytes=146017698 remote_gpu_bytes=0 host_bytes=0 disk_bytes=0 batch_count=1
[2026-07-08 04:12:58.451] [info] [gpu_pipeline_task.cpp:184] [locality-audit] prepare_after pipeline_id=1 task_id=1 preferred_device=1 actual_gpu=1 target_tier=GPU target_device=1 input_bytes=146017698 local_bytes=146017698 remote_gpu_bytes=0 host_bytes=0 disk_bytes=0 batch_count=1
[2026-07-08 04:12:58.463] [info] [gpu_pipeline_task.cpp:313] [stage-audit] pipeline_id=1 task_id=1 operator_id=27 operator_name=PARTITION stage_kind=PARTITION operator_type=82 input_type=PIPELINEABLE output_type=PIPELINEABLE actual_gpu=1 pipeline_operator_count=1 input_batches=1 input_rows=2970570 input_columns=4 input_bytes=146017698 output_batches=2 output_rows=2970570 output_columns=8 output_bytes=145275178 byte_ratio=0.994915 row_ratio=1.000000 duration_us=11784
[2026-07-08 04:12:58.463] [info] [task_scheduler.cpp:367] [mgpu-audit] pipeline_task dispatched to GPU 0 task_id=2
[2026-07-08 04:12:58.463] [info] [task_scheduler.cpp:369] [locality-audit] dispatch task_id=2 preferred_device=0 actual_gpu=0
[2026-07-08 04:12:58.463] [info] [task_scheduler.cpp:367] [mgpu-audit] pipeline_task dispatched to GPU 1 task_id=3
[2026-07-08 04:12:58.463] [info] [task_scheduler.cpp:369] [locality-audit] dispatch task_id=3 preferred_device=1 actual_gpu=1
[2026-07-08 04:12:58.463] [info] [gpu_pipeline_task.cpp:184] [locality-audit] prepare_before pipeline_id=2 task_id=3 preferred_device=1 actual_gpu=1 target_tier=GPU target_device=1 input_bytes=72646306 local_bytes=72646306 remote_gpu_bytes=0 host_bytes=0 disk_bytes=0 batch_count=1
[2026-07-08 04:12:58.463] [info] [gpu_pipeline_task.cpp:184] [locality-audit] prepare_after pipeline_id=2 task_id=3 preferred_device=1 actual_gpu=1 target_tier=GPU target_device=1 input_bytes=72646306 local_bytes=72646306 remote_gpu_bytes=0 host_bytes=0 disk_bytes=0 batch_count=1
[2026-07-08 04:12:58.463] [info] [gpu_pipeline_task.cpp:313] [stage-audit] pipeline_id=2 task_id=3 operator_id=26 operator_name=CONCAT stage_kind=CONCAT operator_type=83 input_type=PARTITIONED output_type=PARTITIONED actual_gpu=1 pipeline_operator_count=1 input_batches=1 input_rows=1485483 input_columns=4 input_bytes=72646306 output_batches=1 output_rows=1485483 output_columns=4 output_bytes=72646306 byte_ratio=1.000000 row_ratio=1.000000 duration_us=1
[2026-07-08 04:12:58.464] [info] [gpu_pipeline_task.cpp:184] [locality-audit] prepare_before pipeline_id=2 task_id=2 preferred_device=0 actual_gpu=0 target_tier=GPU target_device=0 input_bytes=72628872 local_bytes=0 remote_gpu_bytes=72628872 host_bytes=0 disk_bytes=0 batch_count=1
[2026-07-08 04:12:58.470] [info] [gpu_pipeline_task.cpp:184] [locality-audit] prepare_after pipeline_id=2 task_id=2 preferred_device=0 actual_gpu=0 target_tier=GPU target_device=0 input_bytes=72628872 local_bytes=72628872 remote_gpu_bytes=0 host_bytes=0 disk_bytes=0 batch_count=1
[2026-07-08 04:12:58.471] [info] [gpu_pipeline_task.cpp:313] [stage-audit] pipeline_id=2 task_id=2 operator_id=26 operator_name=CONCAT stage_kind=CONCAT operator_type=83 input_type=PARTITIONED output_type=PARTITIONED actual_gpu=0 pipeline_operator_count=1 input_batches=1 input_rows=1485087 input_columns=4 input_bytes=72628872 output_batches=1 output_rows=1485087 output_columns=4 output_bytes=72628872 byte_ratio=1.000000 row_ratio=1.000000 duration_us=1
[2026-07-08 04:12:58.471] [info] [task_scheduler.cpp:367] [mgpu-audit] pipeline_task dispatched to GPU 0 task_id=4
[2026-07-08 04:12:58.471] [info] [task_scheduler.cpp:369] [locality-audit] dispatch task_id=4 preferred_device=0 actual_gpu=0
[2026-07-08 04:12:58.471] [info] [task_scheduler.cpp:367] [mgpu-audit] pipeline_task dispatched to GPU 1 task_id=6
[2026-07-08 04:12:58.471] [info] [task_scheduler.cpp:369] [locality-audit] dispatch task_id=6 preferred_device=1 actual_gpu=1
[2026-07-08 04:12:58.471] [info] [task_scheduler.cpp:367] [mgpu-audit] pipeline_task dispatched to GPU 0 task_id=5
[2026-07-08 04:12:58.471] [info] [task_scheduler.cpp:369] [locality-audit] dispatch task_id=5 preferred_device=0 actual_gpu=0
[2026-07-08 04:12:58.471] [info] [gpu_pipeline_task.cpp:313] [stage-audit] pipeline_id=6 task_id=4 operator_id=31 operator_name=GPU_SCAN stage_kind=SCAN operator_type=94 input_type=GPU_SCAN output_type=PIPELINEABLE actual_gpu=0 pipeline_operator_count=1 input_batches=0 input_rows=0 input_columns=0 input_bytes=0 output_batches=1 output_rows=14039854 output_columns=2 output_bytes=228147680 byte_ratio=0.000000 row_ratio=0.000000 duration_us=7
[2026-07-08 04:12:58.471] [info] [gpu_pipeline_task.cpp:313] [stage-audit] pipeline_id=6 task_id=5 operator_id=31 operator_name=GPU_SCAN stage_kind=SCAN operator_type=94 input_type=GPU_SCAN output_type=PIPELINEABLE actual_gpu=0 pipeline_operator_count=1 input_batches=0 input_rows=0 input_columns=0 input_bytes=0 output_batches=1 output_rows=32926711 output_columns=2 output_bytes=535059056 byte_ratio=0.000000 row_ratio=0.000000 duration_us=2
[2026-07-08 04:12:58.471] [info] [gpu_pipeline_task.cpp:313] [stage-audit] pipeline_id=6 task_id=6 operator_id=31 operator_name=GPU_SCAN stage_kind=SCAN operator_type=94 input_type=GPU_SCAN output_type=PIPELINEABLE actual_gpu=1 pipeline_operator_count=1 input_batches=0 input_rows=0 input_columns=0 input_bytes=0 output_batches=1 output_rows=33033435 output_columns=2 output_bytes=536793392 byte_ratio=0.000000 row_ratio=0.000000 duration_us=7
[2026-07-08 04:12:58.471] [info] [task_creator.cpp:352] [locality-audit] task_create operator_id=33 input_bytes=228147680 local_bytes=228147680 gpu_source_bytes=228147680 host_source_bytes=0 disk_source_bytes=0 gpu_sources=1 host_sources=0 preferred_device=0
[2026-07-08 04:12:58.471] [info] [task_creator.cpp:352] [locality-audit] task_create operator_id=33 input_bytes=535059056 local_bytes=535059056 gpu_source_bytes=535059056 host_source_bytes=0 disk_source_bytes=0 gpu_sources=1 host_sources=0 preferred_device=0
[2026-07-08 04:12:58.471] [info] [task_scheduler.cpp:367] [mgpu-audit] pipeline_task dispatched to GPU 0 task_id=7
[2026-07-08 04:12:58.471] [info] [task_scheduler.cpp:369] [locality-audit] dispatch task_id=7 preferred_device=0 actual_gpu=0
[2026-07-08 04:12:58.471] [info] [task_creator.cpp:352] [locality-audit] task_create operator_id=33 input_bytes=536793392 local_bytes=536793392 gpu_source_bytes=536793392 host_source_bytes=0 disk_source_bytes=0 gpu_sources=1 host_sources=0 preferred_device=1
[2026-07-08 04:12:58.471] [info] [task_scheduler.cpp:367] [mgpu-audit] pipeline_task dispatched to GPU 1 task_id=9
[2026-07-08 04:12:58.471] [info] [task_scheduler.cpp:369] [locality-audit] dispatch task_id=9 preferred_device=1 actual_gpu=1
[2026-07-08 04:12:58.471] [info] [task_scheduler.cpp:367] [mgpu-audit] pipeline_task dispatched to GPU 0 task_id=8
[2026-07-08 04:12:58.471] [info] [task_scheduler.cpp:369] [locality-audit] dispatch task_id=8 preferred_device=0 actual_gpu=0
[2026-07-08 04:12:58.471] [info] [gpu_pipeline_task.cpp:184] [locality-audit] prepare_before pipeline_id=7 task_id=7 preferred_device=0 actual_gpu=0 target_tier=GPU target_device=0 input_bytes=228147680 local_bytes=228147680 remote_gpu_bytes=0 host_bytes=0 disk_bytes=0 batch_count=1
[2026-07-08 04:12:58.471] [info] [gpu_pipeline_task.cpp:184] [locality-audit] prepare_after pipeline_id=7 task_id=7 preferred_device=0 actual_gpu=0 target_tier=GPU target_device=0 input_bytes=228147680 local_bytes=228147680 remote_gpu_bytes=0 host_bytes=0 disk_bytes=0 batch_count=1
[2026-07-08 04:12:58.471] [info] [gpu_pipeline_task.cpp:184] [locality-audit] prepare_before pipeline_id=7 task_id=9 preferred_device=1 actual_gpu=1 target_tier=GPU target_device=1 input_bytes=536793392 local_bytes=536793392 remote_gpu_bytes=0 host_bytes=0 disk_bytes=0 batch_count=1
[2026-07-08 04:12:58.471] [info] [gpu_pipeline_task.cpp:184] [locality-audit] prepare_after pipeline_id=7 task_id=9 preferred_device=1 actual_gpu=1 target_tier=GPU target_device=1 input_bytes=536793392 local_bytes=536793392 remote_gpu_bytes=0 host_bytes=0 disk_bytes=0 batch_count=1
[2026-07-08 04:12:58.471] [info] [gpu_pipeline_task.cpp:184] [locality-audit] prepare_before pipeline_id=7 task_id=8 preferred_device=0 actual_gpu=0 target_tier=GPU target_device=0 input_bytes=535059056 local_bytes=535059056 remote_gpu_bytes=0 host_bytes=0 disk_bytes=0 batch_count=1
[2026-07-08 04:12:58.471] [info] [gpu_pipeline_task.cpp:184] [locality-audit] prepare_after pipeline_id=7 task_id=8 preferred_device=0 actual_gpu=0 target_tier=GPU target_device=0 input_bytes=535059056 local_bytes=535059056 remote_gpu_bytes=0 host_bytes=0 disk_bytes=0 batch_count=1
[2026-07-08 04:12:58.480] [info] [gpu_pipeline_task.cpp:313] [stage-audit] pipeline_id=7 task_id=9 operator_id=33 operator_name=PARTITION stage_kind=PARTITION operator_type=82 input_type=PIPELINEABLE output_type=PIPELINEABLE actual_gpu=1 pipeline_operator_count=1 input_batches=1 input_rows=33033435 input_columns=2 input_bytes=536793392 output_batches=2 output_rows=33033435 output_columns=4 output_bytes=528534960 byte_ratio=0.984615 row_ratio=1.000000 duration_us=8794
[2026-07-08 04:12:58.486] [info] [gpu_pipeline_task.cpp:313] [stage-audit] pipeline_id=7 task_id=7 operator_id=33 operator_name=PARTITION stage_kind=PARTITION operator_type=82 input_type=PIPELINEABLE output_type=PIPELINEABLE actual_gpu=0 pipeline_operator_count=1 input_batches=1 input_rows=14039854 input_columns=2 input_bytes=228147680 output_batches=2 output_rows=14039854 output_columns=4 output_bytes=224637664 byte_ratio=0.984615 row_ratio=1.000000 duration_us=14672
[2026-07-08 04:12:58.486] [info] [gpu_pipeline_task.cpp:313] [stage-audit] pipeline_id=7 task_id=8 operator_id=33 operator_name=PARTITION stage_kind=PARTITION operator_type=82 input_type=PIPELINEABLE output_type=PIPELINEABLE actual_gpu=0 pipeline_operator_count=1 input_batches=1 input_rows=32926711 input_columns=2 input_bytes=535059056 output_batches=2 output_rows=32926711 output_columns=4 output_bytes=526827376 byte_ratio=0.984615 row_ratio=1.000000 duration_us=14819
[2026-07-08 04:12:58.486] [info] [task_scheduler.cpp:367] [mgpu-audit] pipeline_task dispatched to GPU 0 task_id=10
[2026-07-08 04:12:58.486] [info] [task_scheduler.cpp:369] [locality-audit] dispatch task_id=10 preferred_device=0 actual_gpu=0
[2026-07-08 04:12:58.486] [info] [task_scheduler.cpp:367] [mgpu-audit] pipeline_task dispatched to GPU 1 task_id=12
[2026-07-08 04:12:58.486] [info] [task_scheduler.cpp:369] [locality-audit] dispatch task_id=12 preferred_device=1 actual_gpu=1
[2026-07-08 04:12:58.486] [info] [task_scheduler.cpp:367] [mgpu-audit] pipeline_task dispatched to GPU 1 task_id=13
[2026-07-08 04:12:58.486] [info] [task_scheduler.cpp:369] [locality-audit] dispatch task_id=13 preferred_device=1 actual_gpu=1
[2026-07-08 04:12:58.486] [info] [gpu_pipeline_task.cpp:184] [locality-audit] prepare_before pipeline_id=8 task_id=12 preferred_device=1 actual_gpu=1 target_tier=GPU target_device=1 input_bytes=376427072 local_bytes=264234944 remote_gpu_bytes=112192128 host_bytes=0 disk_bytes=0 batch_count=2
[2026-07-08 04:12:58.486] [info] [gpu_pipeline_task.cpp:184] [locality-audit] prepare_before pipeline_id=8 task_id=13 preferred_device=1 actual_gpu=1 target_tier=GPU target_device=1 input_bytes=263369344 local_bytes=0 remote_gpu_bytes=263369344 host_bytes=0 disk_bytes=0 batch_count=1
[2026-07-08 04:12:58.486] [info] [task_scheduler.cpp:367] [mgpu-audit] pipeline_task dispatched to GPU 0 task_id=11
[2026-07-08 04:12:58.486] [info] [task_scheduler.cpp:369] [locality-audit] dispatch task_id=11 preferred_device=0 actual_gpu=0
[2026-07-08 04:12:58.486] [info] [gpu_pipeline_task.cpp:184] [locality-audit] prepare_before pipeline_id=8 task_id=10 preferred_device=0 actual_gpu=0 target_tier=GPU target_device=0 input_bytes=376745552 local_bytes=112445536 remote_gpu_bytes=264300016 host_bytes=0 disk_bytes=0 batch_count=2
[2026-07-08 04:12:58.486] [info] [gpu_pipeline_task.cpp:184] [locality-audit] prepare_before pipeline_id=8 task_id=11 preferred_device=0 actual_gpu=0 target_tier=GPU target_device=0 input_bytes=263458032 local_bytes=263458032 remote_gpu_bytes=0 host_bytes=0 disk_bytes=0 batch_count=1
[2026-07-08 04:12:58.486] [info] [gpu_pipeline_task.cpp:184] [locality-audit] prepare_after pipeline_id=8 task_id=11 preferred_device=0 actual_gpu=0 target_tier=GPU target_device=0 input_bytes=263458032 local_bytes=263458032 remote_gpu_bytes=0 host_bytes=0 disk_bytes=0 batch_count=1
[2026-07-08 04:12:58.487] [info] [gpu_pipeline_task.cpp:313] [stage-audit] pipeline_id=8 task_id=11 operator_id=32 operator_name=CONCAT stage_kind=CONCAT operator_type=83 input_type=PARTITIONED output_type=PARTITIONED actual_gpu=0 pipeline_operator_count=1 input_batches=1 input_rows=16466127 input_columns=2 input_bytes=263458032 output_batches=1 output_rows=16466127 output_columns=2 output_bytes=263458032 byte_ratio=1.000000 row_ratio=1.000000 duration_us=7
[2026-07-08 04:12:58.503] [info] [gpu_pipeline_task.cpp:184] [locality-audit] prepare_after pipeline_id=8 task_id=12 preferred_device=1 actual_gpu=1 target_tier=GPU target_device=1 input_bytes=376427072 local_bytes=376427072 remote_gpu_bytes=0 host_bytes=0 disk_bytes=0 batch_count=2
[2026-07-08 04:12:58.512] [info] [gpu_pipeline_task.cpp:184] [locality-audit] prepare_after pipeline_id=8 task_id=13 preferred_device=1 actual_gpu=1 target_tier=GPU target_device=1 input_bytes=263369344 local_bytes=263369344 remote_gpu_bytes=0 host_bytes=0 disk_bytes=0 batch_count=1
[2026-07-08 04:12:58.512] [info] [gpu_pipeline_task.cpp:313] [stage-audit] pipeline_id=8 task_id=13 operator_id=32 operator_name=CONCAT stage_kind=CONCAT operator_type=83 input_type=PARTITIONED output_type=PARTITIONED actual_gpu=1 pipeline_operator_count=1 input_batches=1 input_rows=16460584 input_columns=2 input_bytes=263369344 output_batches=1 output_rows=16460584 output_columns=2 output_bytes=263369344 byte_ratio=1.000000 row_ratio=1.000000 duration_us=2
[2026-07-08 04:12:58.513] [info] [gpu_pipeline_task.cpp:313] [stage-audit] pipeline_id=8 task_id=12 operator_id=32 operator_name=CONCAT stage_kind=CONCAT operator_type=83 input_type=PARTITIONED output_type=PARTITIONED actual_gpu=1 pipeline_operator_count=1 input_batches=2 input_rows=23526692 input_columns=4 input_bytes=376427072 output_batches=1 output_rows=23526692 output_columns=2 output_bytes=376427072 byte_ratio=1.000000 row_ratio=1.000000 duration_us=9397
[2026-07-08 04:12:58.521] [info] [gpu_pipeline_task.cpp:184] [locality-audit] prepare_after pipeline_id=8 task_id=10 preferred_device=0 actual_gpu=0 target_tier=GPU target_device=0 input_bytes=376745552 local_bytes=376745552 remote_gpu_bytes=0 host_bytes=0 disk_bytes=0 batch_count=2
[2026-07-08 04:12:58.529] [info] [gpu_pipeline_task.cpp:313] [stage-audit] pipeline_id=8 task_id=10 operator_id=32 operator_name=CONCAT stage_kind=CONCAT operator_type=83 input_type=PARTITIONED output_type=PARTITIONED actual_gpu=0 pipeline_operator_count=1 input_batches=2 input_rows=23546597 input_columns=4 input_bytes=376745552 output_batches=1 output_rows=23546597 output_columns=2 output_bytes=376745552 byte_ratio=1.000000 row_ratio=1.000000 duration_us=8474
[2026-07-08 04:12:58.529] [info] [task_scheduler.cpp:367] [mgpu-audit] pipeline_task dispatched to GPU 0 task_id=14
[2026-07-08 04:12:58.529] [info] [task_scheduler.cpp:369] [locality-audit] dispatch task_id=14 preferred_device=0 actual_gpu=0
[2026-07-08 04:12:58.529] [info] [task_scheduler.cpp:367] [mgpu-audit] pipeline_task dispatched to GPU 1 task_id=16
[2026-07-08 04:12:58.529] [info] [task_scheduler.cpp:369] [locality-audit] dispatch task_id=16 preferred_device=1 actual_gpu=1
[2026-07-08 04:12:58.529] [info] [task_scheduler.cpp:367] [mgpu-audit] pipeline_task dispatched to GPU 1 task_id=17
[2026-07-08 04:12:58.529] [info] [task_scheduler.cpp:369] [locality-audit] dispatch task_id=17 preferred_device=1 actual_gpu=1
[2026-07-08 04:12:58.529] [info] [task_scheduler.cpp:367] [mgpu-audit] pipeline_task dispatched to GPU 0 task_id=15
[2026-07-08 04:12:58.529] [info] [task_scheduler.cpp:369] [locality-audit] dispatch task_id=15 preferred_device=0 actual_gpu=0
[2026-07-08 04:12:58.529] [info] [gpu_pipeline_task.cpp:184] [locality-audit] prepare_before pipeline_id=9 task_id=16 preferred_device=1 actual_gpu=1 target_tier=GPU target_device=1 input_bytes=336015650 local_bytes=336015650 remote_gpu_bytes=0 host_bytes=0 disk_bytes=0 batch_count=2
[2026-07-08 04:12:58.529] [info] [gpu_pipeline_task.cpp:184] [locality-audit] prepare_before pipeline_id=9 task_id=17 preferred_device=1 actual_gpu=1 target_tier=GPU target_device=1 input_bytes=449073378 local_bytes=449073378 remote_gpu_bytes=0 host_bytes=0 disk_bytes=0 batch_count=2
[2026-07-08 04:12:58.530] [info] [gpu_pipeline_task.cpp:184] [locality-audit] prepare_after pipeline_id=9 task_id=16 preferred_device=1 actual_gpu=1 target_tier=GPU target_device=1 input_bytes=336015650 local_bytes=336015650 remote_gpu_bytes=0 host_bytes=0 disk_bytes=0 batch_count=2
[2026-07-08 04:12:58.530] [info] [gpu_pipeline_task.cpp:184] [locality-audit] prepare_before pipeline_id=9 task_id=15 preferred_device=0 actual_gpu=0 target_tier=GPU target_device=0 input_bytes=449374424 local_bytes=449374424 remote_gpu_bytes=0 host_bytes=0 disk_bytes=0 batch_count=2
[2026-07-08 04:12:58.530] [info] [gpu_pipeline_task.cpp:184] [locality-audit] prepare_before pipeline_id=9 task_id=14 preferred_device=0 actual_gpu=0 target_tier=GPU target_device=0 input_bytes=336086904 local_bytes=336086904 remote_gpu_bytes=0 host_bytes=0 disk_bytes=0 batch_count=2
[2026-07-08 04:12:58.530] [info] [gpu_pipeline_task.cpp:184] [locality-audit] prepare_after pipeline_id=9 task_id=15 preferred_device=0 actual_gpu=0 target_tier=GPU target_device=0 input_bytes=449374424 local_bytes=449374424 remote_gpu_bytes=0 host_bytes=0 disk_bytes=0 batch_count=2
[2026-07-08 04:12:58.530] [info] [gpu_pipeline_task.cpp:184] [locality-audit] prepare_after pipeline_id=9 task_id=17 preferred_device=1 actual_gpu=1 target_tier=GPU target_device=1 input_bytes=449073378 local_bytes=449073378 remote_gpu_bytes=0 host_bytes=0 disk_bytes=0 batch_count=2
[2026-07-08 04:12:58.530] [info] [gpu_pipeline_task.cpp:184] [locality-audit] prepare_after pipeline_id=9 task_id=14 preferred_device=0 actual_gpu=0 target_tier=GPU target_device=0 input_bytes=336086904 local_bytes=336086904 remote_gpu_bytes=0 host_bytes=0 disk_bytes=0 batch_count=2
[2026-07-08 04:12:58.554] [info] [gpu_pipeline_task.cpp:313] [stage-audit] pipeline_id=9 task_id=14 operator_id=15 operator_name=HASH_JOIN stage_kind=JOIN operator_type=33 input_type=PARTITIONED output_type=PIPELINEABLE actual_gpu=0 pipeline_operator_count=1 input_batches=2 input_rows=17951214 input_columns=6 input_bytes=336086904 output_batches=1 output_rows=2443360 output_columns=4 output_bytes=119496824 byte_ratio=0.355553 row_ratio=0.136111 duration_us=23965
[2026-07-08 04:12:58.554] [info] [gpu_pipeline_task.cpp:313] [stage-audit] pipeline_id=9 task_id=15 operator_id=15 operator_name=HASH_JOIN stage_kind=JOIN operator_type=33 input_type=PARTITIONED output_type=PIPELINEABLE actual_gpu=0 pipeline_operator_count=1 input_batches=2 input_rows=25031684 input_columns=6 input_bytes=449374424 output_batches=1 output_rows=3496988 output_columns=4 output_bytes=171018648 byte_ratio=0.380570 row_ratio=0.139702 duration_us=24020
[2026-07-08 04:12:58.554] [info] [task_scheduler.cpp:367] [mgpu-audit] pipeline_task dispatched to GPU 0 task_id=18
[2026-07-08 04:12:58.554] [info] [task_scheduler.cpp:369] [locality-audit] dispatch task_id=18 preferred_device=0 actual_gpu=0
[2026-07-08 04:12:58.554] [info] [gpu_pipeline_task.cpp:313] [stage-audit] pipeline_id=9 task_id=17 operator_id=15 operator_name=HASH_JOIN stage_kind=JOIN operator_type=33 input_type=PARTITIONED output_type=PIPELINEABLE actual_gpu=1 pipeline_operator_count=1 input_batches=2 input_rows=25012175 input_columns=6 input_bytes=449073378 output_batches=1 output_rows=3498620 output_columns=4 output_bytes=171093972 byte_ratio=0.380993 row_ratio=0.139877 duration_us=24103
[2026-07-08 04:12:58.554] [info] [gpu_pipeline_task.cpp:313] [stage-audit] pipeline_id=9 task_id=16 operator_id=15 operator_name=HASH_JOIN stage_kind=JOIN operator_type=33 input_type=PARTITIONED output_type=PIPELINEABLE actual_gpu=1 pipeline_operator_count=1 input_batches=2 input_rows=17946067 input_columns=6 input_bytes=336015650 output_batches=1 output_rows=2443312 output_columns=4 output_bytes=119491108 byte_ratio=0.355612 row_ratio=0.136147 duration_us=24247
[2026-07-08 04:12:58.654] [info] [parquet_gpu_ingestible.cpp:2539] [scan-audit] parquet_materialize target_gpu=0 files=/mnt/nvme/dataset/supplier.parquet columns=s_suppkey,s_comment row_groups=0,1,2,3,4,5,6,7,8 compressed_bytes=28126194 uncompressed_bytes=8000279 column_bytes=s_suppkey:4003346:8000279,s_comment:24122848:66495919 output_rows=1000000 output_columns=2 split_count=1 duration_us=100339
[2026-07-08 04:12:58.657] [info] [parquet_gpu_ingestible.cpp:2607] [fixed-page-cache] stage_timing stage=post_filter_select target_gpu=0 input_rows=1000000 output_rows=479 input_columns=2 output_columns=2 input_kind=materialized_table duration_us=2757
[2026-07-08 04:12:58.657] [info] [parquet_gpu_ingestible.cpp:2683] [fixed-page-cache] stage_timing stage=post_filter_project_assembly input_rows=479 output_rows=479 input_columns=2 output_columns=1 duration_us=3
[2026-07-08 04:12:58.657] [info] [gpu_pipeline_task.cpp:313] [stage-audit] pipeline_id=3 task_id=18 operator_id=28 operator_name=GPU_SCAN stage_kind=SCAN operator_type=94 input_type=GPU_SCAN output_type=PIPELINEABLE actual_gpu=0 pipeline_operator_count=1 input_batches=0 input_rows=0 input_columns=0 input_bytes=0 output_batches=1 output_rows=479 output_columns=1 output_bytes=3896 byte_ratio=0.000000 row_ratio=0.000000 duration_us=103301
[2026-07-08 04:12:58.657] [info] [task_creator.cpp:352] [locality-audit] task_create operator_id=30 input_bytes=3896 local_bytes=3896 gpu_source_bytes=3896 host_source_bytes=0 disk_source_bytes=0 gpu_sources=1 host_sources=0 preferred_device=0
[2026-07-08 04:12:58.658] [info] [task_scheduler.cpp:367] [mgpu-audit] pipeline_task dispatched to GPU 0 task_id=19
[2026-07-08 04:12:58.658] [info] [task_scheduler.cpp:369] [locality-audit] dispatch task_id=19 preferred_device=0 actual_gpu=0
[2026-07-08 04:12:58.658] [info] [gpu_pipeline_task.cpp:184] [locality-audit] prepare_before pipeline_id=4 task_id=19 preferred_device=0 actual_gpu=0 target_tier=GPU target_device=0 input_bytes=3896 local_bytes=3896 remote_gpu_bytes=0 host_bytes=0 disk_bytes=0 batch_count=1
[2026-07-08 04:12:58.658] [info] [gpu_pipeline_task.cpp:184] [locality-audit] prepare_after pipeline_id=4 task_id=19 preferred_device=0 actual_gpu=0 target_tier=GPU target_device=0 input_bytes=3896 local_bytes=3896 remote_gpu_bytes=0 host_bytes=0 disk_bytes=0 batch_count=1
[2026-07-08 04:12:58.658] [info] [gpu_pipeline_task.cpp:313] [stage-audit] pipeline_id=4 task_id=19 operator_id=30 operator_name=PARTITION stage_kind=PARTITION operator_type=82 input_type=PIPELINEABLE output_type=PIPELINEABLE actual_gpu=0 pipeline_operator_count=1 input_batches=1 input_rows=479 input_columns=1 input_bytes=3896 output_batches=1 output_rows=479 output_columns=1 output_bytes=3896 byte_ratio=1.000000 row_ratio=1.000000 duration_us=2
[2026-07-08 04:12:58.658] [info] [task_scheduler.cpp:367] [mgpu-audit] pipeline_task dispatched to GPU 0 task_id=20
[2026-07-08 04:12:58.658] [info] [task_scheduler.cpp:369] [locality-audit] dispatch task_id=20 preferred_device=0 actual_gpu=0
[2026-07-08 04:12:58.658] [info] [gpu_pipeline_task.cpp:184] [locality-audit] prepare_before pipeline_id=5 task_id=20 preferred_device=0 actual_gpu=0 target_tier=GPU target_device=0 input_bytes=3896 local_bytes=3896 remote_gpu_bytes=0 host_bytes=0 disk_bytes=0 batch_count=1
[2026-07-08 04:12:58.658] [info] [gpu_pipeline_task.cpp:184] [locality-audit] prepare_after pipeline_id=5 task_id=20 preferred_device=0 actual_gpu=0 target_tier=GPU target_device=0 input_bytes=3896 local_bytes=3896 remote_gpu_bytes=0 host_bytes=0 disk_bytes=0 batch_count=1
[2026-07-08 04:12:58.658] [info] [gpu_pipeline_task.cpp:313] [stage-audit] pipeline_id=5 task_id=20 operator_id=29 operator_name=CONCAT stage_kind=CONCAT operator_type=83 input_type=PARTITIONED output_type=PARTITIONED actual_gpu=0 pipeline_operator_count=1 input_batches=1 input_rows=479 input_columns=1 input_bytes=3896 output_batches=1 output_rows=479 output_columns=1 output_bytes=3896 byte_ratio=1.000000 row_ratio=1.000000 duration_us=1
[2026-07-08 04:12:58.658] [info] [task_creator.cpp:352] [locality-audit] task_create operator_id=35 input_bytes=119496824 local_bytes=119496824 gpu_source_bytes=119496824 host_source_bytes=0 disk_source_bytes=0 gpu_sources=1 host_sources=0 preferred_device=0
[2026-07-08 04:12:58.658] [info] [task_creator.cpp:352] [locality-audit] task_create operator_id=35 input_bytes=171018648 local_bytes=171018648 gpu_source_bytes=171018648 host_source_bytes=0 disk_source_bytes=0 gpu_sources=1 host_sources=0 preferred_device=0
[2026-07-08 04:12:58.658] [info] [task_scheduler.cpp:367] [mgpu-audit] pipeline_task dispatched to GPU 0 task_id=21
[2026-07-08 04:12:58.658] [info] [task_scheduler.cpp:369] [locality-audit] dispatch task_id=21 preferred_device=0 actual_gpu=0
[2026-07-08 04:12:58.658] [info] [task_creator.cpp:352] [locality-audit] task_create operator_id=35 input_bytes=171093972 local_bytes=171093972 gpu_source_bytes=171093972 host_source_bytes=0 disk_source_bytes=0 gpu_sources=1 host_sources=0 preferred_device=1
[2026-07-08 04:12:58.658] [info] [task_scheduler.cpp:367] [mgpu-audit] pipeline_task dispatched to GPU 1 task_id=23
[2026-07-08 04:12:58.658] [info] [task_scheduler.cpp:369] [locality-audit] dispatch task_id=23 preferred_device=1 actual_gpu=1
[2026-07-08 04:12:58.658] [info] [task_creator.cpp:352] [locality-audit] task_create operator_id=35 input_bytes=119491108 local_bytes=119491108 gpu_source_bytes=119491108 host_source_bytes=0 disk_source_bytes=0 gpu_sources=1 host_sources=0 preferred_device=1
[2026-07-08 04:12:58.658] [info] [gpu_pipeline_task.cpp:184] [locality-audit] prepare_before pipeline_id=10 task_id=21 preferred_device=0 actual_gpu=0 target_tier=GPU target_device=0 input_bytes=119496824 local_bytes=119496824 remote_gpu_bytes=0 host_bytes=0 disk_bytes=0 batch_count=1
[2026-07-08 04:12:58.658] [info] [task_scheduler.cpp:367] [mgpu-audit] pipeline_task dispatched to GPU 0 task_id=22
[2026-07-08 04:12:58.658] [info] [task_scheduler.cpp:369] [locality-audit] dispatch task_id=22 preferred_device=0 actual_gpu=0
[2026-07-08 04:12:58.658] [info] [gpu_pipeline_task.cpp:184] [locality-audit] prepare_after pipeline_id=10 task_id=21 preferred_device=0 actual_gpu=0 target_tier=GPU target_device=0 input_bytes=119496824 local_bytes=119496824 remote_gpu_bytes=0 host_bytes=0 disk_bytes=0 batch_count=1
[2026-07-08 04:12:58.658] [info] [gpu_pipeline_task.cpp:313] [stage-audit] pipeline_id=10 task_id=21 operator_id=35 operator_name=PARTITION stage_kind=PARTITION operator_type=82 input_type=PIPELINEABLE output_type=PIPELINEABLE actual_gpu=0 pipeline_operator_count=1 input_batches=1 input_rows=2443360 input_columns=4 input_bytes=119496824 output_batches=1 output_rows=2443360 output_columns=4 output_bytes=119496824 byte_ratio=1.000000 row_ratio=1.000000 duration_us=1
[2026-07-08 04:12:58.658] [info] [gpu_pipeline_task.cpp:184] [locality-audit] prepare_before pipeline_id=10 task_id=22 preferred_device=0 actual_gpu=0 target_tier=GPU target_device=0 input_bytes=171018648 local_bytes=171018648 remote_gpu_bytes=0 host_bytes=0 disk_bytes=0 batch_count=1
[2026-07-08 04:12:58.658] [info] [gpu_pipeline_task.cpp:184] [locality-audit] prepare_after pipeline_id=10 task_id=22 preferred_device=0 actual_gpu=0 target_tier=GPU target_device=0 input_bytes=171018648 local_bytes=171018648 remote_gpu_bytes=0 host_bytes=0 disk_bytes=0 batch_count=1
[2026-07-08 04:12:58.658] [info] [gpu_pipeline_task.cpp:313] [stage-audit] pipeline_id=10 task_id=22 operator_id=35 operator_name=PARTITION stage_kind=PARTITION operator_type=82 input_type=PIPELINEABLE output_type=PIPELINEABLE actual_gpu=0 pipeline_operator_count=1 input_batches=1 input_rows=3496988 input_columns=4 input_bytes=171018648 output_batches=1 output_rows=3496988 output_columns=4 output_bytes=171018648 byte_ratio=1.000000 row_ratio=1.000000 duration_us=1
[2026-07-08 04:12:58.658] [info] [task_scheduler.cpp:367] [mgpu-audit] pipeline_task dispatched to GPU 1 task_id=24
[2026-07-08 04:12:58.658] [info] [task_scheduler.cpp:369] [locality-audit] dispatch task_id=24 preferred_device=1 actual_gpu=1
[2026-07-08 04:12:58.658] [info] [gpu_pipeline_task.cpp:184] [locality-audit] prepare_before pipeline_id=10 task_id=23 preferred_device=1 actual_gpu=1 target_tier=GPU target_device=1 input_bytes=171093972 local_bytes=171093972 remote_gpu_bytes=0 host_bytes=0 disk_bytes=0 batch_count=1
[2026-07-08 04:12:58.658] [info] [gpu_pipeline_task.cpp:184] [locality-audit] prepare_before pipeline_id=10 task_id=24 preferred_device=1 actual_gpu=1 target_tier=GPU target_device=1 input_bytes=119491108 local_bytes=119491108 remote_gpu_bytes=0 host_bytes=0 disk_bytes=0 batch_count=1
[2026-07-08 04:12:58.658] [info] [gpu_pipeline_task.cpp:184] [locality-audit] prepare_after pipeline_id=10 task_id=24 preferred_device=1 actual_gpu=1 target_tier=GPU target_device=1 input_bytes=119491108 local_bytes=119491108 remote_gpu_bytes=0 host_bytes=0 disk_bytes=0 batch_count=1
[2026-07-08 04:12:58.658] [info] [gpu_pipeline_task.cpp:313] [stage-audit] pipeline_id=10 task_id=24 operator_id=35 operator_name=PARTITION stage_kind=PARTITION operator_type=82 input_type=PIPELINEABLE output_type=PIPELINEABLE actual_gpu=1 pipeline_operator_count=1 input_batches=1 input_rows=2443312 input_columns=4 input_bytes=119491108 output_batches=1 output_rows=2443312 output_columns=4 output_bytes=119491108 byte_ratio=1.000000 row_ratio=1.000000 duration_us=1
[2026-07-08 04:12:58.658] [info] [gpu_pipeline_task.cpp:184] [locality-audit] prepare_after pipeline_id=10 task_id=23 preferred_device=1 actual_gpu=1 target_tier=GPU target_device=1 input_bytes=171093972 local_bytes=171093972 remote_gpu_bytes=0 host_bytes=0 disk_bytes=0 batch_count=1
[2026-07-08 04:12:58.658] [info] [gpu_pipeline_task.cpp:313] [stage-audit] pipeline_id=10 task_id=23 operator_id=35 operator_name=PARTITION stage_kind=PARTITION operator_type=82 input_type=PIPELINEABLE output_type=PIPELINEABLE actual_gpu=1 pipeline_operator_count=1 input_batches=1 input_rows=3498620 input_columns=4 input_bytes=171093972 output_batches=1 output_rows=3498620 output_columns=4 output_bytes=171093972 byte_ratio=1.000000 row_ratio=1.000000 duration_us=6
[2026-07-08 04:12:58.659] [info] [task_scheduler.cpp:367] [mgpu-audit] pipeline_task dispatched to GPU 0 task_id=25
[2026-07-08 04:12:58.659] [info] [task_scheduler.cpp:369] [locality-audit] dispatch task_id=25 preferred_device=0 actual_gpu=0
[2026-07-08 04:12:58.659] [info] [task_scheduler.cpp:367] [mgpu-audit] pipeline_task dispatched to GPU 0 task_id=26
[2026-07-08 04:12:58.659] [info] [task_scheduler.cpp:369] [locality-audit] dispatch task_id=26 preferred_device=0 actual_gpu=0
[2026-07-08 04:12:58.659] [info] [gpu_pipeline_task.cpp:184] [locality-audit] prepare_before pipeline_id=11 task_id=25 preferred_device=0 actual_gpu=0 target_tier=GPU target_device=0 input_bytes=410006580 local_bytes=290515472 remote_gpu_bytes=119491108 host_bytes=0 disk_bytes=0 batch_count=3
[2026-07-08 04:12:58.659] [info] [gpu_pipeline_task.cpp:184] [locality-audit] prepare_before pipeline_id=11 task_id=26 preferred_device=0 actual_gpu=0 target_tier=GPU target_device=0 input_bytes=171093972 local_bytes=0 remote_gpu_bytes=171093972 host_bytes=0 disk_bytes=0 batch_count=1
[2026-07-08 04:12:58.676] [info] [gpu_pipeline_task.cpp:184] [locality-audit] prepare_after pipeline_id=11 task_id=25 preferred_device=0 actual_gpu=0 target_tier=GPU target_device=0 input_bytes=410006580 local_bytes=410006580 remote_gpu_bytes=0 host_bytes=0 disk_bytes=0 batch_count=3
[2026-07-08 04:12:58.677] [info] [gpu_pipeline_task.cpp:184] [locality-audit] prepare_after pipeline_id=11 task_id=26 preferred_device=0 actual_gpu=0 target_tier=GPU target_device=0 input_bytes=171093972 local_bytes=171093972 remote_gpu_bytes=0 host_bytes=0 disk_bytes=0 batch_count=1
[2026-07-08 04:12:58.677] [info] [gpu_pipeline_task.cpp:313] [stage-audit] pipeline_id=11 task_id=26 operator_id=34 operator_name=CONCAT stage_kind=CONCAT operator_type=83 input_type=PARTITIONED output_type=PARTITIONED actual_gpu=0 pipeline_operator_count=1 input_batches=1 input_rows=3498620 input_columns=4 input_bytes=171093972 output_batches=1 output_rows=3498620 output_columns=4 output_bytes=171093972 byte_ratio=1.000000 row_ratio=1.000000 duration_us=2
[2026-07-08 04:12:58.677] [info] [task_scheduler.cpp:367] [mgpu-audit] pipeline_task dispatched to GPU 1 task_id=27
[2026-07-08 04:12:58.677] [info] [task_scheduler.cpp:369] [locality-audit] dispatch task_id=27 preferred_device=1 actual_gpu=1
[2026-07-08 04:12:58.677] [info] [gpu_pipeline_task.cpp:184] [locality-audit] prepare_before pipeline_id=12 task_id=27 preferred_device=1 actual_gpu=1 target_tier=GPU target_device=1 input_bytes=171097868 local_bytes=0 remote_gpu_bytes=171097868 host_bytes=0 disk_bytes=0 batch_count=2
[2026-07-08 04:12:58.688] [info] [gpu_pipeline_task.cpp:313] [stage-audit] pipeline_id=11 task_id=25 operator_id=34 operator_name=CONCAT stage_kind=CONCAT operator_type=83 input_type=PARTITIONED output_type=PARTITIONED actual_gpu=0 pipeline_operator_count=1 input_batches=3 input_rows=8383660 input_columns=12 input_bytes=410006580 output_batches=1 output_rows=8383660 output_columns=4 output_bytes=407910308 byte_ratio=0.994887 row_ratio=1.000000 duration_us=11495
[2026-07-08 04:12:58.697] [info] [gpu_pipeline_task.cpp:184] [locality-audit] prepare_after pipeline_id=12 task_id=27 preferred_device=1 actual_gpu=1 target_tier=GPU target_device=1 input_bytes=171097868 local_bytes=171097868 remote_gpu_bytes=0 host_bytes=0 disk_bytes=0 batch_count=2
[2026-07-08 04:12:58.708] [info] [gpu_pipeline_task.cpp:313] [stage-audit] pipeline_id=12 task_id=27 operator_id=17 operator_name=HASH_JOIN stage_kind=JOIN operator_type=33 input_type=PARTITIONED output_type=PIPELINEABLE actual_gpu=1 pipeline_operator_count=4 input_batches=2 input_rows=3499099 input_columns=5 input_bytes=171097868 output_batches=1 output_rows=3498620 output_columns=5 output_bytes=174592592 byte_ratio=1.020425 row_ratio=0.999863 duration_us=11135
[2026-07-08 04:12:58.721] [info] [gpu_pipeline_task.cpp:313] [stage-audit] pipeline_id=12 task_id=27 operator_id=18 operator_name=FILTER stage_kind=FILTER operator_type=12 input_type=PIPELINEABLE output_type=PIPELINEABLE actual_gpu=1 pipeline_operator_count=4 input_batches=1 input_rows=3498620 input_columns=5 input_bytes=174592592 output_batches=1 output_rows=3496960 output_columns=5 output_bytes=174509729 byte_ratio=0.999525 row_ratio=0.999526 duration_us=13371
[2026-07-08 04:12:58.723] [info] [gpu_pipeline_task.cpp:313] [stage-audit] pipeline_id=12 task_id=27 operator_id=21 operator_name=PROJECTION stage_kind=PROJECTION operator_type=13 input_type=PIPELINEABLE output_type=PIPELINEABLE actual_gpu=1 pipeline_operator_count=4 input_batches=1 input_rows=3496960 input_columns=5 input_bytes=174509729 output_batches=1 output_rows=3496960 output_columns=4 output_bytes=171012769 byte_ratio=0.979961 row_ratio=1.000000 duration_us=1294
[2026-07-08 04:12:58.816] [info] [gpu_pipeline_task.cpp:313] [stage-audit] pipeline_id=12 task_id=27 operator_id=22 operator_name=HASH_GROUP_BY stage_kind=AGGREGATE operator_type=9 input_type=PIPELINEABLE output_type=PIPELINEABLE actual_gpu=1 pipeline_operator_count=4 input_batches=1 input_rows=3496960 input_columns=4 input_bytes=171012769 output_batches=1 output_rows=27840 output_columns=4 output_bytes=29224396 byte_ratio=0.170890 row_ratio=0.007961 duration_us=93555
[2026-07-08 04:12:58.816] [warning] [gpu_pipeline_task.cpp:81] gpu_pipeline_task: operator 'HASH_GROUP_BY' (id=22) output batch 0 column 3 datatype mismatch: got cudf::list_view, expected int64_t
[2026-07-08 04:12:58.817] [info] [task_scheduler.cpp:367] [mgpu-audit] pipeline_task dispatched to GPU 1 task_id=28
[2026-07-08 04:12:58.817] [info] [task_scheduler.cpp:369] [locality-audit] dispatch task_id=28 preferred_device=1 actual_gpu=1
[2026-07-08 04:12:58.817] [info] [gpu_pipeline_task.cpp:184] [locality-audit] prepare_before pipeline_id=12 task_id=28 preferred_device=1 actual_gpu=1 target_tier=GPU target_device=1 input_bytes=407910308 local_bytes=0 remote_gpu_bytes=407910308 host_bytes=0 disk_bytes=0 batch_count=1
[2026-07-08 04:12:58.852] [info] [gpu_pipeline_task.cpp:184] [locality-audit] prepare_after pipeline_id=12 task_id=28 preferred_device=1 actual_gpu=1 target_tier=GPU target_device=1 input_bytes=407910308 local_bytes=407910308 remote_gpu_bytes=0 host_bytes=0 disk_bytes=0 batch_count=1
[2026-07-08 04:12:58.856] [info] [gpu_pipeline_task.cpp:313] [stage-audit] pipeline_id=12 task_id=28 operator_id=17 operator_name=HASH_JOIN stage_kind=JOIN operator_type=33 input_type=PARTITIONED output_type=PIPELINEABLE actual_gpu=1 pipeline_operator_count=4 input_batches=1 input_rows=8383660 input_columns=4 input_bytes=407910308 output_batches=1 output_rows=8383660 output_columns=5 output_bytes=416293968 byte_ratio=1.020553 row_ratio=1.000000 duration_us=3418
[2026-07-08 04:12:58.861] [info] [gpu_pipeline_task.cpp:313] [stage-audit] pipeline_id=12 task_id=28 operator_id=18 operator_name=FILTER stage_kind=FILTER operator_type=12 input_type=PIPELINEABLE output_type=PIPELINEABLE actual_gpu=1 pipeline_operator_count=4 input_batches=1 input_rows=8383660 input_columns=5 input_bytes=416293968 output_batches=1 output_rows=8379668 output_columns=5 output_bytes=416095873 byte_ratio=0.999524 row_ratio=0.999524 duration_us=5074
[2026-07-08 04:12:58.863] [info] [gpu_pipeline_task.cpp:313] [stage-audit] pipeline_id=12 task_id=28 operator_id=21 operator_name=PROJECTION stage_kind=PROJECTION operator_type=13 input_type=PIPELINEABLE output_type=PIPELINEABLE actual_gpu=1 pipeline_operator_count=4 input_batches=1 input_rows=8379668 input_columns=5 input_bytes=416095873 output_batches=1 output_rows=8379668 output_columns=4 output_bytes=407716205 byte_ratio=0.979861 row_ratio=1.000000 duration_us=2519
[2026-07-08 04:12:58.994] [info] [gpu_pipeline_task.cpp:313] [stage-audit] pipeline_id=12 task_id=28 operator_id=22 operator_name=HASH_GROUP_BY stage_kind=AGGREGATE operator_type=9 input_type=PIPELINEABLE output_type=PIPELINEABLE actual_gpu=1 pipeline_operator_count=4 input_batches=1 input_rows=8379668 input_columns=4 input_bytes=407716205 output_batches=1 output_rows=27840 output_columns=4 output_bytes=68270596 byte_ratio=0.167446 row_ratio=0.003322 duration_us=130339
[2026-07-08 04:12:58.994] [warning] [gpu_pipeline_task.cpp:81] gpu_pipeline_task: operator 'HASH_GROUP_BY' (id=22) output batch 0 column 3 datatype mismatch: got cudf::list_view, expected int64_t
[2026-07-08 04:12:58.995] [info] [task_creator.cpp:352] [locality-audit] task_create operator_id=36 input_bytes=29224396 local_bytes=29224396 gpu_source_bytes=29224396 host_source_bytes=0 disk_source_bytes=0 gpu_sources=1 host_sources=0 preferred_device=1
[2026-07-08 04:12:58.995] [info] [task_creator.cpp:352] [locality-audit] task_create operator_id=36 input_bytes=68270596 local_bytes=68270596 gpu_source_bytes=68270596 host_source_bytes=0 disk_source_bytes=0 gpu_sources=1 host_sources=0 preferred_device=1
[2026-07-08 04:12:58.995] [info] [task_scheduler.cpp:367] [mgpu-audit] pipeline_task dispatched to GPU 1 task_id=29
[2026-07-08 04:12:58.995] [info] [task_scheduler.cpp:369] [locality-audit] dispatch task_id=29 preferred_device=1 actual_gpu=1
[2026-07-08 04:12:58.995] [info] [task_scheduler.cpp:367] [mgpu-audit] pipeline_task dispatched to GPU 1 task_id=30
[2026-07-08 04:12:58.995] [info] [task_scheduler.cpp:369] [locality-audit] dispatch task_id=30 preferred_device=1 actual_gpu=1
[2026-07-08 04:12:58.995] [info] [gpu_pipeline_task.cpp:184] [locality-audit] prepare_before pipeline_id=13 task_id=29 preferred_device=1 actual_gpu=1 target_tier=GPU target_device=1 input_bytes=29224396 local_bytes=29224396 remote_gpu_bytes=0 host_bytes=0 disk_bytes=0 batch_count=1
[2026-07-08 04:12:58.995] [info] [gpu_pipeline_task.cpp:184] [locality-audit] prepare_before pipeline_id=13 task_id=30 preferred_device=1 actual_gpu=1 target_tier=GPU target_device=1 input_bytes=68270596 local_bytes=68270596 remote_gpu_bytes=0 host_bytes=0 disk_bytes=0 batch_count=1
[2026-07-08 04:12:58.995] [info] [gpu_pipeline_task.cpp:184] [locality-audit] prepare_after pipeline_id=13 task_id=29 preferred_device=1 actual_gpu=1 target_tier=GPU target_device=1 input_bytes=29224396 local_bytes=29224396 remote_gpu_bytes=0 host_bytes=0 disk_bytes=0 batch_count=1
[2026-07-08 04:12:58.995] [info] [gpu_pipeline_task.cpp:184] [locality-audit] prepare_after pipeline_id=13 task_id=30 preferred_device=1 actual_gpu=1 target_tier=GPU target_device=1 input_bytes=68270596 local_bytes=68270596 remote_gpu_bytes=0 host_bytes=0 disk_bytes=0 batch_count=1
[2026-07-08 04:12:59.004] [info] [gpu_pipeline_task.cpp:313] [stage-audit] pipeline_id=13 task_id=30 operator_id=36 operator_name=PARTITION stage_kind=PARTITION operator_type=82 input_type=PIPELINEABLE output_type=PIPELINEABLE actual_gpu=1 pipeline_operator_count=1 input_batches=1 input_rows=27840 input_columns=4 input_bytes=68270596 output_batches=2 output_rows=27840 output_columns=8 output_bytes=68270608 byte_ratio=1.000000 row_ratio=1.000000 duration_us=8651
[2026-07-08 04:12:59.004] [warning] [gpu_pipeline_task.cpp:81] gpu_pipeline_task: operator 'PARTITION' (id=36) output batch 0 column 3 datatype mismatch: got cudf::list_view, expected int64_t
[2026-07-08 04:12:59.004] [info] [gpu_pipeline_task.cpp:313] [stage-audit] pipeline_id=13 task_id=29 operator_id=36 operator_name=PARTITION stage_kind=PARTITION operator_type=82 input_type=PIPELINEABLE output_type=PIPELINEABLE actual_gpu=1 pipeline_operator_count=1 input_batches=1 input_rows=27840 input_columns=4 input_bytes=29224396 output_batches=2 output_rows=27840 output_columns=8 output_bytes=29224536 byte_ratio=1.000005 row_ratio=1.000000 duration_us=8839
[2026-07-08 04:12:59.004] [warning] [gpu_pipeline_task.cpp:81] gpu_pipeline_task: operator 'PARTITION' (id=36) output batch 0 column 3 datatype mismatch: got cudf::list_view, expected int64_t
[2026-07-08 04:12:59.004] [info] [task_scheduler.cpp:367] [mgpu-audit] pipeline_task dispatched to GPU 0 task_id=31
[2026-07-08 04:12:59.004] [info] [task_scheduler.cpp:369] [locality-audit] dispatch task_id=31 preferred_device=0 actual_gpu=0
[2026-07-08 04:12:59.004] [info] [task_scheduler.cpp:367] [mgpu-audit] pipeline_task dispatched to GPU 1 task_id=32
[2026-07-08 04:12:59.004] [info] [task_scheduler.cpp:369] [locality-audit] dispatch task_id=32 preferred_device=1 actual_gpu=1
[2026-07-08 04:12:59.004] [info] [gpu_pipeline_task.cpp:184] [locality-audit] prepare_before pipeline_id=14 task_id=32 preferred_device=1 actual_gpu=1 target_tier=GPU target_device=1 input_bytes=48778760 local_bytes=48778760 remote_gpu_bytes=0 host_bytes=0 disk_bytes=0 batch_count=2
[2026-07-08 04:12:59.004] [info] [gpu_pipeline_task.cpp:184] [locality-audit] prepare_after pipeline_id=14 task_id=32 preferred_device=1 actual_gpu=1 target_tier=GPU target_device=1 input_bytes=48778760 local_bytes=48778760 remote_gpu_bytes=0 host_bytes=0 disk_bytes=0 batch_count=2
[2026-07-08 04:12:59.004] [info] [gpu_pipeline_task.cpp:184] [locality-audit] prepare_before pipeline_id=14 task_id=31 preferred_device=0 actual_gpu=0 target_tier=GPU target_device=0 input_bytes=48716384 local_bytes=0 remote_gpu_bytes=48716384 host_bytes=0 disk_bytes=0 batch_count=2
[2026-07-08 04:12:59.016] [info] [gpu_pipeline_task.cpp:184] [locality-audit] prepare_after pipeline_id=14 task_id=31 preferred_device=0 actual_gpu=0 target_tier=GPU target_device=0 input_bytes=48716384 local_bytes=48716384 remote_gpu_bytes=0 host_bytes=0 disk_bytes=0 batch_count=2
[2026-07-08 04:12:59.030] [info] [gpu_pipeline_task.cpp:313] [stage-audit] pipeline_id=14 task_id=32 operator_id=37 operator_name=MERGE_GROUP_BY stage_kind=AGGREGATE operator_type=85 input_type=PARTITIONED output_type=PIPELINEABLE actual_gpu=1 pipeline_operator_count=1 input_batches=2 input_rows=27832 input_columns=8 input_bytes=48778760 output_batches=1 output_rows=13916 output_columns=4 output_bytes=677016 byte_ratio=0.013879 row_ratio=0.500000 duration_us=25848
[2026-07-08 04:12:59.046] [info] [gpu_pipeline_task.cpp:313] [stage-audit] pipeline_id=14 task_id=31 operator_id=37 operator_name=MERGE_GROUP_BY stage_kind=AGGREGATE operator_type=85 input_type=PARTITIONED output_type=PIPELINEABLE actual_gpu=0 pipeline_operator_count=1 input_batches=2 input_rows=27848 input_columns=8 input_bytes=48716384 output_batches=1 output_rows=13924 output_columns=4 output_bytes=677560 byte_ratio=0.013908 row_ratio=0.500000 duration_us=30124
[2026-07-08 04:12:59.046] [info] [task_creator.cpp:352] [locality-audit] task_create operator_id=23 input_bytes=677016 local_bytes=677016 gpu_source_bytes=677016 host_source_bytes=0 disk_source_bytes=0 gpu_sources=1 host_sources=0 preferred_device=1
[2026-07-08 04:12:59.046] [info] [task_creator.cpp:352] [locality-audit] task_create operator_id=23 input_bytes=677560 local_bytes=677560 gpu_source_bytes=677560 host_source_bytes=0 disk_source_bytes=0 gpu_sources=1 host_sources=0 preferred_device=0
[2026-07-08 04:12:59.046] [info] [task_scheduler.cpp:367] [mgpu-audit] pipeline_task dispatched to GPU 1 task_id=33
[2026-07-08 04:12:59.046] [info] [task_scheduler.cpp:369] [locality-audit] dispatch task_id=33 preferred_device=1 actual_gpu=1
[2026-07-08 04:12:59.046] [info] [task_scheduler.cpp:367] [mgpu-audit] pipeline_task dispatched to GPU 0 task_id=34
[2026-07-08 04:12:59.046] [info] [task_scheduler.cpp:369] [locality-audit] dispatch task_id=34 preferred_device=0 actual_gpu=0
[2026-07-08 04:12:59.046] [info] [gpu_pipeline_task.cpp:184] [locality-audit] prepare_before pipeline_id=15 task_id=33 preferred_device=1 actual_gpu=1 target_tier=GPU target_device=1 input_bytes=677016 local_bytes=677016 remote_gpu_bytes=0 host_bytes=0 disk_bytes=0 batch_count=1
[2026-07-08 04:12:59.046] [info] [gpu_pipeline_task.cpp:184] [locality-audit] prepare_after pipeline_id=15 task_id=33 preferred_device=1 actual_gpu=1 target_tier=GPU target_device=1 input_bytes=677016 local_bytes=677016 remote_gpu_bytes=0 host_bytes=0 disk_bytes=0 batch_count=1
[2026-07-08 04:12:59.046] [info] [gpu_pipeline_task.cpp:184] [locality-audit] prepare_before pipeline_id=15 task_id=34 preferred_device=0 actual_gpu=0 target_tier=GPU target_device=0 input_bytes=677560 local_bytes=677560 remote_gpu_bytes=0 host_bytes=0 disk_bytes=0 batch_count=1
[2026-07-08 04:12:59.046] [info] [gpu_pipeline_task.cpp:184] [locality-audit] prepare_after pipeline_id=15 task_id=34 preferred_device=0 actual_gpu=0 target_tier=GPU target_device=0 input_bytes=677560 local_bytes=677560 remote_gpu_bytes=0 host_bytes=0 disk_bytes=0 batch_count=1
[2026-07-08 04:12:59.049] [info] [gpu_pipeline_task.cpp:313] [stage-audit] pipeline_id=15 task_id=34 operator_id=23 operator_name=ORDER_BY stage_kind=SORT operator_type=1 input_type=PIPELINEABLE output_type=PIPELINEABLE actual_gpu=0 pipeline_operator_count=1 input_batches=1 input_rows=13924 input_columns=4 input_bytes=677560 output_batches=1 output_rows=13924 output_columns=4 output_bytes=677560 byte_ratio=1.000000 row_ratio=1.000000 duration_us=2526
[2026-07-08 04:12:59.049] [info] [gpu_pipeline_task.cpp:313] [stage-audit] pipeline_id=15 task_id=33 operator_id=23 operator_name=ORDER_BY stage_kind=SORT operator_type=1 input_type=PIPELINEABLE output_type=PIPELINEABLE actual_gpu=1 pipeline_operator_count=1 input_batches=1 input_rows=13916 input_columns=4 input_bytes=677016 output_batches=1 output_rows=13916 output_columns=4 output_bytes=677016 byte_ratio=1.000000 row_ratio=1.000000 duration_us=2787
[2026-07-08 04:12:59.049] [info] [task_creator.cpp:352] [locality-audit] task_create operator_id=38 input_bytes=1354576 local_bytes=677560 gpu_source_bytes=1354576 host_source_bytes=0 disk_source_bytes=0 gpu_sources=2 host_sources=0 preferred_device=0
[2026-07-08 04:12:59.049] [info] [task_scheduler.cpp:367] [mgpu-audit] pipeline_task dispatched to GPU 0 task_id=35
[2026-07-08 04:12:59.049] [info] [task_scheduler.cpp:369] [locality-audit] dispatch task_id=35 preferred_device=0 actual_gpu=0
[2026-07-08 04:12:59.049] [info] [gpu_pipeline_task.cpp:184] [locality-audit] prepare_before pipeline_id=16 task_id=35 preferred_device=0 actual_gpu=0 target_tier=GPU target_device=0 input_bytes=1354576 local_bytes=677560 remote_gpu_bytes=677016 host_bytes=0 disk_bytes=0 batch_count=2
[2026-07-08 04:12:59.050] [info] [gpu_pipeline_task.cpp:184] [locality-audit] prepare_after pipeline_id=16 task_id=35 preferred_device=0 actual_gpu=0 target_tier=GPU target_device=0 input_bytes=1354576 local_bytes=1354576 remote_gpu_bytes=0 host_bytes=0 disk_bytes=0 batch_count=2
[2026-07-08 04:12:59.065] [info] [gpu_pipeline_task.cpp:313] [stage-audit] pipeline_id=16 task_id=35 operator_id=38 operator_name=SORT_SAMPLE stage_kind=SORT operator_type=89 input_type=PIPELINEABLE output_type=PIPELINEABLE actual_gpu=0 pipeline_operator_count=2 input_batches=2 input_rows=27840 input_columns=8 input_bytes=1354576 output_batches=2 output_rows=27840 output_columns=8 output_bytes=1354576 byte_ratio=1.000000 row_ratio=1.000000 duration_us=14978
[2026-07-08 04:12:59.070] [info] [gpu_pipeline_task.cpp:313] [stage-audit] pipeline_id=16 task_id=35 operator_id=39 operator_name=SORT_PARTITION stage_kind=SORT operator_type=88 input_type=PIPELINEABLE output_type=PIPELINEABLE actual_gpu=0 pipeline_operator_count=2 input_batches=2 input_rows=27840 input_columns=8 input_bytes=1354576 output_batches=4 output_rows=27840 output_columns=16 output_bytes=1354592 byte_ratio=1.000012 row_ratio=1.000000 duration_us=5528
[2026-07-08 04:12:59.071] [info] [task_creator.cpp:352] [locality-audit] task_create operator_id=40 input_bytes=1354592 local_bytes=1354592 gpu_source_bytes=1354592 host_source_bytes=0 disk_source_bytes=0 gpu_sources=1 host_sources=0 preferred_device=0
[2026-07-08 04:12:59.071] [info] [task_scheduler.cpp:367] [mgpu-audit] pipeline_task dispatched to GPU 0 task_id=36
[2026-07-08 04:12:59.071] [info] [task_scheduler.cpp:369] [locality-audit] dispatch task_id=36 preferred_device=0 actual_gpu=0
[2026-07-08 04:12:59.071] [info] [gpu_pipeline_task.cpp:184] [locality-audit] prepare_before pipeline_id=17 task_id=36 preferred_device=0 actual_gpu=0 target_tier=GPU target_device=0 input_bytes=1354592 local_bytes=1354592 remote_gpu_bytes=0 host_bytes=0 disk_bytes=0 batch_count=4
[2026-07-08 04:12:59.071] [info] [gpu_pipeline_task.cpp:184] [locality-audit] prepare_after pipeline_id=17 task_id=36 preferred_device=0 actual_gpu=0 target_tier=GPU target_device=0 input_bytes=1354592 local_bytes=1354592 remote_gpu_bytes=0 host_bytes=0 disk_bytes=0 batch_count=4
[2026-07-08 04:12:59.074] [info] [gpu_pipeline_task.cpp:313] [stage-audit] pipeline_id=17 task_id=36 operator_id=40 operator_name=MERGE_SORT stage_kind=SORT operator_type=84 input_type=PIPELINEABLE output_type=PIPELINEABLE actual_gpu=0 pipeline_operator_count=1 input_batches=4 input_rows=27840 input_columns=16 input_bytes=1354592 output_batches=1 output_rows=27840 output_columns=4 output_bytes=1354568 byte_ratio=0.999982 row_ratio=1.000000 duration_us=2569
[2026-07-08 04:12:59.074] [info] [task_creator.cpp:352] [locality-audit] task_create operator_id=24 input_bytes=1354568 local_bytes=1354568 gpu_source_bytes=1354568 host_source_bytes=0 disk_source_bytes=0 gpu_sources=1 host_sources=0 preferred_device=0
[2026-07-08 04:12:59.074] [info] [task_scheduler.cpp:367] [mgpu-audit] pipeline_task dispatched to GPU 0 task_id=37
[2026-07-08 04:12:59.074] [info] [task_scheduler.cpp:369] [locality-audit] dispatch task_id=37 preferred_device=0 actual_gpu=0
[2026-07-08 04:12:59.074] [info] [gpu_pipeline_task.cpp:184] [locality-audit] prepare_before pipeline_id=18 task_id=37 preferred_device=0 actual_gpu=0 target_tier=GPU target_device=0 input_bytes=1354568 local_bytes=1354568 remote_gpu_bytes=0 host_bytes=0 disk_bytes=0 batch_count=1
[2026-07-08 04:12:59.074] [info] [gpu_pipeline_task.cpp:184] [locality-audit] prepare_after pipeline_id=18 task_id=37 preferred_device=0 actual_gpu=0 target_tier=GPU target_device=0 input_bytes=1354568 local_bytes=1354568 remote_gpu_bytes=0 host_bytes=0 disk_bytes=0 batch_count=1
[2026-07-08 04:12:59.074] [info] [gpu_pipeline_task.cpp:313] [stage-audit] pipeline_id=18 task_id=37 operator_id=24 operator_name=RESULT_COLLECTOR stage_kind=RESULT operator_type=76 input_type=PIPELINEABLE output_type=PIPELINEABLE actual_gpu=0 pipeline_operator_count=1 input_batches=1 input_rows=27840 input_columns=4 input_bytes=1354568 output_batches=1 output_rows=27840 output_columns=4 output_bytes=1354568 byte_ratio=1.000000 row_ratio=1.000000 duration_us=1
[2026-07-08 04:12:59.094] [info] [gpu_pipeline_executor.cpp:118] GPU Pipeline Executor: task queue interrupted, stopping manager loop
[2026-07-08 04:12:59.095] [info] [gpu_pipeline_executor.cpp:118] GPU Pipeline Executor: task queue interrupted, stopping manager loop
[2026-07-08 04:12:59.097] [info] [physical_sirius_execution.cpp:160] Transparent GPU execution: query completed
[2026-07-08 04:12:59.112] [info] [sirius_context.cpp:258] QueryEnd
[2026-07-08 04:12:59.120] [info] [:] [host_pool] HOST:0 QueryEnd allocated=5242880 bytes peak=327155712 bytes free_blocks=507
[2026-07-08 04:12:59.120] [info] [:] [gpu_pool] GPU:0 QueryEnd allocated=933832960 bytes peak=3217589664 bytes reserved=0 bytes
[2026-07-08 04:12:59.120] [info] [:] [gpu_pool] GPU:1 QueryEnd allocated=536793600 bytes peak=2819416072 bytes reserved=0 bytes
[2026-07-08 04:12:59.124] [info] [:] [host_pool] HOST:0 QueryBegin allocated=5242880 bytes peak=327155712 bytes free_blocks=507
[2026-07-08 04:12:59.124] [info] [:] [gpu_pool] GPU:0 QueryBegin allocated=933832960 bytes peak=3217589664 bytes reserved=0 bytes
[2026-07-08 04:12:59.124] [info] [:] [gpu_pool] GPU:1 QueryBegin allocated=536793600 bytes peak=2819416072 bytes reserved=0 bytes
[2026-07-08 04:12:59.124] [info] [sirius_context.cpp:242] QueryBegin: SQL: CALL unpin_table('part')
[2026-07-08 04:12:59.125] [info] [sirius_context.cpp:258] QueryEnd
[2026-07-08 04:12:59.130] [info] [:] [host_pool] HOST:0 QueryEnd allocated=5242880 bytes peak=327155712 bytes free_blocks=507
[2026-07-08 04:12:59.130] [info] [:] [gpu_pool] GPU:0 QueryEnd allocated=771332864 bytes peak=3217589664 bytes reserved=0 bytes
[2026-07-08 04:12:59.130] [info] [:] [gpu_pool] GPU:1 QueryEnd allocated=536793600 bytes peak=2819416072 bytes reserved=0 bytes
[2026-07-08 04:12:59.131] [info] [:] [host_pool] HOST:0 QueryBegin allocated=5242880 bytes peak=327155712 bytes free_blocks=507
[2026-07-08 04:12:59.131] [info] [:] [gpu_pool] GPU:0 QueryBegin allocated=771332864 bytes peak=3217589664 bytes reserved=0 bytes
[2026-07-08 04:12:59.131] [info] [:] [gpu_pool] GPU:1 QueryBegin allocated=536793600 bytes peak=2819416072 bytes reserved=0 bytes
[2026-07-08 04:12:59.131] [info] [sirius_context.cpp:242] QueryBegin: SQL: CALL unpin_table('partsupp')
[2026-07-08 04:12:59.131] [info] [sirius_context.cpp:258] QueryEnd
[2026-07-08 04:12:59.141] [info] [:] [host_pool] HOST:0 QueryEnd allocated=5242880 bytes peak=327155712 bytes free_blocks=507
[2026-07-08 04:12:59.141] [info] [:] [gpu_pool] GPU:0 QueryEnd allocated=8125184 bytes peak=3217589664 bytes reserved=0 bytes
[2026-07-08 04:12:59.141] [info] [:] [gpu_pool] GPU:1 QueryEnd allocated=0 bytes peak=2819416072 bytes reserved=0 bytes
[2026-07-08 04:12:59.141] [info] [:] [host_pool] HOST:0 QueryBegin allocated=5242880 bytes peak=327155712 bytes free_blocks=507
[2026-07-08 04:12:59.141] [info] [:] [gpu_pool] GPU:0 QueryBegin allocated=8125184 bytes peak=3217589664 bytes reserved=0 bytes
[2026-07-08 04:12:59.141] [info] [:] [gpu_pool] GPU:1 QueryBegin allocated=0 bytes peak=2819416072 bytes reserved=0 bytes
[2026-07-08 04:12:59.141] [info] [sirius_context.cpp:242] QueryBegin: SQL: CALL unpin_table('supplier')
[2026-07-08 04:12:59.142] [info] [sirius_context.cpp:258] QueryEnd
[2026-07-08 04:12:59.151] [info] [:] [host_pool] HOST:0 QueryEnd allocated=5242880 bytes peak=327155712 bytes free_blocks=507
[2026-07-08 04:12:59.151] [info] [:] [gpu_pool] GPU:0 QueryEnd allocated=0 bytes peak=3217589664 bytes reserved=0 bytes
[2026-07-08 04:12:59.151] [info] [:] [gpu_pool] GPU:1 QueryEnd allocated=0 bytes peak=2819416072 bytes reserved=0 bytes
[2026-07-08 04:12:59.151] [info] [sirius_context.cpp:1013] Connection closed.
[2026-07-08 04:12:59.156] [info] [task_scheduler.cpp:295] Task request channel closed, exiting management event loop.
[2026-07-08 04:12:59.156] [info] [gpu_pipeline_executor.cpp:118] GPU Pipeline Executor: task queue interrupted, stopping manager loop
[2026-07-08 04:12:59.156] [info] [gpu_pipeline_executor.cpp:118] GPU Pipeline Executor: task queue interrupted, stopping manager loop
