[2026-07-08 04:13:30.465] [warning] [sirius_config.cpp:459] sirius_config: use_sirius_datasource was false but 2 GPUs are configured; the sirius datasource is required for multi-GPU IO routing. Overriding use_sirius_datasource to true.
[2026-07-08 04:13:30.465] [info] [sirius_context.cpp:1046] Loaded Sirius configuration from file: /home/dy1013/sirius_multi-gpu/experiment/fixed_page_runs/allq_admit4/configs/sirius_2gpu.yaml
[2026-07-08 04:13:30.470] [info] [telemetry_context.cpp:67] Telemetry context initialized (engine=siriusDB)
[2026-07-08 04:13:30.470] [info] [sirius_context.cpp:337] SiriusContext: topology summary — 2 GPU(s), 1 NUMA node(s), host='hicys76'
[2026-07-08 04:13:30.470] [info] [sirius_context.cpp:342]   GPU 0: NVIDIA RTX A5000 (numa=0, pci=00000000:16:00.0)
[2026-07-08 04:13:30.470] [info] [sirius_context.cpp:342]   GPU 1: NVIDIA RTX A5000 (numa=0, pci=00000000:34:00.0)
[2026-07-08 04:13:30.611] [warning] [sirius_context.cpp:352] SiriusContext: disk memory space is not configured; spilling GPU or HOST data to disk is disabled. If queries run out of GPU/HOST memory, downgrades to disk will not be possible.
[2026-07-08 04:13:30.611] [info] [sirius_context.cpp:364] SiriusContext: 1 host memory space(s) created for 1 NUMA node(s)
[2026-07-08 04:13:30.611] [info] [sirius_context.cpp:417] SiriusContext: P2P enabled 0 -> 1
[2026-07-08 04:13:30.611] [info] [sirius_context.cpp:417] SiriusContext: P2P enabled 1 -> 0
[2026-07-08 04:13:30.628] [info] [sirius_context.cpp:477] SiriusContext: cuDF pinned memory resource configured (NUMA-aware, max slab 8192 B, fallback node=0)
[2026-07-08 04:13:30.796] [info] [sirius_context.cpp:1007] Connection opened.
[2026-07-08 04:13:30.796] [info] [sirius_context.cpp:1020] Extension loaded: sirius
[2026-07-08 04:13:30.796] [info] [sirius_context.cpp:258] QueryEnd
[2026-07-08 04:13:30.804] [info] [:] [host_pool] HOST:0 QueryEnd allocated=0 bytes peak=0 bytes free_blocks=512
[2026-07-08 04:13:30.804] [info] [:] [gpu_pool] GPU:0 QueryEnd allocated=0 bytes peak=0 bytes reserved=0 bytes
[2026-07-08 04:13:30.804] [info] [:] [gpu_pool] GPU:1 QueryEnd allocated=0 bytes peak=0 bytes reserved=0 bytes
[2026-07-08 04:13:30.805] [info] [:] [host_pool] HOST:0 QueryBegin allocated=0 bytes peak=0 bytes free_blocks=512
[2026-07-08 04:13:30.805] [info] [:] [gpu_pool] GPU:0 QueryBegin allocated=0 bytes peak=0 bytes reserved=0 bytes
[2026-07-08 04:13:30.805] [info] [:] [gpu_pool] GPU:1 QueryBegin allocated=0 bytes peak=0 bytes reserved=0 bytes
[2026-07-08 04:13:30.805] [info] [sirius_context.cpp:242] QueryBegin: SQL: CALL pin_table('/mnt/nvme/dataset/customer*.parquet', tier='gpu', name='customer', cols=['c_custkey'])
[2026-07-08 04:13:30.867] [info] [sirius_extension.cpp:1060] [fixed-page-cache] pin_table chunk_rr name='customer' chunk=0 rows=15000000 source_gpu=0 target_gpu=0
[2026-07-08 04:13:30.902] [info] [sirius_scan_manager.cpp:903] [fixed-page-cache] page_directory indexed table='customer' fixed_cols=1 pages=58 resident_pages=58 resident_bytes=120000000 stats_pages=58 evicted_pages=0 eviction_count=0 directory_entries=58 page_bytes=2097152 rows=15000000 partial=false
[2026-07-08 04:13:30.902] [info] [sirius_context.cpp:258] QueryEnd
[2026-07-08 04:13:30.905] [info] [:] [host_pool] HOST:0 QueryEnd allocated=4194304 bytes peak=4194304 bytes free_blocks=508
[2026-07-08 04:13:30.905] [info] [:] [gpu_pool] GPU:0 QueryEnd allocated=121875200 bytes peak=241876224 bytes reserved=0 bytes
[2026-07-08 04:13:30.905] [info] [:] [gpu_pool] GPU:1 QueryEnd allocated=0 bytes peak=0 bytes reserved=0 bytes
[2026-07-08 04:13:30.905] [info] [:] [host_pool] HOST:0 QueryBegin allocated=4194304 bytes peak=4194304 bytes free_blocks=508
[2026-07-08 04:13:30.905] [info] [:] [gpu_pool] GPU:0 QueryBegin allocated=121875200 bytes peak=241876224 bytes reserved=0 bytes
[2026-07-08 04:13:30.905] [info] [:] [gpu_pool] GPU:1 QueryBegin allocated=0 bytes peak=0 bytes reserved=0 bytes
[2026-07-08 04:13:30.905] [info] [sirius_context.cpp:242] QueryBegin: SQL: CALL pin_table('/mnt/nvme/dataset/orders*.parquet', tier='gpu', name='orders', cols=['o_custkey'])
[2026-07-08 04:13:31.249] [info] [sirius_extension.cpp:1060] [fixed-page-cache] pin_table chunk_rr name='orders' chunk=0 rows=66071330 source_gpu=0 target_gpu=0
[2026-07-08 04:13:31.397] [info] [sirius_extension.cpp:1049] [fixed-page-cache] pin_table chunk_rr name='orders' chunk=1 rows=66022689 source_gpu=0 target_gpu=1
[2026-07-08 04:13:31.398] [info] [sirius_extension.cpp:1060] [fixed-page-cache] pin_table chunk_rr name='orders' chunk=2 rows=17905981 source_gpu=0 target_gpu=0
[2026-07-08 04:13:31.575] [info] [sirius_scan_manager.cpp:903] [fixed-page-cache] page_directory indexed table='orders' fixed_cols=1 pages=574 resident_pages=574 resident_bytes=1200000000 stats_pages=574 evicted_pages=0 eviction_count=0 directory_entries=574 page_bytes=2097152 rows=150000000 partial=false
[2026-07-08 04:13:31.576] [info] [sirius_context.cpp:258] QueryEnd
[2026-07-08 04:13:31.592] [info] [:] [host_pool] HOST:0 QueryEnd allocated=4194304 bytes peak=532676608 bytes free_blocks=508
[2026-07-08 04:13:31.592] [info] [:] [gpu_pool] GPU:0 QueryEnd allocated=804191488 bytes peak=2395149824 bytes reserved=0 bytes
[2026-07-08 04:13:31.592] [info] [:] [gpu_pool] GPU:1 QueryEnd allocated=536434688 bytes peak=536435712 bytes reserved=0 bytes
[2026-07-08 04:13:31.593] [info] [:] [host_pool] HOST:0 QueryBegin allocated=4194304 bytes peak=532676608 bytes free_blocks=508
[2026-07-08 04:13:31.593] [info] [:] [gpu_pool] GPU:0 QueryBegin allocated=804191488 bytes peak=2395149824 bytes reserved=0 bytes
[2026-07-08 04:13:31.593] [info] [:] [gpu_pool] GPU:1 QueryBegin allocated=536434688 bytes peak=536435712 bytes reserved=0 bytes
[2026-07-08 04:13:31.593] [info] [sirius_context.cpp:242] QueryBegin: SQL: SET gpu_execution = true;
[2026-07-08 04:13:31.594] [info] [sirius_context.cpp:258] QueryEnd
[2026-07-08 04:13:31.613] [info] [:] [host_pool] HOST:0 QueryEnd allocated=4194304 bytes peak=532676608 bytes free_blocks=508
[2026-07-08 04:13:31.613] [info] [:] [gpu_pool] GPU:0 QueryEnd allocated=804191488 bytes peak=2395149824 bytes reserved=0 bytes
[2026-07-08 04:13:31.613] [info] [:] [gpu_pool] GPU:1 QueryEnd allocated=536434688 bytes peak=536435712 bytes reserved=0 bytes
[2026-07-08 04:13:31.614] [info] [:] [host_pool] HOST:0 QueryBegin allocated=4194304 bytes peak=532676608 bytes free_blocks=508
[2026-07-08 04:13:31.614] [info] [:] [gpu_pool] GPU:0 QueryBegin allocated=804191488 bytes peak=2395149824 bytes reserved=0 bytes
[2026-07-08 04:13:31.614] [info] [:] [gpu_pool] GPU:1 QueryBegin allocated=536434688 bytes peak=536435712 bytes reserved=0 bytes
[2026-07-08 04:13:31.614] [info] [sirius_context.cpp:242] QueryBegin: SQL: select cntrycode, count(*) as numcust, sum(c_acctbal) as totacctbal from ( select substring(c_phone from 1 for 2) as cntrycode, c_acctbal from customer c where substring(c_phone from 1 for 2) in ('24', '31', '11', '16', '21', '20', '34') and c_acctbal > ( select avg(c_acctbal) from customer where c_acctbal > 0.00 and substring(c_phone from 1 for 2) in ('24', '31', '11', '16', '21', '20', '34') ) and not exists ( select * from orders o where o.o_custkey = c.c_custkey ) ) as custsale group by cntrycode order by cntrycode
[2026-07-08 04:13:31.658] [info] [sirius_context.cpp:954] Transparent execution: Sirius physical plan generated successfully
[2026-07-08 04:13:31.660] [info] [sirius_context.cpp:966] Transparent execution: physical plan replaced with GPU operator
[2026-07-08 04:13:31.660] [info] [physical_sirius_execution.cpp:96] Transparent GPU execution: executing query
[2026-07-08 04:13:31.669] [info] [sirius_engine.cpp:400] Query Plan:
=== Pipeline Overview ===
Pipeline #0: GPU_SCAN (id=35) -> UNGROUPED_AGGREGATE (id=23)
  Output: -> MERGE_AGGREGATE [port: default, barrier: FULL]
Pipeline #1: MERGE_AGGREGATE (id=36)
  Input: <- Pipeline #0 [on: MERGE_AGGREGATE (id=36), port: default, barrier: FULL]
  Dependencies: Pipeline #0
  Output: -> UNGROUPED_AGGREGATE [port: default, barrier: FULL]
Pipeline #2: UNGROUPED_AGGREGATE (id=24)
  Input: <- Pipeline #1 [on: UNGROUPED_AGGREGATE (id=24), port: default, barrier: FULL]
  Dependencies: Pipeline #1
  Output: -> MERGE_AGGREGATE [port: default, barrier: FULL]
Pipeline #3: MERGE_AGGREGATE (id=37)
  Input: <- Pipeline #2 [on: MERGE_AGGREGATE (id=37), port: default, barrier: FULL]
  Dependencies: Pipeline #2
  Output: -> PROJECTION [port: default, barrier: FULL]
Pipeline #4: PROJECTION (id=25)
  Input: <- Pipeline #3 [on: PROJECTION (id=25), port: default, barrier: FULL]
  Dependencies: Pipeline #3
  Output: -> PARTITION [port: default, barrier: FULL]
Pipeline #5: PARTITION (id=39)
  Input: <- Pipeline #4 [on: PARTITION (id=39), port: default, barrier: FULL]
  Dependencies: Pipeline #4
  Output: -> CONCAT [port: default, barrier: PARTIAL]
Pipeline #6: CONCAT (id=38)
  Input: <- Pipeline #5 [on: CONCAT (id=38), port: default, barrier: PARTIAL]
  Dependencies: Pipeline #5
  Output: -> NESTED_LOOP_JOIN [port: build, barrier: FULL]
Pipeline #7: GPU_SCAN (id=40)
  Output: -> PARTITION [port: default, barrier: FULL]
Pipeline #8: PARTITION (id=42)
  Input: <- Pipeline #7 [on: PARTITION (id=42), port: default, barrier: FULL]
  Dependencies: Pipeline #7
  Output: -> CONCAT [port: default, barrier: PARTIAL]
Pipeline #9: CONCAT (id=41)
  Input: <- Pipeline #8 [on: CONCAT (id=41), port: default, barrier: PARTIAL]
  Dependencies: Pipeline #8
  Output: -> NESTED_LOOP_JOIN [port: default, barrier: FULL]
Pipeline #10: NESTED_LOOP_JOIN (id=26)
  Input: <- Pipeline #9 [on: NESTED_LOOP_JOIN (id=26), port: default, barrier: FULL]
  Input: <- Pipeline #6 [on: NESTED_LOOP_JOIN (id=26), port: build, barrier: FULL]
  Dependencies: Pipeline #6, Pipeline #9
  Output: -> RIGHT_DELIM_JOIN [port: default, barrier: FULL]
Pipeline #11: RIGHT_DELIM_JOIN (id=28)
  Input: <- Pipeline #10 [on: RIGHT_DELIM_JOIN (id=28), port: default, barrier: FULL]
  Dependencies: Pipeline #10
Pipeline #12: CONCAT (id=45)
  Input: <- Pipeline #11 [on: CONCAT (id=45), port: default, barrier: FULL]
  Dependencies: Pipeline #11
  Output: -> HASH_JOIN [port: build, barrier: FULL]
Pipeline #13: PARTITION (id=44)
  Input: <- Pipeline #11 [on: PARTITION (id=44), port: default, barrier: FULL]
  Dependencies: Pipeline #11
  Output: -> MERGE_GROUP_BY [port: default, barrier: FULL]
Pipeline #14: MERGE_GROUP_BY (id=46)
  Input: <- Pipeline #13 [on: MERGE_GROUP_BY (id=46), port: default, barrier: FULL]
  Dependencies: Pipeline #13
  Output: -> PARTITION [port: default, barrier: FULL]
Pipeline #15: PARTITION (id=48)
  Input: <- Pipeline #14 [on: PARTITION (id=48), port: default, barrier: FULL]
  Dependencies: Pipeline #14
  Output: -> CONCAT [port: default, barrier: PARTIAL]
Pipeline #16: CONCAT (id=47)
  Input: <- Pipeline #15 [on: CONCAT (id=47), port: default, barrier: PARTIAL]
  Dependencies: Pipeline #15
  Output: -> HASH_JOIN [port: build, barrier: FULL]
Pipeline #17: GPU_SCAN (id=49)
  Output: -> PARTITION [port: default, barrier: PARTIAL]
Pipeline #18: PARTITION (id=51)
  Input: <- Pipeline #17 [on: PARTITION (id=51), port: default, barrier: PARTIAL]
  Dependencies: Pipeline #17
  Output: -> CONCAT [port: default, barrier: PARTIAL]
Pipeline #19: CONCAT (id=50)
  Input: <- Pipeline #18 [on: CONCAT (id=50), port: default, barrier: PARTIAL]
  Dependencies: Pipeline #18
  Output: -> HASH_JOIN [port: default, barrier: FULL]
Pipeline #20: HASH_JOIN (id=19) -> PROJECTION (id=20)
  Input: <- Pipeline #19 [on: HASH_JOIN (id=19), port: default, barrier: FULL]
  Input: <- Pipeline #16 [on: HASH_JOIN (id=19), port: build, barrier: FULL]
  Dependencies: Pipeline #16, Pipeline #19
  Output: -> PARTITION [port: default, barrier: PARTIAL]
Pipeline #21: PARTITION (id=53)
  Input: <- Pipeline #20 [on: PARTITION (id=53), port: default, barrier: PARTIAL]
  Dependencies: Pipeline #20
  Output: -> CONCAT [port: default, barrier: PARTIAL]
Pipeline #22: CONCAT (id=52)
  Input: <- Pipeline #21 [on: CONCAT (id=52), port: default, barrier: PARTIAL]
  Dependencies: Pipeline #21
  Output: -> HASH_JOIN [port: default, barrier: FULL]
Pipeline #23: HASH_JOIN (id=27) -> PROJECTION (id=31) -> HASH_GROUP_BY (id=32)
  Input: <- Pipeline #22 [on: HASH_JOIN (id=27), port: default, barrier: FULL]
  Input: <- Pipeline #12 [on: HASH_JOIN (id=27), port: build, barrier: FULL]
  Dependencies: Pipeline #12, Pipeline #22
  Output: -> PARTITION [port: default, barrier: FULL]
Pipeline #24: PARTITION (id=54)
  Input: <- Pipeline #23 [on: PARTITION (id=54), port: default, barrier: FULL]
  Dependencies: Pipeline #23
  Output: -> MERGE_GROUP_BY [port: default, barrier: FULL]
Pipeline #25: MERGE_GROUP_BY (id=55)
  Input: <- Pipeline #24 [on: MERGE_GROUP_BY (id=55), port: default, barrier: FULL]
  Dependencies: Pipeline #24
  Output: -> ORDER_BY [port: default, barrier: FULL]
Pipeline #26: ORDER_BY (id=33)
  Input: <- Pipeline #25 [on: ORDER_BY (id=33), port: default, barrier: FULL]
  Dependencies: Pipeline #25
  Output: -> SORT_SAMPLE [port: default, barrier: PIPELINE]
Pipeline #27: SORT_SAMPLE (id=56) -> SORT_PARTITION (id=57)
  Input: <- Pipeline #26 [on: SORT_SAMPLE (id=56), port: default, barrier: PIPELINE]
  Dependencies: Pipeline #26
  Output: -> MERGE_SORT [port: default, barrier: FULL]
Pipeline #28: MERGE_SORT (id=58)
  Input: <- Pipeline #27 [on: MERGE_SORT (id=58), port: default, barrier: FULL]
  Dependencies: Pipeline #27
  Output: -> RESULT_COLLECTOR [port: default, barrier: FULL]
Pipeline #29: RESULT_COLLECTOR (id=34)
  Input: <- Pipeline #28 [on: RESULT_COLLECTOR (id=34), port: default, barrier: FULL]
  Dependencies: Pipeline #28

=== Query Plan DAG ===
┌─────────────────────────────┐                                                                                             
│ Pipeline #29                │                                                                                             
│ RESULT_COLLECTOR (id=34)    │                                                                                             
│ Input(#28): FULL            │                                                                                             
└──────────────┬──────────────┘                                                                                             
               │                                                                                                            
┌─────────────────────────────┐                                                                                             
│ Pipeline #28                │                                                                                             
│ MERGE_SORT (id=58)          │                                                                                             
│ Input(#27): FULL            │                                                                                             
└──────────────┬──────────────┘                                                                                             
               │                                                                                                            
┌─────────────────────────────┐                                                                                             
│ Pipeline #27                │                                                                                             
│ SORT_PARTITION (id=57)      │                                                                                             
│ SORT_SAMPLE (id=56)         │                                                                                             
│ Input(#26): PIPELINE        │                                                                                             
└──────────────┬──────────────┘                                                                                             
               │                                                                                                            
┌─────────────────────────────┐                                                                                             
│ Pipeline #26                │                                                                                             
│ ORDER_BY (id=33)            │                                                                                             
│ Input(#25): FULL            │                                                                                             
└──────────────┬──────────────┘                                                                                             
               │                                                                                                            
┌─────────────────────────────┐                                                                                             
│ Pipeline #25                │                                                                                             
│ MERGE_GROUP_BY (id=55)      │                                                                                             
│ Input(#24): FULL            │                                                                                             
└──────────────┬──────────────┘                                                                                             
               │                                                                                                            
┌─────────────────────────────┐                                                                                             
│ Pipeline #24                │                                                                                             
│ PARTITION (id=54)           │                                                                                             
│ Input(#23): FULL            │                                                                                             
└──────────────┬──────────────┘                                                                                             
               │                                                                                                            
┌─────────────────────────────┐                                                                                             
│ Pipeline #23                │                                                                                             
│ HASH_GROUP_BY (id=32)       │                                                                                             
│ PROJECTION (id=31)          │                                                                                             
│ HASH_JOIN (id=27)           │                                                                                             
│   type: RIGHT_ANTI          │                                                                                             
│ Input(#22): FULL            │                                                                                             
│ Input(#12): FULL            │                                                                                             
└──────────────┬──────────────┘                                                                                             
               ┌─────────────────────────────────────────────────────────────┐                                              
               │                                                             │                                              
┌─────────────────────────────┐                               ┌─────────────────────────────┐                               
│ Pipeline #12                │                               │ Pipeline #22                │                               
│ CONCAT (id=45)              │                               │ CONCAT (id=52)              │                               
│ Input(#11): FULL            │                               │ Input(#21): PARTIAL         │                               
└──────────────┬──────────────┘                               └──────────────┬──────────────┘                               
               │                                                             │                                              
┌─────────────────────────────┐                               ┌─────────────────────────────┐                               
│ Pipeline #11                │                               │ Pipeline #21                │                               
│ RIGHT_DELIM_JOIN (id=28)    │                               │ PARTITION (id=53)           │                               
│ Input(#10): FULL            │                               │ Input(#20): PARTIAL         │                               
└──────────────┬──────────────┘                               └──────────────┬──────────────┘                               
               │                                                             │                                              
┌─────────────────────────────┐                               ┌─────────────────────────────┐                               
│ Pipeline #10                │                               │ Pipeline #20                │                               
│ NESTED_LOOP_JOIN (id=26)    │                               │ PROJECTION (id=20)          │                               
│   type: INNER               │                               │ HASH_JOIN (id=19)           │                               
│ Input(#9): FULL             │                               │   type: INNER               │                               
│ Input(#6): FULL             │                               │ Input(#19): FULL            │                               
│                             │                               │ Input(#16): FULL            │                               
└──────────────┬──────────────┘                               └──────────────┬──────────────┘                               
               ┌──────────────────────────────┐                              ┌──────────────────────────────┐               
               │                              │                              │                              │               
┌─────────────────────────────┐┌─────────────────────────────┐┌─────────────────────────────┐┌─────────────────────────────┐
│ Pipeline #6                 ││ Pipeline #9                 ││ Pipeline #16                ││ Pipeline #19                │
│ CONCAT (id=38)              ││ CONCAT (id=41)              ││ CONCAT (id=47)              ││ CONCAT (id=50)              │
│ Input(#5): PARTIAL          ││ Input(#8): PARTIAL          ││ Input(#15): PARTIAL         ││ Input(#18): PARTIAL         │
└──────────────┬──────────────┘└──────────────┬──────────────┘└──────────────┬──────────────┘└──────────────┬──────────────┘
               │                              │                              │                              │               
┌─────────────────────────────┐┌─────────────────────────────┐┌─────────────────────────────┐┌─────────────────────────────┐
│ Pipeline #5                 ││ Pipeline #8                 ││ Pipeline #15                ││ Pipeline #18                │
│ PARTITION (id=39)           ││ PARTITION (id=42)           ││ PARTITION (id=48)           ││ PARTITION (id=51)           │
│ Input(#4): FULL             ││ Input(#7): FULL             ││ Input(#14): FULL            ││ Input(#17): PARTIAL         │
└──────────────┬──────────────┘└──────────────┬──────────────┘└──────────────┬──────────────┘└──────────────┬──────────────┘
               │                              │                              │                              │               
┌─────────────────────────────┐┌─────────────────────────────┐┌─────────────────────────────┐┌─────────────────────────────┐
│ Pipeline #4                 ││ Pipeline #7                 ││ Pipeline #14                ││ Pipeline #17                │
│ PROJECTION (id=25)          ││ GPU_SCAN (id=40)            ││ MERGE_GROUP_BY (id=46)      ││ GPU_SCAN (id=49)            │
│ Input(#3): FULL             ││                             ││ Input(#13): FULL            ││                             │
└──────────────┬──────────────┘└─────────────────────────────┘└──────────────┬──────────────┘└─────────────────────────────┘
               │                                                             │                                              
┌─────────────────────────────┐                               ┌─────────────────────────────┐                               
│ Pipeline #3                 │                               │ Pipeline #13                │                               
│ MERGE_AGGREGATE (id=37)     │                               │ PARTITION (id=44)           │                               
│ Input(#2): FULL             │                               │ Input(#11): FULL            │                               
└──────────────┬──────────────┘                               └──────────────┬──────────────┘                               
               │                                                             │                                              
┌─────────────────────────────┐                               ┌─────────────────────────────┐                               
│ Pipeline #2                 │                               │ (-> Pipeline #11)           │                               
│ UNGROUPED_AGGREGATE (id=24) │                               │                             │                               
│ Input(#1): FULL             │                               │                             │                               
└──────────────┬──────────────┘                               └──────────────┬──────────────┘                               
               │                                                                                                            
┌─────────────────────────────┐                                                                                             
│ Pipeline #1                 │                                                                                             
│ MERGE_AGGREGATE (id=36)     │                                                                                             
│ Input(#0): FULL             │                                                                                             
└──────────────┬──────────────┘                                                                                             
               │                                                                                                            
┌─────────────────────────────┐                                                                                             
│ Pipeline #0                 │                                                                                             
│ UNGROUPED_AGGREGATE (id=23) │                                                                                             
│ GPU_SCAN (id=35)            │                                                                                             
└─────────────────────────────┘                                                                                             

[2026-07-08 04:13:31.671] [info] [task_scheduler.cpp:367] [mgpu-audit] pipeline_task dispatched to GPU 0 task_id=0
[2026-07-08 04:13:31.671] [info] [task_scheduler.cpp:369] [locality-audit] dispatch task_id=0 preferred_device=0 actual_gpu=0
[2026-07-08 04:13:31.819] [info] [parquet_gpu_ingestible.cpp:2539] [scan-audit] parquet_materialize target_gpu=0 files=/mnt/nvme/dataset/customer.parquet columns=c_acctbal,c_phone row_groups=0,1,2,3,4,5,6,7,8,9,10,11,12,13,14,15,16,17,18,19,20,21,22,23,24,25,26,27,28,29,30,31,32,33,34,35,36,37,38,39,40,41,42,43,44,45,46,47,48,49,50,51,52,53,54,55,56,57,58,59,60,61,62,63,64,65,66,67,68,69,70,71,72,73,74,75,76,77,78,79,80,81,82,83,84,85,86,87,88,89,90,91,92,93,94,95,96,97,98,99,100,101,102,103,104,105,106,107,108,109,110,111,112,113,114,115,116,117,118,119,120,121 compressed_bytes=251971269 uncompressed_bytes=120003782 column_bytes=c_acctbal:74124984:120003782,c_phone:177846285:285004026 output_rows=15000000 output_columns=2 split_count=1 duration_us=145123
[2026-07-08 04:13:31.849] [info] [parquet_gpu_ingestible.cpp:2607] [fixed-page-cache] stage_timing stage=post_filter_select target_gpu=0 input_rows=15000000 output_rows=3818224 input_columns=2 output_columns=2 input_kind=materialized_table duration_us=30180
[2026-07-08 04:13:31.849] [info] [parquet_gpu_ingestible.cpp:2683] [fixed-page-cache] stage_timing stage=post_filter_project_assembly input_rows=3818224 output_rows=3818224 input_columns=2 output_columns=1 duration_us=3
[2026-07-08 04:13:31.849] [info] [gpu_pipeline_task.cpp:313] [stage-audit] pipeline_id=0 task_id=0 operator_id=35 operator_name=GPU_SCAN stage_kind=SCAN operator_type=94 input_type=GPU_SCAN output_type=PIPELINEABLE actual_gpu=0 pipeline_operator_count=2 input_batches=0 input_rows=0 input_columns=0 input_bytes=0 output_batches=1 output_rows=3818224 output_columns=1 output_bytes=31023104 byte_ratio=0.000000 row_ratio=0.000000 duration_us=177528
[2026-07-08 04:13:31.856] [info] [gpu_pipeline_task.cpp:313] [stage-audit] pipeline_id=0 task_id=0 operator_id=23 operator_name=UNGROUPED_AGGREGATE stage_kind=AGGREGATE operator_type=8 input_type=PIPELINEABLE output_type=PIPELINEABLE actual_gpu=0 pipeline_operator_count=2 input_batches=1 input_rows=3818224 input_columns=1 input_bytes=31023104 output_batches=1 output_rows=1 output_columns=2 output_bytes=16 byte_ratio=0.000001 row_ratio=0.000000 duration_us=7126
[2026-07-08 04:13:31.856] [warning] [gpu_pipeline_task.cpp:67] gpu_pipeline_task: operator 'UNGROUPED_AGGREGATE' (id=23) output batch 0 column count mismatch: got 2, expected 1
[2026-07-08 04:13:31.857] [info] [task_creator.cpp:352] [locality-audit] task_create operator_id=36 input_bytes=16 local_bytes=16 gpu_source_bytes=16 host_source_bytes=0 disk_source_bytes=0 gpu_sources=1 host_sources=0 preferred_device=0
[2026-07-08 04:13:31.857] [info] [task_scheduler.cpp:367] [mgpu-audit] pipeline_task dispatched to GPU 0 task_id=1
[2026-07-08 04:13:31.857] [info] [task_scheduler.cpp:369] [locality-audit] dispatch task_id=1 preferred_device=0 actual_gpu=0
[2026-07-08 04:13:31.857] [info] [gpu_pipeline_task.cpp:184] [locality-audit] prepare_before pipeline_id=1 task_id=1 preferred_device=0 actual_gpu=0 target_tier=GPU target_device=0 input_bytes=16 local_bytes=16 remote_gpu_bytes=0 host_bytes=0 disk_bytes=0 batch_count=1
[2026-07-08 04:13:31.857] [info] [gpu_pipeline_task.cpp:184] [locality-audit] prepare_after pipeline_id=1 task_id=1 preferred_device=0 actual_gpu=0 target_tier=GPU target_device=0 input_bytes=16 local_bytes=16 remote_gpu_bytes=0 host_bytes=0 disk_bytes=0 batch_count=1
[2026-07-08 04:13:31.870] [info] [gpu_pipeline_task.cpp:313] [stage-audit] pipeline_id=1 task_id=1 operator_id=36 operator_name=MERGE_AGGREGATE stage_kind=AGGREGATE operator_type=87 input_type=PIPELINEABLE output_type=PIPELINEABLE actual_gpu=0 pipeline_operator_count=1 input_batches=1 input_rows=1 input_columns=2 input_bytes=16 output_batches=1 output_rows=1 output_columns=1 output_bytes=8 byte_ratio=0.500000 row_ratio=1.000000 duration_us=12248
[2026-07-08 04:13:31.870] [info] [task_creator.cpp:352] [locality-audit] task_create operator_id=24 input_bytes=8 local_bytes=8 gpu_source_bytes=8 host_source_bytes=0 disk_source_bytes=0 gpu_sources=1 host_sources=0 preferred_device=0
[2026-07-08 04:13:31.870] [info] [task_scheduler.cpp:367] [mgpu-audit] pipeline_task dispatched to GPU 0 task_id=2
[2026-07-08 04:13:31.870] [info] [task_scheduler.cpp:369] [locality-audit] dispatch task_id=2 preferred_device=0 actual_gpu=0
[2026-07-08 04:13:31.870] [info] [gpu_pipeline_task.cpp:184] [locality-audit] prepare_before pipeline_id=2 task_id=2 preferred_device=0 actual_gpu=0 target_tier=GPU target_device=0 input_bytes=8 local_bytes=8 remote_gpu_bytes=0 host_bytes=0 disk_bytes=0 batch_count=1
[2026-07-08 04:13:31.870] [info] [gpu_pipeline_task.cpp:184] [locality-audit] prepare_after pipeline_id=2 task_id=2 preferred_device=0 actual_gpu=0 target_tier=GPU target_device=0 input_bytes=8 local_bytes=8 remote_gpu_bytes=0 host_bytes=0 disk_bytes=0 batch_count=1
[2026-07-08 04:13:31.874] [info] [gpu_pipeline_task.cpp:313] [stage-audit] pipeline_id=2 task_id=2 operator_id=24 operator_name=UNGROUPED_AGGREGATE stage_kind=AGGREGATE operator_type=8 input_type=PIPELINEABLE output_type=PIPELINEABLE actual_gpu=0 pipeline_operator_count=1 input_batches=1 input_rows=1 input_columns=1 input_bytes=8 output_batches=1 output_rows=1 output_columns=2 output_bytes=16 byte_ratio=2.000000 row_ratio=1.000000 duration_us=3757
[2026-07-08 04:13:31.874] [info] [task_creator.cpp:352] [locality-audit] task_create operator_id=37 input_bytes=16 local_bytes=16 gpu_source_bytes=16 host_source_bytes=0 disk_source_bytes=0 gpu_sources=1 host_sources=0 preferred_device=0
[2026-07-08 04:13:31.874] [info] [task_scheduler.cpp:367] [mgpu-audit] pipeline_task dispatched to GPU 0 task_id=3
[2026-07-08 04:13:31.874] [info] [task_scheduler.cpp:369] [locality-audit] dispatch task_id=3 preferred_device=0 actual_gpu=0
[2026-07-08 04:13:31.875] [info] [gpu_pipeline_task.cpp:184] [locality-audit] prepare_before pipeline_id=3 task_id=3 preferred_device=0 actual_gpu=0 target_tier=GPU target_device=0 input_bytes=16 local_bytes=16 remote_gpu_bytes=0 host_bytes=0 disk_bytes=0 batch_count=1
[2026-07-08 04:13:31.875] [info] [gpu_pipeline_task.cpp:184] [locality-audit] prepare_after pipeline_id=3 task_id=3 preferred_device=0 actual_gpu=0 target_tier=GPU target_device=0 input_bytes=16 local_bytes=16 remote_gpu_bytes=0 host_bytes=0 disk_bytes=0 batch_count=1
[2026-07-08 04:13:31.875] [info] [gpu_pipeline_task.cpp:313] [stage-audit] pipeline_id=3 task_id=3 operator_id=37 operator_name=MERGE_AGGREGATE stage_kind=AGGREGATE operator_type=87 input_type=PIPELINEABLE output_type=PIPELINEABLE actual_gpu=0 pipeline_operator_count=1 input_batches=1 input_rows=1 input_columns=2 input_bytes=16 output_batches=1 output_rows=1 output_columns=2 output_bytes=16 byte_ratio=1.000000 row_ratio=1.000000 duration_us=13
[2026-07-08 04:13:31.875] [info] [task_creator.cpp:352] [locality-audit] task_create operator_id=25 input_bytes=16 local_bytes=16 gpu_source_bytes=16 host_source_bytes=0 disk_source_bytes=0 gpu_sources=1 host_sources=0 preferred_device=0
[2026-07-08 04:13:31.875] [info] [task_scheduler.cpp:367] [mgpu-audit] pipeline_task dispatched to GPU 0 task_id=4
[2026-07-08 04:13:31.875] [info] [task_scheduler.cpp:369] [locality-audit] dispatch task_id=4 preferred_device=0 actual_gpu=0
[2026-07-08 04:13:31.875] [info] [gpu_pipeline_task.cpp:184] [locality-audit] prepare_before pipeline_id=4 task_id=4 preferred_device=0 actual_gpu=0 target_tier=GPU target_device=0 input_bytes=16 local_bytes=16 remote_gpu_bytes=0 host_bytes=0 disk_bytes=0 batch_count=1
[2026-07-08 04:13:31.875] [info] [gpu_pipeline_task.cpp:184] [locality-audit] prepare_after pipeline_id=4 task_id=4 preferred_device=0 actual_gpu=0 target_tier=GPU target_device=0 input_bytes=16 local_bytes=16 remote_gpu_bytes=0 host_bytes=0 disk_bytes=0 batch_count=1
[2026-07-08 04:13:31.883] [info] [gpu_pipeline_task.cpp:313] [stage-audit] pipeline_id=4 task_id=4 operator_id=25 operator_name=PROJECTION stage_kind=PROJECTION operator_type=13 input_type=PIPELINEABLE output_type=PIPELINEABLE actual_gpu=0 pipeline_operator_count=1 input_batches=1 input_rows=1 input_columns=2 input_bytes=16 output_batches=1 output_rows=1 output_columns=1 output_bytes=8 byte_ratio=0.500000 row_ratio=1.000000 duration_us=8016
[2026-07-08 04:13:31.883] [info] [task_creator.cpp:352] [locality-audit] task_create operator_id=39 input_bytes=8 local_bytes=8 gpu_source_bytes=8 host_source_bytes=0 disk_source_bytes=0 gpu_sources=1 host_sources=0 preferred_device=0
[2026-07-08 04:13:31.883] [info] [task_scheduler.cpp:367] [mgpu-audit] pipeline_task dispatched to GPU 0 task_id=5
[2026-07-08 04:13:31.883] [info] [task_scheduler.cpp:369] [locality-audit] dispatch task_id=5 preferred_device=0 actual_gpu=0
[2026-07-08 04:13:31.883] [info] [gpu_pipeline_task.cpp:184] [locality-audit] prepare_before pipeline_id=5 task_id=5 preferred_device=0 actual_gpu=0 target_tier=GPU target_device=0 input_bytes=8 local_bytes=8 remote_gpu_bytes=0 host_bytes=0 disk_bytes=0 batch_count=1
[2026-07-08 04:13:31.883] [info] [gpu_pipeline_task.cpp:184] [locality-audit] prepare_after pipeline_id=5 task_id=5 preferred_device=0 actual_gpu=0 target_tier=GPU target_device=0 input_bytes=8 local_bytes=8 remote_gpu_bytes=0 host_bytes=0 disk_bytes=0 batch_count=1
[2026-07-08 04:13:31.883] [info] [gpu_pipeline_task.cpp:313] [stage-audit] pipeline_id=5 task_id=5 operator_id=39 operator_name=PARTITION stage_kind=PARTITION operator_type=82 input_type=PIPELINEABLE output_type=PIPELINEABLE actual_gpu=0 pipeline_operator_count=1 input_batches=1 input_rows=1 input_columns=1 input_bytes=8 output_batches=1 output_rows=1 output_columns=1 output_bytes=8 byte_ratio=1.000000 row_ratio=1.000000 duration_us=1
[2026-07-08 04:13:31.884] [info] [task_scheduler.cpp:367] [mgpu-audit] pipeline_task dispatched to GPU 0 task_id=6
[2026-07-08 04:13:31.884] [info] [task_scheduler.cpp:369] [locality-audit] dispatch task_id=6 preferred_device=0 actual_gpu=0
[2026-07-08 04:13:31.884] [info] [gpu_pipeline_task.cpp:184] [locality-audit] prepare_before pipeline_id=6 task_id=6 preferred_device=0 actual_gpu=0 target_tier=GPU target_device=0 input_bytes=8 local_bytes=8 remote_gpu_bytes=0 host_bytes=0 disk_bytes=0 batch_count=1
[2026-07-08 04:13:31.884] [info] [gpu_pipeline_task.cpp:184] [locality-audit] prepare_after pipeline_id=6 task_id=6 preferred_device=0 actual_gpu=0 target_tier=GPU target_device=0 input_bytes=8 local_bytes=8 remote_gpu_bytes=0 host_bytes=0 disk_bytes=0 batch_count=1
[2026-07-08 04:13:31.884] [info] [gpu_pipeline_task.cpp:313] [stage-audit] pipeline_id=6 task_id=6 operator_id=38 operator_name=CONCAT stage_kind=CONCAT operator_type=83 input_type=PARTITIONED output_type=PARTITIONED actual_gpu=0 pipeline_operator_count=1 input_batches=1 input_rows=1 input_columns=1 input_bytes=8 output_batches=1 output_rows=1 output_columns=1 output_bytes=8 byte_ratio=1.000000 row_ratio=1.000000 duration_us=1
[2026-07-08 04:13:31.884] [info] [task_scheduler.cpp:367] [mgpu-audit] pipeline_task dispatched to GPU 1 task_id=7
[2026-07-08 04:13:31.884] [info] [task_scheduler.cpp:369] [locality-audit] dispatch task_id=7 preferred_device=1 actual_gpu=1
[2026-07-08 04:13:32.066] [info] [parquet_gpu_ingestible.cpp:2539] [scan-audit] parquet_materialize target_gpu=1 files=/mnt/nvme/dataset/customer.parquet columns=c_custkey,c_phone,c_acctbal row_groups=0,1,2,3,4,5,6,7,8,9,10,11,12,13,14,15,16,17,18,19,20,21,22,23,24,25,26,27,28,29,30,31,32,33,34,35,36,37,38,39,40,41,42,43,44,45,46,47,48,49,50,51,52,53,54,55,56,57,58,59,60,61,62,63,64,65,66,67,68,69,70,71,72,73,74,75,76,77,78,79,80,81,82,83,84,85,86,87,88,89,90,91,92,93,94,95,96,97,98,99,100,101,102,103,104,105,106,107,108,109,110,111,112,113,114,115,116,117,118,119,120,121 compressed_bytes=312013494 uncompressed_bytes=525011590 column_bytes=c_custkey:60042225:120003782,c_phone:177846285:285004026,c_acctbal:74124984:120003782 output_rows=15000000 output_columns=3 split_count=1 duration_us=180059
[2026-07-08 04:13:32.091] [info] [parquet_gpu_ingestible.cpp:2607] [fixed-page-cache] stage_timing stage=post_filter_select target_gpu=1 input_rows=15000000 output_rows=4199998 input_columns=3 output_columns=3 input_kind=materialized_table duration_us=24545
[2026-07-08 04:13:32.091] [info] [gpu_pipeline_task.cpp:313] [stage-audit] pipeline_id=7 task_id=7 operator_id=40 operator_name=GPU_SCAN stage_kind=SCAN operator_type=94 input_type=GPU_SCAN output_type=PIPELINEABLE actual_gpu=1 pipeline_operator_count=1 input_batches=0 input_rows=0 input_columns=0 input_bytes=0 output_batches=1 output_rows=4199998 output_columns=3 output_bytes=148575102 byte_ratio=0.000000 row_ratio=0.000000 duration_us=206757
[2026-07-08 04:13:32.091] [info] [task_creator.cpp:352] [locality-audit] task_create operator_id=42 input_bytes=148575102 local_bytes=148575102 gpu_source_bytes=148575102 host_source_bytes=0 disk_source_bytes=0 gpu_sources=1 host_sources=0 preferred_device=1
[2026-07-08 04:13:32.091] [info] [task_scheduler.cpp:367] [mgpu-audit] pipeline_task dispatched to GPU 1 task_id=8
[2026-07-08 04:13:32.091] [info] [task_scheduler.cpp:369] [locality-audit] dispatch task_id=8 preferred_device=1 actual_gpu=1
[2026-07-08 04:13:32.091] [info] [gpu_pipeline_task.cpp:184] [locality-audit] prepare_before pipeline_id=8 task_id=8 preferred_device=1 actual_gpu=1 target_tier=GPU target_device=1 input_bytes=148575102 local_bytes=148575102 remote_gpu_bytes=0 host_bytes=0 disk_bytes=0 batch_count=1
[2026-07-08 04:13:32.092] [info] [gpu_pipeline_task.cpp:184] [locality-audit] prepare_after pipeline_id=8 task_id=8 preferred_device=1 actual_gpu=1 target_tier=GPU target_device=1 input_bytes=148575102 local_bytes=148575102 remote_gpu_bytes=0 host_bytes=0 disk_bytes=0 batch_count=1
[2026-07-08 04:13:32.092] [info] [gpu_pipeline_task.cpp:313] [stage-audit] pipeline_id=8 task_id=8 operator_id=42 operator_name=PARTITION stage_kind=PARTITION operator_type=82 input_type=PIPELINEABLE output_type=PIPELINEABLE actual_gpu=1 pipeline_operator_count=1 input_batches=1 input_rows=4199998 input_columns=3 input_bytes=148575102 output_batches=1 output_rows=4199998 output_columns=3 output_bytes=148575102 byte_ratio=1.000000 row_ratio=1.000000 duration_us=7
[2026-07-08 04:13:32.092] [info] [task_scheduler.cpp:367] [mgpu-audit] pipeline_task dispatched to GPU 0 task_id=9
[2026-07-08 04:13:32.092] [info] [task_scheduler.cpp:369] [locality-audit] dispatch task_id=9 preferred_device=0 actual_gpu=0
[2026-07-08 04:13:32.092] [info] [gpu_pipeline_task.cpp:184] [locality-audit] prepare_before pipeline_id=9 task_id=9 preferred_device=0 actual_gpu=0 target_tier=GPU target_device=0 input_bytes=148575102 local_bytes=0 remote_gpu_bytes=148575102 host_bytes=0 disk_bytes=0 batch_count=1
[2026-07-08 04:13:32.105] [info] [gpu_pipeline_task.cpp:184] [locality-audit] prepare_after pipeline_id=9 task_id=9 preferred_device=0 actual_gpu=0 target_tier=GPU target_device=0 input_bytes=148575102 local_bytes=148575102 remote_gpu_bytes=0 host_bytes=0 disk_bytes=0 batch_count=1
[2026-07-08 04:13:32.105] [info] [gpu_pipeline_task.cpp:313] [stage-audit] pipeline_id=9 task_id=9 operator_id=41 operator_name=CONCAT stage_kind=CONCAT operator_type=83 input_type=PARTITIONED output_type=PARTITIONED actual_gpu=0 pipeline_operator_count=1 input_batches=1 input_rows=4199998 input_columns=3 input_bytes=148575102 output_batches=1 output_rows=4199998 output_columns=3 output_bytes=148575102 byte_ratio=1.000000 row_ratio=1.000000 duration_us=2
[2026-07-08 04:13:32.106] [info] [task_creator.cpp:352] [locality-audit] task_create operator_id=26 input_bytes=148575110 local_bytes=148575110 gpu_source_bytes=148575110 host_source_bytes=0 disk_source_bytes=0 gpu_sources=1 host_sources=0 preferred_device=0
[2026-07-08 04:13:32.106] [info] [task_scheduler.cpp:367] [mgpu-audit] pipeline_task dispatched to GPU 0 task_id=10
[2026-07-08 04:13:32.106] [info] [task_scheduler.cpp:369] [locality-audit] dispatch task_id=10 preferred_device=0 actual_gpu=0
[2026-07-08 04:13:32.106] [info] [gpu_pipeline_task.cpp:184] [locality-audit] prepare_before pipeline_id=10 task_id=10 preferred_device=0 actual_gpu=0 target_tier=GPU target_device=0 input_bytes=148575110 local_bytes=148575110 remote_gpu_bytes=0 host_bytes=0 disk_bytes=0 batch_count=2
[2026-07-08 04:13:32.106] [info] [gpu_pipeline_task.cpp:184] [locality-audit] prepare_after pipeline_id=10 task_id=10 preferred_device=0 actual_gpu=0 target_tier=GPU target_device=0 input_bytes=148575110 local_bytes=148575110 remote_gpu_bytes=0 host_bytes=0 disk_bytes=0 batch_count=2
[2026-07-08 04:13:32.115] [info] [gpu_pipeline_task.cpp:313] [stage-audit] pipeline_id=10 task_id=10 operator_id=26 operator_name=NESTED_LOOP_JOIN stage_kind=JOIN operator_type=32 input_type=PIPELINEABLE output_type=PIPELINEABLE actual_gpu=0 pipeline_operator_count=1 input_batches=2 input_rows=4199999 input_columns=4 input_bytes=148575110 output_batches=1 output_rows=1908501 output_columns=4 output_bytes=82781323 byte_ratio=0.557168 row_ratio=0.454405 duration_us=8607
[2026-07-08 04:13:32.115] [info] [task_creator.cpp:352] [locality-audit] task_create operator_id=28 input_bytes=82781323 local_bytes=82781323 gpu_source_bytes=82781323 host_source_bytes=0 disk_source_bytes=0 gpu_sources=1 host_sources=0 preferred_device=0
[2026-07-08 04:13:32.116] [info] [task_scheduler.cpp:367] [mgpu-audit] pipeline_task dispatched to GPU 0 task_id=11
[2026-07-08 04:13:32.116] [info] [task_scheduler.cpp:369] [locality-audit] dispatch task_id=11 preferred_device=0 actual_gpu=0
[2026-07-08 04:13:32.116] [info] [gpu_pipeline_task.cpp:184] [locality-audit] prepare_before pipeline_id=11 task_id=11 preferred_device=0 actual_gpu=0 target_tier=GPU target_device=0 input_bytes=82781323 local_bytes=82781323 remote_gpu_bytes=0 host_bytes=0 disk_bytes=0 batch_count=1
[2026-07-08 04:13:32.116] [info] [gpu_pipeline_task.cpp:184] [locality-audit] prepare_after pipeline_id=11 task_id=11 preferred_device=0 actual_gpu=0 target_tier=GPU target_device=0 input_bytes=82781323 local_bytes=82781323 remote_gpu_bytes=0 host_bytes=0 disk_bytes=0 batch_count=1
[2026-07-08 04:13:32.116] [info] [gpu_pipeline_task.cpp:313] [stage-audit] pipeline_id=11 task_id=11 operator_id=28 operator_name=RIGHT_DELIM_JOIN stage_kind=JOIN operator_type=38 input_type=PIPELINEABLE output_type=PIPELINEABLE actual_gpu=0 pipeline_operator_count=1 input_batches=1 input_rows=1908501 input_columns=4 input_bytes=82781323 output_batches=1 output_rows=1908501 output_columns=4 output_bytes=82781323 byte_ratio=1.000000 row_ratio=1.000000 duration_us=1
[2026-07-08 04:13:32.116] [warning] [gpu_pipeline_task.cpp:67] gpu_pipeline_task: operator 'RIGHT_DELIM_JOIN' (id=28) output batch 0 column count mismatch: got 4, expected 2
[2026-07-08 04:13:32.133] [info] [task_creator.cpp:352] [locality-audit] task_create operator_id=44 input_bytes=15506600 local_bytes=15506600 gpu_source_bytes=15506600 host_source_bytes=0 disk_source_bytes=0 gpu_sources=1 host_sources=0 preferred_device=0
[2026-07-08 04:13:32.133] [info] [task_scheduler.cpp:367] [mgpu-audit] pipeline_task dispatched to GPU 1 task_id=13
[2026-07-08 04:13:32.133] [info] [task_scheduler.cpp:369] [locality-audit] dispatch task_id=13 preferred_device=1 actual_gpu=1
[2026-07-08 04:13:32.133] [info] [task_scheduler.cpp:367] [mgpu-audit] pipeline_task dispatched to GPU 0 task_id=12
[2026-07-08 04:13:32.133] [info] [task_scheduler.cpp:369] [locality-audit] dispatch task_id=12 preferred_device=0 actual_gpu=0
[2026-07-08 04:13:32.133] [info] [gpu_pipeline_task.cpp:184] [locality-audit] prepare_before pipeline_id=12 task_id=13 preferred_device=1 actual_gpu=1 target_tier=GPU target_device=1 input_bytes=41123176 local_bytes=0 remote_gpu_bytes=41123176 host_bytes=0 disk_bytes=0 batch_count=1
[2026-07-08 04:13:32.133] [info] [task_scheduler.cpp:367] [mgpu-audit] pipeline_task dispatched to GPU 0 task_id=14
[2026-07-08 04:13:32.133] [info] [task_scheduler.cpp:369] [locality-audit] dispatch task_id=14 preferred_device=0 actual_gpu=0
[2026-07-08 04:13:32.133] [info] [gpu_pipeline_task.cpp:184] [locality-audit] prepare_before pipeline_id=12 task_id=12 preferred_device=0 actual_gpu=0 target_tier=GPU target_device=0 input_bytes=41181031 local_bytes=41181031 remote_gpu_bytes=0 host_bytes=0 disk_bytes=0 batch_count=1
[2026-07-08 04:13:32.133] [info] [gpu_pipeline_task.cpp:184] [locality-audit] prepare_after pipeline_id=12 task_id=12 preferred_device=0 actual_gpu=0 target_tier=GPU target_device=0 input_bytes=41181031 local_bytes=41181031 remote_gpu_bytes=0 host_bytes=0 disk_bytes=0 batch_count=1
[2026-07-08 04:13:32.133] [info] [gpu_pipeline_task.cpp:313] [stage-audit] pipeline_id=12 task_id=12 operator_id=45 operator_name=CONCAT stage_kind=CONCAT operator_type=83 input_type=PARTITIONED output_type=PARTITIONED actual_gpu=0 pipeline_operator_count=1 input_batches=1 input_rows=954921 input_columns=4 input_bytes=41181031 output_batches=1 output_rows=954921 output_columns=4 output_bytes=41181031 byte_ratio=1.000000 row_ratio=1.000000 duration_us=2
[2026-07-08 04:13:32.133] [info] [gpu_pipeline_task.cpp:184] [locality-audit] prepare_before pipeline_id=13 task_id=14 preferred_device=0 actual_gpu=0 target_tier=GPU target_device=0 input_bytes=15506600 local_bytes=15506600 remote_gpu_bytes=0 host_bytes=0 disk_bytes=0 batch_count=1
[2026-07-08 04:13:32.133] [info] [gpu_pipeline_task.cpp:184] [locality-audit] prepare_after pipeline_id=13 task_id=14 preferred_device=0 actual_gpu=0 target_tier=GPU target_device=0 input_bytes=15506600 local_bytes=15506600 remote_gpu_bytes=0 host_bytes=0 disk_bytes=0 batch_count=1
[2026-07-08 04:13:32.133] [info] [gpu_pipeline_task.cpp:313] [stage-audit] pipeline_id=13 task_id=14 operator_id=44 operator_name=PARTITION stage_kind=PARTITION operator_type=82 input_type=PIPELINEABLE output_type=PIPELINEABLE actual_gpu=0 pipeline_operator_count=1 input_batches=1 input_rows=1908501 input_columns=1 input_bytes=15506600 output_batches=1 output_rows=1908501 output_columns=1 output_bytes=15506600 byte_ratio=1.000000 row_ratio=1.000000 duration_us=0
[2026-07-08 04:13:32.133] [info] [task_scheduler.cpp:367] [mgpu-audit] pipeline_task dispatched to GPU 0 task_id=15
[2026-07-08 04:13:32.133] [info] [task_scheduler.cpp:369] [locality-audit] dispatch task_id=15 preferred_device=0 actual_gpu=0
[2026-07-08 04:13:32.133] [info] [gpu_pipeline_task.cpp:184] [locality-audit] prepare_before pipeline_id=14 task_id=15 preferred_device=0 actual_gpu=0 target_tier=GPU target_device=0 input_bytes=15506600 local_bytes=15506600 remote_gpu_bytes=0 host_bytes=0 disk_bytes=0 batch_count=1
[2026-07-08 04:13:32.133] [info] [gpu_pipeline_task.cpp:184] [locality-audit] prepare_after pipeline_id=14 task_id=15 preferred_device=0 actual_gpu=0 target_tier=GPU target_device=0 input_bytes=15506600 local_bytes=15506600 remote_gpu_bytes=0 host_bytes=0 disk_bytes=0 batch_count=1
[2026-07-08 04:13:32.133] [info] [gpu_pipeline_task.cpp:313] [stage-audit] pipeline_id=14 task_id=15 operator_id=46 operator_name=MERGE_GROUP_BY stage_kind=AGGREGATE operator_type=85 input_type=PARTITIONED output_type=PIPELINEABLE actual_gpu=0 pipeline_operator_count=1 input_batches=1 input_rows=1908501 input_columns=1 input_bytes=15506600 output_batches=1 output_rows=1908501 output_columns=1 output_bytes=15506600 byte_ratio=1.000000 row_ratio=1.000000 duration_us=1
[2026-07-08 04:13:32.133] [info] [task_creator.cpp:352] [locality-audit] task_create operator_id=48 input_bytes=15506600 local_bytes=15506600 gpu_source_bytes=15506600 host_source_bytes=0 disk_source_bytes=0 gpu_sources=1 host_sources=0 preferred_device=0
[2026-07-08 04:13:32.133] [info] [task_scheduler.cpp:367] [mgpu-audit] pipeline_task dispatched to GPU 0 task_id=16
[2026-07-08 04:13:32.133] [info] [task_scheduler.cpp:369] [locality-audit] dispatch task_id=16 preferred_device=0 actual_gpu=0
[2026-07-08 04:13:32.133] [info] [gpu_pipeline_task.cpp:184] [locality-audit] prepare_before pipeline_id=15 task_id=16 preferred_device=0 actual_gpu=0 target_tier=GPU target_device=0 input_bytes=15506600 local_bytes=15506600 remote_gpu_bytes=0 host_bytes=0 disk_bytes=0 batch_count=1
[2026-07-08 04:13:32.133] [info] [gpu_pipeline_task.cpp:184] [locality-audit] prepare_after pipeline_id=15 task_id=16 preferred_device=0 actual_gpu=0 target_tier=GPU target_device=0 input_bytes=15506600 local_bytes=15506600 remote_gpu_bytes=0 host_bytes=0 disk_bytes=0 batch_count=1
[2026-07-08 04:13:32.133] [info] [gpu_pipeline_task.cpp:313] [stage-audit] pipeline_id=15 task_id=16 operator_id=48 operator_name=PARTITION stage_kind=PARTITION operator_type=82 input_type=PIPELINEABLE output_type=PIPELINEABLE actual_gpu=0 pipeline_operator_count=1 input_batches=1 input_rows=1908501 input_columns=1 input_bytes=15506600 output_batches=1 output_rows=1908501 output_columns=1 output_bytes=15506600 byte_ratio=1.000000 row_ratio=1.000000 duration_us=1
[2026-07-08 04:13:32.134] [info] [task_scheduler.cpp:367] [mgpu-audit] pipeline_task dispatched to GPU 0 task_id=17
[2026-07-08 04:13:32.134] [info] [task_scheduler.cpp:369] [locality-audit] dispatch task_id=17 preferred_device=0 actual_gpu=0
[2026-07-08 04:13:32.134] [info] [gpu_pipeline_task.cpp:184] [locality-audit] prepare_before pipeline_id=16 task_id=17 preferred_device=0 actual_gpu=0 target_tier=GPU target_device=0 input_bytes=15506600 local_bytes=15506600 remote_gpu_bytes=0 host_bytes=0 disk_bytes=0 batch_count=1
[2026-07-08 04:13:32.134] [info] [gpu_pipeline_task.cpp:184] [locality-audit] prepare_after pipeline_id=16 task_id=17 preferred_device=0 actual_gpu=0 target_tier=GPU target_device=0 input_bytes=15506600 local_bytes=15506600 remote_gpu_bytes=0 host_bytes=0 disk_bytes=0 batch_count=1
[2026-07-08 04:13:32.134] [info] [gpu_pipeline_task.cpp:313] [stage-audit] pipeline_id=16 task_id=17 operator_id=47 operator_name=CONCAT stage_kind=CONCAT operator_type=83 input_type=PARTITIONED output_type=PARTITIONED actual_gpu=0 pipeline_operator_count=1 input_batches=1 input_rows=1908501 input_columns=1 input_bytes=15506600 output_batches=1 output_rows=1908501 output_columns=1 output_bytes=15506600 byte_ratio=1.000000 row_ratio=1.000000 duration_us=9
[2026-07-08 04:13:32.134] [info] [task_scheduler.cpp:367] [mgpu-audit] pipeline_task dispatched to GPU 1 task_id=18
[2026-07-08 04:13:32.134] [info] [task_scheduler.cpp:369] [locality-audit] dispatch task_id=18 preferred_device=1 actual_gpu=1
[2026-07-08 04:13:32.134] [info] [task_scheduler.cpp:367] [mgpu-audit] pipeline_task dispatched to GPU 0 task_id=19
[2026-07-08 04:13:32.134] [info] [task_scheduler.cpp:369] [locality-audit] dispatch task_id=19 preferred_device=0 actual_gpu=0
[2026-07-08 04:13:32.134] [info] [task_scheduler.cpp:367] [mgpu-audit] pipeline_task dispatched to GPU 0 task_id=20
[2026-07-08 04:13:32.134] [info] [task_scheduler.cpp:369] [locality-audit] dispatch task_id=20 preferred_device=0 actual_gpu=0
[2026-07-08 04:13:32.134] [info] [gpu_pipeline_task.cpp:313] [stage-audit] pipeline_id=17 task_id=20 operator_id=49 operator_name=GPU_SCAN stage_kind=SCAN operator_type=94 input_type=GPU_SCAN output_type=PIPELINEABLE actual_gpu=0 pipeline_operator_count=1 input_batches=0 input_rows=0 input_columns=0 input_bytes=0 output_batches=1 output_rows=17905981 output_columns=1 output_bytes=145486120 byte_ratio=0.000000 row_ratio=0.000000 duration_us=4
[2026-07-08 04:13:32.134] [info] [gpu_pipeline_task.cpp:313] [stage-audit] pipeline_id=17 task_id=19 operator_id=49 operator_name=GPU_SCAN stage_kind=SCAN operator_type=94 input_type=GPU_SCAN output_type=PIPELINEABLE actual_gpu=0 pipeline_operator_count=1 input_batches=0 input_rows=0 input_columns=0 input_bytes=0 output_batches=1 output_rows=66071330 output_columns=1 output_bytes=536829584 byte_ratio=0.000000 row_ratio=0.000000 duration_us=7
[2026-07-08 04:13:32.134] [info] [task_creator.cpp:352] [locality-audit] task_create operator_id=51 input_bytes=145486120 local_bytes=145486120 gpu_source_bytes=145486120 host_source_bytes=0 disk_source_bytes=0 gpu_sources=1 host_sources=0 preferred_device=0
[2026-07-08 04:13:32.134] [info] [task_creator.cpp:352] [locality-audit] task_create operator_id=51 input_bytes=536829584 local_bytes=536829584 gpu_source_bytes=536829584 host_source_bytes=0 disk_source_bytes=0 gpu_sources=1 host_sources=0 preferred_device=0
[2026-07-08 04:13:32.134] [info] [task_scheduler.cpp:367] [mgpu-audit] pipeline_task dispatched to GPU 0 task_id=21
[2026-07-08 04:13:32.134] [info] [task_scheduler.cpp:369] [locality-audit] dispatch task_id=21 preferred_device=0 actual_gpu=0
[2026-07-08 04:13:32.134] [info] [gpu_pipeline_task.cpp:313] [stage-audit] pipeline_id=17 task_id=18 operator_id=49 operator_name=GPU_SCAN stage_kind=SCAN operator_type=94 input_type=GPU_SCAN output_type=PIPELINEABLE actual_gpu=1 pipeline_operator_count=1 input_batches=0 input_rows=0 input_columns=0 input_bytes=0 output_batches=1 output_rows=66022689 output_columns=1 output_bytes=536434376 byte_ratio=0.000000 row_ratio=0.000000 duration_us=13
[2026-07-08 04:13:32.134] [info] [gpu_pipeline_task.cpp:184] [locality-audit] prepare_before pipeline_id=18 task_id=21 preferred_device=0 actual_gpu=0 target_tier=GPU target_device=0 input_bytes=145486120 local_bytes=145486120 remote_gpu_bytes=0 host_bytes=0 disk_bytes=0 batch_count=1
[2026-07-08 04:13:32.134] [info] [task_scheduler.cpp:367] [mgpu-audit] pipeline_task dispatched to GPU 0 task_id=22
[2026-07-08 04:13:32.134] [info] [gpu_pipeline_task.cpp:184] [locality-audit] prepare_after pipeline_id=18 task_id=21 preferred_device=0 actual_gpu=0 target_tier=GPU target_device=0 input_bytes=145486120 local_bytes=145486120 remote_gpu_bytes=0 host_bytes=0 disk_bytes=0 batch_count=1
[2026-07-08 04:13:32.134] [info] [task_scheduler.cpp:369] [locality-audit] dispatch task_id=22 preferred_device=0 actual_gpu=0
[2026-07-08 04:13:32.134] [info] [gpu_pipeline_task.cpp:313] [stage-audit] pipeline_id=18 task_id=21 operator_id=51 operator_name=PARTITION stage_kind=PARTITION operator_type=82 input_type=PIPELINEABLE output_type=PIPELINEABLE actual_gpu=0 pipeline_operator_count=1 input_batches=1 input_rows=17905981 input_columns=1 input_bytes=145486120 output_batches=1 output_rows=17905981 output_columns=1 output_bytes=145486120 byte_ratio=1.000000 row_ratio=1.000000 duration_us=4
[2026-07-08 04:13:32.134] [info] [task_creator.cpp:352] [locality-audit] task_create operator_id=51 input_bytes=536434376 local_bytes=536434376 gpu_source_bytes=536434376 host_source_bytes=0 disk_source_bytes=0 gpu_sources=1 host_sources=0 preferred_device=1
[2026-07-08 04:13:32.134] [info] [gpu_pipeline_task.cpp:184] [locality-audit] prepare_before pipeline_id=18 task_id=22 preferred_device=0 actual_gpu=0 target_tier=GPU target_device=0 input_bytes=536829584 local_bytes=536829584 remote_gpu_bytes=0 host_bytes=0 disk_bytes=0 batch_count=1
[2026-07-08 04:13:32.134] [info] [task_scheduler.cpp:367] [mgpu-audit] pipeline_task dispatched to GPU 1 task_id=23
[2026-07-08 04:13:32.134] [info] [task_scheduler.cpp:369] [locality-audit] dispatch task_id=23 preferred_device=1 actual_gpu=1
[2026-07-08 04:13:32.134] [info] [gpu_pipeline_task.cpp:184] [locality-audit] prepare_after pipeline_id=18 task_id=22 preferred_device=0 actual_gpu=0 target_tier=GPU target_device=0 input_bytes=536829584 local_bytes=536829584 remote_gpu_bytes=0 host_bytes=0 disk_bytes=0 batch_count=1
[2026-07-08 04:13:32.134] [info] [gpu_pipeline_task.cpp:313] [stage-audit] pipeline_id=18 task_id=22 operator_id=51 operator_name=PARTITION stage_kind=PARTITION operator_type=82 input_type=PIPELINEABLE output_type=PIPELINEABLE actual_gpu=0 pipeline_operator_count=1 input_batches=1 input_rows=66071330 input_columns=1 input_bytes=536829584 output_batches=1 output_rows=66071330 output_columns=1 output_bytes=536829584 byte_ratio=1.000000 row_ratio=1.000000 duration_us=24
[2026-07-08 04:13:32.134] [info] [gpu_pipeline_task.cpp:184] [locality-audit] prepare_before pipeline_id=18 task_id=23 preferred_device=1 actual_gpu=1 target_tier=GPU target_device=1 input_bytes=536434376 local_bytes=536434376 remote_gpu_bytes=0 host_bytes=0 disk_bytes=0 batch_count=1
[2026-07-08 04:13:32.134] [info] [gpu_pipeline_task.cpp:184] [locality-audit] prepare_after pipeline_id=18 task_id=23 preferred_device=1 actual_gpu=1 target_tier=GPU target_device=1 input_bytes=536434376 local_bytes=536434376 remote_gpu_bytes=0 host_bytes=0 disk_bytes=0 batch_count=1
[2026-07-08 04:13:32.134] [info] [gpu_pipeline_task.cpp:313] [stage-audit] pipeline_id=18 task_id=23 operator_id=51 operator_name=PARTITION stage_kind=PARTITION operator_type=82 input_type=PIPELINEABLE output_type=PIPELINEABLE actual_gpu=1 pipeline_operator_count=1 input_batches=1 input_rows=66022689 input_columns=1 input_bytes=536434376 output_batches=1 output_rows=66022689 output_columns=1 output_bytes=536434376 byte_ratio=1.000000 row_ratio=1.000000 duration_us=4
[2026-07-08 04:13:32.134] [info] [task_scheduler.cpp:367] [mgpu-audit] pipeline_task dispatched to GPU 0 task_id=24
[2026-07-08 04:13:32.134] [info] [task_scheduler.cpp:369] [locality-audit] dispatch task_id=24 preferred_device=0 actual_gpu=0
[2026-07-08 04:13:32.134] [info] [task_scheduler.cpp:367] [mgpu-audit] pipeline_task dispatched to GPU 0 task_id=25
[2026-07-08 04:13:32.134] [info] [task_scheduler.cpp:369] [locality-audit] dispatch task_id=25 preferred_device=0 actual_gpu=0
[2026-07-08 04:13:32.134] [info] [gpu_pipeline_task.cpp:184] [locality-audit] prepare_before pipeline_id=19 task_id=24 preferred_device=0 actual_gpu=0 target_tier=GPU target_device=0 input_bytes=145486120 local_bytes=145486120 remote_gpu_bytes=0 host_bytes=0 disk_bytes=0 batch_count=1
[2026-07-08 04:13:32.134] [info] [gpu_pipeline_task.cpp:184] [locality-audit] prepare_after pipeline_id=19 task_id=24 preferred_device=0 actual_gpu=0 target_tier=GPU target_device=0 input_bytes=145486120 local_bytes=145486120 remote_gpu_bytes=0 host_bytes=0 disk_bytes=0 batch_count=1
[2026-07-08 04:13:32.134] [info] [task_scheduler.cpp:367] [mgpu-audit] pipeline_task dispatched to GPU 0 task_id=26
[2026-07-08 04:13:32.134] [info] [gpu_pipeline_task.cpp:313] [stage-audit] pipeline_id=19 task_id=24 operator_id=50 operator_name=CONCAT stage_kind=CONCAT operator_type=83 input_type=PARTITIONED output_type=PARTITIONED actual_gpu=0 pipeline_operator_count=1 input_batches=1 input_rows=17905981 input_columns=1 input_bytes=145486120 output_batches=1 output_rows=17905981 output_columns=1 output_bytes=145486120 byte_ratio=1.000000 row_ratio=1.000000 duration_us=3
[2026-07-08 04:13:32.134] [info] [task_scheduler.cpp:369] [locality-audit] dispatch task_id=26 preferred_device=0 actual_gpu=0
[2026-07-08 04:13:32.134] [info] [gpu_pipeline_task.cpp:184] [locality-audit] prepare_before pipeline_id=19 task_id=25 preferred_device=0 actual_gpu=0 target_tier=GPU target_device=0 input_bytes=536829584 local_bytes=536829584 remote_gpu_bytes=0 host_bytes=0 disk_bytes=0 batch_count=1
[2026-07-08 04:13:32.134] [info] [gpu_pipeline_task.cpp:184] [locality-audit] prepare_after pipeline_id=19 task_id=25 preferred_device=0 actual_gpu=0 target_tier=GPU target_device=0 input_bytes=536829584 local_bytes=536829584 remote_gpu_bytes=0 host_bytes=0 disk_bytes=0 batch_count=1
[2026-07-08 04:13:32.134] [info] [task_scheduler.cpp:367] [mgpu-audit] pipeline_task dispatched to GPU 1 task_id=27
[2026-07-08 04:13:32.134] [info] [task_scheduler.cpp:369] [locality-audit] dispatch task_id=27 preferred_device=1 actual_gpu=1
[2026-07-08 04:13:32.134] [info] [gpu_pipeline_task.cpp:184] [locality-audit] prepare_before pipeline_id=19 task_id=26 preferred_device=0 actual_gpu=0 target_tier=GPU target_device=0 input_bytes=536434376 local_bytes=0 remote_gpu_bytes=536434376 host_bytes=0 disk_bytes=0 batch_count=1
[2026-07-08 04:13:32.134] [info] [gpu_pipeline_task.cpp:313] [stage-audit] pipeline_id=19 task_id=25 operator_id=50 operator_name=CONCAT stage_kind=CONCAT operator_type=83 input_type=PARTITIONED output_type=PARTITIONED actual_gpu=0 pipeline_operator_count=1 input_batches=1 input_rows=66071330 input_columns=1 input_bytes=536829584 output_batches=1 output_rows=66071330 output_columns=1 output_bytes=536829584 byte_ratio=1.000000 row_ratio=1.000000 duration_us=5
[2026-07-08 04:13:32.134] [info] [gpu_pipeline_task.cpp:184] [locality-audit] prepare_before pipeline_id=20 task_id=27 preferred_device=1 actual_gpu=1 target_tier=GPU target_device=1 input_bytes=160992720 local_bytes=0 remote_gpu_bytes=160992720 host_bytes=0 disk_bytes=0 batch_count=2
[2026-07-08 04:13:32.195] [info] [gpu_pipeline_task.cpp:184] [locality-audit] prepare_after pipeline_id=12 task_id=13 preferred_device=1 actual_gpu=1 target_tier=GPU target_device=1 input_bytes=41123176 local_bytes=41123176 remote_gpu_bytes=0 host_bytes=0 disk_bytes=0 batch_count=1
[2026-07-08 04:13:32.195] [info] [gpu_pipeline_task.cpp:313] [stage-audit] pipeline_id=12 task_id=13 operator_id=45 operator_name=CONCAT stage_kind=CONCAT operator_type=83 input_type=PARTITIONED output_type=PARTITIONED actual_gpu=1 pipeline_operator_count=1 input_batches=1 input_rows=953580 input_columns=4 input_bytes=41123176 output_batches=1 output_rows=953580 output_columns=4 output_bytes=41123176 byte_ratio=1.000000 row_ratio=1.000000 duration_us=7
[2026-07-08 04:13:32.196] [info] [gpu_pipeline_task.cpp:184] [locality-audit] prepare_after pipeline_id=20 task_id=27 preferred_device=1 actual_gpu=1 target_tier=GPU target_device=1 input_bytes=160992720 local_bytes=160992720 remote_gpu_bytes=0 host_bytes=0 disk_bytes=0 batch_count=2
[2026-07-08 04:13:32.227] [info] [gpu_pipeline_task.cpp:313] [stage-audit] pipeline_id=20 task_id=27 operator_id=19 operator_name=HASH_JOIN stage_kind=JOIN operator_type=33 input_type=PARTITIONED output_type=PIPELINEABLE actual_gpu=1 pipeline_operator_count=2 input_batches=2 input_rows=19814482 input_columns=2 input_bytes=160992720 output_batches=1 output_rows=2279721 output_columns=2 output_bytes=37045520 byte_ratio=0.230107 row_ratio=0.115053 duration_us=31006
[2026-07-08 04:13:32.227] [info] [gpu_pipeline_task.cpp:313] [stage-audit] pipeline_id=20 task_id=27 operator_id=20 operator_name=PROJECTION stage_kind=PROJECTION operator_type=13 input_type=PIPELINEABLE output_type=PIPELINEABLE actual_gpu=1 pipeline_operator_count=2 input_batches=1 input_rows=2279721 input_columns=2 input_bytes=37045520 output_batches=1 output_rows=2279721 output_columns=1 output_bytes=18522760 byte_ratio=0.500000 row_ratio=1.000000 duration_us=133
[2026-07-08 04:13:32.227] [info] [task_creator.cpp:352] [locality-audit] task_create operator_id=53 input_bytes=18522760 local_bytes=18522760 gpu_source_bytes=18522760 host_source_bytes=0 disk_source_bytes=0 gpu_sources=1 host_sources=0 preferred_device=1
[2026-07-08 04:13:32.227] [info] [task_scheduler.cpp:367] [mgpu-audit] pipeline_task dispatched to GPU 1 task_id=28
[2026-07-08 04:13:32.227] [info] [task_scheduler.cpp:369] [locality-audit] dispatch task_id=28 preferred_device=1 actual_gpu=1
[2026-07-08 04:13:32.227] [info] [gpu_pipeline_task.cpp:184] [locality-audit] prepare_before pipeline_id=21 task_id=28 preferred_device=1 actual_gpu=1 target_tier=GPU target_device=1 input_bytes=18522760 local_bytes=18522760 remote_gpu_bytes=0 host_bytes=0 disk_bytes=0 batch_count=1
[2026-07-08 04:13:32.227] [info] [gpu_pipeline_task.cpp:184] [locality-audit] prepare_after pipeline_id=21 task_id=28 preferred_device=1 actual_gpu=1 target_tier=GPU target_device=1 input_bytes=18522760 local_bytes=18522760 remote_gpu_bytes=0 host_bytes=0 disk_bytes=0 batch_count=1
[2026-07-08 04:13:32.232] [info] [gpu_pipeline_task.cpp:313] [stage-audit] pipeline_id=21 task_id=28 operator_id=53 operator_name=PARTITION stage_kind=PARTITION operator_type=82 input_type=PIPELINEABLE output_type=PIPELINEABLE actual_gpu=1 pipeline_operator_count=1 input_batches=1 input_rows=2279721 input_columns=1 input_bytes=18522760 output_batches=2 output_rows=2279721 output_columns=2 output_bytes=18237768 byte_ratio=0.984614 row_ratio=1.000000 duration_us=4594
[2026-07-08 04:13:32.232] [info] [task_scheduler.cpp:367] [mgpu-audit] pipeline_task dispatched to GPU 1 task_id=29
[2026-07-08 04:13:32.232] [info] [task_scheduler.cpp:369] [locality-audit] dispatch task_id=29 preferred_device=1 actual_gpu=1
[2026-07-08 04:13:32.232] [info] [gpu_pipeline_task.cpp:184] [locality-audit] prepare_before pipeline_id=20 task_id=29 preferred_device=1 actual_gpu=1 target_tier=GPU target_device=1 input_bytes=536829584 local_bytes=0 remote_gpu_bytes=536829584 host_bytes=0 disk_bytes=0 batch_count=1
[2026-07-08 04:13:32.239] [info] [gpu_pipeline_task.cpp:184] [locality-audit] prepare_after pipeline_id=19 task_id=26 preferred_device=0 actual_gpu=0 target_tier=GPU target_device=0 input_bytes=536434376 local_bytes=536434376 remote_gpu_bytes=0 host_bytes=0 disk_bytes=0 batch_count=1
[2026-07-08 04:13:32.239] [info] [gpu_pipeline_task.cpp:313] [stage-audit] pipeline_id=19 task_id=26 operator_id=50 operator_name=CONCAT stage_kind=CONCAT operator_type=83 input_type=PARTITIONED output_type=PARTITIONED actual_gpu=0 pipeline_operator_count=1 input_batches=1 input_rows=66022689 input_columns=1 input_bytes=536434376 output_batches=1 output_rows=66022689 output_columns=1 output_bytes=536434376 byte_ratio=1.000000 row_ratio=1.000000 duration_us=2
[2026-07-08 04:13:32.239] [info] [task_scheduler.cpp:367] [mgpu-audit] pipeline_task dispatched to GPU 1 task_id=30
[2026-07-08 04:13:32.239] [info] [task_scheduler.cpp:369] [locality-audit] dispatch task_id=30 preferred_device=1 actual_gpu=1
[2026-07-08 04:13:32.239] [info] [gpu_pipeline_task.cpp:184] [locality-audit] prepare_before pipeline_id=20 task_id=30 preferred_device=1 actual_gpu=1 target_tier=GPU target_device=1 input_bytes=536434376 local_bytes=0 remote_gpu_bytes=536434376 host_bytes=0 disk_bytes=0 batch_count=1
[2026-07-08 04:13:32.345] [info] [gpu_pipeline_task.cpp:184] [locality-audit] prepare_after pipeline_id=20 task_id=30 preferred_device=1 actual_gpu=1 target_tier=GPU target_device=1 input_bytes=536434376 local_bytes=536434376 remote_gpu_bytes=0 host_bytes=0 disk_bytes=0 batch_count=1
[2026-07-08 04:13:32.367] [info] [gpu_pipeline_task.cpp:184] [locality-audit] prepare_after pipeline_id=20 task_id=29 preferred_device=1 actual_gpu=1 target_tier=GPU target_device=1 input_bytes=536829584 local_bytes=536829584 remote_gpu_bytes=0 host_bytes=0 disk_bytes=0 batch_count=1
[2026-07-08 04:13:32.396] [info] [gpu_pipeline_task.cpp:313] [stage-audit] pipeline_id=20 task_id=30 operator_id=19 operator_name=HASH_JOIN stage_kind=JOIN operator_type=33 input_type=PARTITIONED output_type=PIPELINEABLE actual_gpu=1 pipeline_operator_count=2 input_batches=1 input_rows=66022689 input_columns=1 input_bytes=536434376 output_batches=1 output_rows=8412255 output_columns=2 output_bytes=136699248 byte_ratio=0.254829 row_ratio=0.127415 duration_us=50752
[2026-07-08 04:13:32.413] [info] [gpu_pipeline_task.cpp:313] [stage-audit] pipeline_id=20 task_id=30 operator_id=20 operator_name=PROJECTION stage_kind=PROJECTION operator_type=13 input_type=PIPELINEABLE output_type=PIPELINEABLE actual_gpu=1 pipeline_operator_count=2 input_batches=1 input_rows=8412255 input_columns=2 input_bytes=136699248 output_batches=1 output_rows=8412255 output_columns=1 output_bytes=68349624 byte_ratio=0.500000 row_ratio=1.000000 duration_us=16775
[2026-07-08 04:13:32.413] [info] [task_creator.cpp:352] [locality-audit] task_create operator_id=53 input_bytes=68349624 local_bytes=68349624 gpu_source_bytes=68349624 host_source_bytes=0 disk_source_bytes=0 gpu_sources=1 host_sources=0 preferred_device=1
[2026-07-08 04:13:32.413] [info] [task_scheduler.cpp:367] [mgpu-audit] pipeline_task dispatched to GPU 1 task_id=31
[2026-07-08 04:13:32.413] [info] [task_scheduler.cpp:369] [locality-audit] dispatch task_id=31 preferred_device=1 actual_gpu=1
[2026-07-08 04:13:32.413] [info] [gpu_pipeline_task.cpp:184] [locality-audit] prepare_before pipeline_id=21 task_id=31 preferred_device=1 actual_gpu=1 target_tier=GPU target_device=1 input_bytes=68349624 local_bytes=68349624 remote_gpu_bytes=0 host_bytes=0 disk_bytes=0 batch_count=1
[2026-07-08 04:13:32.413] [info] [gpu_pipeline_task.cpp:184] [locality-audit] prepare_after pipeline_id=21 task_id=31 preferred_device=1 actual_gpu=1 target_tier=GPU target_device=1 input_bytes=68349624 local_bytes=68349624 remote_gpu_bytes=0 host_bytes=0 disk_bytes=0 batch_count=1
[2026-07-08 04:13:32.415] [info] [gpu_pipeline_task.cpp:313] [stage-audit] pipeline_id=20 task_id=29 operator_id=19 operator_name=HASH_JOIN stage_kind=JOIN operator_type=33 input_type=PARTITIONED output_type=PIPELINEABLE actual_gpu=1 pipeline_operator_count=2 input_batches=1 input_rows=66071330 input_columns=1 input_bytes=536829584 output_batches=1 output_rows=8413293 output_columns=2 output_bytes=136716112 byte_ratio=0.254673 row_ratio=0.127337 duration_us=47447
[2026-07-08 04:13:32.415] [info] [gpu_pipeline_task.cpp:313] [stage-audit] pipeline_id=20 task_id=29 operator_id=20 operator_name=PROJECTION stage_kind=PROJECTION operator_type=13 input_type=PIPELINEABLE output_type=PIPELINEABLE actual_gpu=1 pipeline_operator_count=2 input_batches=1 input_rows=8413293 input_columns=2 input_bytes=136716112 output_batches=1 output_rows=8413293 output_columns=1 output_bytes=68358056 byte_ratio=0.500000 row_ratio=1.000000 duration_us=738
[2026-07-08 04:13:32.419] [info] [task_creator.cpp:352] [locality-audit] task_create operator_id=53 input_bytes=68358056 local_bytes=68358056 gpu_source_bytes=68358056 host_source_bytes=0 disk_source_bytes=0 gpu_sources=1 host_sources=0 preferred_device=1
[2026-07-08 04:13:32.419] [info] [task_scheduler.cpp:367] [mgpu-audit] pipeline_task dispatched to GPU 1 task_id=32
[2026-07-08 04:13:32.419] [info] [task_scheduler.cpp:369] [locality-audit] dispatch task_id=32 preferred_device=1 actual_gpu=1
[2026-07-08 04:13:32.419] [info] [gpu_pipeline_task.cpp:313] [stage-audit] pipeline_id=21 task_id=31 operator_id=53 operator_name=PARTITION stage_kind=PARTITION operator_type=82 input_type=PIPELINEABLE output_type=PIPELINEABLE actual_gpu=1 pipeline_operator_count=1 input_batches=1 input_rows=8412255 input_columns=1 input_bytes=68349624 output_batches=2 output_rows=8412255 output_columns=2 output_bytes=67298040 byte_ratio=0.984615 row_ratio=1.000000 duration_us=5616
[2026-07-08 04:13:32.419] [info] [gpu_pipeline_task.cpp:184] [locality-audit] prepare_before pipeline_id=21 task_id=32 preferred_device=1 actual_gpu=1 target_tier=GPU target_device=1 input_bytes=68358056 local_bytes=68358056 remote_gpu_bytes=0 host_bytes=0 disk_bytes=0 batch_count=1
[2026-07-08 04:13:32.419] [info] [gpu_pipeline_task.cpp:184] [locality-audit] prepare_after pipeline_id=21 task_id=32 preferred_device=1 actual_gpu=1 target_tier=GPU target_device=1 input_bytes=68358056 local_bytes=68358056 remote_gpu_bytes=0 host_bytes=0 disk_bytes=0 batch_count=1
[2026-07-08 04:13:32.423] [info] [gpu_pipeline_task.cpp:313] [stage-audit] pipeline_id=21 task_id=32 operator_id=53 operator_name=PARTITION stage_kind=PARTITION operator_type=82 input_type=PIPELINEABLE output_type=PIPELINEABLE actual_gpu=1 pipeline_operator_count=1 input_batches=1 input_rows=8413293 input_columns=1 input_bytes=68358056 output_batches=2 output_rows=8413293 output_columns=2 output_bytes=67306344 byte_ratio=0.984615 row_ratio=1.000000 duration_us=4193
[2026-07-08 04:13:32.423] [info] [task_scheduler.cpp:367] [mgpu-audit] pipeline_task dispatched to GPU 0 task_id=33
[2026-07-08 04:13:32.423] [info] [task_scheduler.cpp:369] [locality-audit] dispatch task_id=33 preferred_device=0 actual_gpu=0
[2026-07-08 04:13:32.423] [info] [task_scheduler.cpp:367] [mgpu-audit] pipeline_task dispatched to GPU 1 task_id=34
[2026-07-08 04:13:32.423] [info] [task_scheduler.cpp:369] [locality-audit] dispatch task_id=34 preferred_device=1 actual_gpu=1
[2026-07-08 04:13:32.423] [info] [gpu_pipeline_task.cpp:184] [locality-audit] prepare_before pipeline_id=22 task_id=34 preferred_device=1 actual_gpu=1 target_tier=GPU target_device=1 input_bytes=76365416 local_bytes=76365416 remote_gpu_bytes=0 host_bytes=0 disk_bytes=0 batch_count=3
[2026-07-08 04:13:32.423] [info] [gpu_pipeline_task.cpp:184] [locality-audit] prepare_after pipeline_id=22 task_id=34 preferred_device=1 actual_gpu=1 target_tier=GPU target_device=1 input_bytes=76365416 local_bytes=76365416 remote_gpu_bytes=0 host_bytes=0 disk_bytes=0 batch_count=3
[2026-07-08 04:13:32.423] [info] [gpu_pipeline_task.cpp:184] [locality-audit] prepare_before pipeline_id=22 task_id=33 preferred_device=0 actual_gpu=0 target_tier=GPU target_device=0 input_bytes=76476736 local_bytes=0 remote_gpu_bytes=76476736 host_bytes=0 disk_bytes=0 batch_count=3
[2026-07-08 04:13:32.426] [info] [gpu_pipeline_task.cpp:313] [stage-audit] pipeline_id=22 task_id=34 operator_id=52 operator_name=CONCAT stage_kind=CONCAT operator_type=83 input_type=PARTITIONED output_type=PARTITIONED actual_gpu=1 pipeline_operator_count=1 input_batches=3 input_rows=9545677 input_columns=3 input_bytes=76365416 output_batches=1 output_rows=9545677 output_columns=1 output_bytes=76365416 byte_ratio=1.000000 row_ratio=1.000000 duration_us=2140
[2026-07-08 04:13:32.432] [info] [gpu_pipeline_task.cpp:184] [locality-audit] prepare_after pipeline_id=22 task_id=33 preferred_device=0 actual_gpu=0 target_tier=GPU target_device=0 input_bytes=76476736 local_bytes=76476736 remote_gpu_bytes=0 host_bytes=0 disk_bytes=0 batch_count=3
[2026-07-08 04:13:32.434] [info] [gpu_pipeline_task.cpp:313] [stage-audit] pipeline_id=22 task_id=33 operator_id=52 operator_name=CONCAT stage_kind=CONCAT operator_type=83 input_type=PARTITIONED output_type=PARTITIONED actual_gpu=0 pipeline_operator_count=1 input_batches=3 input_rows=9559592 input_columns=3 input_bytes=76476736 output_batches=1 output_rows=9559592 output_columns=1 output_bytes=76476736 byte_ratio=1.000000 row_ratio=1.000000 duration_us=1741
[2026-07-08 04:13:32.434] [info] [task_scheduler.cpp:367] [mgpu-audit] pipeline_task dispatched to GPU 1 task_id=36
[2026-07-08 04:13:32.434] [info] [task_scheduler.cpp:369] [locality-audit] dispatch task_id=36 preferred_device=1 actual_gpu=1
[2026-07-08 04:13:32.434] [info] [task_scheduler.cpp:367] [mgpu-audit] pipeline_task dispatched to GPU 0 task_id=35
[2026-07-08 04:13:32.434] [info] [task_scheduler.cpp:369] [locality-audit] dispatch task_id=35 preferred_device=0 actual_gpu=0
[2026-07-08 04:13:32.434] [info] [gpu_pipeline_task.cpp:184] [locality-audit] prepare_before pipeline_id=23 task_id=35 preferred_device=0 actual_gpu=0 target_tier=GPU target_device=0 input_bytes=117657767 local_bytes=117657767 remote_gpu_bytes=0 host_bytes=0 disk_bytes=0 batch_count=2
[2026-07-08 04:13:32.434] [info] [gpu_pipeline_task.cpp:184] [locality-audit] prepare_after pipeline_id=23 task_id=35 preferred_device=0 actual_gpu=0 target_tier=GPU target_device=0 input_bytes=117657767 local_bytes=117657767 remote_gpu_bytes=0 host_bytes=0 disk_bytes=0 batch_count=2
[2026-07-08 04:13:32.434] [info] [gpu_pipeline_task.cpp:184] [locality-audit] prepare_before pipeline_id=23 task_id=36 preferred_device=1 actual_gpu=1 target_tier=GPU target_device=1 input_bytes=117488592 local_bytes=117488592 remote_gpu_bytes=0 host_bytes=0 disk_bytes=0 batch_count=2
[2026-07-08 04:13:32.434] [info] [gpu_pipeline_task.cpp:184] [locality-audit] prepare_after pipeline_id=23 task_id=36 preferred_device=1 actual_gpu=1 target_tier=GPU target_device=1 input_bytes=117488592 local_bytes=117488592 remote_gpu_bytes=0 host_bytes=0 disk_bytes=0 batch_count=2
[2026-07-08 04:13:32.451] [info] [gpu_pipeline_task.cpp:313] [stage-audit] pipeline_id=23 task_id=35 operator_id=27 operator_name=HASH_JOIN stage_kind=JOIN operator_type=33 input_type=PARTITIONED output_type=PIPELINEABLE actual_gpu=0 pipeline_operator_count=3 input_batches=2 input_rows=10514513 input_columns=5 input_bytes=117657767 output_batches=1 output_rows=318135 output_columns=2 output_bytes=8629457 byte_ratio=0.073344 row_ratio=0.030257 duration_us=16470
[2026-07-08 04:13:32.451] [info] [gpu_pipeline_task.cpp:313] [stage-audit] pipeline_id=23 task_id=36 operator_id=27 operator_name=HASH_JOIN stage_kind=JOIN operator_type=33 input_type=PARTITIONED output_type=PIPELINEABLE actual_gpu=1 pipeline_operator_count=3 input_batches=2 input_rows=10499257 input_columns=5 input_bytes=117488592 output_batches=1 output_rows=317345 output_columns=2 output_bytes=8607999 byte_ratio=0.073267 row_ratio=0.030225 duration_us=16433
[2026-07-08 04:13:32.453] [info] [gpu_pipeline_task.cpp:313] [stage-audit] pipeline_id=23 task_id=35 operator_id=31 operator_name=PROJECTION stage_kind=PROJECTION operator_type=13 input_type=PIPELINEABLE output_type=PIPELINEABLE actual_gpu=0 pipeline_operator_count=3 input_batches=1 input_rows=318135 input_columns=2 input_bytes=8629457 output_batches=1 output_rows=318135 output_columns=2 output_bytes=4453894 byte_ratio=0.516127 row_ratio=1.000000 duration_us=2554
[2026-07-08 04:13:32.453] [info] [gpu_pipeline_task.cpp:313] [stage-audit] pipeline_id=23 task_id=36 operator_id=31 operator_name=PROJECTION stage_kind=PROJECTION operator_type=13 input_type=PIPELINEABLE output_type=PIPELINEABLE actual_gpu=1 pipeline_operator_count=3 input_batches=1 input_rows=317345 input_columns=2 input_bytes=8607999 output_batches=1 output_rows=317345 output_columns=2 output_bytes=4442834 byte_ratio=0.516129 row_ratio=1.000000 duration_us=2545
[2026-07-08 04:13:32.462] [info] [gpu_pipeline_task.cpp:313] [stage-audit] pipeline_id=23 task_id=35 operator_id=32 operator_name=HASH_GROUP_BY stage_kind=AGGREGATE operator_type=9 input_type=PIPELINEABLE output_type=PIPELINEABLE actual_gpu=0 pipeline_operator_count=3 input_batches=1 input_rows=318135 input_columns=2 input_bytes=4453894 output_batches=1 output_rows=7 output_columns=3 output_bytes=214 byte_ratio=0.000048 row_ratio=0.000022 duration_us=9238
[2026-07-08 04:13:32.465] [info] [gpu_pipeline_task.cpp:313] [stage-audit] pipeline_id=23 task_id=36 operator_id=32 operator_name=HASH_GROUP_BY stage_kind=AGGREGATE operator_type=9 input_type=PIPELINEABLE output_type=PIPELINEABLE actual_gpu=1 pipeline_operator_count=3 input_batches=1 input_rows=317345 input_columns=2 input_bytes=4442834 output_batches=1 output_rows=7 output_columns=3 output_bytes=214 byte_ratio=0.000048 row_ratio=0.000022 duration_us=11673
[2026-07-08 04:13:32.465] [info] [task_creator.cpp:352] [locality-audit] task_create operator_id=54 input_bytes=214 local_bytes=214 gpu_source_bytes=214 host_source_bytes=0 disk_source_bytes=0 gpu_sources=1 host_sources=0 preferred_device=0
[2026-07-08 04:13:32.465] [info] [task_creator.cpp:352] [locality-audit] task_create operator_id=54 input_bytes=214 local_bytes=214 gpu_source_bytes=214 host_source_bytes=0 disk_source_bytes=0 gpu_sources=1 host_sources=0 preferred_device=1
[2026-07-08 04:13:32.465] [info] [task_scheduler.cpp:367] [mgpu-audit] pipeline_task dispatched to GPU 0 task_id=37
[2026-07-08 04:13:32.465] [info] [task_scheduler.cpp:369] [locality-audit] dispatch task_id=37 preferred_device=0 actual_gpu=0
[2026-07-08 04:13:32.465] [info] [task_scheduler.cpp:367] [mgpu-audit] pipeline_task dispatched to GPU 1 task_id=38
[2026-07-08 04:13:32.465] [info] [task_scheduler.cpp:369] [locality-audit] dispatch task_id=38 preferred_device=1 actual_gpu=1
[2026-07-08 04:13:32.465] [info] [gpu_pipeline_task.cpp:184] [locality-audit] prepare_before pipeline_id=24 task_id=38 preferred_device=1 actual_gpu=1 target_tier=GPU target_device=1 input_bytes=214 local_bytes=214 remote_gpu_bytes=0 host_bytes=0 disk_bytes=0 batch_count=1
[2026-07-08 04:13:32.465] [info] [gpu_pipeline_task.cpp:184] [locality-audit] prepare_after pipeline_id=24 task_id=38 preferred_device=1 actual_gpu=1 target_tier=GPU target_device=1 input_bytes=214 local_bytes=214 remote_gpu_bytes=0 host_bytes=0 disk_bytes=0 batch_count=1
[2026-07-08 04:13:32.465] [info] [gpu_pipeline_task.cpp:313] [stage-audit] pipeline_id=24 task_id=38 operator_id=54 operator_name=PARTITION stage_kind=PARTITION operator_type=82 input_type=PIPELINEABLE output_type=PIPELINEABLE actual_gpu=1 pipeline_operator_count=1 input_batches=1 input_rows=7 input_columns=3 input_bytes=214 output_batches=1 output_rows=7 output_columns=3 output_bytes=214 byte_ratio=1.000000 row_ratio=1.000000 duration_us=2
[2026-07-08 04:13:32.465] [info] [gpu_pipeline_task.cpp:184] [locality-audit] prepare_before pipeline_id=24 task_id=37 preferred_device=0 actual_gpu=0 target_tier=GPU target_device=0 input_bytes=214 local_bytes=214 remote_gpu_bytes=0 host_bytes=0 disk_bytes=0 batch_count=1
[2026-07-08 04:13:32.465] [info] [gpu_pipeline_task.cpp:184] [locality-audit] prepare_after pipeline_id=24 task_id=37 preferred_device=0 actual_gpu=0 target_tier=GPU target_device=0 input_bytes=214 local_bytes=214 remote_gpu_bytes=0 host_bytes=0 disk_bytes=0 batch_count=1
[2026-07-08 04:13:32.465] [info] [gpu_pipeline_task.cpp:313] [stage-audit] pipeline_id=24 task_id=37 operator_id=54 operator_name=PARTITION stage_kind=PARTITION operator_type=82 input_type=PIPELINEABLE output_type=PIPELINEABLE actual_gpu=0 pipeline_operator_count=1 input_batches=1 input_rows=7 input_columns=3 input_bytes=214 output_batches=1 output_rows=7 output_columns=3 output_bytes=214 byte_ratio=1.000000 row_ratio=1.000000 duration_us=7
[2026-07-08 04:13:32.466] [info] [task_scheduler.cpp:367] [mgpu-audit] pipeline_task dispatched to GPU 0 task_id=39
[2026-07-08 04:13:32.466] [info] [task_scheduler.cpp:369] [locality-audit] dispatch task_id=39 preferred_device=0 actual_gpu=0
[2026-07-08 04:13:32.466] [info] [gpu_pipeline_task.cpp:184] [locality-audit] prepare_before pipeline_id=25 task_id=39 preferred_device=0 actual_gpu=0 target_tier=GPU target_device=0 input_bytes=428 local_bytes=214 remote_gpu_bytes=214 host_bytes=0 disk_bytes=0 batch_count=2
[2026-07-08 04:13:32.466] [info] [gpu_pipeline_task.cpp:184] [locality-audit] prepare_after pipeline_id=25 task_id=39 preferred_device=0 actual_gpu=0 target_tier=GPU target_device=0 input_bytes=428 local_bytes=428 remote_gpu_bytes=0 host_bytes=0 disk_bytes=0 batch_count=2
[2026-07-08 04:13:32.467] [info] [gpu_pipeline_task.cpp:313] [stage-audit] pipeline_id=25 task_id=39 operator_id=55 operator_name=MERGE_GROUP_BY stage_kind=AGGREGATE operator_type=85 input_type=PARTITIONED output_type=PIPELINEABLE actual_gpu=0 pipeline_operator_count=1 input_batches=2 input_rows=14 input_columns=6 input_bytes=428 output_batches=1 output_rows=7 output_columns=3 output_bytes=214 byte_ratio=0.500000 row_ratio=0.500000 duration_us=1599
[2026-07-08 04:13:32.468] [info] [task_creator.cpp:352] [locality-audit] task_create operator_id=33 input_bytes=214 local_bytes=214 gpu_source_bytes=214 host_source_bytes=0 disk_source_bytes=0 gpu_sources=1 host_sources=0 preferred_device=0
[2026-07-08 04:13:32.468] [info] [task_scheduler.cpp:367] [mgpu-audit] pipeline_task dispatched to GPU 0 task_id=40
[2026-07-08 04:13:32.468] [info] [task_scheduler.cpp:369] [locality-audit] dispatch task_id=40 preferred_device=0 actual_gpu=0
[2026-07-08 04:13:32.468] [info] [gpu_pipeline_task.cpp:184] [locality-audit] prepare_before pipeline_id=26 task_id=40 preferred_device=0 actual_gpu=0 target_tier=GPU target_device=0 input_bytes=214 local_bytes=214 remote_gpu_bytes=0 host_bytes=0 disk_bytes=0 batch_count=1
[2026-07-08 04:13:32.468] [info] [gpu_pipeline_task.cpp:184] [locality-audit] prepare_after pipeline_id=26 task_id=40 preferred_device=0 actual_gpu=0 target_tier=GPU target_device=0 input_bytes=214 local_bytes=214 remote_gpu_bytes=0 host_bytes=0 disk_bytes=0 batch_count=1
[2026-07-08 04:13:32.472] [info] [gpu_pipeline_task.cpp:313] [stage-audit] pipeline_id=26 task_id=40 operator_id=33 operator_name=ORDER_BY stage_kind=SORT operator_type=1 input_type=PIPELINEABLE output_type=PIPELINEABLE actual_gpu=0 pipeline_operator_count=1 input_batches=1 input_rows=7 input_columns=3 input_bytes=214 output_batches=1 output_rows=7 output_columns=3 output_bytes=214 byte_ratio=1.000000 row_ratio=1.000000 duration_us=3968
[2026-07-08 04:13:32.472] [info] [task_creator.cpp:352] [locality-audit] task_create operator_id=56 input_bytes=214 local_bytes=214 gpu_source_bytes=214 host_source_bytes=0 disk_source_bytes=0 gpu_sources=1 host_sources=0 preferred_device=0
[2026-07-08 04:13:32.472] [info] [task_scheduler.cpp:367] [mgpu-audit] pipeline_task dispatched to GPU 0 task_id=41
[2026-07-08 04:13:32.472] [info] [task_scheduler.cpp:369] [locality-audit] dispatch task_id=41 preferred_device=0 actual_gpu=0
[2026-07-08 04:13:32.472] [info] [gpu_pipeline_task.cpp:184] [locality-audit] prepare_before pipeline_id=27 task_id=41 preferred_device=0 actual_gpu=0 target_tier=GPU target_device=0 input_bytes=214 local_bytes=214 remote_gpu_bytes=0 host_bytes=0 disk_bytes=0 batch_count=1
[2026-07-08 04:13:32.472] [info] [gpu_pipeline_task.cpp:184] [locality-audit] prepare_after pipeline_id=27 task_id=41 preferred_device=0 actual_gpu=0 target_tier=GPU target_device=0 input_bytes=214 local_bytes=214 remote_gpu_bytes=0 host_bytes=0 disk_bytes=0 batch_count=1
[2026-07-08 04:13:32.472] [info] [gpu_pipeline_task.cpp:313] [stage-audit] pipeline_id=27 task_id=41 operator_id=56 operator_name=SORT_SAMPLE stage_kind=SORT operator_type=89 input_type=PIPELINEABLE output_type=PIPELINEABLE actual_gpu=0 pipeline_operator_count=2 input_batches=1 input_rows=7 input_columns=3 input_bytes=214 output_batches=1 output_rows=7 output_columns=3 output_bytes=214 byte_ratio=1.000000 row_ratio=1.000000 duration_us=221
[2026-07-08 04:13:32.475] [info] [gpu_pipeline_task.cpp:313] [stage-audit] pipeline_id=27 task_id=41 operator_id=57 operator_name=SORT_PARTITION stage_kind=SORT operator_type=88 input_type=PIPELINEABLE output_type=PIPELINEABLE actual_gpu=0 pipeline_operator_count=2 input_batches=1 input_rows=7 input_columns=3 input_bytes=214 output_batches=3 output_rows=7 output_columns=9 output_bytes=222 byte_ratio=1.037383 row_ratio=1.000000 duration_us=3293
[2026-07-08 04:13:32.475] [info] [task_creator.cpp:352] [locality-audit] task_create operator_id=58 input_bytes=222 local_bytes=222 gpu_source_bytes=222 host_source_bytes=0 disk_source_bytes=0 gpu_sources=1 host_sources=0 preferred_device=0
[2026-07-08 04:13:32.475] [info] [task_scheduler.cpp:367] [mgpu-audit] pipeline_task dispatched to GPU 0 task_id=42
[2026-07-08 04:13:32.475] [info] [task_scheduler.cpp:369] [locality-audit] dispatch task_id=42 preferred_device=0 actual_gpu=0
[2026-07-08 04:13:32.476] [info] [gpu_pipeline_task.cpp:184] [locality-audit] prepare_before pipeline_id=28 task_id=42 preferred_device=0 actual_gpu=0 target_tier=GPU target_device=0 input_bytes=222 local_bytes=222 remote_gpu_bytes=0 host_bytes=0 disk_bytes=0 batch_count=3
[2026-07-08 04:13:32.476] [info] [gpu_pipeline_task.cpp:184] [locality-audit] prepare_after pipeline_id=28 task_id=42 preferred_device=0 actual_gpu=0 target_tier=GPU target_device=0 input_bytes=222 local_bytes=222 remote_gpu_bytes=0 host_bytes=0 disk_bytes=0 batch_count=3
[2026-07-08 04:13:32.485] [info] [gpu_pipeline_task.cpp:313] [stage-audit] pipeline_id=28 task_id=42 operator_id=58 operator_name=MERGE_SORT stage_kind=SORT operator_type=84 input_type=PIPELINEABLE output_type=PIPELINEABLE actual_gpu=0 pipeline_operator_count=1 input_batches=3 input_rows=7 input_columns=9 input_bytes=222 output_batches=1 output_rows=7 output_columns=3 output_bytes=214 byte_ratio=0.963964 row_ratio=1.000000 duration_us=9336
[2026-07-08 04:13:32.485] [info] [task_creator.cpp:352] [locality-audit] task_create operator_id=34 input_bytes=214 local_bytes=214 gpu_source_bytes=214 host_source_bytes=0 disk_source_bytes=0 gpu_sources=1 host_sources=0 preferred_device=0
[2026-07-08 04:13:32.485] [info] [task_scheduler.cpp:367] [mgpu-audit] pipeline_task dispatched to GPU 0 task_id=43
[2026-07-08 04:13:32.485] [info] [task_scheduler.cpp:369] [locality-audit] dispatch task_id=43 preferred_device=0 actual_gpu=0
[2026-07-08 04:13:32.485] [info] [gpu_pipeline_task.cpp:184] [locality-audit] prepare_before pipeline_id=29 task_id=43 preferred_device=0 actual_gpu=0 target_tier=GPU target_device=0 input_bytes=214 local_bytes=214 remote_gpu_bytes=0 host_bytes=0 disk_bytes=0 batch_count=1
[2026-07-08 04:13:32.485] [info] [gpu_pipeline_task.cpp:184] [locality-audit] prepare_after pipeline_id=29 task_id=43 preferred_device=0 actual_gpu=0 target_tier=GPU target_device=0 input_bytes=214 local_bytes=214 remote_gpu_bytes=0 host_bytes=0 disk_bytes=0 batch_count=1
[2026-07-08 04:13:32.485] [info] [gpu_pipeline_task.cpp:313] [stage-audit] pipeline_id=29 task_id=43 operator_id=34 operator_name=RESULT_COLLECTOR stage_kind=RESULT operator_type=76 input_type=PIPELINEABLE output_type=PIPELINEABLE actual_gpu=0 pipeline_operator_count=1 input_batches=1 input_rows=7 input_columns=3 input_bytes=214 output_batches=1 output_rows=7 output_columns=3 output_bytes=214 byte_ratio=1.000000 row_ratio=1.000000 duration_us=2
[2026-07-08 04:13:32.506] [info] [gpu_pipeline_executor.cpp:118] GPU Pipeline Executor: task queue interrupted, stopping manager loop
[2026-07-08 04:13:32.506] [info] [gpu_pipeline_executor.cpp:118] GPU Pipeline Executor: task queue interrupted, stopping manager loop
[2026-07-08 04:13:32.510] [info] [physical_sirius_execution.cpp:160] Transparent GPU execution: query completed
[2026-07-08 04:13:32.513] [info] [sirius_context.cpp:258] QueryEnd
[2026-07-08 04:13:32.532] [info] [:] [host_pool] HOST:0 QueryEnd allocated=5242880 bytes peak=1063256064 bytes free_blocks=1019
[2026-07-08 04:13:32.532] [info] [:] [gpu_pool] GPU:0 QueryEnd allocated=804191488 bytes peak=2395149824 bytes reserved=0 bytes
[2026-07-08 04:13:32.532] [info] [:] [gpu_pool] GPU:1 QueryEnd allocated=536434688 bytes peak=4736527408 bytes reserved=0 bytes
[2026-07-08 04:13:32.532] [info] [:] [host_pool] HOST:0 QueryBegin allocated=5242880 bytes peak=1063256064 bytes free_blocks=1019
[2026-07-08 04:13:32.532] [info] [:] [gpu_pool] GPU:0 QueryBegin allocated=804191488 bytes peak=2395149824 bytes reserved=0 bytes
[2026-07-08 04:13:32.532] [info] [:] [gpu_pool] GPU:1 QueryBegin allocated=536434688 bytes peak=4736527408 bytes reserved=0 bytes
[2026-07-08 04:13:32.533] [info] [sirius_context.cpp:242] QueryBegin: SQL: CALL unpin_table('customer')
[2026-07-08 04:13:32.534] [info] [sirius_context.cpp:258] QueryEnd
[2026-07-08 04:13:32.552] [info] [:] [host_pool] HOST:0 QueryEnd allocated=5242880 bytes peak=1063256064 bytes free_blocks=1019
[2026-07-08 04:13:32.552] [info] [:] [gpu_pool] GPU:0 QueryEnd allocated=682316288 bytes peak=2395149824 bytes reserved=0 bytes
[2026-07-08 04:13:32.552] [info] [:] [gpu_pool] GPU:1 QueryEnd allocated=536434688 bytes peak=4736527408 bytes reserved=0 bytes
[2026-07-08 04:13:32.553] [info] [:] [host_pool] HOST:0 QueryBegin allocated=5242880 bytes peak=1063256064 bytes free_blocks=1019
[2026-07-08 04:13:32.553] [info] [:] [gpu_pool] GPU:0 QueryBegin allocated=682316288 bytes peak=2395149824 bytes reserved=0 bytes
[2026-07-08 04:13:32.553] [info] [:] [gpu_pool] GPU:1 QueryBegin allocated=536434688 bytes peak=4736527408 bytes reserved=0 bytes
[2026-07-08 04:13:32.553] [info] [sirius_context.cpp:242] QueryBegin: SQL: CALL unpin_table('orders')
[2026-07-08 04:13:32.554] [info] [sirius_context.cpp:258] QueryEnd
[2026-07-08 04:13:32.573] [info] [:] [host_pool] HOST:0 QueryEnd allocated=5242880 bytes peak=1063256064 bytes free_blocks=1019
[2026-07-08 04:13:32.573] [info] [:] [gpu_pool] GPU:0 QueryEnd allocated=0 bytes peak=2395149824 bytes reserved=0 bytes
[2026-07-08 04:13:32.573] [info] [:] [gpu_pool] GPU:1 QueryEnd allocated=0 bytes peak=4736527408 bytes reserved=0 bytes
[2026-07-08 04:13:32.573] [info] [sirius_context.cpp:1013] Connection closed.
[2026-07-08 04:13:32.577] [info] [task_scheduler.cpp:295] Task request channel closed, exiting management event loop.
[2026-07-08 04:13:32.577] [info] [gpu_pipeline_executor.cpp:118] GPU Pipeline Executor: task queue interrupted, stopping manager loop
[2026-07-08 04:13:32.578] [info] [gpu_pipeline_executor.cpp:118] GPU Pipeline Executor: task queue interrupted, stopping manager loop
