[2026-07-08 12:20:05.949] [warning] [sirius_config.cpp:459] sirius_config: use_sirius_datasource was false but 2 GPUs are configured; the sirius datasource is required for multi-GPU IO routing. Overriding use_sirius_datasource to true.
[2026-07-08 12:20:05.949] [info] [sirius_context.cpp:1046] Loaded Sirius configuration from file: /home/dy1013/sirius_multi-gpu/experiment/fixed_page_runs/tpch22_page7gb_iso/configs/sirius_2gpu.yaml
[2026-07-08 12:20:05.953] [info] [telemetry_context.cpp:67] Telemetry context initialized (engine=siriusDB)
[2026-07-08 12:20:05.953] [info] [sirius_context.cpp:337] SiriusContext: topology summary — 2 GPU(s), 1 NUMA node(s), host='hicys76'
[2026-07-08 12:20:05.953] [info] [sirius_context.cpp:342]   GPU 0: NVIDIA RTX A5000 (numa=0, pci=00000000:16:00.0)
[2026-07-08 12:20:05.953] [info] [sirius_context.cpp:342]   GPU 1: NVIDIA RTX A5000 (numa=0, pci=00000000:34:00.0)
[2026-07-08 12:20:06.091] [warning] [sirius_context.cpp:352] SiriusContext: disk memory space is not configured; spilling GPU or HOST data to disk is disabled. If queries run out of GPU/HOST memory, downgrades to disk will not be possible.
[2026-07-08 12:20:06.091] [info] [sirius_context.cpp:364] SiriusContext: 1 host memory space(s) created for 1 NUMA node(s)
[2026-07-08 12:20:06.093] [info] [sirius_context.cpp:417] SiriusContext: P2P enabled 0 -> 1
[2026-07-08 12:20:06.093] [info] [sirius_context.cpp:417] SiriusContext: P2P enabled 1 -> 0
[2026-07-08 12:20:06.112] [info] [sirius_context.cpp:477] SiriusContext: cuDF pinned memory resource configured (NUMA-aware, max slab 8192 B, fallback node=0)
[2026-07-08 12:20:06.276] [info] [sirius_context.cpp:1007] Connection opened.
[2026-07-08 12:20:06.276] [info] [sirius_context.cpp:1020] Extension loaded: sirius
[2026-07-08 12:20:06.277] [info] [sirius_context.cpp:258] QueryEnd
[2026-07-08 12:20:06.286] [info] [:] [host_pool] HOST:0 QueryEnd allocated=0 bytes peak=0 bytes free_blocks=512
[2026-07-08 12:20:06.286] [info] [:] [gpu_pool] GPU:0 QueryEnd allocated=0 bytes peak=0 bytes reserved=0 bytes
[2026-07-08 12:20:06.286] [info] [:] [gpu_pool] GPU:1 QueryEnd allocated=0 bytes peak=0 bytes reserved=0 bytes
[2026-07-08 12:20:06.287] [info] [:] [host_pool] HOST:0 QueryBegin allocated=0 bytes peak=0 bytes free_blocks=512
[2026-07-08 12:20:06.287] [info] [:] [gpu_pool] GPU:0 QueryBegin allocated=0 bytes peak=0 bytes reserved=0 bytes
[2026-07-08 12:20:06.287] [info] [:] [gpu_pool] GPU:1 QueryBegin allocated=0 bytes peak=0 bytes reserved=0 bytes
[2026-07-08 12:20:06.287] [info] [sirius_context.cpp:242] QueryBegin: SQL: CALL pin_table('/mnt/nvme/dataset/customer*.parquet', tier='gpu', name='customer', cols=['c_custkey','c_nationkey'])
[2026-07-08 12:20:06.354] [info] [sirius_extension.cpp:1060] [fixed-page-cache] pin_table chunk_rr name='customer' chunk=0 rows=15000000 source_gpu=0 target_gpu=0
[2026-07-08 12:20:06.371] [info] [sirius_scan_manager.cpp:1094] [fixed-page-cache] page_directory indexed table='customer' fixed_cols=2 pages=12 resident_pages=12 resident_bytes=180000000 stats_pages=12 evicted_pages=0 eviction_count=0 directory_entries=12 page_bytes=16777216 rows=15000000 partial=false owned_pages=0
[2026-07-08 12:20:06.371] [info] [sirius_context.cpp:258] QueryEnd
[2026-07-08 12:20:06.377] [info] [:] [host_pool] HOST:0 QueryEnd allocated=3145728 bytes peak=3145728 bytes free_blocks=509
[2026-07-08 12:20:06.377] [info] [:] [gpu_pool] GPU:0 QueryEnd allocated=183750400 bytes peak=313203200 bytes reserved=0 bytes
[2026-07-08 12:20:06.377] [info] [:] [gpu_pool] GPU:1 QueryEnd allocated=0 bytes peak=0 bytes reserved=0 bytes
[2026-07-08 12:20:06.377] [info] [:] [host_pool] HOST:0 QueryBegin allocated=3145728 bytes peak=3145728 bytes free_blocks=509
[2026-07-08 12:20:06.377] [info] [:] [gpu_pool] GPU:0 QueryBegin allocated=183750400 bytes peak=313203200 bytes reserved=0 bytes
[2026-07-08 12:20:06.377] [info] [:] [gpu_pool] GPU:1 QueryBegin allocated=0 bytes peak=0 bytes reserved=0 bytes
[2026-07-08 12:20:06.377] [info] [sirius_context.cpp:242] QueryBegin: SQL: CALL pin_table('/mnt/nvme/dataset/lineitem*.parquet', tier='gpu', name='lineitem', cols=['l_discount','l_extendedprice','l_orderkey','l_shipdate','l_suppkey'])
[2026-07-08 12:20:09.661] [info] [sirius_context.cpp:258] QueryEnd
[2026-07-08 12:20:09.675] [info] [:] [host_pool] HOST:0 QueryEnd allocated=3145728 bytes peak=3145728 bytes free_blocks=509
[2026-07-08 12:20:09.675] [info] [:] [gpu_pool] GPU:0 QueryEnd allocated=183750400 bytes peak=313203200 bytes reserved=0 bytes
[2026-07-08 12:20:09.675] [info] [:] [gpu_pool] GPU:1 QueryEnd allocated=0 bytes peak=0 bytes reserved=0 bytes
[2026-07-08 12:20:09.675] [info] [:] [host_pool] HOST:0 QueryBegin allocated=3145728 bytes peak=3145728 bytes free_blocks=509
[2026-07-08 12:20:09.675] [info] [:] [gpu_pool] GPU:0 QueryBegin allocated=183750400 bytes peak=313203200 bytes reserved=0 bytes
[2026-07-08 12:20:09.675] [info] [:] [gpu_pool] GPU:1 QueryBegin allocated=0 bytes peak=0 bytes reserved=0 bytes
[2026-07-08 12:20:09.675] [info] [sirius_context.cpp:242] QueryBegin: SQL: CALL unpin_table('customer')
[2026-07-08 12:20:09.676] [info] [sirius_context.cpp:258] QueryEnd
[2026-07-08 12:20:09.696] [info] [:] [host_pool] HOST:0 QueryEnd allocated=3145728 bytes peak=3145728 bytes free_blocks=509
[2026-07-08 12:20:09.696] [info] [:] [gpu_pool] GPU:0 QueryEnd allocated=0 bytes peak=313203200 bytes reserved=0 bytes
[2026-07-08 12:20:09.696] [info] [:] [gpu_pool] GPU:1 QueryEnd allocated=0 bytes peak=0 bytes reserved=0 bytes
[2026-07-08 12:20:09.696] [info] [:] [host_pool] HOST:0 QueryBegin allocated=3145728 bytes peak=3145728 bytes free_blocks=509
[2026-07-08 12:20:09.696] [info] [:] [gpu_pool] GPU:0 QueryBegin allocated=0 bytes peak=313203200 bytes reserved=0 bytes
[2026-07-08 12:20:09.696] [info] [:] [gpu_pool] GPU:1 QueryBegin allocated=0 bytes peak=0 bytes reserved=0 bytes
[2026-07-08 12:20:09.696] [info] [sirius_context.cpp:242] QueryBegin: SQL: CALL unpin_table('lineitem')
[2026-07-08 12:20:09.697] [info] [sirius_context.cpp:258] QueryEnd
[2026-07-08 12:20:09.716] [info] [:] [host_pool] HOST:0 QueryEnd allocated=3145728 bytes peak=3145728 bytes free_blocks=509
[2026-07-08 12:20:09.716] [info] [:] [gpu_pool] GPU:0 QueryEnd allocated=0 bytes peak=313203200 bytes reserved=0 bytes
[2026-07-08 12:20:09.716] [info] [:] [gpu_pool] GPU:1 QueryEnd allocated=0 bytes peak=0 bytes reserved=0 bytes
[2026-07-08 12:20:09.716] [info] [:] [host_pool] HOST:0 QueryBegin allocated=3145728 bytes peak=3145728 bytes free_blocks=509
[2026-07-08 12:20:09.716] [info] [:] [gpu_pool] GPU:0 QueryBegin allocated=0 bytes peak=313203200 bytes reserved=0 bytes
[2026-07-08 12:20:09.716] [info] [:] [gpu_pool] GPU:1 QueryBegin allocated=0 bytes peak=0 bytes reserved=0 bytes
[2026-07-08 12:20:09.716] [info] [sirius_context.cpp:242] QueryBegin: SQL: CALL unpin_table('nation')
[2026-07-08 12:20:09.717] [info] [sirius_context.cpp:258] QueryEnd
[2026-07-08 12:20:09.737] [info] [:] [host_pool] HOST:0 QueryEnd allocated=3145728 bytes peak=3145728 bytes free_blocks=509
[2026-07-08 12:20:09.737] [info] [:] [gpu_pool] GPU:0 QueryEnd allocated=0 bytes peak=313203200 bytes reserved=0 bytes
[2026-07-08 12:20:09.737] [info] [:] [gpu_pool] GPU:1 QueryEnd allocated=0 bytes peak=0 bytes reserved=0 bytes
[2026-07-08 12:20:09.737] [info] [:] [host_pool] HOST:0 QueryBegin allocated=3145728 bytes peak=3145728 bytes free_blocks=509
[2026-07-08 12:20:09.737] [info] [:] [gpu_pool] GPU:0 QueryBegin allocated=0 bytes peak=313203200 bytes reserved=0 bytes
[2026-07-08 12:20:09.737] [info] [:] [gpu_pool] GPU:1 QueryBegin allocated=0 bytes peak=0 bytes reserved=0 bytes
[2026-07-08 12:20:09.737] [info] [sirius_context.cpp:242] QueryBegin: SQL: CALL unpin_table('orders')
[2026-07-08 12:20:09.738] [info] [sirius_context.cpp:258] QueryEnd
[2026-07-08 12:20:09.757] [info] [:] [host_pool] HOST:0 QueryEnd allocated=3145728 bytes peak=3145728 bytes free_blocks=509
[2026-07-08 12:20:09.757] [info] [:] [gpu_pool] GPU:0 QueryEnd allocated=0 bytes peak=313203200 bytes reserved=0 bytes
[2026-07-08 12:20:09.757] [info] [:] [gpu_pool] GPU:1 QueryEnd allocated=0 bytes peak=0 bytes reserved=0 bytes
[2026-07-08 12:20:09.757] [info] [:] [host_pool] HOST:0 QueryBegin allocated=3145728 bytes peak=3145728 bytes free_blocks=509
[2026-07-08 12:20:09.757] [info] [:] [gpu_pool] GPU:0 QueryBegin allocated=0 bytes peak=313203200 bytes reserved=0 bytes
[2026-07-08 12:20:09.757] [info] [:] [gpu_pool] GPU:1 QueryBegin allocated=0 bytes peak=0 bytes reserved=0 bytes
[2026-07-08 12:20:09.757] [info] [sirius_context.cpp:242] QueryBegin: SQL: CALL unpin_table('supplier')
[2026-07-08 12:20:09.758] [info] [sirius_context.cpp:258] QueryEnd
[2026-07-08 12:20:09.778] [info] [:] [host_pool] HOST:0 QueryEnd allocated=3145728 bytes peak=3145728 bytes free_blocks=509
[2026-07-08 12:20:09.778] [info] [:] [gpu_pool] GPU:0 QueryEnd allocated=0 bytes peak=313203200 bytes reserved=0 bytes
[2026-07-08 12:20:09.778] [info] [:] [gpu_pool] GPU:1 QueryEnd allocated=0 bytes peak=0 bytes reserved=0 bytes
[2026-07-08 12:20:09.778] [info] [sirius_context.cpp:1013] Connection closed.
[2026-07-08 12:20:09.788] [info] [task_scheduler.cpp:295] Task request channel closed, exiting management event loop.
[2026-07-08 12:20:09.788] [info] [gpu_pipeline_executor.cpp:118] GPU Pipeline Executor: task queue interrupted, stopping manager loop
[2026-07-08 12:20:09.788] [info] [gpu_pipeline_executor.cpp:118] GPU Pipeline Executor: task queue interrupted, stopping manager loop
