[2026-07-09 04:31:39.787] [info] [sirius_context.cpp:957] Loaded Sirius configuration from file: /home/dy1013/sirius_multi-gpu/experiment/fixed_page_runs/allq_5x_7gb_fixed/configs/sirius_2gpu.yaml
[2026-07-09 04:31:39.794] [info] [telemetry_context.cpp:78] Telemetry context initialized (engine=siriusDB)
[2026-07-09 04:31:39.794] [info] [sirius_context.cpp:296] SiriusContext: topology summary — 2 GPU(s), 1 NUMA node(s), host='hicys76'
[2026-07-09 04:31:39.795] [info] [sirius_context.cpp:301]   GPU 0: NVIDIA RTX A5000 (numa=0, pci=00000000:AC:00.0)
[2026-07-09 04:31:39.795] [info] [sirius_context.cpp:301]   GPU 1: NVIDIA RTX A5000 (numa=0, pci=00000000:CA:00.0)
[2026-07-09 04:31:39.942] [warning] [sirius_context.cpp:311] SiriusContext: disk memory space is not configured; spilling GPU or HOST data to disk is disabled. If queries run out of GPU/HOST memory, downgrades to disk will not be possible.
[2026-07-09 04:31:39.942] [info] [sirius_context.cpp:323] SiriusContext: 1 host memory space(s) created for 1 NUMA node(s)
[2026-07-09 04:31:39.945] [info] [sirius_context.cpp:376] SiriusContext: P2P enabled 0 -> 1
[2026-07-09 04:31:39.945] [info] [sirius_context.cpp:376] SiriusContext: P2P enabled 1 -> 0
[2026-07-09 04:31:39.963] [info] [sirius_context.cpp:436] SiriusContext: cuDF pinned memory resource configured (NUMA-aware, max slab 8192 B, fallback node=0)
[2026-07-09 04:31:39.966] [info] [sirius_context.cpp:918] Connection opened.
[2026-07-09 04:31:39.966] [info] [sirius_context.cpp:931] Extension loaded: sirius
[2026-07-09 04:31:39.967] [info] [sirius_context.cpp:217] QueryEnd
[2026-07-09 04:31:39.975] [info] [:] [host_pool] HOST:0 QueryEnd allocated=67108864 bytes peak=67108864 bytes free_blocks=448
[2026-07-09 04:31:39.975] [info] [:] [gpu_pool] GPU:0 QueryEnd allocated=0 bytes peak=0 bytes reserved=0 bytes
[2026-07-09 04:31:39.975] [info] [:] [gpu_pool] GPU:1 QueryEnd allocated=0 bytes peak=0 bytes reserved=0 bytes
[2026-07-09 04:31:39.976] [info] [:] [host_pool] HOST:0 QueryBegin allocated=67108864 bytes peak=67108864 bytes free_blocks=448
[2026-07-09 04:31:39.976] [info] [:] [gpu_pool] GPU:0 QueryBegin allocated=0 bytes peak=0 bytes reserved=0 bytes
[2026-07-09 04:31:39.976] [info] [:] [gpu_pool] GPU:1 QueryBegin allocated=0 bytes peak=0 bytes reserved=0 bytes
[2026-07-09 04:31:39.976] [info] [sirius_context.cpp:201] QueryBegin: SQL: CALL pin_table('/mnt/nvme/dataset/customer.parquet', tier='gpu', name='customer', cols=['c_acctbal','c_address','c_comment','c_custkey','c_name','c_nationkey','c_phone'])
[2026-07-09 04:31:39.980] [info] [parquet_gpu_ingestible.cpp:250] [coalesce-debug] parquet_batch_coalescer emit #1: 1 slice(s), acc_bytes=519418085, cap=536870912
[2026-07-09 04:31:39.980] [info] [parquet_gpu_ingestible.cpp:250] [coalesce-debug] parquet_batch_coalescer emit #2: 1 slice(s), acc_bytes=518667493, cap=536870912
[2026-07-09 04:31:39.980] [info] [parquet_gpu_ingestible.cpp:250] [coalesce-debug] parquet_batch_coalescer emit #3: 1 slice(s), acc_bytes=518761035, cap=536870912
[2026-07-09 04:31:39.980] [info] [parquet_gpu_ingestible.cpp:250] [coalesce-debug] parquet_batch_coalescer emit #4: 1 slice(s), acc_bytes=519492340, cap=536870912
[2026-07-09 04:31:39.980] [info] [parquet_gpu_ingestible.cpp:250] [coalesce-debug] parquet_batch_coalescer emit #5: 1 slice(s), acc_bytes=519101525, cap=536870912
[2026-07-09 04:31:41.049] [info] [parquet_gpu_ingestible.cpp:250] [coalesce-debug] parquet_batch_coalescer emit #6: 1 slice(s), acc_bytes=154968236, cap=536870912
[2026-07-09 04:31:41.203] [info] [sirius_scan_manager.cpp:1737] [fixed-page-cache] page_directory indexed table='customer' fixed_cols=3 pages=28 resident_pages=28 resident_bytes=300000000 stats_pages=17 evicted_pages=0 eviction_count=0 directory_entries=28 page_bytes=16777216 rows=15000000 owned_pages=0
[2026-07-09 04:31:41.203] [info] [sirius_context.cpp:217] QueryEnd
[2026-07-09 04:31:41.220] [info] [:] [host_pool] HOST:0 QueryEnd allocated=72351744 bytes peak=72351744 bytes free_blocks=443
[2026-07-09 04:31:41.220] [info] [:] [gpu_pool] GPU:0 QueryEnd allocated=1421386496 bytes peak=2180911872 bytes reserved=0 bytes
[2026-07-09 04:31:41.220] [info] [:] [gpu_pool] GPU:1 QueryEnd allocated=1089021952 bytes peak=1707662080 bytes reserved=0 bytes
[2026-07-09 04:31:41.220] [info] [:] [host_pool] HOST:0 QueryBegin allocated=72351744 bytes peak=72351744 bytes free_blocks=443
[2026-07-09 04:31:41.220] [info] [:] [gpu_pool] GPU:0 QueryBegin allocated=1421386496 bytes peak=2180911872 bytes reserved=0 bytes
[2026-07-09 04:31:41.220] [info] [:] [gpu_pool] GPU:1 QueryBegin allocated=1089021952 bytes peak=1707662080 bytes reserved=0 bytes
[2026-07-09 04:31:41.220] [info] [sirius_context.cpp:201] QueryBegin: SQL: CALL pin_table('/mnt/nvme/dataset/lineitem.parquet', tier='gpu', name='lineitem', cols=['l_discount','l_extendedprice','l_orderkey','l_returnflag'])
[2026-07-09 04:31:41.310] [info] [parquet_gpu_ingestible.cpp:250] [coalesce-debug] parquet_batch_coalescer emit #1: 1 slice(s), acc_bytes=534079613, cap=536870912
[2026-07-09 04:31:41.310] [info] [parquet_gpu_ingestible.cpp:250] [coalesce-debug] parquet_batch_coalescer emit #2: 1 slice(s), acc_bytes=535972802, cap=536870912
[2026-07-09 04:31:41.310] [info] [parquet_gpu_ingestible.cpp:250] [coalesce-debug] parquet_batch_coalescer emit #3: 1 slice(s), acc_bytes=535983359, cap=536870912
[2026-07-09 04:31:41.310] [info] [parquet_gpu_ingestible.cpp:250] [coalesce-debug] parquet_batch_coalescer emit #4: 1 slice(s), acc_bytes=535980597, cap=536870912
[2026-07-09 04:31:41.310] [info] [parquet_gpu_ingestible.cpp:250] [coalesce-debug] parquet_batch_coalescer emit #5: 1 slice(s), acc_bytes=535979781, cap=536870912
[2026-07-09 04:31:41.310] [info] [parquet_gpu_ingestible.cpp:250] [coalesce-debug] parquet_batch_coalescer emit #6: 1 slice(s), acc_bytes=535460192, cap=536870912
[2026-07-09 04:31:41.310] [info] [parquet_gpu_ingestible.cpp:250] [coalesce-debug] parquet_batch_coalescer emit #7: 1 slice(s), acc_bytes=533661491, cap=536870912
[2026-07-09 04:31:41.310] [info] [parquet_gpu_ingestible.cpp:250] [coalesce-debug] parquet_batch_coalescer emit #8: 1 slice(s), acc_bytes=533652199, cap=536870912
[2026-07-09 04:31:41.310] [info] [parquet_gpu_ingestible.cpp:250] [coalesce-debug] parquet_batch_coalescer emit #9: 1 slice(s), acc_bytes=533640765, cap=536870912
[2026-07-09 04:31:41.310] [info] [parquet_gpu_ingestible.cpp:250] [coalesce-debug] parquet_batch_coalescer emit #10: 1 slice(s), acc_bytes=533644392, cap=536870912
[2026-07-09 04:31:41.310] [info] [parquet_gpu_ingestible.cpp:250] [coalesce-debug] parquet_batch_coalescer emit #11: 1 slice(s), acc_bytes=533657465, cap=536870912
[2026-07-09 04:31:41.310] [info] [parquet_gpu_ingestible.cpp:250] [coalesce-debug] parquet_batch_coalescer emit #12: 1 slice(s), acc_bytes=533623979, cap=536870912
[2026-07-09 04:31:41.310] [info] [parquet_gpu_ingestible.cpp:250] [coalesce-debug] parquet_batch_coalescer emit #13: 1 slice(s), acc_bytes=533651278, cap=536870912
[2026-07-09 04:31:41.310] [info] [parquet_gpu_ingestible.cpp:250] [coalesce-debug] parquet_batch_coalescer emit #14: 1 slice(s), acc_bytes=533647373, cap=536870912
[2026-07-09 04:31:41.310] [info] [parquet_gpu_ingestible.cpp:250] [coalesce-debug] parquet_batch_coalescer emit #15: 1 slice(s), acc_bytes=533642890, cap=536870912
[2026-07-09 04:31:41.310] [info] [parquet_gpu_ingestible.cpp:250] [coalesce-debug] parquet_batch_coalescer emit #16: 1 slice(s), acc_bytes=533661113, cap=536870912
[2026-07-09 04:31:41.310] [info] [parquet_gpu_ingestible.cpp:250] [coalesce-debug] parquet_batch_coalescer emit #17: 1 slice(s), acc_bytes=533679259, cap=536870912
[2026-07-09 04:31:41.310] [info] [parquet_gpu_ingestible.cpp:250] [coalesce-debug] parquet_batch_coalescer emit #18: 1 slice(s), acc_bytes=533660777, cap=536870912
[2026-07-09 04:31:41.310] [info] [parquet_gpu_ingestible.cpp:250] [coalesce-debug] parquet_batch_coalescer emit #19: 1 slice(s), acc_bytes=533658384, cap=536870912
[2026-07-09 04:31:41.310] [info] [parquet_gpu_ingestible.cpp:250] [coalesce-debug] parquet_batch_coalescer emit #20: 1 slice(s), acc_bytes=533660495, cap=536870912
[2026-07-09 04:31:41.310] [info] [parquet_gpu_ingestible.cpp:250] [coalesce-debug] parquet_batch_coalescer emit #21: 1 slice(s), acc_bytes=533624353, cap=536870912
[2026-07-09 04:31:41.310] [info] [parquet_gpu_ingestible.cpp:250] [coalesce-debug] parquet_batch_coalescer emit #22: 1 slice(s), acc_bytes=533653629, cap=536870912
[2026-07-09 04:31:41.310] [info] [parquet_gpu_ingestible.cpp:250] [coalesce-debug] parquet_batch_coalescer emit #23: 1 slice(s), acc_bytes=533638990, cap=536870912
[2026-07-09 04:31:41.310] [info] [parquet_gpu_ingestible.cpp:250] [coalesce-debug] parquet_batch_coalescer emit #24: 1 slice(s), acc_bytes=533668180, cap=536870912
[2026-07-09 04:31:41.310] [info] [parquet_gpu_ingestible.cpp:250] [coalesce-debug] parquet_batch_coalescer emit #25: 1 slice(s), acc_bytes=533655525, cap=536870912
[2026-07-09 04:31:41.310] [info] [parquet_gpu_ingestible.cpp:250] [coalesce-debug] parquet_batch_coalescer emit #26: 1 slice(s), acc_bytes=533652864, cap=536870912
[2026-07-09 04:31:41.310] [info] [parquet_gpu_ingestible.cpp:250] [coalesce-debug] parquet_batch_coalescer emit #27: 1 slice(s), acc_bytes=533653057, cap=536870912
[2026-07-09 04:31:41.310] [info] [parquet_gpu_ingestible.cpp:250] [coalesce-debug] parquet_batch_coalescer emit #28: 1 slice(s), acc_bytes=533651849, cap=536870912
[2026-07-09 04:31:41.310] [info] [parquet_gpu_ingestible.cpp:250] [coalesce-debug] parquet_batch_coalescer emit #29: 1 slice(s), acc_bytes=533648977, cap=536870912
[2026-07-09 04:31:41.310] [info] [parquet_gpu_ingestible.cpp:250] [coalesce-debug] parquet_batch_coalescer emit #30: 1 slice(s), acc_bytes=533641203, cap=536870912
[2026-07-09 04:31:41.310] [info] [parquet_gpu_ingestible.cpp:250] [coalesce-debug] parquet_batch_coalescer emit #31: 1 slice(s), acc_bytes=533649629, cap=536870912
[2026-07-09 04:31:41.310] [info] [parquet_gpu_ingestible.cpp:250] [coalesce-debug] parquet_batch_coalescer emit #32: 1 slice(s), acc_bytes=533651416, cap=536870912
[2026-07-09 04:31:44.049] [info] [sirius_context.cpp:217] QueryEnd
[2026-07-09 04:31:44.072] [info] [:] [host_pool] HOST:0 QueryEnd allocated=72351744 bytes peak=72351744 bytes free_blocks=443
[2026-07-09 04:31:44.072] [info] [:] [gpu_pool] GPU:0 QueryEnd allocated=1421386496 bytes peak=6878390784 bytes reserved=0 bytes
[2026-07-09 04:31:44.072] [info] [:] [gpu_pool] GPU:1 QueryEnd allocated=1089021952 bytes peak=6547379200 bytes reserved=0 bytes
[2026-07-09 04:31:44.078] [info] [:] [host_pool] HOST:0 QueryBegin allocated=72351744 bytes peak=72351744 bytes free_blocks=443
[2026-07-09 04:31:44.078] [info] [:] [gpu_pool] GPU:0 QueryBegin allocated=1421386496 bytes peak=6878390784 bytes reserved=0 bytes
[2026-07-09 04:31:44.078] [info] [:] [gpu_pool] GPU:1 QueryBegin allocated=1089021952 bytes peak=6547379200 bytes reserved=0 bytes
[2026-07-09 04:31:44.078] [info] [sirius_context.cpp:201] QueryBegin: SQL: CALL unpin_table('customer')
[2026-07-09 04:31:44.080] [info] [sirius_context.cpp:217] QueryEnd
[2026-07-09 04:31:44.102] [info] [:] [host_pool] HOST:0 QueryEnd allocated=72351744 bytes peak=72351744 bytes free_blocks=443
[2026-07-09 04:31:44.102] [info] [:] [gpu_pool] GPU:0 QueryEnd allocated=0 bytes peak=6878390784 bytes reserved=0 bytes
[2026-07-09 04:31:44.102] [info] [:] [gpu_pool] GPU:1 QueryEnd allocated=0 bytes peak=6547379200 bytes reserved=0 bytes
[2026-07-09 04:31:44.102] [info] [:] [host_pool] HOST:0 QueryBegin allocated=72351744 bytes peak=72351744 bytes free_blocks=443
[2026-07-09 04:31:44.102] [info] [:] [gpu_pool] GPU:0 QueryBegin allocated=0 bytes peak=6878390784 bytes reserved=0 bytes
[2026-07-09 04:31:44.102] [info] [:] [gpu_pool] GPU:1 QueryBegin allocated=0 bytes peak=6547379200 bytes reserved=0 bytes
[2026-07-09 04:31:44.102] [info] [sirius_context.cpp:201] QueryBegin: SQL: CALL unpin_table('lineitem')
[2026-07-09 04:31:44.104] [info] [sirius_context.cpp:217] QueryEnd
[2026-07-09 04:31:44.123] [info] [:] [host_pool] HOST:0 QueryEnd allocated=72351744 bytes peak=72351744 bytes free_blocks=443
[2026-07-09 04:31:44.123] [info] [:] [gpu_pool] GPU:0 QueryEnd allocated=0 bytes peak=6878390784 bytes reserved=0 bytes
[2026-07-09 04:31:44.123] [info] [:] [gpu_pool] GPU:1 QueryEnd allocated=0 bytes peak=6547379200 bytes reserved=0 bytes
[2026-07-09 04:31:44.123] [info] [:] [host_pool] HOST:0 QueryBegin allocated=72351744 bytes peak=72351744 bytes free_blocks=443
[2026-07-09 04:31:44.123] [info] [:] [gpu_pool] GPU:0 QueryBegin allocated=0 bytes peak=6878390784 bytes reserved=0 bytes
[2026-07-09 04:31:44.123] [info] [:] [gpu_pool] GPU:1 QueryBegin allocated=0 bytes peak=6547379200 bytes reserved=0 bytes
[2026-07-09 04:31:44.123] [info] [sirius_context.cpp:201] QueryBegin: SQL: CALL unpin_table('nation')
[2026-07-09 04:31:44.124] [info] [sirius_context.cpp:217] QueryEnd
[2026-07-09 04:31:44.143] [info] [:] [host_pool] HOST:0 QueryEnd allocated=72351744 bytes peak=72351744 bytes free_blocks=443
[2026-07-09 04:31:44.143] [info] [:] [gpu_pool] GPU:0 QueryEnd allocated=0 bytes peak=6878390784 bytes reserved=0 bytes
[2026-07-09 04:31:44.143] [info] [:] [gpu_pool] GPU:1 QueryEnd allocated=0 bytes peak=6547379200 bytes reserved=0 bytes
[2026-07-09 04:31:44.144] [info] [:] [host_pool] HOST:0 QueryBegin allocated=72351744 bytes peak=72351744 bytes free_blocks=443
[2026-07-09 04:31:44.144] [info] [:] [gpu_pool] GPU:0 QueryBegin allocated=0 bytes peak=6878390784 bytes reserved=0 bytes
[2026-07-09 04:31:44.144] [info] [:] [gpu_pool] GPU:1 QueryBegin allocated=0 bytes peak=6547379200 bytes reserved=0 bytes
[2026-07-09 04:31:44.144] [info] [sirius_context.cpp:201] QueryBegin: SQL: CALL unpin_table('orders')
[2026-07-09 04:31:44.144] [info] [sirius_context.cpp:217] QueryEnd
[2026-07-09 04:31:44.164] [info] [:] [host_pool] HOST:0 QueryEnd allocated=72351744 bytes peak=72351744 bytes free_blocks=443
[2026-07-09 04:31:44.164] [info] [:] [gpu_pool] GPU:0 QueryEnd allocated=0 bytes peak=6878390784 bytes reserved=0 bytes
[2026-07-09 04:31:44.164] [info] [:] [gpu_pool] GPU:1 QueryEnd allocated=0 bytes peak=6547379200 bytes reserved=0 bytes
[2026-07-09 04:31:44.164] [info] [sirius_context.cpp:924] Connection closed.
[2026-07-09 04:31:44.174] [info] [task_scheduler.cpp:368] Task request channel closed, exiting management event loop.
[2026-07-09 04:31:44.174] [info] [gpu_pipeline_executor.cpp:118] GPU Pipeline Executor: task queue interrupted, stopping manager loop
[2026-07-09 04:31:44.174] [info] [gpu_pipeline_executor.cpp:118] GPU Pipeline Executor: task queue interrupted, stopping manager loop
