[2026-07-08 12:26:38.964] [warning] [sirius_config.cpp:459] sirius_config: use_sirius_datasource was false but 2 GPUs are configured; the sirius datasource is required for multi-GPU IO routing. Overriding use_sirius_datasource to true.
[2026-07-08 12:26:38.964] [info] [sirius_context.cpp:1046] Loaded Sirius configuration from file: /home/dy1013/sirius_multi-gpu/experiment/fixed_page_runs/tpch22_page7gb_iso/configs/sirius_2gpu.yaml
[2026-07-08 12:26:38.968] [info] [telemetry_context.cpp:67] Telemetry context initialized (engine=siriusDB)
[2026-07-08 12:26:38.968] [info] [sirius_context.cpp:337] SiriusContext: topology summary — 2 GPU(s), 1 NUMA node(s), host='hicys76'
[2026-07-08 12:26:38.968] [info] [sirius_context.cpp:342]   GPU 0: NVIDIA RTX A5000 (numa=0, pci=00000000:16:00.0)
[2026-07-08 12:26:38.968] [info] [sirius_context.cpp:342]   GPU 1: NVIDIA RTX A5000 (numa=0, pci=00000000:34:00.0)
[2026-07-08 12:26:39.108] [warning] [sirius_context.cpp:352] SiriusContext: disk memory space is not configured; spilling GPU or HOST data to disk is disabled. If queries run out of GPU/HOST memory, downgrades to disk will not be possible.
[2026-07-08 12:26:39.108] [info] [sirius_context.cpp:364] SiriusContext: 1 host memory space(s) created for 1 NUMA node(s)
[2026-07-08 12:26:39.110] [info] [sirius_context.cpp:417] SiriusContext: P2P enabled 0 -> 1
[2026-07-08 12:26:39.110] [info] [sirius_context.cpp:417] SiriusContext: P2P enabled 1 -> 0
[2026-07-08 12:26:39.129] [info] [sirius_context.cpp:477] SiriusContext: cuDF pinned memory resource configured (NUMA-aware, max slab 8192 B, fallback node=0)
[2026-07-08 12:26:39.289] [info] [sirius_context.cpp:1007] Connection opened.
[2026-07-08 12:26:39.289] [info] [sirius_context.cpp:1020] Extension loaded: sirius
[2026-07-08 12:26:39.289] [info] [sirius_context.cpp:258] QueryEnd
[2026-07-08 12:26:39.298] [info] [:] [host_pool] HOST:0 QueryEnd allocated=0 bytes peak=0 bytes free_blocks=512
[2026-07-08 12:26:39.298] [info] [:] [gpu_pool] GPU:0 QueryEnd allocated=0 bytes peak=0 bytes reserved=0 bytes
[2026-07-08 12:26:39.298] [info] [:] [gpu_pool] GPU:1 QueryEnd allocated=0 bytes peak=0 bytes reserved=0 bytes
[2026-07-08 12:26:39.299] [info] [:] [host_pool] HOST:0 QueryBegin allocated=0 bytes peak=0 bytes free_blocks=512
[2026-07-08 12:26:39.299] [info] [:] [gpu_pool] GPU:0 QueryBegin allocated=0 bytes peak=0 bytes reserved=0 bytes
[2026-07-08 12:26:39.299] [info] [:] [gpu_pool] GPU:1 QueryBegin allocated=0 bytes peak=0 bytes reserved=0 bytes
[2026-07-08 12:26:39.299] [info] [sirius_context.cpp:242] QueryBegin: SQL: CALL pin_table('/mnt/nvme/dataset/lineitem*.parquet', tier='gpu', name='lineitem', cols=['l_extendedprice','l_partkey','l_quantity'])
[2026-07-08 12:26:42.025] [info] [sirius_context.cpp:258] QueryEnd
[2026-07-08 12:26:42.051] [info] [:] [host_pool] HOST:0 QueryEnd allocated=1048576 bytes peak=1048576 bytes free_blocks=511
[2026-07-08 12:26:42.051] [info] [:] [gpu_pool] GPU:0 QueryEnd allocated=0 bytes peak=1930240 bytes reserved=0 bytes
[2026-07-08 12:26:42.051] [info] [:] [gpu_pool] GPU:1 QueryEnd allocated=0 bytes peak=0 bytes reserved=0 bytes
[2026-07-08 12:26:42.052] [info] [:] [host_pool] HOST:0 QueryBegin allocated=1048576 bytes peak=1048576 bytes free_blocks=511
[2026-07-08 12:26:42.052] [info] [:] [gpu_pool] GPU:0 QueryBegin allocated=0 bytes peak=1930240 bytes reserved=0 bytes
[2026-07-08 12:26:42.052] [info] [:] [gpu_pool] GPU:1 QueryBegin allocated=0 bytes peak=0 bytes reserved=0 bytes
[2026-07-08 12:26:42.052] [info] [sirius_context.cpp:242] QueryBegin: SQL: CALL unpin_table('lineitem')
[2026-07-08 12:26:42.053] [info] [sirius_context.cpp:258] QueryEnd
[2026-07-08 12:26:42.072] [info] [:] [host_pool] HOST:0 QueryEnd allocated=1048576 bytes peak=1048576 bytes free_blocks=511
[2026-07-08 12:26:42.072] [info] [:] [gpu_pool] GPU:0 QueryEnd allocated=0 bytes peak=1930240 bytes reserved=0 bytes
[2026-07-08 12:26:42.072] [info] [:] [gpu_pool] GPU:1 QueryEnd allocated=0 bytes peak=0 bytes reserved=0 bytes
[2026-07-08 12:26:42.072] [info] [:] [host_pool] HOST:0 QueryBegin allocated=1048576 bytes peak=1048576 bytes free_blocks=511
[2026-07-08 12:26:42.072] [info] [:] [gpu_pool] GPU:0 QueryBegin allocated=0 bytes peak=1930240 bytes reserved=0 bytes
[2026-07-08 12:26:42.072] [info] [:] [gpu_pool] GPU:1 QueryBegin allocated=0 bytes peak=0 bytes reserved=0 bytes
[2026-07-08 12:26:42.072] [info] [sirius_context.cpp:242] QueryBegin: SQL: CALL unpin_table('part')
[2026-07-08 12:26:42.073] [info] [sirius_context.cpp:258] QueryEnd
[2026-07-08 12:26:42.092] [info] [:] [host_pool] HOST:0 QueryEnd allocated=1048576 bytes peak=1048576 bytes free_blocks=511
[2026-07-08 12:26:42.092] [info] [:] [gpu_pool] GPU:0 QueryEnd allocated=0 bytes peak=1930240 bytes reserved=0 bytes
[2026-07-08 12:26:42.092] [info] [:] [gpu_pool] GPU:1 QueryEnd allocated=0 bytes peak=0 bytes reserved=0 bytes
[2026-07-08 12:26:42.093] [info] [sirius_context.cpp:1013] Connection closed.
[2026-07-08 12:26:42.098] [info] [task_scheduler.cpp:295] Task request channel closed, exiting management event loop.
[2026-07-08 12:26:42.098] [info] [gpu_pipeline_executor.cpp:118] GPU Pipeline Executor: task queue interrupted, stopping manager loop
[2026-07-08 12:26:42.098] [info] [gpu_pipeline_executor.cpp:118] GPU Pipeline Executor: task queue interrupted, stopping manager loop
