[2026-07-02 13:00:46.411] [warning] [sirius_config.cpp:459] sirius_config: use_sirius_datasource was false but 2 GPUs are configured; the sirius datasource is required for multi-GPU IO routing. Overriding use_sirius_datasource to true.
[2026-07-02 13:00:46.412] [info] [sirius_context.cpp:1046] Loaded Sirius configuration from file: /home/dy1013/sirius_multi-gpu/experiment/fixed_width_pin_smoke_2gpu_20260702_1/configs/sirius_2gpu.yaml
[2026-07-02 13:00:46.416] [info] [telemetry_context.cpp:67] Telemetry context initialized (engine=siriusDB)
[2026-07-02 13:00:46.416] [info] [sirius_context.cpp:337] SiriusContext: topology summary — 2 GPU(s), 1 NUMA node(s), host='hicys76'
[2026-07-02 13:00:46.416] [info] [sirius_context.cpp:342]   GPU 0: NVIDIA RTX A5000 (numa=0, pci=00000000:16:00.0)
[2026-07-02 13:00:46.416] [info] [sirius_context.cpp:342]   GPU 1: NVIDIA RTX A5000 (numa=0, pci=00000000:34:00.0)
[2026-07-02 13:00:46.629] [warning] [sirius_context.cpp:352] SiriusContext: disk memory space is not configured; spilling GPU or HOST data to disk is disabled. If queries run out of GPU/HOST memory, downgrades to disk will not be possible.
[2026-07-02 13:00:46.629] [info] [sirius_context.cpp:364] SiriusContext: 1 host memory space(s) created for 1 NUMA node(s)
[2026-07-02 13:00:46.631] [info] [sirius_context.cpp:417] SiriusContext: P2P enabled 0 -> 1
[2026-07-02 13:00:46.631] [info] [sirius_context.cpp:417] SiriusContext: P2P enabled 1 -> 0
[2026-07-02 13:00:46.654] [info] [sirius_context.cpp:477] SiriusContext: cuDF pinned memory resource configured (NUMA-aware, max slab 8192 B, fallback node=0)
[2026-07-02 13:00:46.899] [info] [sirius_context.cpp:1007] Connection opened.
[2026-07-02 13:00:46.899] [info] [sirius_context.cpp:1020] Extension loaded: sirius
[2026-07-02 13:00:46.899] [info] [sirius_context.cpp:258] QueryEnd
[2026-07-02 13:00:46.907] [info] [:] [host_pool] HOST:0 QueryEnd allocated=0 bytes peak=0 bytes free_blocks=512
[2026-07-02 13:00:46.907] [info] [:] [gpu_pool] GPU:0 QueryEnd allocated=0 bytes peak=0 bytes reserved=0 bytes
[2026-07-02 13:00:46.907] [info] [:] [gpu_pool] GPU:1 QueryEnd allocated=0 bytes peak=0 bytes reserved=0 bytes
[2026-07-02 13:00:46.908] [info] [:] [host_pool] HOST:0 QueryBegin allocated=0 bytes peak=0 bytes free_blocks=512
[2026-07-02 13:00:46.908] [info] [:] [gpu_pool] GPU:0 QueryBegin allocated=0 bytes peak=0 bytes reserved=0 bytes
[2026-07-02 13:00:46.908] [info] [:] [gpu_pool] GPU:1 QueryBegin allocated=0 bytes peak=0 bytes reserved=0 bytes
[2026-07-02 13:00:46.908] [info] [sirius_context.cpp:242] QueryBegin: SQL: CALL pin_table('/mnt/nvme/dataset/customer*.parquet', tier='gpu', name='customer', cols=['c_custkey'])
[2026-07-02 13:00:46.974] [info] [sirius_extension.cpp:1060] [fixed-page-cache] pin_table chunk_rr name='customer' chunk=0 rows=15000000 source_gpu=0 target_gpu=0
[2026-07-02 13:00:46.977] [info] [sirius_scan_manager.cpp:570] [fixed-page-cache] indexed pinned table 'customer' fixed_cols=1 pages=58 page_bytes=2097152 rows=15000000 partial=false
[2026-07-02 13:00:46.977] [info] [sirius_context.cpp:258] QueryEnd
[2026-07-02 13:00:46.988] [info] [:] [host_pool] HOST:0 QueryEnd allocated=4194304 bytes peak=4194304 bytes free_blocks=508
[2026-07-02 13:00:46.988] [info] [:] [gpu_pool] GPU:0 QueryEnd allocated=121875200 bytes peak=241876224 bytes reserved=0 bytes
[2026-07-02 13:00:46.988] [info] [:] [gpu_pool] GPU:1 QueryEnd allocated=0 bytes peak=0 bytes reserved=0 bytes
[2026-07-02 13:00:46.989] [info] [:] [host_pool] HOST:0 QueryBegin allocated=4194304 bytes peak=4194304 bytes free_blocks=508
[2026-07-02 13:00:46.989] [info] [:] [gpu_pool] GPU:0 QueryBegin allocated=121875200 bytes peak=241876224 bytes reserved=0 bytes
[2026-07-02 13:00:46.989] [info] [:] [gpu_pool] GPU:1 QueryBegin allocated=0 bytes peak=0 bytes reserved=0 bytes
[2026-07-02 13:00:46.989] [info] [sirius_context.cpp:242] QueryBegin: SQL: CALL pin_table('/mnt/nvme/dataset/lineitem*.parquet', tier='gpu', name='lineitem', cols=['l_discount','l_extendedprice','l_orderkey','l_shipdate'])
[2026-07-02 13:00:49.275] [info] [sirius_extension.cpp:1060] [fixed-page-cache] pin_table chunk_rr name='lineitem' chunk=0 rows=18820816 source_gpu=0 target_gpu=0
[2026-07-02 13:00:49.290] [info] [sirius_context.cpp:258] QueryEnd
[2026-07-02 13:00:49.306] [info] [:] [host_pool] HOST:0 QueryEnd allocated=4194304 bytes peak=4194304 bytes free_blocks=508
[2026-07-02 13:00:49.306] [info] [:] [gpu_pool] GPU:0 QueryEnd allocated=121875200 bytes peak=11971404544 bytes reserved=0 bytes
[2026-07-02 13:00:49.306] [info] [:] [gpu_pool] GPU:1 QueryEnd allocated=0 bytes peak=0 bytes reserved=0 bytes
[2026-07-02 13:00:49.307] [info] [:] [host_pool] HOST:0 QueryBegin allocated=4194304 bytes peak=4194304 bytes free_blocks=508
[2026-07-02 13:00:49.307] [info] [:] [gpu_pool] GPU:0 QueryBegin allocated=121875200 bytes peak=11971404544 bytes reserved=0 bytes
[2026-07-02 13:00:49.307] [info] [:] [gpu_pool] GPU:1 QueryBegin allocated=0 bytes peak=0 bytes reserved=0 bytes
[2026-07-02 13:00:49.307] [info] [sirius_context.cpp:242] QueryBegin: SQL: CALL unpin_table('customer')
[2026-07-02 13:00:49.308] [info] [sirius_context.cpp:258] QueryEnd
[2026-07-02 13:00:49.326] [info] [:] [host_pool] HOST:0 QueryEnd allocated=4194304 bytes peak=4194304 bytes free_blocks=508
[2026-07-02 13:00:49.326] [info] [:] [gpu_pool] GPU:0 QueryEnd allocated=0 bytes peak=11971404544 bytes reserved=0 bytes
[2026-07-02 13:00:49.326] [info] [:] [gpu_pool] GPU:1 QueryEnd allocated=0 bytes peak=0 bytes reserved=0 bytes
[2026-07-02 13:00:49.327] [info] [:] [host_pool] HOST:0 QueryBegin allocated=4194304 bytes peak=4194304 bytes free_blocks=508
[2026-07-02 13:00:49.327] [info] [:] [gpu_pool] GPU:0 QueryBegin allocated=0 bytes peak=11971404544 bytes reserved=0 bytes
[2026-07-02 13:00:49.327] [info] [:] [gpu_pool] GPU:1 QueryBegin allocated=0 bytes peak=0 bytes reserved=0 bytes
[2026-07-02 13:00:49.327] [info] [sirius_context.cpp:242] QueryBegin: SQL: CALL unpin_table('lineitem')
[2026-07-02 13:00:49.328] [info] [sirius_context.cpp:258] QueryEnd
[2026-07-02 13:00:49.347] [info] [:] [host_pool] HOST:0 QueryEnd allocated=4194304 bytes peak=4194304 bytes free_blocks=508
[2026-07-02 13:00:49.347] [info] [:] [gpu_pool] GPU:0 QueryEnd allocated=0 bytes peak=11971404544 bytes reserved=0 bytes
[2026-07-02 13:00:49.347] [info] [:] [gpu_pool] GPU:1 QueryEnd allocated=0 bytes peak=0 bytes reserved=0 bytes
[2026-07-02 13:00:49.347] [info] [:] [host_pool] HOST:0 QueryBegin allocated=4194304 bytes peak=4194304 bytes free_blocks=508
[2026-07-02 13:00:49.347] [info] [:] [gpu_pool] GPU:0 QueryBegin allocated=0 bytes peak=11971404544 bytes reserved=0 bytes
[2026-07-02 13:00:49.347] [info] [:] [gpu_pool] GPU:1 QueryBegin allocated=0 bytes peak=0 bytes reserved=0 bytes
[2026-07-02 13:00:49.347] [info] [sirius_context.cpp:242] QueryBegin: SQL: CALL unpin_table('orders')
[2026-07-02 13:00:49.348] [info] [sirius_context.cpp:258] QueryEnd
[2026-07-02 13:00:49.367] [info] [:] [host_pool] HOST:0 QueryEnd allocated=4194304 bytes peak=4194304 bytes free_blocks=508
[2026-07-02 13:00:49.367] [info] [:] [gpu_pool] GPU:0 QueryEnd allocated=0 bytes peak=11971404544 bytes reserved=0 bytes
[2026-07-02 13:00:49.367] [info] [:] [gpu_pool] GPU:1 QueryEnd allocated=0 bytes peak=0 bytes reserved=0 bytes
[2026-07-02 13:00:49.368] [info] [sirius_context.cpp:1013] Connection closed.
[2026-07-02 13:00:49.377] [info] [task_scheduler.cpp:295] Task request channel closed, exiting management event loop.
[2026-07-02 13:00:49.377] [info] [gpu_pipeline_executor.cpp:118] GPU Pipeline Executor: task queue interrupted, stopping manager loop
[2026-07-02 13:00:49.377] [info] [gpu_pipeline_executor.cpp:118] GPU Pipeline Executor: task queue interrupted, stopping manager loop
