[2026-07-09 04:30:37.216] [info] [sirius_context.cpp:957] Loaded Sirius configuration from file: /home/dy1013/sirius_multi-gpu/experiment/fixed_page_runs/allq_5x_7gb_fixed/configs/sirius_2gpu.yaml
[2026-07-09 04:30:37.222] [info] [telemetry_context.cpp:78] Telemetry context initialized (engine=siriusDB)
[2026-07-09 04:30:37.222] [info] [sirius_context.cpp:296] SiriusContext: topology summary — 2 GPU(s), 1 NUMA node(s), host='hicys76'
[2026-07-09 04:30:37.222] [info] [sirius_context.cpp:301]   GPU 0: NVIDIA RTX A5000 (numa=0, pci=00000000:AC:00.0)
[2026-07-09 04:30:37.222] [info] [sirius_context.cpp:301]   GPU 1: NVIDIA RTX A5000 (numa=0, pci=00000000:CA:00.0)
[2026-07-09 04:30:37.366] [warning] [sirius_context.cpp:311] SiriusContext: disk memory space is not configured; spilling GPU or HOST data to disk is disabled. If queries run out of GPU/HOST memory, downgrades to disk will not be possible.
[2026-07-09 04:30:37.366] [info] [sirius_context.cpp:323] SiriusContext: 1 host memory space(s) created for 1 NUMA node(s)
[2026-07-09 04:30:37.368] [info] [sirius_context.cpp:376] SiriusContext: P2P enabled 0 -> 1
[2026-07-09 04:30:37.368] [info] [sirius_context.cpp:376] SiriusContext: P2P enabled 1 -> 0
[2026-07-09 04:30:37.387] [info] [sirius_context.cpp:436] SiriusContext: cuDF pinned memory resource configured (NUMA-aware, max slab 8192 B, fallback node=0)
[2026-07-09 04:30:37.391] [info] [sirius_context.cpp:918] Connection opened.
[2026-07-09 04:30:37.391] [info] [sirius_context.cpp:931] Extension loaded: sirius
[2026-07-09 04:30:37.391] [info] [sirius_context.cpp:217] QueryEnd
[2026-07-09 04:30:37.399] [info] [:] [host_pool] HOST:0 QueryEnd allocated=67108864 bytes peak=67108864 bytes free_blocks=448
[2026-07-09 04:30:37.399] [info] [:] [gpu_pool] GPU:0 QueryEnd allocated=0 bytes peak=0 bytes reserved=0 bytes
[2026-07-09 04:30:37.399] [info] [:] [gpu_pool] GPU:1 QueryEnd allocated=0 bytes peak=0 bytes reserved=0 bytes
[2026-07-09 04:30:37.400] [info] [:] [host_pool] HOST:0 QueryBegin allocated=67108864 bytes peak=67108864 bytes free_blocks=448
[2026-07-09 04:30:37.400] [info] [:] [gpu_pool] GPU:0 QueryBegin allocated=0 bytes peak=0 bytes reserved=0 bytes
[2026-07-09 04:30:37.400] [info] [:] [gpu_pool] GPU:1 QueryBegin allocated=0 bytes peak=0 bytes reserved=0 bytes
[2026-07-09 04:30:37.400] [info] [sirius_context.cpp:201] QueryBegin: SQL: CALL pin_table('/mnt/nvme/dataset/lineitem.parquet', tier='gpu', name='lineitem', cols=['l_discount','l_extendedprice','l_orderkey','l_partkey','l_quantity','l_suppkey'])
[2026-07-09 04:30:37.488] [info] [parquet_gpu_ingestible.cpp:250] [coalesce-debug] parquet_batch_coalescer emit #1: 1 slice(s), acc_bytes=532374270, cap=536870912
[2026-07-09 04:30:37.488] [info] [parquet_gpu_ingestible.cpp:250] [coalesce-debug] parquet_batch_coalescer emit #2: 1 slice(s), acc_bytes=535581594, cap=536870912
[2026-07-09 04:30:37.488] [info] [parquet_gpu_ingestible.cpp:250] [coalesce-debug] parquet_batch_coalescer emit #3: 1 slice(s), acc_bytes=535601850, cap=536870912
[2026-07-09 04:30:37.488] [info] [parquet_gpu_ingestible.cpp:250] [coalesce-debug] parquet_batch_coalescer emit #4: 1 slice(s), acc_bytes=535563060, cap=536870912
[2026-07-09 04:30:37.488] [info] [parquet_gpu_ingestible.cpp:250] [coalesce-debug] parquet_batch_coalescer emit #5: 1 slice(s), acc_bytes=535603968, cap=536870912
[2026-07-09 04:30:37.488] [info] [parquet_gpu_ingestible.cpp:250] [coalesce-debug] parquet_batch_coalescer emit #6: 1 slice(s), acc_bytes=535591944, cap=536870912
[2026-07-09 04:30:37.488] [info] [parquet_gpu_ingestible.cpp:250] [coalesce-debug] parquet_batch_coalescer emit #7: 1 slice(s), acc_bytes=535615824, cap=536870912
[2026-07-09 04:30:37.488] [info] [parquet_gpu_ingestible.cpp:250] [coalesce-debug] parquet_batch_coalescer emit #8: 1 slice(s), acc_bytes=535570026, cap=536870912
[2026-07-09 04:30:37.488] [info] [parquet_gpu_ingestible.cpp:250] [coalesce-debug] parquet_batch_coalescer emit #9: 1 slice(s), acc_bytes=535617294, cap=536870912
[2026-07-09 04:30:37.488] [info] [parquet_gpu_ingestible.cpp:250] [coalesce-debug] parquet_batch_coalescer emit #10: 1 slice(s), acc_bytes=533810850, cap=536870912
[2026-07-09 04:30:37.488] [info] [parquet_gpu_ingestible.cpp:250] [coalesce-debug] parquet_batch_coalescer emit #11: 1 slice(s), acc_bytes=534331572, cap=536870912
[2026-07-09 04:30:37.488] [info] [parquet_gpu_ingestible.cpp:250] [coalesce-debug] parquet_batch_coalescer emit #12: 1 slice(s), acc_bytes=534378984, cap=536870912
[2026-07-09 04:30:37.488] [info] [parquet_gpu_ingestible.cpp:250] [coalesce-debug] parquet_batch_coalescer emit #13: 1 slice(s), acc_bytes=534341532, cap=536870912
[2026-07-09 04:30:37.488] [info] [parquet_gpu_ingestible.cpp:250] [coalesce-debug] parquet_batch_coalescer emit #14: 1 slice(s), acc_bytes=534346848, cap=536870912
[2026-07-09 04:30:37.488] [info] [parquet_gpu_ingestible.cpp:250] [coalesce-debug] parquet_batch_coalescer emit #15: 1 slice(s), acc_bytes=534346674, cap=536870912
[2026-07-09 04:30:37.488] [info] [parquet_gpu_ingestible.cpp:250] [coalesce-debug] parquet_batch_coalescer emit #16: 1 slice(s), acc_bytes=534329508, cap=536870912
[2026-07-09 04:30:37.488] [info] [parquet_gpu_ingestible.cpp:250] [coalesce-debug] parquet_batch_coalescer emit #17: 1 slice(s), acc_bytes=534349182, cap=536870912
[2026-07-09 04:30:37.488] [info] [parquet_gpu_ingestible.cpp:250] [coalesce-debug] parquet_batch_coalescer emit #18: 1 slice(s), acc_bytes=534357420, cap=536870912
[2026-07-09 04:30:37.488] [info] [parquet_gpu_ingestible.cpp:250] [coalesce-debug] parquet_batch_coalescer emit #19: 1 slice(s), acc_bytes=534343806, cap=536870912
[2026-07-09 04:30:37.488] [info] [parquet_gpu_ingestible.cpp:250] [coalesce-debug] parquet_batch_coalescer emit #20: 1 slice(s), acc_bytes=534345252, cap=536870912
[2026-07-09 04:30:37.488] [info] [parquet_gpu_ingestible.cpp:250] [coalesce-debug] parquet_batch_coalescer emit #21: 1 slice(s), acc_bytes=534348984, cap=536870912
[2026-07-09 04:30:37.488] [info] [parquet_gpu_ingestible.cpp:250] [coalesce-debug] parquet_batch_coalescer emit #22: 1 slice(s), acc_bytes=534346812, cap=536870912
[2026-07-09 04:30:37.488] [info] [parquet_gpu_ingestible.cpp:250] [coalesce-debug] parquet_batch_coalescer emit #23: 1 slice(s), acc_bytes=534356136, cap=536870912
[2026-07-09 04:30:37.488] [info] [parquet_gpu_ingestible.cpp:250] [coalesce-debug] parquet_batch_coalescer emit #24: 1 slice(s), acc_bytes=534335850, cap=536870912
[2026-07-09 04:30:37.488] [info] [parquet_gpu_ingestible.cpp:250] [coalesce-debug] parquet_batch_coalescer emit #25: 1 slice(s), acc_bytes=534330870, cap=536870912
[2026-07-09 04:30:37.488] [info] [parquet_gpu_ingestible.cpp:250] [coalesce-debug] parquet_batch_coalescer emit #26: 1 slice(s), acc_bytes=534371100, cap=536870912
[2026-07-09 04:30:37.488] [info] [parquet_gpu_ingestible.cpp:250] [coalesce-debug] parquet_batch_coalescer emit #27: 1 slice(s), acc_bytes=534351018, cap=536870912
[2026-07-09 04:30:37.488] [info] [parquet_gpu_ingestible.cpp:250] [coalesce-debug] parquet_batch_coalescer emit #28: 1 slice(s), acc_bytes=534363084, cap=536870912
[2026-07-09 04:30:37.488] [info] [parquet_gpu_ingestible.cpp:250] [coalesce-debug] parquet_batch_coalescer emit #29: 1 slice(s), acc_bytes=534386076, cap=536870912
[2026-07-09 04:30:37.488] [info] [parquet_gpu_ingestible.cpp:250] [coalesce-debug] parquet_batch_coalescer emit #30: 1 slice(s), acc_bytes=534350568, cap=536870912
[2026-07-09 04:30:37.488] [info] [parquet_gpu_ingestible.cpp:250] [coalesce-debug] parquet_batch_coalescer emit #31: 1 slice(s), acc_bytes=534368448, cap=536870912
[2026-07-09 04:30:37.488] [info] [parquet_gpu_ingestible.cpp:250] [coalesce-debug] parquet_batch_coalescer emit #32: 1 slice(s), acc_bytes=534358470, cap=536870912
[2026-07-09 04:30:37.488] [info] [parquet_gpu_ingestible.cpp:250] [coalesce-debug] parquet_batch_coalescer emit #33: 1 slice(s), acc_bytes=534354936, cap=536870912
[2026-07-09 04:30:37.488] [info] [parquet_gpu_ingestible.cpp:250] [coalesce-debug] parquet_batch_coalescer emit #34: 1 slice(s), acc_bytes=534354852, cap=536870912
[2026-07-09 04:30:37.488] [info] [parquet_gpu_ingestible.cpp:250] [coalesce-debug] parquet_batch_coalescer emit #35: 1 slice(s), acc_bytes=534322698, cap=536870912
[2026-07-09 04:30:37.488] [info] [parquet_gpu_ingestible.cpp:250] [coalesce-debug] parquet_batch_coalescer emit #36: 1 slice(s), acc_bytes=534321234, cap=536870912
[2026-07-09 04:30:37.488] [info] [parquet_gpu_ingestible.cpp:250] [coalesce-debug] parquet_batch_coalescer emit #37: 1 slice(s), acc_bytes=534354744, cap=536870912
[2026-07-09 04:30:37.488] [info] [parquet_gpu_ingestible.cpp:250] [coalesce-debug] parquet_batch_coalescer emit #38: 1 slice(s), acc_bytes=534351840, cap=536870912
[2026-07-09 04:30:37.488] [info] [parquet_gpu_ingestible.cpp:250] [coalesce-debug] parquet_batch_coalescer emit #39: 1 slice(s), acc_bytes=534325470, cap=536870912
[2026-07-09 04:30:37.488] [info] [parquet_gpu_ingestible.cpp:250] [coalesce-debug] parquet_batch_coalescer emit #40: 1 slice(s), acc_bytes=534370326, cap=536870912
[2026-07-09 04:30:37.488] [info] [parquet_gpu_ingestible.cpp:250] [coalesce-debug] parquet_batch_coalescer emit #41: 1 slice(s), acc_bytes=534361200, cap=536870912
[2026-07-09 04:30:37.488] [info] [parquet_gpu_ingestible.cpp:250] [coalesce-debug] parquet_batch_coalescer emit #42: 1 slice(s), acc_bytes=534357708, cap=536870912
[2026-07-09 04:30:37.488] [info] [parquet_gpu_ingestible.cpp:250] [coalesce-debug] parquet_batch_coalescer emit #43: 1 slice(s), acc_bytes=534352218, cap=536870912
[2026-07-09 04:30:37.488] [info] [parquet_gpu_ingestible.cpp:250] [coalesce-debug] parquet_batch_coalescer emit #44: 1 slice(s), acc_bytes=534342630, cap=536870912
[2026-07-09 04:30:37.488] [info] [parquet_gpu_ingestible.cpp:250] [coalesce-debug] parquet_batch_coalescer emit #45: 1 slice(s), acc_bytes=534356772, cap=536870912
[2026-07-09 04:30:37.488] [info] [parquet_gpu_ingestible.cpp:250] [coalesce-debug] parquet_batch_coalescer emit #46: 1 slice(s), acc_bytes=534347628, cap=536870912
[2026-07-09 04:30:37.488] [info] [parquet_gpu_ingestible.cpp:250] [coalesce-debug] parquet_batch_coalescer emit #47: 1 slice(s), acc_bytes=534351972, cap=536870912
[2026-07-09 04:30:37.488] [info] [parquet_gpu_ingestible.cpp:250] [coalesce-debug] parquet_batch_coalescer emit #48: 1 slice(s), acc_bytes=534346164, cap=536870912
[2026-07-09 04:30:37.488] [info] [parquet_gpu_ingestible.cpp:250] [coalesce-debug] parquet_batch_coalescer emit #49: 1 slice(s), acc_bytes=534341502, cap=536870912
[2026-07-09 04:30:37.488] [info] [parquet_gpu_ingestible.cpp:250] [coalesce-debug] parquet_batch_coalescer emit #50: 1 slice(s), acc_bytes=534348336, cap=536870912
[2026-07-09 04:30:37.488] [info] [parquet_gpu_ingestible.cpp:250] [coalesce-debug] parquet_batch_coalescer emit #51: 1 slice(s), acc_bytes=534334206, cap=536870912
[2026-07-09 04:30:37.488] [info] [parquet_gpu_ingestible.cpp:250] [coalesce-debug] parquet_batch_coalescer emit #52: 1 slice(s), acc_bytes=534348660, cap=536870912
[2026-07-09 04:30:37.488] [info] [parquet_gpu_ingestible.cpp:250] [coalesce-debug] parquet_batch_coalescer emit #53: 1 slice(s), acc_bytes=534362292, cap=536870912
[2026-07-09 04:30:37.488] [info] [parquet_gpu_ingestible.cpp:250] [coalesce-debug] parquet_batch_coalescer emit #54: 1 slice(s), acc_bytes=534360804, cap=536870912
[2026-07-09 04:30:41.382] [info] [sirius_context.cpp:217] QueryEnd
[2026-07-09 04:30:41.403] [info] [:] [host_pool] HOST:0 QueryEnd allocated=70254592 bytes peak=70254592 bytes free_blocks=445
[2026-07-09 04:30:41.403] [info] [:] [gpu_pool] GPU:0 QueryEnd allocated=0 bytes peak=6958234368 bytes reserved=0 bytes
[2026-07-09 04:30:41.403] [info] [:] [gpu_pool] GPU:1 QueryEnd allocated=0 bytes peak=6514286848 bytes reserved=0 bytes
[2026-07-09 04:30:41.407] [info] [:] [host_pool] HOST:0 QueryBegin allocated=70254592 bytes peak=70254592 bytes free_blocks=445
[2026-07-09 04:30:41.407] [info] [:] [gpu_pool] GPU:0 QueryBegin allocated=0 bytes peak=6958234368 bytes reserved=0 bytes
[2026-07-09 04:30:41.407] [info] [:] [gpu_pool] GPU:1 QueryBegin allocated=0 bytes peak=6514286848 bytes reserved=0 bytes
[2026-07-09 04:30:41.407] [info] [sirius_context.cpp:201] QueryBegin: SQL: CALL unpin_table('lineitem')
[2026-07-09 04:30:41.409] [info] [sirius_context.cpp:217] QueryEnd
[2026-07-09 04:30:41.434] [info] [:] [host_pool] HOST:0 QueryEnd allocated=70254592 bytes peak=70254592 bytes free_blocks=445
[2026-07-09 04:30:41.434] [info] [:] [gpu_pool] GPU:0 QueryEnd allocated=0 bytes peak=6958234368 bytes reserved=0 bytes
[2026-07-09 04:30:41.434] [info] [:] [gpu_pool] GPU:1 QueryEnd allocated=0 bytes peak=6514286848 bytes reserved=0 bytes
[2026-07-09 04:30:41.434] [info] [:] [host_pool] HOST:0 QueryBegin allocated=70254592 bytes peak=70254592 bytes free_blocks=445
[2026-07-09 04:30:41.434] [info] [:] [gpu_pool] GPU:0 QueryBegin allocated=0 bytes peak=6958234368 bytes reserved=0 bytes
[2026-07-09 04:30:41.434] [info] [:] [gpu_pool] GPU:1 QueryBegin allocated=0 bytes peak=6514286848 bytes reserved=0 bytes
[2026-07-09 04:30:41.434] [info] [sirius_context.cpp:201] QueryBegin: SQL: CALL unpin_table('nation')
[2026-07-09 04:30:41.435] [info] [sirius_context.cpp:217] QueryEnd
[2026-07-09 04:30:41.454] [info] [:] [host_pool] HOST:0 QueryEnd allocated=70254592 bytes peak=70254592 bytes free_blocks=445
[2026-07-09 04:30:41.454] [info] [:] [gpu_pool] GPU:0 QueryEnd allocated=0 bytes peak=6958234368 bytes reserved=0 bytes
[2026-07-09 04:30:41.454] [info] [:] [gpu_pool] GPU:1 QueryEnd allocated=0 bytes peak=6514286848 bytes reserved=0 bytes
[2026-07-09 04:30:41.454] [info] [:] [host_pool] HOST:0 QueryBegin allocated=70254592 bytes peak=70254592 bytes free_blocks=445
[2026-07-09 04:30:41.454] [info] [:] [gpu_pool] GPU:0 QueryBegin allocated=0 bytes peak=6958234368 bytes reserved=0 bytes
[2026-07-09 04:30:41.454] [info] [:] [gpu_pool] GPU:1 QueryBegin allocated=0 bytes peak=6514286848 bytes reserved=0 bytes
[2026-07-09 04:30:41.454] [info] [sirius_context.cpp:201] QueryBegin: SQL: CALL unpin_table('orders')
[2026-07-09 04:30:41.455] [info] [sirius_context.cpp:217] QueryEnd
[2026-07-09 04:30:41.475] [info] [:] [host_pool] HOST:0 QueryEnd allocated=70254592 bytes peak=70254592 bytes free_blocks=445
[2026-07-09 04:30:41.475] [info] [:] [gpu_pool] GPU:0 QueryEnd allocated=0 bytes peak=6958234368 bytes reserved=0 bytes
[2026-07-09 04:30:41.475] [info] [:] [gpu_pool] GPU:1 QueryEnd allocated=0 bytes peak=6514286848 bytes reserved=0 bytes
[2026-07-09 04:30:41.475] [info] [:] [host_pool] HOST:0 QueryBegin allocated=70254592 bytes peak=70254592 bytes free_blocks=445
[2026-07-09 04:30:41.475] [info] [:] [gpu_pool] GPU:0 QueryBegin allocated=0 bytes peak=6958234368 bytes reserved=0 bytes
[2026-07-09 04:30:41.475] [info] [:] [gpu_pool] GPU:1 QueryBegin allocated=0 bytes peak=6514286848 bytes reserved=0 bytes
[2026-07-09 04:30:41.475] [info] [sirius_context.cpp:201] QueryBegin: SQL: CALL unpin_table('part')
[2026-07-09 04:30:41.476] [info] [sirius_context.cpp:217] QueryEnd
[2026-07-09 04:30:41.495] [info] [:] [host_pool] HOST:0 QueryEnd allocated=70254592 bytes peak=70254592 bytes free_blocks=445
[2026-07-09 04:30:41.495] [info] [:] [gpu_pool] GPU:0 QueryEnd allocated=0 bytes peak=6958234368 bytes reserved=0 bytes
[2026-07-09 04:30:41.495] [info] [:] [gpu_pool] GPU:1 QueryEnd allocated=0 bytes peak=6514286848 bytes reserved=0 bytes
[2026-07-09 04:30:41.496] [info] [:] [host_pool] HOST:0 QueryBegin allocated=70254592 bytes peak=70254592 bytes free_blocks=445
[2026-07-09 04:30:41.496] [info] [:] [gpu_pool] GPU:0 QueryBegin allocated=0 bytes peak=6958234368 bytes reserved=0 bytes
[2026-07-09 04:30:41.496] [info] [:] [gpu_pool] GPU:1 QueryBegin allocated=0 bytes peak=6514286848 bytes reserved=0 bytes
[2026-07-09 04:30:41.496] [info] [sirius_context.cpp:201] QueryBegin: SQL: CALL unpin_table('partsupp')
[2026-07-09 04:30:41.497] [info] [sirius_context.cpp:217] QueryEnd
[2026-07-09 04:30:41.516] [info] [:] [host_pool] HOST:0 QueryEnd allocated=70254592 bytes peak=70254592 bytes free_blocks=445
[2026-07-09 04:30:41.516] [info] [:] [gpu_pool] GPU:0 QueryEnd allocated=0 bytes peak=6958234368 bytes reserved=0 bytes
[2026-07-09 04:30:41.516] [info] [:] [gpu_pool] GPU:1 QueryEnd allocated=0 bytes peak=6514286848 bytes reserved=0 bytes
[2026-07-09 04:30:41.516] [info] [:] [host_pool] HOST:0 QueryBegin allocated=70254592 bytes peak=70254592 bytes free_blocks=445
[2026-07-09 04:30:41.516] [info] [:] [gpu_pool] GPU:0 QueryBegin allocated=0 bytes peak=6958234368 bytes reserved=0 bytes
[2026-07-09 04:30:41.516] [info] [:] [gpu_pool] GPU:1 QueryBegin allocated=0 bytes peak=6514286848 bytes reserved=0 bytes
[2026-07-09 04:30:41.516] [info] [sirius_context.cpp:201] QueryBegin: SQL: CALL unpin_table('supplier')
[2026-07-09 04:30:41.517] [info] [sirius_context.cpp:217] QueryEnd
[2026-07-09 04:30:41.536] [info] [:] [host_pool] HOST:0 QueryEnd allocated=70254592 bytes peak=70254592 bytes free_blocks=445
[2026-07-09 04:30:41.536] [info] [:] [gpu_pool] GPU:0 QueryEnd allocated=0 bytes peak=6958234368 bytes reserved=0 bytes
[2026-07-09 04:30:41.536] [info] [:] [gpu_pool] GPU:1 QueryEnd allocated=0 bytes peak=6514286848 bytes reserved=0 bytes
[2026-07-09 04:30:41.536] [info] [sirius_context.cpp:924] Connection closed.
[2026-07-09 04:30:41.556] [info] [task_scheduler.cpp:368] Task request channel closed, exiting management event loop.
[2026-07-09 04:30:41.556] [info] [gpu_pipeline_executor.cpp:118] GPU Pipeline Executor: task queue interrupted, stopping manager loop
[2026-07-09 04:30:41.556] [info] [gpu_pipeline_executor.cpp:118] GPU Pipeline Executor: task queue interrupted, stopping manager loop
