[2026-07-01 12:17:29.373] [warning] [sirius_config.cpp:459] sirius_config: use_sirius_datasource was false but 4 GPUs are configured; the sirius datasource is required for multi-GPU IO routing. Overriding use_sirius_datasource to true.
[2026-07-01 12:17:29.373] [info] [sirius_context.cpp:1046] Loaded Sirius configuration from file: /home/dy1013/sirius_multi-gpu/experiment/automatic_motivation_latency/configs/sirius_4gpu.yaml
[2026-07-01 12:17:29.378] [info] [telemetry_context.cpp:67] Telemetry context initialized (engine=siriusDB)
[2026-07-01 12:17:29.378] [info] [sirius_context.cpp:337] SiriusContext: topology summary — 4 GPU(s), 1 NUMA node(s), host='hicys76'
[2026-07-01 12:17:29.378] [info] [sirius_context.cpp:342]   GPU 0: NVIDIA RTX A5000 (numa=0, pci=00000000:16:00.0)
[2026-07-01 12:17:29.378] [info] [sirius_context.cpp:342]   GPU 1: NVIDIA RTX A5000 (numa=0, pci=00000000:34:00.0)
[2026-07-01 12:17:29.378] [info] [sirius_context.cpp:342]   GPU 2: NVIDIA RTX A5000 (numa=0, pci=00000000:AC:00.0)
[2026-07-01 12:17:29.378] [info] [sirius_context.cpp:342]   GPU 3: NVIDIA RTX A5000 (numa=0, pci=00000000:CA:00.0)
[2026-07-01 12:17:29.588] [warning] [sirius_context.cpp:352] SiriusContext: disk memory space is not configured; spilling GPU or HOST data to disk is disabled. If queries run out of GPU/HOST memory, downgrades to disk will not be possible.
[2026-07-01 12:17:29.588] [info] [sirius_context.cpp:364] SiriusContext: 1 host memory space(s) created for 1 NUMA node(s)
[2026-07-01 12:17:29.591] [info] [sirius_context.cpp:417] SiriusContext: P2P enabled 0 -> 1
[2026-07-01 12:17:29.593] [info] [sirius_context.cpp:417] SiriusContext: P2P enabled 0 -> 2
[2026-07-01 12:17:29.595] [info] [sirius_context.cpp:417] SiriusContext: P2P enabled 0 -> 3
[2026-07-01 12:17:29.595] [info] [sirius_context.cpp:417] SiriusContext: P2P enabled 1 -> 0
[2026-07-01 12:17:29.598] [info] [sirius_context.cpp:417] SiriusContext: P2P enabled 1 -> 2
[2026-07-01 12:17:29.600] [info] [sirius_context.cpp:417] SiriusContext: P2P enabled 1 -> 3
[2026-07-01 12:17:29.600] [info] [sirius_context.cpp:417] SiriusContext: P2P enabled 2 -> 0
[2026-07-01 12:17:29.600] [info] [sirius_context.cpp:417] SiriusContext: P2P enabled 2 -> 1
[2026-07-01 12:17:29.602] [info] [sirius_context.cpp:417] SiriusContext: P2P enabled 2 -> 3
[2026-07-01 12:17:29.602] [info] [sirius_context.cpp:417] SiriusContext: P2P enabled 3 -> 0
[2026-07-01 12:17:29.602] [info] [sirius_context.cpp:417] SiriusContext: P2P enabled 3 -> 1
[2026-07-01 12:17:29.602] [info] [sirius_context.cpp:417] SiriusContext: P2P enabled 3 -> 2
[2026-07-01 12:17:29.622] [info] [sirius_context.cpp:477] SiriusContext: cuDF pinned memory resource configured (NUMA-aware, max slab 8192 B, fallback node=0)
[2026-07-01 12:17:29.824] [info] [sirius_context.cpp:1007] Connection opened.
[2026-07-01 12:17:29.824] [info] [sirius_context.cpp:1020] Extension loaded: sirius
[2026-07-01 12:17:29.825] [info] [sirius_context.cpp:258] QueryEnd
[2026-07-01 12:17:29.833] [info] [:] [host_pool] HOST:0 QueryEnd allocated=0 bytes peak=0 bytes free_blocks=512
[2026-07-01 12:17:29.833] [info] [:] [gpu_pool] GPU:0 QueryEnd allocated=0 bytes peak=0 bytes reserved=0 bytes
[2026-07-01 12:17:29.833] [info] [:] [gpu_pool] GPU:1 QueryEnd allocated=0 bytes peak=0 bytes reserved=0 bytes
[2026-07-01 12:17:29.833] [info] [:] [gpu_pool] GPU:2 QueryEnd allocated=0 bytes peak=0 bytes reserved=0 bytes
[2026-07-01 12:17:29.833] [info] [:] [gpu_pool] GPU:3 QueryEnd allocated=0 bytes peak=0 bytes reserved=0 bytes
[2026-07-01 12:17:29.833] [info] [:] [host_pool] HOST:0 QueryBegin allocated=0 bytes peak=0 bytes free_blocks=512
[2026-07-01 12:17:29.833] [info] [:] [gpu_pool] GPU:0 QueryBegin allocated=0 bytes peak=0 bytes reserved=0 bytes
[2026-07-01 12:17:29.833] [info] [:] [gpu_pool] GPU:1 QueryBegin allocated=0 bytes peak=0 bytes reserved=0 bytes
[2026-07-01 12:17:29.833] [info] [:] [gpu_pool] GPU:2 QueryBegin allocated=0 bytes peak=0 bytes reserved=0 bytes
[2026-07-01 12:17:29.833] [info] [:] [gpu_pool] GPU:3 QueryBegin allocated=0 bytes peak=0 bytes reserved=0 bytes
[2026-07-01 12:17:29.833] [info] [sirius_context.cpp:242] QueryBegin: SQL: SET gpu_execution = true;
[2026-07-01 12:17:29.833] [info] [sirius_context.cpp:258] QueryEnd
[2026-07-01 12:17:29.843] [info] [:] [host_pool] HOST:0 QueryEnd allocated=0 bytes peak=0 bytes free_blocks=512
[2026-07-01 12:17:29.843] [info] [:] [gpu_pool] GPU:0 QueryEnd allocated=0 bytes peak=0 bytes reserved=0 bytes
[2026-07-01 12:17:29.843] [info] [:] [gpu_pool] GPU:1 QueryEnd allocated=0 bytes peak=0 bytes reserved=0 bytes
[2026-07-01 12:17:29.843] [info] [:] [gpu_pool] GPU:2 QueryEnd allocated=0 bytes peak=0 bytes reserved=0 bytes
[2026-07-01 12:17:29.843] [info] [:] [gpu_pool] GPU:3 QueryEnd allocated=0 bytes peak=0 bytes reserved=0 bytes
[2026-07-01 12:17:29.843] [info] [:] [host_pool] HOST:0 QueryBegin allocated=0 bytes peak=0 bytes free_blocks=512
[2026-07-01 12:17:29.843] [info] [:] [gpu_pool] GPU:0 QueryBegin allocated=0 bytes peak=0 bytes reserved=0 bytes
[2026-07-01 12:17:29.843] [info] [:] [gpu_pool] GPU:1 QueryBegin allocated=0 bytes peak=0 bytes reserved=0 bytes
[2026-07-01 12:17:29.843] [info] [:] [gpu_pool] GPU:2 QueryBegin allocated=0 bytes peak=0 bytes reserved=0 bytes
[2026-07-01 12:17:29.843] [info] [:] [gpu_pool] GPU:3 QueryBegin allocated=0 bytes peak=0 bytes reserved=0 bytes
[2026-07-01 12:17:29.843] [info] [sirius_context.cpp:242] QueryBegin: SQL: select sum(l.l_extendedprice) / 7.0 as avg_yearly from lineitem l, part p where p.p_partkey = l.l_partkey and p.p_brand = 'Brand#13' and p.p_container = 'JUMBO CAN' and l.l_quantity < ( select 0.2 * avg(l2.l_quantity) from lineitem l2 where l2.l_partkey = p.p_partkey )
[2026-07-01 12:17:30.350] [info] [sirius_context.cpp:954] Transparent execution: Sirius physical plan generated successfully
[2026-07-01 12:17:30.375] [info] [sirius_context.cpp:966] Transparent execution: physical plan replaced with GPU operator
[2026-07-01 12:17:30.375] [info] [physical_sirius_execution.cpp:96] Transparent GPU execution: executing query
[2026-07-01 12:17:30.471] [info] [sirius_engine.cpp:400] Query Plan:
=== Pipeline Overview ===
Pipeline #0: GPU_SCAN (id=39)
  Output: -> PARTITION [port: default, barrier: FULL]
Pipeline #1: PARTITION (id=41)
  Input: <- Pipeline #0 [on: PARTITION (id=41), port: default, barrier: FULL]
  Dependencies: Pipeline #0
  Output: -> CONCAT [port: default, barrier: PARTIAL]
Pipeline #2: CONCAT (id=40)
  Input: <- Pipeline #1 [on: CONCAT (id=40), port: default, barrier: PARTIAL]
  Dependencies: Pipeline #1
  Output: -> HASH_JOIN [port: build, barrier: FULL]
Pipeline #3: GPU_SCAN (id=42)
  Output: -> PARTITION [port: default, barrier: PARTIAL]
Pipeline #4: PARTITION (id=44)
  Input: <- Pipeline #3 [on: PARTITION (id=44), port: default, barrier: PARTIAL]
  Dependencies: Pipeline #3
  Output: -> CONCAT [port: default, barrier: PARTIAL]
Pipeline #5: CONCAT (id=43)
  Input: <- Pipeline #4 [on: CONCAT (id=43), port: default, barrier: PARTIAL]
  Dependencies: Pipeline #4
  Output: -> HASH_JOIN [port: default, barrier: FULL]
Pipeline #6: HASH_JOIN (id=21) -> LEFT_DELIM_JOIN (id=31)
  Input: <- Pipeline #5 [on: HASH_JOIN (id=21), port: default, barrier: FULL]
  Input: <- Pipeline #2 [on: HASH_JOIN (id=21), port: build, barrier: FULL]
  Dependencies: Pipeline #2, Pipeline #5
Pipeline #7: PARTITION (id=45)
  Input: <- Pipeline #6 [on: PARTITION (id=45), port: default, barrier: FULL]
  Dependencies: Pipeline #6
  Output: -> MERGE_GROUP_BY [port: default, barrier: FULL]
Pipeline #8: MERGE_GROUP_BY (id=46)
  Input: <- Pipeline #7 [on: MERGE_GROUP_BY (id=46), port: default, barrier: FULL]
  Dependencies: Pipeline #7
  Output: -> PARTITION [port: default, barrier: FULL]
Pipeline #9: PARTITION (id=48)
  Input: <- Pipeline #8 [on: PARTITION (id=48), port: default, barrier: FULL]
  Dependencies: Pipeline #8
  Output: -> CONCAT [port: default, barrier: PARTIAL]
Pipeline #10: CONCAT (id=47)
  Input: <- Pipeline #9 [on: CONCAT (id=47), port: default, barrier: PARTIAL]
  Dependencies: Pipeline #9
  Output: -> HASH_JOIN [port: build, barrier: FULL]
Pipeline #11: GPU_SCAN (id=49)
  Output: -> PARTITION [port: default, barrier: PARTIAL]
Pipeline #12: PARTITION (id=51)
  Input: <- Pipeline #11 [on: PARTITION (id=51), port: default, barrier: PARTIAL]
  Dependencies: Pipeline #11
  Output: -> CONCAT [port: default, barrier: PARTIAL]
Pipeline #13: CONCAT (id=50)
  Input: <- Pipeline #12 [on: CONCAT (id=50), port: default, barrier: PARTIAL]
  Dependencies: Pipeline #12
  Output: -> HASH_JOIN [port: default, barrier: FULL]
Pipeline #14: HASH_JOIN (id=24) -> PROJECTION (id=27) -> HASH_GROUP_BY (id=28)
  Input: <- Pipeline #13 [on: HASH_JOIN (id=24), port: default, barrier: FULL]
  Input: <- Pipeline #10 [on: HASH_JOIN (id=24), port: build, barrier: FULL]
  Dependencies: Pipeline #10, Pipeline #13
  Output: -> PARTITION [port: default, barrier: FULL]
Pipeline #15: PARTITION (id=52)
  Input: <- Pipeline #14 [on: PARTITION (id=52), port: default, barrier: FULL]
  Dependencies: Pipeline #14
  Output: -> MERGE_GROUP_BY [port: default, barrier: FULL]
Pipeline #16: MERGE_GROUP_BY (id=53)
  Input: <- Pipeline #15 [on: MERGE_GROUP_BY (id=53), port: default, barrier: FULL]
  Dependencies: Pipeline #15
  Output: -> PROJECTION [port: default, barrier: FULL]
Pipeline #17: PROJECTION (id=29)
  Input: <- Pipeline #16 [on: PROJECTION (id=29), port: default, barrier: FULL]
  Dependencies: Pipeline #16
  Output: -> PARTITION [port: default, barrier: FULL]
Pipeline #18: PARTITION (id=55)
  Input: <- Pipeline #17 [on: PARTITION (id=55), port: default, barrier: FULL]
  Dependencies: Pipeline #17
  Output: -> CONCAT [port: default, barrier: PARTIAL]
Pipeline #19: CONCAT (id=54)
  Input: <- Pipeline #18 [on: CONCAT (id=54), port: default, barrier: PARTIAL]
  Dependencies: Pipeline #18
  Output: -> HASH_JOIN [port: build, barrier: FULL]
Pipeline #20: PARTITION (id=57)
  Input: <- Pipeline #6 [on: PARTITION (id=57), port: default, barrier: PARTIAL]
  Dependencies: Pipeline #6
  Output: -> CONCAT [port: default, barrier: PARTIAL]
Pipeline #21: CONCAT (id=56)
  Input: <- Pipeline #20 [on: CONCAT (id=56), port: default, barrier: PARTIAL]
  Dependencies: Pipeline #20
  Output: -> HASH_JOIN [port: default, barrier: FULL]
Pipeline #22: HASH_JOIN (id=30) -> FILTER (id=34) -> PROJECTION (id=35) -> UNGROUPED_AGGREGATE (id=36)
  Input: <- Pipeline #21 [on: HASH_JOIN (id=30), port: default, barrier: FULL]
  Input: <- Pipeline #19 [on: HASH_JOIN (id=30), port: build, barrier: FULL]
  Dependencies: Pipeline #19, Pipeline #21
  Output: -> MERGE_AGGREGATE [port: default, barrier: FULL]
Pipeline #23: MERGE_AGGREGATE (id=58)
  Input: <- Pipeline #22 [on: MERGE_AGGREGATE (id=58), port: default, barrier: FULL]
  Dependencies: Pipeline #22
  Output: -> PROJECTION [port: default, barrier: FULL]
Pipeline #24: PROJECTION (id=37) -> RESULT_COLLECTOR (id=38)
  Input: <- Pipeline #23 [on: PROJECTION (id=37), port: default, barrier: FULL]
  Dependencies: Pipeline #23

=== Query Plan DAG ===
┌─────────────────────────────┐                                                                                             
│ Pipeline #24                │                                                                                             
│ RESULT_COLLECTOR (id=38)    │                                                                                             
│ PROJECTION (id=37)          │                                                                                             
│ Input(#23): FULL            │                                                                                             
└──────────────┬──────────────┘                                                                                             
               │                                                                                                            
┌─────────────────────────────┐                                                                                             
│ Pipeline #23                │                                                                                             
│ MERGE_AGGREGATE (id=58)     │                                                                                             
│ Input(#22): FULL            │                                                                                             
└──────────────┬──────────────┘                                                                                             
               │                                                                                                            
┌─────────────────────────────┐                                                                                             
│ Pipeline #22                │                                                                                             
│ UNGROUPED_AGGREGATE (id=36) │                                                                                             
│ PROJECTION (id=35)          │                                                                                             
│ FILTER (id=34)              │                                                                                             
│ HASH_JOIN (id=30)           │                                                                                             
│   type: LEFT                │                                                                                             
│ Input(#21): FULL            │                                                                                             
│ Input(#19): FULL            │                                                                                             
└──────────────┬──────────────┘                                                                                             
               ┌────────────────────────────────────────────────────────────────────────────────────────────┐               
               │                                                                                            │               
┌─────────────────────────────┐                                                              ┌─────────────────────────────┐
│ Pipeline #19                │                                                              │ Pipeline #21                │
│ CONCAT (id=54)              │                                                              │ CONCAT (id=56)              │
│ Input(#18): PARTIAL         │                                                              │ Input(#20): PARTIAL         │
└──────────────┬──────────────┘                                                              └──────────────┬──────────────┘
               │                                                                                            │               
┌─────────────────────────────┐                                                              ┌─────────────────────────────┐
│ Pipeline #18                │                                                              │ Pipeline #20                │
│ PARTITION (id=55)           │                                                              │ PARTITION (id=57)           │
│ Input(#17): FULL            │                                                              │ Input(#6): PARTIAL          │
└──────────────┬──────────────┘                                                              └──────────────┬──────────────┘
               │                                                                                            │               
┌─────────────────────────────┐                                                              ┌─────────────────────────────┐
│ Pipeline #17                │                                                              │ (-> Pipeline #6)            │
│ PROJECTION (id=29)          │                                                              │                             │
│ Input(#16): FULL            │                                                              │                             │
└──────────────┬──────────────┘                                                              └──────────────┬──────────────┘
               │                                                                                                            
┌─────────────────────────────┐                                                                                             
│ Pipeline #16                │                                                                                             
│ MERGE_GROUP_BY (id=53)      │                                                                                             
│ Input(#15): FULL            │                                                                                             
└──────────────┬──────────────┘                                                                                             
               │                                                                                                            
┌─────────────────────────────┐                                                                                             
│ Pipeline #15                │                                                                                             
│ PARTITION (id=52)           │                                                                                             
│ Input(#14): FULL            │                                                                                             
└──────────────┬──────────────┘                                                                                             
               │                                                                                                            
┌─────────────────────────────┐                                                                                             
│ Pipeline #14                │                                                                                             
│ HASH_GROUP_BY (id=28)       │                                                                                             
│ PROJECTION (id=27)          │                                                                                             
│ HASH_JOIN (id=24)           │                                                                                             
│   type: INNER               │                                                                                             
│ Input(#13): FULL            │                                                                                             
│ Input(#10): FULL            │                                                                                             
└──────────────┬──────────────┘                                                                                             
               ┌─────────────────────────────────────────────────────────────┐                                              
               │                                                             │                                              
┌─────────────────────────────┐                               ┌─────────────────────────────┐                               
│ Pipeline #10                │                               │ Pipeline #13                │                               
│ CONCAT (id=47)              │                               │ CONCAT (id=50)              │                               
│ Input(#9): PARTIAL          │                               │ Input(#12): PARTIAL         │                               
└──────────────┬──────────────┘                               └──────────────┬──────────────┘                               
               │                                                             │                                              
┌─────────────────────────────┐                               ┌─────────────────────────────┐                               
│ Pipeline #9                 │                               │ Pipeline #12                │                               
│ PARTITION (id=48)           │                               │ PARTITION (id=51)           │                               
│ Input(#8): FULL             │                               │ Input(#11): PARTIAL         │                               
└──────────────┬──────────────┘                               └──────────────┬──────────────┘                               
               │                                                             │                                              
┌─────────────────────────────┐                               ┌─────────────────────────────┐                               
│ Pipeline #8                 │                               │ Pipeline #11                │                               
│ MERGE_GROUP_BY (id=46)      │                               │ GPU_SCAN (id=49)            │                               
│ Input(#7): FULL             │                               │                             │                               
└──────────────┬──────────────┘                               └─────────────────────────────┘                               
               │                                                                                                            
┌─────────────────────────────┐                                                                                             
│ Pipeline #7                 │                                                                                             
│ PARTITION (id=45)           │                                                                                             
│ Input(#6): FULL             │                                                                                             
└──────────────┬──────────────┘                                                                                             
               │                                                                                                            
┌─────────────────────────────┐                                                                                             
│ Pipeline #6                 │                                                                                             
│ LEFT_DELIM_JOIN (id=31)     │                                                                                             
│ HASH_JOIN (id=21)           │                                                                                             
│   type: INNER               │                                                                                             
│ Input(#5): FULL             │                                                                                             
│ Input(#2): FULL             │                                                                                             
└──────────────┬──────────────┘                                                                                             
               ┌──────────────────────────────┐                                                                             
               │                              │                                                                             
┌─────────────────────────────┐┌─────────────────────────────┐                                                              
│ Pipeline #2                 ││ Pipeline #5                 │                                                              
│ CONCAT (id=40)              ││ CONCAT (id=43)              │                                                              
│ Input(#1): PARTIAL          ││ Input(#4): PARTIAL          │                                                              
└──────────────┬──────────────┘└──────────────┬──────────────┘                                                              
               │                              │                                                                             
┌─────────────────────────────┐┌─────────────────────────────┐                                                              
│ Pipeline #1                 ││ Pipeline #4                 │                                                              
│ PARTITION (id=41)           ││ PARTITION (id=44)           │                                                              
│ Input(#0): FULL             ││ Input(#3): PARTIAL          │                                                              
└──────────────┬──────────────┘└──────────────┬──────────────┘                                                              
               │                              │                                                                             
┌─────────────────────────────┐┌─────────────────────────────┐                                                              
│ Pipeline #0                 ││ Pipeline #3                 │                                                              
│ GPU_SCAN (id=39)            ││ GPU_SCAN (id=42)            │                                                              
└─────────────────────────────┘└─────────────────────────────┘                                                              

[2026-07-01 12:17:30.483] [info] [task_scheduler.cpp:367] [mgpu-audit] pipeline_task dispatched to GPU 0 task_id=0
[2026-07-01 12:17:30.483] [info] [task_scheduler.cpp:369] [locality-audit] dispatch task_id=0 preferred_device=0 actual_gpu=0
[2026-07-01 12:17:30.604] [info] [parquet_gpu_ingestible.cpp:696] [scan-audit] parquet_materialize target_gpu=0 files=/mnt/nvme/dataset/part.parquet columns=p_partkey,p_brand,p_container row_groups=0,1,2,3,4,5,6,7,8,9,10,11,12,13,14,15,16,17,18,19,20,21,22,23,24,25,26,27,28,29,30,31,32,33,34,35,36,37,38,39,40,41,42,43,44,45,46,47,48,49,50,51,52,53,54,55,56,57,58,59,60,61,62,63,64,65,66,67,68,69,70,71,72,73,74,75,76,77,78,79,80,81,82,83,84,85,86,87,88,89,90,91,92,93,94,95,96,97,98,99,100,101,102,103,104,105,106,107,108,109,110,111,112,113,114,115,116,117,118,119,120,121,122,123,124,125,126,127,128,129,130,131,132,133,134,135,136,137,138,139,140,141,142,143,144,145,146,147,148,149,150,151,152,153,154,155,156,157,158,159,160,161,162 compressed_bytes=107801290 uncompressed_bytes=160005053 column_bytes=p_partkey:80056131:160005053,p_brand:12610597:12638401,p_container:15134562:15165694 output_rows=20067 output_columns=3 split_count=1 duration_us=116749
[2026-07-01 12:17:30.604] [info] [gpu_pipeline_task.cpp:311] [stage-audit] pipeline_id=0 task_id=0 operator_id=39 operator_name=GPU_SCAN stage_kind=SCAN operator_type=94 input_type=GPU_SCAN output_type=PIPELINEABLE actual_gpu=0 pipeline_operator_count=1 input_batches=0 input_rows=0 input_columns=0 input_bytes=0 output_batches=1 output_rows=20067 output_columns=1 output_bytes=163096 byte_ratio=0.000000 row_ratio=0.000000 duration_us=120505
[2026-07-01 12:17:30.605] [info] [task_creator.cpp:352] [locality-audit] task_create operator_id=41 input_bytes=163096 local_bytes=163096 gpu_source_bytes=163096 host_source_bytes=0 disk_source_bytes=0 gpu_sources=1 host_sources=0 preferred_device=0
[2026-07-01 12:17:30.605] [info] [task_scheduler.cpp:367] [mgpu-audit] pipeline_task dispatched to GPU 0 task_id=1
[2026-07-01 12:17:30.605] [info] [task_scheduler.cpp:369] [locality-audit] dispatch task_id=1 preferred_device=0 actual_gpu=0
[2026-07-01 12:17:30.605] [info] [gpu_pipeline_task.cpp:182] [locality-audit] prepare_before pipeline_id=1 task_id=1 preferred_device=0 actual_gpu=0 target_tier=GPU target_device=0 input_bytes=163096 local_bytes=163096 remote_gpu_bytes=0 host_bytes=0 disk_bytes=0 batch_count=1
[2026-07-01 12:17:30.605] [info] [gpu_pipeline_task.cpp:182] [locality-audit] prepare_after pipeline_id=1 task_id=1 preferred_device=0 actual_gpu=0 target_tier=GPU target_device=0 input_bytes=163096 local_bytes=163096 remote_gpu_bytes=0 host_bytes=0 disk_bytes=0 batch_count=1
[2026-07-01 12:17:30.605] [info] [gpu_pipeline_task.cpp:311] [stage-audit] pipeline_id=1 task_id=1 operator_id=41 operator_name=PARTITION stage_kind=PARTITION operator_type=82 input_type=PIPELINEABLE output_type=PIPELINEABLE actual_gpu=0 pipeline_operator_count=1 input_batches=1 input_rows=20067 input_columns=1 input_bytes=163096 output_batches=1 output_rows=20067 output_columns=1 output_bytes=163096 byte_ratio=1.000000 row_ratio=1.000000 duration_us=6
[2026-07-01 12:17:30.606] [info] [task_scheduler.cpp:367] [mgpu-audit] pipeline_task dispatched to GPU 0 task_id=2
[2026-07-01 12:17:30.606] [info] [task_scheduler.cpp:369] [locality-audit] dispatch task_id=2 preferred_device=0 actual_gpu=0
[2026-07-01 12:17:30.606] [info] [gpu_pipeline_task.cpp:182] [locality-audit] prepare_before pipeline_id=2 task_id=2 preferred_device=0 actual_gpu=0 target_tier=GPU target_device=0 input_bytes=163096 local_bytes=163096 remote_gpu_bytes=0 host_bytes=0 disk_bytes=0 batch_count=1
[2026-07-01 12:17:30.606] [info] [gpu_pipeline_task.cpp:182] [locality-audit] prepare_after pipeline_id=2 task_id=2 preferred_device=0 actual_gpu=0 target_tier=GPU target_device=0 input_bytes=163096 local_bytes=163096 remote_gpu_bytes=0 host_bytes=0 disk_bytes=0 batch_count=1
[2026-07-01 12:17:30.606] [info] [gpu_pipeline_task.cpp:311] [stage-audit] pipeline_id=2 task_id=2 operator_id=40 operator_name=CONCAT stage_kind=CONCAT operator_type=83 input_type=PARTITIONED output_type=PARTITIONED actual_gpu=0 pipeline_operator_count=1 input_batches=1 input_rows=20067 input_columns=1 input_bytes=163096 output_batches=1 output_rows=20067 output_columns=1 output_bytes=163096 byte_ratio=1.000000 row_ratio=1.000000 duration_us=6
[2026-07-01 12:17:30.606] [info] [task_scheduler.cpp:367] [mgpu-audit] pipeline_task dispatched to GPU 1 task_id=3
[2026-07-01 12:17:30.606] [info] [task_scheduler.cpp:369] [locality-audit] dispatch task_id=3 preferred_device=1 actual_gpu=1
[2026-07-01 12:17:30.606] [info] [task_scheduler.cpp:367] [mgpu-audit] pipeline_task dispatched to GPU 2 task_id=4
[2026-07-01 12:17:30.606] [info] [task_scheduler.cpp:369] [locality-audit] dispatch task_id=4 preferred_device=2 actual_gpu=2
[2026-07-01 12:17:30.606] [info] [task_scheduler.cpp:367] [mgpu-audit] pipeline_task dispatched to GPU 3 task_id=5
[2026-07-01 12:17:30.606] [info] [task_scheduler.cpp:369] [locality-audit] dispatch task_id=5 preferred_device=3 actual_gpu=3
[2026-07-01 12:17:30.606] [info] [task_scheduler.cpp:367] [mgpu-audit] pipeline_task dispatched to GPU 0 task_id=6
[2026-07-01 12:17:30.606] [info] [task_scheduler.cpp:369] [locality-audit] dispatch task_id=6 preferred_device=0 actual_gpu=0
[2026-07-01 12:17:30.606] [info] [task_scheduler.cpp:367] [mgpu-audit] pipeline_task dispatched to GPU 2 task_id=8
[2026-07-01 12:17:30.606] [info] [task_scheduler.cpp:369] [locality-audit] dispatch task_id=8 preferred_device=2 actual_gpu=2
[2026-07-01 12:17:30.606] [info] [task_scheduler.cpp:367] [mgpu-audit] pipeline_task dispatched to GPU 2 task_id=12
[2026-07-01 12:17:30.606] [info] [task_scheduler.cpp:369] [locality-audit] dispatch task_id=12 preferred_device=2 actual_gpu=2
[2026-07-01 12:17:30.606] [info] [task_scheduler.cpp:367] [mgpu-audit] pipeline_task dispatched to GPU 2 task_id=16
[2026-07-01 12:17:30.606] [info] [task_scheduler.cpp:369] [locality-audit] dispatch task_id=16 preferred_device=2 actual_gpu=2
[2026-07-01 12:17:30.606] [info] [task_scheduler.cpp:367] [mgpu-audit] pipeline_task dispatched to GPU 0 task_id=10
[2026-07-01 12:17:30.606] [info] [task_scheduler.cpp:369] [locality-audit] dispatch task_id=10 preferred_device=0 actual_gpu=0
[2026-07-01 12:17:30.606] [info] [task_scheduler.cpp:367] [mgpu-audit] pipeline_task dispatched to GPU 1 task_id=7
[2026-07-01 12:17:30.606] [info] [task_scheduler.cpp:369] [locality-audit] dispatch task_id=7 preferred_device=1 actual_gpu=1
[2026-07-01 12:17:30.606] [info] [task_scheduler.cpp:367] [mgpu-audit] pipeline_task dispatched to GPU 0 task_id=14
[2026-07-01 12:17:30.606] [info] [task_scheduler.cpp:369] [locality-audit] dispatch task_id=14 preferred_device=0 actual_gpu=0
[2026-07-01 12:17:30.606] [info] [task_scheduler.cpp:367] [mgpu-audit] pipeline_task dispatched to GPU 1 task_id=11
[2026-07-01 12:17:30.606] [info] [task_scheduler.cpp:369] [locality-audit] dispatch task_id=11 preferred_device=1 actual_gpu=1
[2026-07-01 12:17:30.606] [info] [task_scheduler.cpp:367] [mgpu-audit] pipeline_task dispatched to GPU 0 task_id=18
[2026-07-01 12:17:30.606] [info] [task_scheduler.cpp:369] [locality-audit] dispatch task_id=18 preferred_device=0 actual_gpu=0
[2026-07-01 12:17:30.606] [info] [task_scheduler.cpp:367] [mgpu-audit] pipeline_task dispatched to GPU 3 task_id=9
[2026-07-01 12:17:30.606] [info] [task_scheduler.cpp:369] [locality-audit] dispatch task_id=9 preferred_device=3 actual_gpu=3
[2026-07-01 12:17:30.606] [info] [task_scheduler.cpp:367] [mgpu-audit] pipeline_task dispatched to GPU 3 task_id=13
[2026-07-01 12:17:30.606] [info] [task_scheduler.cpp:369] [locality-audit] dispatch task_id=13 preferred_device=3 actual_gpu=3
[2026-07-01 12:17:30.606] [info] [task_scheduler.cpp:367] [mgpu-audit] pipeline_task dispatched to GPU 3 task_id=17
[2026-07-01 12:17:30.606] [info] [task_scheduler.cpp:369] [locality-audit] dispatch task_id=17 preferred_device=3 actual_gpu=3
[2026-07-01 12:17:30.606] [info] [task_scheduler.cpp:367] [mgpu-audit] pipeline_task dispatched to GPU 1 task_id=15
[2026-07-01 12:17:30.606] [info] [task_scheduler.cpp:369] [locality-audit] dispatch task_id=15 preferred_device=1 actual_gpu=1
[2026-07-01 12:17:31.674] [info] [parquet_gpu_ingestible.cpp:696] [scan-audit] parquet_materialize target_gpu=1 files=/mnt/nvme/dataset/lineitem.parquet columns=l_partkey,l_quantity,l_extendedprice row_groups=0,1,2,3,4,5,6,7,8,9,10,11,12,13,14,15,16,17,18,19,20,21,22,23,24,25,26,27,28,29,30,31,32,33,34,35,36,37,38,39,40,41,42,43,44,45,46,47,48,49,50,51,52,53,54,55,56,57,58,59,60,61,62,63,64,65,66,67,68,69,70,71,72,73,74,75,76,77,78,79,80,81,82,83,84,85,86,87,88,89,90,91,92,93,94,95,96,97,98,99,100,101,102,103,104,105,106,107,108,109,110,111,112,113,114,115,116,117,118,119,120,121,122,123,124,125,126,127,128,129,130,131,132,133,134,135,136,137,138,139,140,141,142,143,144,145,146,147,148,149,150,151,152,153,154,155,156,157,158,159,160,161,162,163,164,165,166,167,168,169,170,171,172,173,174,175,176,177,178,179,180,181,182,183,184,185,186,187,188,189,190,191,192,193,194,195,196,197,198,199,200,201,202,203,204,205,206,207,208,209,210,211,212,213,214,215,216,217,218,219,220,221,222,223,224,225,226,227,228,229,230,231,232,233,234,235,236,237,238,239,240,241,242,243,244,245,246,247,248,249,250,251,252,253,254,255,256,257,258 compressed_bytes=364200686 uncompressed_bytes=536780673 column_bytes=l_partkey:174377453:256243701,l_quantity:24253286:24293271,l_extendedprice:165569947:256243701 output_rows=32029459 output_columns=3 split_count=1 duration_us=926505
[2026-07-01 12:17:31.674] [info] [gpu_pipeline_task.cpp:311] [stage-audit] pipeline_id=3 task_id=3 operator_id=42 operator_name=GPU_SCAN stage_kind=SCAN operator_type=94 input_type=GPU_SCAN output_type=PIPELINEABLE actual_gpu=1 pipeline_operator_count=1 input_batches=0 input_rows=0 input_columns=0 input_bytes=0 output_batches=1 output_rows=32029459 output_columns=3 output_bytes=780718152 byte_ratio=0.000000 row_ratio=0.000000 duration_us=1068010
[2026-07-01 12:17:31.674] [info] [task_scheduler.cpp:367] [mgpu-audit] pipeline_task dispatched to GPU 1 task_id=19
[2026-07-01 12:17:31.674] [info] [task_scheduler.cpp:369] [locality-audit] dispatch task_id=19 preferred_device=1 actual_gpu=1
[2026-07-01 12:17:31.675] [info] [task_creator.cpp:352] [locality-audit] task_create operator_id=44 input_bytes=780718152 local_bytes=780718152 gpu_source_bytes=780718152 host_source_bytes=0 disk_source_bytes=0 gpu_sources=1 host_sources=0 preferred_device=1
[2026-07-01 12:17:31.736] [info] [parquet_gpu_ingestible.cpp:696] [scan-audit] parquet_materialize target_gpu=0 files=/mnt/nvme/dataset/lineitem.parquet columns=l_partkey,l_quantity,l_extendedprice row_groups=2833,2834,2835,2836,2837,2838,2839,2840,2841,2842,2843,2844,2845,2846,2847,2848,2849,2850,2851,2852,2853,2854,2855,2856,2857,2858,2859,2860,2861,2862,2863,2864,2865,2866,2867,2868,2869,2870,2871,2872,2873,2874,2875,2876,2877,2878,2879,2880,2881,2882,2883,2884,2885,2886,2887,2888,2889,2890,2891,2892,2893,2894,2895,2896,2897,2898,2899,2900,2901,2902,2903,2904,2905,2906,2907,2908,2909,2910,2911,2912,2913,2914,2915,2916,2917,2918,2919,2920,2921,2922,2923,2924,2925,2926,2927,2928,2929,2930,2931,2932,2933,2934,2935,2936,2937,2938,2939,2940,2941,2942,2943,2944,2945,2946,2947,2948,2949,2950,2951,2952,2953,2954,2955,2956,2957,2958,2959,2960,2961,2962,2963,2964,2965,2966,2967,2968,2969,2970,2971,2972,2973,2974,2975,2976,2977,2978,2979,2980,2981,2982,2983,2984,2985,2986,2987,2988,2989,2990,2991,2992,2993,2994,2995,2996,2997,2998,2999,3000,3001,3002,3003,3004,3005,3006,3007,3008,3009,3010,3011,3012,3013,3014,3015,3016,3017,3018,3019,3020,3021,3022,3023,3024,3025,3026,3027,3028,3029,3030,3031,3032,3033,3034,3035,3036,3037,3038,3039,3040,3041,3042,3043,3044,3045,3046,3047,3048,3049,3050,3051,3052,3053,3054,3055,3056,3057,3058,3059,3060,3061,3062,3063,3064,3065,3066,3067,3068,3069,3070,3071,3072,3073,3074,3075,3076,3077,3078,3079,3080,3081,3082,3083,3084,3085,3086,3087,3088,3089 compressed_bytes=363978615 uncompressed_bytes=536465758 column_bytes=l_partkey:174274994:256098367,l_quantity:24229366:24269024,l_extendedprice:165474255:256098367 output_rows=32011300 output_columns=3 split_count=1 duration_us=989025
[2026-07-01 12:17:31.736] [info] [gpu_pipeline_task.cpp:311] [stage-audit] pipeline_id=3 task_id=14 operator_id=42 operator_name=GPU_SCAN stage_kind=SCAN operator_type=94 input_type=GPU_SCAN output_type=PIPELINEABLE actual_gpu=0 pipeline_operator_count=1 input_batches=0 input_rows=0 input_columns=0 input_bytes=0 output_batches=1 output_rows=32011300 output_columns=3 output_bytes=780275616 byte_ratio=0.000000 row_ratio=0.000000 duration_us=1129587
[2026-07-01 12:17:31.736] [info] [task_creator.cpp:352] [locality-audit] task_create operator_id=44 input_bytes=780275616 local_bytes=780275616 gpu_source_bytes=780275616 host_source_bytes=0 disk_source_bytes=0 gpu_sources=1 host_sources=0 preferred_device=0
[2026-07-01 12:17:31.736] [info] [task_scheduler.cpp:367] [mgpu-audit] pipeline_task dispatched to GPU 0 task_id=23
[2026-07-01 12:17:31.736] [info] [task_scheduler.cpp:369] [locality-audit] dispatch task_id=23 preferred_device=0 actual_gpu=0
[2026-07-01 12:17:31.736] [info] [gpu_pipeline_task.cpp:182] [locality-audit] prepare_before pipeline_id=4 task_id=23 preferred_device=0 actual_gpu=0 target_tier=GPU target_device=0 input_bytes=780275616 local_bytes=780275616 remote_gpu_bytes=0 host_bytes=0 disk_bytes=0 batch_count=1
[2026-07-01 12:17:31.736] [info] [gpu_pipeline_task.cpp:182] [locality-audit] prepare_after pipeline_id=4 task_id=23 preferred_device=0 actual_gpu=0 target_tier=GPU target_device=0 input_bytes=780275616 local_bytes=780275616 remote_gpu_bytes=0 host_bytes=0 disk_bytes=0 batch_count=1
[2026-07-01 12:17:31.736] [info] [gpu_pipeline_task.cpp:311] [stage-audit] pipeline_id=4 task_id=23 operator_id=44 operator_name=PARTITION stage_kind=PARTITION operator_type=82 input_type=PIPELINEABLE output_type=PIPELINEABLE actual_gpu=0 pipeline_operator_count=1 input_batches=1 input_rows=32011300 input_columns=3 input_bytes=780275616 output_batches=1 output_rows=32011300 output_columns=3 output_bytes=780275616 byte_ratio=1.000000 row_ratio=1.000000 duration_us=7
[2026-07-01 12:17:31.961] [info] [parquet_gpu_ingestible.cpp:696] [scan-audit] parquet_materialize target_gpu=0 files=/mnt/nvme/dataset/lineitem.parquet columns=l_partkey,l_quantity,l_extendedprice row_groups=1805,1806,1807,1808,1809,1810,1811,1812,1813,1814,1815,1816,1817,1818,1819,1820,1821,1822,1823,1824,1825,1826,1827,1828,1829,1830,1831,1832,1833,1834,1835,1836,1837,1838,1839,1840,1841,1842,1843,1844,1845,1846,1847,1848,1849,1850,1851,1852,1853,1854,1855,1856,1857,1858,1859,1860,1861,1862,1863,1864,1865,1866,1867,1868,1869,1870,1871,1872,1873,1874,1875,1876,1877,1878,1879,1880,1881,1882,1883,1884,1885,1886,1887,1888,1889,1890,1891,1892,1893,1894,1895,1896,1897,1898,1899,1900,1901,1902,1903,1904,1905,1906,1907,1908,1909,1910,1911,1912,1913,1914,1915,1916,1917,1918,1919,1920,1921,1922,1923,1924,1925,1926,1927,1928,1929,1930,1931,1932,1933,1934,1935,1936,1937,1938,1939,1940,1941,1942,1943,1944,1945,1946,1947,1948,1949,1950,1951,1952,1953,1954,1955,1956,1957,1958,1959,1960,1961,1962,1963,1964,1965,1966,1967,1968,1969,1970,1971,1972,1973,1974,1975,1976,1977,1978,1979,1980,1981,1982,1983,1984,1985,1986,1987,1988,1989,1990,1991,1992,1993,1994,1995,1996,1997,1998,1999,2000,2001,2002,2003,2004,2005,2006,2007,2008,2009,2010,2011,2012,2013,2014,2015,2016,2017,2018,2019,2020,2021,2022,2023,2024,2025,2026,2027,2028,2029,2030,2031,2032,2033,2034,2035,2036,2037,2038,2039,2040,2041,2042,2043,2044,2045,2046,2047,2048,2049,2050,2051,2052,2053,2054,2055,2056,2057,2058,2059,2060,2061 compressed_bytes=363977807 uncompressed_bytes=536469471 column_bytes=l_partkey:174274242:256100319,l_quantity:24229197:24268833,l_extendedprice:165474368:256100319 output_rows=32011544 output_columns=3 split_count=1 duration_us=1213434
[2026-07-01 12:17:31.961] [info] [gpu_pipeline_task.cpp:311] [stage-audit] pipeline_id=3 task_id=10 operator_id=42 operator_name=GPU_SCAN stage_kind=SCAN operator_type=94 input_type=GPU_SCAN output_type=PIPELINEABLE actual_gpu=0 pipeline_operator_count=1 input_batches=0 input_rows=0 input_columns=0 input_bytes=0 output_batches=1 output_rows=32011544 output_columns=3 output_bytes=780281472 byte_ratio=0.000000 row_ratio=0.000000 duration_us=1354784
[2026-07-01 12:17:31.961] [info] [task_creator.cpp:352] [locality-audit] task_create operator_id=44 input_bytes=780281472 local_bytes=780281472 gpu_source_bytes=780281472 host_source_bytes=0 disk_source_bytes=0 gpu_sources=1 host_sources=0 preferred_device=0
[2026-07-01 12:17:31.961] [info] [task_scheduler.cpp:367] [mgpu-audit] pipeline_task dispatched to GPU 0 task_id=24
[2026-07-01 12:17:31.961] [info] [task_scheduler.cpp:369] [locality-audit] dispatch task_id=24 preferred_device=0 actual_gpu=0
[2026-07-01 12:17:31.961] [info] [gpu_pipeline_task.cpp:182] [locality-audit] prepare_before pipeline_id=4 task_id=24 preferred_device=0 actual_gpu=0 target_tier=GPU target_device=0 input_bytes=780281472 local_bytes=780281472 remote_gpu_bytes=0 host_bytes=0 disk_bytes=0 batch_count=1
[2026-07-01 12:17:31.961] [info] [gpu_pipeline_task.cpp:182] [locality-audit] prepare_after pipeline_id=4 task_id=24 preferred_device=0 actual_gpu=0 target_tier=GPU target_device=0 input_bytes=780281472 local_bytes=780281472 remote_gpu_bytes=0 host_bytes=0 disk_bytes=0 batch_count=1
[2026-07-01 12:17:31.962] [info] [gpu_pipeline_task.cpp:311] [stage-audit] pipeline_id=4 task_id=24 operator_id=44 operator_name=PARTITION stage_kind=PARTITION operator_type=82 input_type=PIPELINEABLE output_type=PIPELINEABLE actual_gpu=0 pipeline_operator_count=1 input_batches=1 input_rows=32011544 input_columns=3 input_bytes=780281472 output_batches=1 output_rows=32011544 output_columns=3 output_bytes=780281472 byte_ratio=1.000000 row_ratio=1.000000 duration_us=7
[2026-07-01 12:17:31.962] [info] [task_scheduler.cpp:367] [mgpu-audit] pipeline_task dispatched to GPU 0 task_id=25
[2026-07-01 12:17:31.962] [info] [task_scheduler.cpp:369] [locality-audit] dispatch task_id=25 preferred_device=0 actual_gpu=0
[2026-07-01 12:17:31.962] [info] [task_scheduler.cpp:367] [mgpu-audit] pipeline_task dispatched to GPU 0 task_id=26
[2026-07-01 12:17:31.962] [info] [gpu_pipeline_task.cpp:182] [locality-audit] prepare_before pipeline_id=5 task_id=25 preferred_device=0 actual_gpu=0 target_tier=GPU target_device=0 input_bytes=780275616 local_bytes=780275616 remote_gpu_bytes=0 host_bytes=0 disk_bytes=0 batch_count=1
[2026-07-01 12:17:31.962] [info] [task_scheduler.cpp:369] [locality-audit] dispatch task_id=26 preferred_device=0 actual_gpu=0
[2026-07-01 12:17:31.962] [info] [gpu_pipeline_task.cpp:182] [locality-audit] prepare_after pipeline_id=5 task_id=25 preferred_device=0 actual_gpu=0 target_tier=GPU target_device=0 input_bytes=780275616 local_bytes=780275616 remote_gpu_bytes=0 host_bytes=0 disk_bytes=0 batch_count=1
[2026-07-01 12:17:31.962] [info] [gpu_pipeline_task.cpp:311] [stage-audit] pipeline_id=5 task_id=25 operator_id=43 operator_name=CONCAT stage_kind=CONCAT operator_type=83 input_type=PARTITIONED output_type=PARTITIONED actual_gpu=0 pipeline_operator_count=1 input_batches=1 input_rows=32011300 input_columns=3 input_bytes=780275616 output_batches=1 output_rows=32011300 output_columns=3 output_bytes=780275616 byte_ratio=1.000000 row_ratio=1.000000 duration_us=2
[2026-07-01 12:17:31.962] [info] [gpu_pipeline_task.cpp:182] [locality-audit] prepare_before pipeline_id=5 task_id=26 preferred_device=0 actual_gpu=0 target_tier=GPU target_device=0 input_bytes=780281472 local_bytes=780281472 remote_gpu_bytes=0 host_bytes=0 disk_bytes=0 batch_count=1
[2026-07-01 12:17:31.962] [info] [gpu_pipeline_task.cpp:182] [locality-audit] prepare_after pipeline_id=5 task_id=26 preferred_device=0 actual_gpu=0 target_tier=GPU target_device=0 input_bytes=780281472 local_bytes=780281472 remote_gpu_bytes=0 host_bytes=0 disk_bytes=0 batch_count=1
[2026-07-01 12:17:31.962] [info] [gpu_pipeline_task.cpp:311] [stage-audit] pipeline_id=5 task_id=26 operator_id=43 operator_name=CONCAT stage_kind=CONCAT operator_type=83 input_type=PARTITIONED output_type=PARTITIONED actual_gpu=0 pipeline_operator_count=1 input_batches=1 input_rows=32011544 input_columns=3 input_bytes=780281472 output_batches=1 output_rows=32011544 output_columns=3 output_bytes=780281472 byte_ratio=1.000000 row_ratio=1.000000 duration_us=5
[2026-07-01 12:17:31.962] [warning] [sirius_physical_hash_join.cpp:554] In sirius_physical_hash_join:get_next_task_input_data_for_build_probe: invalid hash table build state 2 in operator 21
[2026-07-01 12:17:31.997] [info] [parquet_gpu_ingestible.cpp:696] [scan-audit] parquet_materialize target_gpu=3 files=/mnt/nvme/dataset/lineitem.parquet columns=l_partkey,l_quantity,l_extendedprice row_groups=2576,2577,2578,2579,2580,2581,2582,2583,2584,2585,2586,2587,2588,2589,2590,2591,2592,2593,2594,2595,2596,2597,2598,2599,2600,2601,2602,2603,2604,2605,2606,2607,2608,2609,2610,2611,2612,2613,2614,2615,2616,2617,2618,2619,2620,2621,2622,2623,2624,2625,2626,2627,2628,2629,2630,2631,2632,2633,2634,2635,2636,2637,2638,2639,2640,2641,2642,2643,2644,2645,2646,2647,2648,2649,2650,2651,2652,2653,2654,2655,2656,2657,2658,2659,2660,2661,2662,2663,2664,2665,2666,2667,2668,2669,2670,2671,2672,2673,2674,2675,2676,2677,2678,2679,2680,2681,2682,2683,2684,2685,2686,2687,2688,2689,2690,2691,2692,2693,2694,2695,2696,2697,2698,2699,2700,2701,2702,2703,2704,2705,2706,2707,2708,2709,2710,2711,2712,2713,2714,2715,2716,2717,2718,2719,2720,2721,2722,2723,2724,2725,2726,2727,2728,2729,2730,2731,2732,2733,2734,2735,2736,2737,2738,2739,2740,2741,2742,2743,2744,2745,2746,2747,2748,2749,2750,2751,2752,2753,2754,2755,2756,2757,2758,2759,2760,2761,2762,2763,2764,2765,2766,2767,2768,2769,2770,2771,2772,2773,2774,2775,2776,2777,2778,2779,2780,2781,2782,2783,2784,2785,2786,2787,2788,2789,2790,2791,2792,2793,2794,2795,2796,2797,2798,2799,2800,2801,2802,2803,2804,2805,2806,2807,2808,2809,2810,2811,2812,2813,2814,2815,2816,2817,2818,2819,2820,2821,2822,2823,2824,2825,2826,2827,2828,2829,2830,2831,2832 compressed_bytes=363984979 uncompressed_bytes=536471055 column_bytes=l_partkey:174276560:256101111,l_quantity:24229241:24268833,l_extendedprice:165479178:256101111 output_rows=32011643 output_columns=3 split_count=1 duration_us=1251017
[2026-07-01 12:17:31.998] [info] [parquet_gpu_ingestible.cpp:696] [scan-audit] parquet_materialize target_gpu=3 files=/mnt/nvme/dataset/lineitem.parquet columns=l_partkey,l_quantity,l_extendedprice row_groups=518,519,520,521,522,523,524,525,526,527,528,529,530,531,532,533,534,535,536,537,538,539,540,541,542,543,544,545,546,547,548,549,550,551,552,553,554,555,556,557,558,559,560,561,562,563,564,565,566,567,568,569,570,571,572,573,574,575,576,577,578,579,580,581,582,583,584,585,586,587,588,589,590,591,592,593,594,595,596,597,598,599,600,601,602,603,604,605,606,607,608,609,610,611,612,613,614,615,616,617,618,619,620,621,622,623,624,625,626,627,628,629,630,631,632,633,634,635,636,637,638,639,640,641,642,643,644,645,646,647,648,649,650,651,652,653,654,655,656,657,658,659,660,661,662,663,664,665,666,667,668,669,670,671,672,673,674,675,676,677,678,679,680,681,682,683,684,685,686,687,688,689,690,691,692,693,694,695,696,697,698,699,700,701,702,703,704,705,706,707,708,709,710,711,712,713,714,715,716,717,718,719,720,721,722,723,724,725,726,727,728,729,730,731,732,733,734,735,736,737,738,739,740,741,742,743,744,745,746,747,748,749,750,751,752,753,754,755,756,757,758,759,760,761,762,763,764,765,766,767,768,769,770,771,772,773,774,775,776 compressed_bytes=363554880 uncompressed_bytes=535822332 column_bytes=l_partkey:174063177:255782381,l_quantity:24217577:24257570,l_extendedprice:165274126:255782381 output_rows=31971794 output_columns=3 split_count=1 duration_us=1252018
[2026-07-01 12:17:31.998] [info] [gpu_pipeline_task.cpp:311] [stage-audit] pipeline_id=3 task_id=13 operator_id=42 operator_name=GPU_SCAN stage_kind=SCAN operator_type=94 input_type=GPU_SCAN output_type=PIPELINEABLE actual_gpu=3 pipeline_operator_count=1 input_batches=0 input_rows=0 input_columns=0 input_bytes=0 output_batches=1 output_rows=32011643 output_columns=3 output_bytes=780283848 byte_ratio=0.000000 row_ratio=0.000000 duration_us=1391774
[2026-07-01 12:17:31.998] [info] [gpu_pipeline_task.cpp:311] [stage-audit] pipeline_id=3 task_id=5 operator_id=42 operator_name=GPU_SCAN stage_kind=SCAN operator_type=94 input_type=GPU_SCAN output_type=PIPELINEABLE actual_gpu=3 pipeline_operator_count=1 input_batches=0 input_rows=0 input_columns=0 input_bytes=0 output_batches=1 output_rows=31971794 output_columns=3 output_bytes=779312496 byte_ratio=0.000000 row_ratio=0.000000 duration_us=1391978
[2026-07-01 12:17:31.998] [info] [task_scheduler.cpp:367] [mgpu-audit] pipeline_task dispatched to GPU 3 task_id=21
[2026-07-01 12:17:31.998] [info] [task_scheduler.cpp:369] [locality-audit] dispatch task_id=21 preferred_device=3 actual_gpu=3
[2026-07-01 12:17:31.998] [info] [task_creator.cpp:352] [locality-audit] task_create operator_id=44 input_bytes=780283848 local_bytes=780283848 gpu_source_bytes=780283848 host_source_bytes=0 disk_source_bytes=0 gpu_sources=1 host_sources=0 preferred_device=3
[2026-07-01 12:17:31.998] [info] [task_scheduler.cpp:367] [mgpu-audit] pipeline_task dispatched to GPU 3 task_id=28
[2026-07-01 12:17:31.998] [info] [task_creator.cpp:352] [locality-audit] task_create operator_id=44 input_bytes=779312496 local_bytes=779312496 gpu_source_bytes=779312496 host_source_bytes=0 disk_source_bytes=0 gpu_sources=1 host_sources=0 preferred_device=3
[2026-07-01 12:17:31.998] [info] [task_scheduler.cpp:369] [locality-audit] dispatch task_id=28 preferred_device=3 actual_gpu=3
[2026-07-01 12:17:31.999] [info] [gpu_pipeline_task.cpp:182] [locality-audit] prepare_before pipeline_id=4 task_id=28 preferred_device=3 actual_gpu=3 target_tier=GPU target_device=3 input_bytes=780283848 local_bytes=780283848 remote_gpu_bytes=0 host_bytes=0 disk_bytes=0 batch_count=1
[2026-07-01 12:17:31.999] [info] [gpu_pipeline_task.cpp:182] [locality-audit] prepare_after pipeline_id=4 task_id=28 preferred_device=3 actual_gpu=3 target_tier=GPU target_device=3 input_bytes=780283848 local_bytes=780283848 remote_gpu_bytes=0 host_bytes=0 disk_bytes=0 batch_count=1
[2026-07-01 12:17:31.999] [info] [gpu_pipeline_task.cpp:311] [stage-audit] pipeline_id=4 task_id=28 operator_id=44 operator_name=PARTITION stage_kind=PARTITION operator_type=82 input_type=PIPELINEABLE output_type=PIPELINEABLE actual_gpu=3 pipeline_operator_count=1 input_batches=1 input_rows=32011643 input_columns=3 input_bytes=780283848 output_batches=1 output_rows=32011643 output_columns=3 output_bytes=780283848 byte_ratio=1.000000 row_ratio=1.000000 duration_us=4
[2026-07-01 12:17:31.999] [info] [task_scheduler.cpp:367] [mgpu-audit] pipeline_task dispatched to GPU 3 task_id=29
[2026-07-01 12:17:31.999] [info] [task_scheduler.cpp:369] [locality-audit] dispatch task_id=29 preferred_device=3 actual_gpu=3
[2026-07-01 12:17:31.999] [info] [gpu_pipeline_task.cpp:182] [locality-audit] prepare_before pipeline_id=4 task_id=29 preferred_device=3 actual_gpu=3 target_tier=GPU target_device=3 input_bytes=779312496 local_bytes=779312496 remote_gpu_bytes=0 host_bytes=0 disk_bytes=0 batch_count=1
[2026-07-01 12:17:31.999] [info] [gpu_pipeline_task.cpp:182] [locality-audit] prepare_after pipeline_id=4 task_id=29 preferred_device=3 actual_gpu=3 target_tier=GPU target_device=3 input_bytes=779312496 local_bytes=779312496 remote_gpu_bytes=0 host_bytes=0 disk_bytes=0 batch_count=1
[2026-07-01 12:17:31.999] [info] [gpu_pipeline_task.cpp:311] [stage-audit] pipeline_id=4 task_id=29 operator_id=44 operator_name=PARTITION stage_kind=PARTITION operator_type=82 input_type=PIPELINEABLE output_type=PIPELINEABLE actual_gpu=3 pipeline_operator_count=1 input_batches=1 input_rows=31971794 input_columns=3 input_bytes=779312496 output_batches=1 output_rows=31971794 output_columns=3 output_bytes=779312496 byte_ratio=1.000000 row_ratio=1.000000 duration_us=0
[2026-07-01 12:17:31.999] [info] [task_scheduler.cpp:367] [mgpu-audit] pipeline_task dispatched to GPU 0 task_id=30
[2026-07-01 12:17:31.999] [info] [task_scheduler.cpp:369] [locality-audit] dispatch task_id=30 preferred_device=0 actual_gpu=0
[2026-07-01 12:17:31.999] [info] [task_scheduler.cpp:367] [mgpu-audit] pipeline_task dispatched to GPU 0 task_id=31
[2026-07-01 12:17:31.999] [info] [task_scheduler.cpp:369] [locality-audit] dispatch task_id=31 preferred_device=0 actual_gpu=0
[2026-07-01 12:17:31.999] [info] [gpu_pipeline_task.cpp:182] [locality-audit] prepare_before pipeline_id=5 task_id=30 preferred_device=0 actual_gpu=0 target_tier=GPU target_device=0 input_bytes=780283848 local_bytes=0 remote_gpu_bytes=780283848 host_bytes=0 disk_bytes=0 batch_count=1
[2026-07-01 12:17:31.999] [info] [gpu_pipeline_task.cpp:182] [locality-audit] prepare_before pipeline_id=5 task_id=31 preferred_device=0 actual_gpu=0 target_tier=GPU target_device=0 input_bytes=779312496 local_bytes=0 remote_gpu_bytes=779312496 host_bytes=0 disk_bytes=0 batch_count=1
[2026-07-01 12:17:32.568] [info] [parquet_gpu_ingestible.cpp:696] [scan-audit] parquet_materialize target_gpu=2 files=/mnt/nvme/dataset/lineitem.parquet columns=l_partkey,l_quantity,l_extendedprice row_groups=2319,2320,2321,2322,2323,2324,2325,2326,2327,2328,2329,2330,2331,2332,2333,2334,2335,2336,2337,2338,2339,2340,2341,2342,2343,2344,2345,2346,2347,2348,2349,2350,2351,2352,2353,2354,2355,2356,2357,2358,2359,2360,2361,2362,2363,2364,2365,2366,2367,2368,2369,2370,2371,2372,2373,2374,2375,2376,2377,2378,2379,2380,2381,2382,2383,2384,2385,2386,2387,2388,2389,2390,2391,2392,2393,2394,2395,2396,2397,2398,2399,2400,2401,2402,2403,2404,2405,2406,2407,2408,2409,2410,2411,2412,2413,2414,2415,2416,2417,2418,2419,2420,2421,2422,2423,2424,2425,2426,2427,2428,2429,2430,2431,2432,2433,2434,2435,2436,2437,2438,2439,2440,2441,2442,2443,2444,2445,2446,2447,2448,2449,2450,2451,2452,2453,2454,2455,2456,2457,2458,2459,2460,2461,2462,2463,2464,2465,2466,2467,2468,2469,2470,2471,2472,2473,2474,2475,2476,2477,2478,2479,2480,2481,2482,2483,2484,2485,2486,2487,2488,2489,2490,2491,2492,2493,2494,2495,2496,2497,2498,2499,2500,2501,2502,2503,2504,2505,2506,2507,2508,2509,2510,2511,2512,2513,2514,2515,2516,2517,2518,2519,2520,2521,2522,2523,2524,2525,2526,2527,2528,2529,2530,2531,2532,2533,2534,2535,2536,2537,2538,2539,2540,2541,2542,2543,2544,2545,2546,2547,2548,2549,2550,2551,2552,2553,2554,2555,2556,2557,2558,2559,2560,2561,2562,2563,2564,2565,2566,2567,2568,2569,2570,2571,2572,2573,2574,2575 compressed_bytes=363984329 uncompressed_bytes=536475995 column_bytes=l_partkey:174278214:256103583,l_quantity:24229122:24268829,l_extendedprice:165476993:256103583 output_rows=32011952 output_columns=3 split_count=1 duration_us=1814888
[2026-07-01 12:17:32.568] [info] [gpu_pipeline_task.cpp:311] [stage-audit] pipeline_id=3 task_id=12 operator_id=42 operator_name=GPU_SCAN stage_kind=SCAN operator_type=94 input_type=GPU_SCAN output_type=PIPELINEABLE actual_gpu=2 pipeline_operator_count=1 input_batches=0 input_rows=0 input_columns=0 input_bytes=0 output_batches=1 output_rows=32011952 output_columns=3 output_bytes=780291456 byte_ratio=0.000000 row_ratio=0.000000 duration_us=1961445
[2026-07-01 12:17:32.568] [info] [task_scheduler.cpp:367] [mgpu-audit] pipeline_task dispatched to GPU 2 task_id=20
[2026-07-01 12:17:32.568] [info] [task_scheduler.cpp:369] [locality-audit] dispatch task_id=20 preferred_device=2 actual_gpu=2
[2026-07-01 12:17:32.568] [info] [task_creator.cpp:352] [locality-audit] task_create operator_id=44 input_bytes=780291456 local_bytes=780291456 gpu_source_bytes=780291456 host_source_bytes=0 disk_source_bytes=0 gpu_sources=1 host_sources=0 preferred_device=2
[2026-07-01 12:17:32.590] [error] [sirius_physical_operator.cpp:103] pipelineable_operator_data: Unknown error at batch 4 preparing for processing, state: 0: CUDA error at: /home/dy1013/sirius_multi-gpu/cucascade/src/data/representation_converter.cpp:703: cudaErrorIllegalAddress an illegal memory access was encountered
[2026-07-01 12:17:32.590] [error] [gpu_pipeline_task.cpp:1048] Unknown error in prepare_for_processing for pipeline 5: CUDA error at: /home/dy1013/sirius_multi-gpu/cucascade/src/data/representation_converter.cpp:703: cudaErrorIllegalAddress an illegal memory access was encountered
[2026-07-01 12:17:32.590] [error] [gpu_pipeline_executor.cpp:400] GPU Pipeline Executor: Exception during task execution: CUDA error at: /home/dy1013/sirius_multi-gpu/cucascade/src/data/representation_converter.cpp:703: cudaErrorIllegalAddress an illegal memory access was encountered
[2026-07-01 12:17:32.590] [error] [gpu_pipeline_executor.cpp:400] GPU Pipeline Executor: Exception during task execution: std::bad_alloc: CUDA error (failed to allocate 4144 bytes) at: /tmp/conda-bld-output/bld/rattler-build_librmm/work/cpp/include/rmm/mr/cuda_memory_resource.hpp:54: cudaErrorIllegalAddress an illegal memory access was encountered
[2026-07-01 12:17:32.590] [error] [gpu_pipeline_executor.cpp:400] GPU Pipeline Executor: Exception during task execution: uring_reactor: cudaMemcpyAsync failed: an illegal memory access was encountered
[2026-07-01 12:17:32.590] [error] [gpu_pipeline_executor.cpp:400] GPU Pipeline Executor: Exception during task execution: CUDA error at: /tmp/conda-bld-output/bld/rattler-build_librmm/work/cpp/src/cuda_stream_view.cpp:45: cudaErrorIllegalAddress an illegal memory access was encountered
[2026-07-01 12:17:32.590] [error] [gpu_pipeline_executor.cpp:400] GPU Pipeline Executor: Exception during task execution: uring_reactor: cudaMemcpyAsync failed: an illegal memory access was encountered
[2026-07-01 12:17:32.590] [error] [sirius_physical_operator.cpp:103] pipelineable_operator_data: Unknown error at batch 5 preparing for processing, state: 0: CUDA error at: /home/dy1013/sirius_multi-gpu/cucascade/src/data/representation_converter.cpp:703: cudaErrorIllegalAddress an illegal memory access was encountered
[2026-07-01 12:17:32.590] [error] [gpu_pipeline_executor.cpp:400] GPU Pipeline Executor: Exception during task execution: uring_reactor: cudaMemcpyAsync failed: an illegal memory access was encountered
[2026-07-01 12:17:32.590] [error] [gpu_pipeline_task.cpp:1048] Unknown error in prepare_for_processing for pipeline 5: CUDA error at: /home/dy1013/sirius_multi-gpu/cucascade/src/data/representation_converter.cpp:703: cudaErrorIllegalAddress an illegal memory access was encountered
[2026-07-01 12:17:32.590] [error] [gpu_pipeline_executor.cpp:400] GPU Pipeline Executor: Exception during task execution: CUDA error at: /home/dy1013/sirius_multi-gpu/cucascade/src/data/representation_converter.cpp:703: cudaErrorIllegalAddress an illegal memory access was encountered
[2026-07-01 12:17:32.598] [error] [sirius_engine.cpp:178] Error executing query: CUDA error at: /home/dy1013/sirius_multi-gpu/cucascade/src/data/representation_converter.cpp:703: cudaErrorIllegalAddress an illegal memory access was encountered
[2026-07-01 12:17:32.598] [info] [task_scheduler.cpp:189] task_scheduler: draining after error
[2026-07-01 12:17:32.598] [info] [task_scheduler.cpp:367] [mgpu-audit] pipeline_task dispatched to GPU 2 task_id=32
[2026-07-01 12:17:32.598] [info] [task_scheduler.cpp:369] [locality-audit] dispatch task_id=32 preferred_device=2 actual_gpu=2
[2026-07-01 12:17:32.598] [info] [gpu_pipeline_task.cpp:182] [locality-audit] prepare_before pipeline_id=4 task_id=32 preferred_device=2 actual_gpu=2 target_tier=GPU target_device=2 input_bytes=780291456 local_bytes=780291456 remote_gpu_bytes=0 host_bytes=0 disk_bytes=0 batch_count=1
[2026-07-01 12:17:32.598] [info] [gpu_pipeline_executor.cpp:118] GPU Pipeline Executor: task queue interrupted, stopping manager loop
[2026-07-01 12:17:32.599] [error] [gpu_pipeline_task.cpp:1048] Unknown error in prepare_for_processing for pipeline 4: CUDA error at: /tmp/conda-bld-output/bld/rattler-build_librmm/work/cpp/src/cuda_stream_view.cpp:45: cudaErrorIllegalAddress an illegal memory access was encountered
[2026-07-01 12:17:32.599] [error] [gpu_pipeline_executor.cpp:400] GPU Pipeline Executor: Exception during task execution: CUDA error at: /tmp/conda-bld-output/bld/rattler-build_librmm/work/cpp/src/cuda_stream_view.cpp:45: cudaErrorIllegalAddress an illegal memory access was encountered
[2026-07-01 12:17:32.615] [error] [gpu_pipeline_executor.cpp:400] GPU Pipeline Executor: Exception during task execution: std::bad_alloc
[2026-07-01 12:17:32.618] [error] [gpu_pipeline_executor.cpp:400] GPU Pipeline Executor: Exception during task execution: Fatal CUDA error encountered at: /tmp/conda-bld-output/bld/rattler-build_libcudf/work/cpp/src/utilities/cuda_memcpy.cu:43: 700 cudaErrorIllegalAddress an illegal memory access was encountered
[2026-07-01 12:17:32.633] [error] [gpu_pipeline_executor.cpp:400] GPU Pipeline Executor: Exception during task execution: std::bad_alloc
[2026-07-01 12:17:32.666] [error] [gpu_pipeline_executor.cpp:400] GPU Pipeline Executor: Exception during task execution: uring_reactor: cudaMemcpyAsync failed: an illegal memory access was encountered
[2026-07-01 12:17:32.824] [error] [gpu_pipeline_executor.cpp:400] GPU Pipeline Executor: Exception during task execution: uring_reactor: cudaMemcpyAsync failed: an illegal memory access was encountered
[2026-07-01 12:17:32.851] [error] [gpu_pipeline_executor.cpp:400] GPU Pipeline Executor: Exception during task execution: uring_reactor: cudaMemcpyAsync failed: an illegal memory access was encountered
[2026-07-01 12:17:33.042] [error] [gpu_pipeline_executor.cpp:400] GPU Pipeline Executor: Exception during task execution: uring_reactor: cudaMemcpyAsync failed: an illegal memory access was encountered
[2026-07-01 12:17:33.042] [info] [gpu_pipeline_executor.cpp:118] GPU Pipeline Executor: task queue interrupted, stopping manager loop
