[2026-07-01 14:54:08.578] [warning] [sirius_config.cpp:459] sirius_config: use_sirius_datasource was false but 4 GPUs are configured; the sirius datasource is required for multi-GPU IO routing. Overriding use_sirius_datasource to true.
[2026-07-01 14:54:08.578] [info] [sirius_context.cpp:1046] Loaded Sirius configuration from file: /home/dy1013/sirius_multi-gpu/experiment/automatic_motivation_latency_full_probe_real_20260701/configs/sirius_4gpu.yaml
[2026-07-01 14:54:08.582] [info] [telemetry_context.cpp:67] Telemetry context initialized (engine=siriusDB)
[2026-07-01 14:54:08.582] [info] [sirius_context.cpp:337] SiriusContext: topology summary — 4 GPU(s), 1 NUMA node(s), host='hicys76'
[2026-07-01 14:54:08.582] [info] [sirius_context.cpp:342]   GPU 0: NVIDIA RTX A5000 (numa=0, pci=00000000:16:00.0)
[2026-07-01 14:54:08.582] [info] [sirius_context.cpp:342]   GPU 1: NVIDIA RTX A5000 (numa=0, pci=00000000:34:00.0)
[2026-07-01 14:54:08.582] [info] [sirius_context.cpp:342]   GPU 2: NVIDIA RTX A5000 (numa=0, pci=00000000:AC:00.0)
[2026-07-01 14:54:08.582] [info] [sirius_context.cpp:342]   GPU 3: NVIDIA RTX A5000 (numa=0, pci=00000000:CA:00.0)
[2026-07-01 14:54:08.772] [warning] [sirius_context.cpp:352] SiriusContext: disk memory space is not configured; spilling GPU or HOST data to disk is disabled. If queries run out of GPU/HOST memory, downgrades to disk will not be possible.
[2026-07-01 14:54:08.772] [info] [sirius_context.cpp:364] SiriusContext: 1 host memory space(s) created for 1 NUMA node(s)
[2026-07-01 14:54:08.774] [info] [sirius_context.cpp:417] SiriusContext: P2P enabled 0 -> 1
[2026-07-01 14:54:08.776] [info] [sirius_context.cpp:417] SiriusContext: P2P enabled 0 -> 2
[2026-07-01 14:54:08.776] [error] [sirius_context.cpp:398] SiriusContext: cudaDeviceCanAccessPeer(0,3) failed: invalid device ordinal
[2026-07-01 14:54:08.776] [info] [sirius_context.cpp:417] SiriusContext: P2P enabled 1 -> 0
[2026-07-01 14:54:08.778] [info] [sirius_context.cpp:417] SiriusContext: P2P enabled 1 -> 2
[2026-07-01 14:54:08.778] [error] [sirius_context.cpp:398] SiriusContext: cudaDeviceCanAccessPeer(1,3) failed: invalid device ordinal
[2026-07-01 14:54:08.778] [info] [sirius_context.cpp:417] SiriusContext: P2P enabled 2 -> 0
[2026-07-01 14:54:08.778] [info] [sirius_context.cpp:417] SiriusContext: P2P enabled 2 -> 1
[2026-07-01 14:54:08.778] [error] [sirius_context.cpp:398] SiriusContext: cudaDeviceCanAccessPeer(2,3) failed: invalid device ordinal
[2026-07-01 14:54:08.778] [error] [sirius_context.cpp:398] SiriusContext: cudaDeviceCanAccessPeer(3,0) failed: invalid device ordinal
[2026-07-01 14:54:08.778] [error] [sirius_context.cpp:398] SiriusContext: cudaDeviceCanAccessPeer(3,1) failed: invalid device ordinal
[2026-07-01 14:54:08.778] [error] [sirius_context.cpp:398] SiriusContext: cudaDeviceCanAccessPeer(3,2) failed: invalid device ordinal
[2026-07-01 14:54:08.797] [info] [sirius_context.cpp:477] SiriusContext: cuDF pinned memory resource configured (NUMA-aware, max slab 8192 B, fallback node=0)
[2026-07-01 14:54:09.014] [error] [:] downgrade_executor per-thread init: cudaSetDevice(3) failed: invalid device ordinal
[2026-07-01 14:54:09.014] [error] [:] downgrade_executor per-thread init: cudaSetDevice(3) failed: invalid device ordinal
[2026-07-01 14:54:09.014] [error] [:] downgrade_executor per-thread init: cudaSetDevice(3) failed: invalid device ordinal
[2026-07-01 14:54:09.014] [error] [:] downgrade_executor per-thread init: cudaSetDevice(3) failed: invalid device ordinal
[2026-07-01 14:54:09.015] [error] [:] gpu_pipeline_executor per-thread init: cudaSetDevice(3) failed: invalid device ordinal
[2026-07-01 14:54:09.015] [error] [:] gpu_pipeline_executor per-thread init: cudaSetDevice(3) failed: invalid device ordinal
[2026-07-01 14:54:09.015] [error] [:] gpu_pipeline_executor per-thread init: cudaSetDevice(3) failed: invalid device ordinal
[2026-07-01 14:54:09.015] [error] [:] gpu_pipeline_executor per-thread init: cudaSetDevice(3) failed: invalid device ordinal
[2026-07-01 14:54:09.017] [info] [sirius_context.cpp:1007] Connection opened.
[2026-07-01 14:54:09.017] [info] [sirius_context.cpp:1020] Extension loaded: sirius
[2026-07-01 14:54:09.017] [info] [sirius_context.cpp:258] QueryEnd
[2026-07-01 14:54:09.025] [info] [:] [host_pool] HOST:0 QueryEnd allocated=0 bytes peak=0 bytes free_blocks=512
[2026-07-01 14:54:09.025] [info] [:] [gpu_pool] GPU:0 QueryEnd allocated=0 bytes peak=0 bytes reserved=0 bytes
[2026-07-01 14:54:09.025] [info] [:] [gpu_pool] GPU:1 QueryEnd allocated=0 bytes peak=0 bytes reserved=0 bytes
[2026-07-01 14:54:09.025] [info] [:] [gpu_pool] GPU:2 QueryEnd allocated=0 bytes peak=0 bytes reserved=0 bytes
[2026-07-01 14:54:09.025] [info] [:] [gpu_pool] GPU:3 QueryEnd allocated=0 bytes peak=0 bytes reserved=0 bytes
[2026-07-01 14:54:09.025] [info] [:] [host_pool] HOST:0 QueryBegin allocated=0 bytes peak=0 bytes free_blocks=512
[2026-07-01 14:54:09.025] [info] [:] [gpu_pool] GPU:0 QueryBegin allocated=0 bytes peak=0 bytes reserved=0 bytes
[2026-07-01 14:54:09.025] [info] [:] [gpu_pool] GPU:1 QueryBegin allocated=0 bytes peak=0 bytes reserved=0 bytes
[2026-07-01 14:54:09.025] [info] [:] [gpu_pool] GPU:2 QueryBegin allocated=0 bytes peak=0 bytes reserved=0 bytes
[2026-07-01 14:54:09.025] [info] [:] [gpu_pool] GPU:3 QueryBegin allocated=0 bytes peak=0 bytes reserved=0 bytes
[2026-07-01 14:54:09.025] [info] [sirius_context.cpp:242] QueryBegin: SQL: SET gpu_execution = true;
[2026-07-01 14:54:09.025] [info] [sirius_context.cpp:258] QueryEnd
[2026-07-01 14:54:09.035] [info] [:] [host_pool] HOST:0 QueryEnd allocated=0 bytes peak=0 bytes free_blocks=512
[2026-07-01 14:54:09.035] [info] [:] [gpu_pool] GPU:0 QueryEnd allocated=0 bytes peak=0 bytes reserved=0 bytes
[2026-07-01 14:54:09.035] [info] [:] [gpu_pool] GPU:1 QueryEnd allocated=0 bytes peak=0 bytes reserved=0 bytes
[2026-07-01 14:54:09.035] [info] [:] [gpu_pool] GPU:2 QueryEnd allocated=0 bytes peak=0 bytes reserved=0 bytes
[2026-07-01 14:54:09.035] [info] [:] [gpu_pool] GPU:3 QueryEnd allocated=0 bytes peak=0 bytes reserved=0 bytes
[2026-07-01 14:54:09.035] [info] [:] [host_pool] HOST:0 QueryBegin allocated=0 bytes peak=0 bytes free_blocks=512
[2026-07-01 14:54:09.035] [info] [:] [gpu_pool] GPU:0 QueryBegin allocated=0 bytes peak=0 bytes reserved=0 bytes
[2026-07-01 14:54:09.035] [info] [:] [gpu_pool] GPU:1 QueryBegin allocated=0 bytes peak=0 bytes reserved=0 bytes
[2026-07-01 14:54:09.035] [info] [:] [gpu_pool] GPU:2 QueryBegin allocated=0 bytes peak=0 bytes reserved=0 bytes
[2026-07-01 14:54:09.035] [info] [:] [gpu_pool] GPU:3 QueryBegin allocated=0 bytes peak=0 bytes reserved=0 bytes
[2026-07-01 14:54:09.035] [info] [sirius_context.cpp:242] QueryBegin: SQL: select c_count, count(*) as custdist from ( select c.c_custkey, count(o.o_orderkey) from customer c left outer join orders o on c.c_custkey = o.o_custkey and o.o_comment not like '%special%requests%' group by c.c_custkey ) as orders (c_custkey, c_count) group by c_count order by custdist desc, c_count desc
[2026-07-01 14:54:09.075] [info] [sirius_context.cpp:954] Transparent execution: Sirius physical plan generated successfully
[2026-07-01 14:54:09.076] [info] [sirius_context.cpp:966] Transparent execution: physical plan replaced with GPU operator
[2026-07-01 14:54:09.076] [info] [physical_sirius_execution.cpp:96] Transparent GPU execution: executing query
[2026-07-01 14:54:09.084] [info] [sirius_engine.cpp:400] Query Plan:
=== Pipeline Overview ===
Pipeline #0: GPU_SCAN (id=17)
  Output: -> PARTITION [port: default, barrier: FULL]
Pipeline #1: PARTITION (id=19)
  Input: <- Pipeline #0 [on: PARTITION (id=19), port: default, barrier: FULL]
  Dependencies: Pipeline #0
  Output: -> CONCAT [port: default, barrier: PARTIAL]
Pipeline #2: CONCAT (id=18)
  Input: <- Pipeline #1 [on: CONCAT (id=18), port: default, barrier: PARTIAL]
  Dependencies: Pipeline #1
  Output: -> HASH_JOIN [port: build, barrier: FULL]
Pipeline #3: GPU_SCAN (id=20)
  Output: -> PARTITION [port: default, barrier: PARTIAL]
Pipeline #4: PARTITION (id=22)
  Input: <- Pipeline #3 [on: PARTITION (id=22), port: default, barrier: PARTIAL]
  Dependencies: Pipeline #3
  Output: -> CONCAT [port: default, barrier: PARTIAL]
Pipeline #5: CONCAT (id=21)
  Input: <- Pipeline #4 [on: CONCAT (id=21), port: default, barrier: PARTIAL]
  Dependencies: Pipeline #4
  Output: -> HASH_JOIN [port: default, barrier: FULL]
Pipeline #6: HASH_JOIN (id=10) -> PROJECTION (id=11) -> HASH_GROUP_BY (id=12)
  Input: <- Pipeline #5 [on: HASH_JOIN (id=10), port: default, barrier: FULL]
  Input: <- Pipeline #2 [on: HASH_JOIN (id=10), port: build, barrier: FULL]
  Dependencies: Pipeline #2, Pipeline #5
  Output: -> PARTITION [port: default, barrier: FULL]
Pipeline #7: PARTITION (id=23)
  Input: <- Pipeline #6 [on: PARTITION (id=23), port: default, barrier: FULL]
  Dependencies: Pipeline #6
  Output: -> MERGE_GROUP_BY [port: default, barrier: FULL]
Pipeline #8: MERGE_GROUP_BY (id=24)
  Input: <- Pipeline #7 [on: MERGE_GROUP_BY (id=24), port: default, barrier: FULL]
  Dependencies: Pipeline #7
  Output: -> PROJECTION [port: default, barrier: FULL]
Pipeline #9: PROJECTION (id=13) -> HASH_GROUP_BY (id=14)
  Input: <- Pipeline #8 [on: PROJECTION (id=13), port: default, barrier: FULL]
  Dependencies: Pipeline #8
  Output: -> PARTITION [port: default, barrier: FULL]
Pipeline #10: PARTITION (id=25)
  Input: <- Pipeline #9 [on: PARTITION (id=25), port: default, barrier: FULL]
  Dependencies: Pipeline #9
  Output: -> MERGE_GROUP_BY [port: default, barrier: FULL]
Pipeline #11: MERGE_GROUP_BY (id=26)
  Input: <- Pipeline #10 [on: MERGE_GROUP_BY (id=26), port: default, barrier: FULL]
  Dependencies: Pipeline #10
  Output: -> ORDER_BY [port: default, barrier: FULL]
Pipeline #12: ORDER_BY (id=15)
  Input: <- Pipeline #11 [on: ORDER_BY (id=15), port: default, barrier: FULL]
  Dependencies: Pipeline #11
  Output: -> SORT_SAMPLE [port: default, barrier: PIPELINE]
Pipeline #13: SORT_SAMPLE (id=27) -> SORT_PARTITION (id=28)
  Input: <- Pipeline #12 [on: SORT_SAMPLE (id=27), port: default, barrier: PIPELINE]
  Dependencies: Pipeline #12
  Output: -> MERGE_SORT [port: default, barrier: FULL]
Pipeline #14: MERGE_SORT (id=29)
  Input: <- Pipeline #13 [on: MERGE_SORT (id=29), port: default, barrier: FULL]
  Dependencies: Pipeline #13
  Output: -> RESULT_COLLECTOR [port: default, barrier: FULL]
Pipeline #15: RESULT_COLLECTOR (id=16)
  Input: <- Pipeline #14 [on: RESULT_COLLECTOR (id=16), port: default, barrier: FULL]
  Dependencies: Pipeline #14

=== Query Plan DAG ===
┌──────────────────────────┐                            
│ Pipeline #15             │                            
│ RESULT_COLLECTOR (id=16) │                            
│ Input(#14): FULL         │                            
└────────────┬─────────────┘                            
             │                                          
┌──────────────────────────┐                            
│ Pipeline #14             │                            
│ MERGE_SORT (id=29)       │                            
│ Input(#13): FULL         │                            
└────────────┬─────────────┘                            
             │                                          
┌──────────────────────────┐                            
│ Pipeline #13             │                            
│ SORT_PARTITION (id=28)   │                            
│ SORT_SAMPLE (id=27)      │                            
│ Input(#12): PIPELINE     │                            
└────────────┬─────────────┘                            
             │                                          
┌──────────────────────────┐                            
│ Pipeline #12             │                            
│ ORDER_BY (id=15)         │                            
│ Input(#11): FULL         │                            
└────────────┬─────────────┘                            
             │                                          
┌──────────────────────────┐                            
│ Pipeline #11             │                            
│ MERGE_GROUP_BY (id=26)   │                            
│ Input(#10): FULL         │                            
└────────────┬─────────────┘                            
             │                                          
┌──────────────────────────┐                            
│ Pipeline #10             │                            
│ PARTITION (id=25)        │                            
│ Input(#9): FULL          │                            
└────────────┬─────────────┘                            
             │                                          
┌──────────────────────────┐                            
│ Pipeline #9              │                            
│ HASH_GROUP_BY (id=14)    │                            
│ PROJECTION (id=13)       │                            
│ Input(#8): FULL          │                            
└────────────┬─────────────┘                            
             │                                          
┌──────────────────────────┐                            
│ Pipeline #8              │                            
│ MERGE_GROUP_BY (id=24)   │                            
│ Input(#7): FULL          │                            
└────────────┬─────────────┘                            
             │                                          
┌──────────────────────────┐                            
│ Pipeline #7              │                            
│ PARTITION (id=23)        │                            
│ Input(#6): FULL          │                            
└────────────┬─────────────┘                            
             │                                          
┌──────────────────────────┐                            
│ Pipeline #6              │                            
│ HASH_GROUP_BY (id=12)    │                            
│ PROJECTION (id=11)       │                            
│ HASH_JOIN (id=10)        │                            
│   type: RIGHT            │                            
│ Input(#5): FULL          │                            
│ Input(#2): FULL          │                            
└────────────┬─────────────┘                            
             ┌───────────────────────────┐              
             │                           │              
┌──────────────────────────┐┌──────────────────────────┐
│ Pipeline #2              ││ Pipeline #5              │
│ CONCAT (id=18)           ││ CONCAT (id=21)           │
│ Input(#1): PARTIAL       ││ Input(#4): PARTIAL       │
└────────────┬─────────────┘└────────────┬─────────────┘
             │                           │              
┌──────────────────────────┐┌──────────────────────────┐
│ Pipeline #1              ││ Pipeline #4              │
│ PARTITION (id=19)        ││ PARTITION (id=22)        │
│ Input(#0): FULL          ││ Input(#3): PARTIAL       │
└────────────┬─────────────┘└────────────┬─────────────┘
             │                           │              
┌──────────────────────────┐┌──────────────────────────┐
│ Pipeline #0              ││ Pipeline #3              │
│ GPU_SCAN (id=17)         ││ GPU_SCAN (id=20)         │
└──────────────────────────┘└──────────────────────────┘

[2026-07-01 14:54:09.090] [info] [task_scheduler.cpp:367] [mgpu-audit] pipeline_task dispatched to GPU 0 task_id=0
[2026-07-01 14:54:09.090] [info] [task_scheduler.cpp:369] [locality-audit] dispatch task_id=0 preferred_device=0 actual_gpu=0
[2026-07-01 14:54:09.152] [info] [parquet_gpu_ingestible.cpp:696] [scan-audit] parquet_materialize target_gpu=0 files=/mnt/nvme/dataset/customer.parquet columns=c_custkey row_groups=0,1,2,3,4,5,6,7,8,9,10,11,12,13,14,15,16,17,18,19,20,21,22,23,24,25,26,27,28,29,30,31,32,33,34,35,36,37,38,39,40,41,42,43,44,45,46,47,48,49,50,51,52,53,54,55,56,57,58,59,60,61,62,63,64,65,66,67,68,69,70,71,72,73,74,75,76,77,78,79,80,81,82,83,84,85,86,87,88,89,90,91,92,93,94,95,96,97,98,99,100,101,102,103,104,105,106,107,108,109,110,111,112,113,114,115,116,117,118,119,120,121 compressed_bytes=60042225 uncompressed_bytes=120003782 column_bytes=c_custkey:60042225:120003782 output_rows=15000000 output_columns=1 split_count=1 duration_us=59396
[2026-07-01 14:54:09.152] [info] [gpu_pipeline_task.cpp:311] [stage-audit] pipeline_id=0 task_id=0 operator_id=17 operator_name=GPU_SCAN stage_kind=SCAN operator_type=94 input_type=GPU_SCAN output_type=PIPELINEABLE actual_gpu=0 pipeline_operator_count=1 input_batches=0 input_rows=0 input_columns=0 input_bytes=0 output_batches=1 output_rows=15000000 output_columns=1 output_bytes=121875008 byte_ratio=0.000000 row_ratio=0.000000 duration_us=61649
[2026-07-01 14:54:09.152] [info] [task_creator.cpp:352] [locality-audit] task_create operator_id=19 input_bytes=121875008 local_bytes=121875008 gpu_source_bytes=121875008 host_source_bytes=0 disk_source_bytes=0 gpu_sources=1 host_sources=0 preferred_device=0
[2026-07-01 14:54:09.152] [info] [task_scheduler.cpp:367] [mgpu-audit] pipeline_task dispatched to GPU 0 task_id=1
[2026-07-01 14:54:09.152] [info] [task_scheduler.cpp:369] [locality-audit] dispatch task_id=1 preferred_device=0 actual_gpu=0
[2026-07-01 14:54:09.153] [info] [gpu_pipeline_task.cpp:182] [locality-audit] prepare_before pipeline_id=1 task_id=1 preferred_device=0 actual_gpu=0 target_tier=GPU target_device=0 input_bytes=121875008 local_bytes=121875008 remote_gpu_bytes=0 host_bytes=0 disk_bytes=0 batch_count=1
[2026-07-01 14:54:09.153] [info] [gpu_pipeline_task.cpp:182] [locality-audit] prepare_after pipeline_id=1 task_id=1 preferred_device=0 actual_gpu=0 target_tier=GPU target_device=0 input_bytes=121875008 local_bytes=121875008 remote_gpu_bytes=0 host_bytes=0 disk_bytes=0 batch_count=1
[2026-07-01 14:54:09.171] [info] [gpu_pipeline_task.cpp:311] [stage-audit] pipeline_id=1 task_id=1 operator_id=19 operator_name=PARTITION stage_kind=PARTITION operator_type=82 input_type=PIPELINEABLE output_type=PIPELINEABLE actual_gpu=0 pipeline_operator_count=1 input_batches=1 input_rows=15000000 input_columns=1 input_bytes=121875008 output_batches=4 output_rows=15000000 output_columns=4 output_bytes=120000000 byte_ratio=0.984615 row_ratio=1.000000 duration_us=17981
[2026-07-01 14:54:09.171] [info] [task_scheduler.cpp:367] [mgpu-audit] pipeline_task dispatched to GPU 1 task_id=3
[2026-07-01 14:54:09.171] [info] [task_scheduler.cpp:369] [locality-audit] dispatch task_id=3 preferred_device=1 actual_gpu=1
[2026-07-01 14:54:09.171] [info] [task_scheduler.cpp:367] [mgpu-audit] pipeline_task dispatched to GPU 2 task_id=4
[2026-07-01 14:54:09.171] [info] [task_scheduler.cpp:369] [locality-audit] dispatch task_id=4 preferred_device=2 actual_gpu=2
[2026-07-01 14:54:09.171] [info] [task_scheduler.cpp:367] [mgpu-audit] pipeline_task dispatched to GPU 3 task_id=5
[2026-07-01 14:54:09.171] [info] [task_scheduler.cpp:369] [locality-audit] dispatch task_id=5 preferred_device=3 actual_gpu=3
[2026-07-01 14:54:09.171] [info] [task_scheduler.cpp:367] [mgpu-audit] pipeline_task dispatched to GPU 0 task_id=2
[2026-07-01 14:54:09.171] [info] [task_scheduler.cpp:369] [locality-audit] dispatch task_id=2 preferred_device=0 actual_gpu=0
[2026-07-01 14:54:09.171] [info] [gpu_pipeline_task.cpp:182] [locality-audit] prepare_before pipeline_id=2 task_id=2 preferred_device=0 actual_gpu=0 target_tier=GPU target_device=0 input_bytes=30006144 local_bytes=30006144 remote_gpu_bytes=0 host_bytes=0 disk_bytes=0 batch_count=1
[2026-07-01 14:54:09.171] [info] [gpu_pipeline_task.cpp:182] [locality-audit] prepare_before pipeline_id=2 task_id=5 preferred_device=3 actual_gpu=0 target_tier=GPU target_device=3 input_bytes=30018872 local_bytes=0 remote_gpu_bytes=30018872 host_bytes=0 disk_bytes=0 batch_count=1
[2026-07-01 14:54:09.171] [info] [gpu_pipeline_task.cpp:182] [locality-audit] prepare_after pipeline_id=2 task_id=2 preferred_device=0 actual_gpu=0 target_tier=GPU target_device=0 input_bytes=30006144 local_bytes=30006144 remote_gpu_bytes=0 host_bytes=0 disk_bytes=0 batch_count=1
[2026-07-01 14:54:09.171] [info] [gpu_pipeline_task.cpp:182] [locality-audit] prepare_before pipeline_id=2 task_id=3 preferred_device=1 actual_gpu=1 target_tier=GPU target_device=1 input_bytes=29978224 local_bytes=0 remote_gpu_bytes=29978224 host_bytes=0 disk_bytes=0 batch_count=1
[2026-07-01 14:54:09.171] [info] [gpu_pipeline_task.cpp:311] [stage-audit] pipeline_id=2 task_id=2 operator_id=18 operator_name=CONCAT stage_kind=CONCAT operator_type=83 input_type=PARTITIONED output_type=PARTITIONED actual_gpu=0 pipeline_operator_count=1 input_batches=1 input_rows=3750768 input_columns=1 input_bytes=30006144 output_batches=1 output_rows=3750768 output_columns=1 output_bytes=30006144 byte_ratio=1.000000 row_ratio=1.000000 duration_us=6
[2026-07-01 14:54:09.171] [info] [gpu_pipeline_task.cpp:182] [locality-audit] prepare_before pipeline_id=2 task_id=4 preferred_device=2 actual_gpu=2 target_tier=GPU target_device=2 input_bytes=29996760 local_bytes=0 remote_gpu_bytes=29996760 host_bytes=0 disk_bytes=0 batch_count=1
[2026-07-01 14:54:09.485] [info] [gpu_pipeline_task.cpp:182] [locality-audit] prepare_after pipeline_id=2 task_id=5 preferred_device=3 actual_gpu=0 target_tier=GPU target_device=3 input_bytes=30018872 local_bytes=30018872 remote_gpu_bytes=0 host_bytes=0 disk_bytes=0 batch_count=1
[2026-07-01 14:54:09.485] [info] [gpu_pipeline_task.cpp:311] [stage-audit] pipeline_id=2 task_id=5 operator_id=18 operator_name=CONCAT stage_kind=CONCAT operator_type=83 input_type=PARTITIONED output_type=PARTITIONED actual_gpu=0 pipeline_operator_count=1 input_batches=1 input_rows=3752359 input_columns=1 input_bytes=30018872 output_batches=1 output_rows=3752359 output_columns=1 output_bytes=30018872 byte_ratio=1.000000 row_ratio=1.000000 duration_us=1
[2026-07-01 14:54:09.485] [info] [gpu_pipeline_task.cpp:182] [locality-audit] prepare_after pipeline_id=2 task_id=3 preferred_device=1 actual_gpu=1 target_tier=GPU target_device=1 input_bytes=29978224 local_bytes=29978224 remote_gpu_bytes=0 host_bytes=0 disk_bytes=0 batch_count=1
[2026-07-01 14:54:09.485] [info] [gpu_pipeline_task.cpp:311] [stage-audit] pipeline_id=2 task_id=3 operator_id=18 operator_name=CONCAT stage_kind=CONCAT operator_type=83 input_type=PARTITIONED output_type=PARTITIONED actual_gpu=1 pipeline_operator_count=1 input_batches=1 input_rows=3747278 input_columns=1 input_bytes=29978224 output_batches=1 output_rows=3747278 output_columns=1 output_bytes=29978224 byte_ratio=1.000000 row_ratio=1.000000 duration_us=6
[2026-07-01 14:54:09.487] [info] [gpu_pipeline_task.cpp:182] [locality-audit] prepare_after pipeline_id=2 task_id=4 preferred_device=2 actual_gpu=2 target_tier=GPU target_device=2 input_bytes=29996760 local_bytes=29996760 remote_gpu_bytes=0 host_bytes=0 disk_bytes=0 batch_count=1
[2026-07-01 14:54:09.487] [info] [gpu_pipeline_task.cpp:311] [stage-audit] pipeline_id=2 task_id=4 operator_id=18 operator_name=CONCAT stage_kind=CONCAT operator_type=83 input_type=PARTITIONED output_type=PARTITIONED actual_gpu=2 pipeline_operator_count=1 input_batches=1 input_rows=3749595 input_columns=1 input_bytes=29996760 output_batches=1 output_rows=3749595 output_columns=1 output_bytes=29996760 byte_ratio=1.000000 row_ratio=1.000000 duration_us=6
[2026-07-01 14:54:09.487] [info] [task_scheduler.cpp:367] [mgpu-audit] pipeline_task dispatched to GPU 1 task_id=6
[2026-07-01 14:54:09.487] [info] [task_scheduler.cpp:369] [locality-audit] dispatch task_id=6 preferred_device=1 actual_gpu=1
[2026-07-01 14:54:09.487] [info] [task_scheduler.cpp:367] [mgpu-audit] pipeline_task dispatched to GPU 2 task_id=7
[2026-07-01 14:54:09.487] [info] [task_scheduler.cpp:369] [locality-audit] dispatch task_id=7 preferred_device=2 actual_gpu=2
[2026-07-01 14:54:09.487] [info] [task_scheduler.cpp:367] [mgpu-audit] pipeline_task dispatched to GPU 0 task_id=9
[2026-07-01 14:54:09.487] [info] [task_scheduler.cpp:369] [locality-audit] dispatch task_id=9 preferred_device=0 actual_gpu=0
[2026-07-01 14:54:09.487] [info] [task_scheduler.cpp:367] [mgpu-audit] pipeline_task dispatched to GPU 3 task_id=8
[2026-07-01 14:54:09.487] [info] [task_scheduler.cpp:369] [locality-audit] dispatch task_id=8 preferred_device=3 actual_gpu=3
[2026-07-01 14:54:09.487] [info] [task_scheduler.cpp:367] [mgpu-audit] pipeline_task dispatched to GPU 1 task_id=10
[2026-07-01 14:54:09.487] [info] [task_scheduler.cpp:369] [locality-audit] dispatch task_id=10 preferred_device=1 actual_gpu=1
[2026-07-01 14:54:11.028] [info] [parquet_gpu_ingestible.cpp:696] [scan-audit] parquet_materialize target_gpu=0 files=/mnt/nvme/dataset/orders.parquet columns=o_orderkey,o_custkey,o_comment row_groups=816,817,818,819,820,821,822,823,824,825,826,827,828,829,830,831,832,833,834,835,836,837,838,839,840,841,842,843,844,845,846,847,848,849,850,851,852,853,854,855,856,857,858,859,860,861,862,863,864,865,866,867,868,869,870,871,872,873,874,875,876,877,878,879,880,881,882,883,884,885,886,887,888,889,890,891,892,893,894,895,896,897,898,899,900,901,902,903,904,905,906,907,908,909,910,911,912,913,914,915,916,917,918,919,920,921,922,923,924,925,926,927,928,929,930,931,932,933,934,935,936,937,938,939,940,941,942,943,944,945,946,947,948,949,950,951,952,953,954,955,956,957,958,959,960,961,962,963,964,965,966,967,968,969,970,971,972,973,974,975,976,977,978,979,980,981,982,983,984,985,986,987,988,989,990,991,992,993,994,995,996,997,998,999,1000,1001,1002,1003,1004,1005,1006,1007,1008,1009,1010,1011,1012,1013,1014,1015,1016,1017,1018,1019,1020,1021,1022,1023,1024,1025,1026,1027,1028,1029,1030,1031,1032,1033,1034,1035,1036,1037,1038,1039,1040,1041,1042,1043,1044,1045,1046,1047,1048,1049,1050,1051,1052,1053,1054,1055,1056,1057,1058,1059,1060,1061,1062,1063,1064,1065,1066,1067,1068,1069,1070,1071,1072,1073,1074,1075,1076,1077,1078,1079,1080,1081,1082,1083,1084,1085,1086,1087 compressed_bytes=976124089 uncompressed_bytes=536097600 column_bytes=o_orderkey:133606440:268048800,o_custkey:178940219:268048800,o_comment:663577430:1758986377 output_rows=33505046 output_columns=3 split_count=1 duration_us=1530512
[2026-07-01 14:54:11.034] [info] [parquet_gpu_ingestible.cpp:696] [scan-audit] parquet_materialize target_gpu=3 files=/mnt/nvme/dataset/orders.parquet columns=o_orderkey,o_custkey,o_comment row_groups=544,545,546,547,548,549,550,551,552,553,554,555,556,557,558,559,560,561,562,563,564,565,566,567,568,569,570,571,572,573,574,575,576,577,578,579,580,581,582,583,584,585,586,587,588,589,590,591,592,593,594,595,596,597,598,599,600,601,602,603,604,605,606,607,608,609,610,611,612,613,614,615,616,617,618,619,620,621,622,623,624,625,626,627,628,629,630,631,632,633,634,635,636,637,638,639,640,641,642,643,644,645,646,647,648,649,650,651,652,653,654,655,656,657,658,659,660,661,662,663,664,665,666,667,668,669,670,671,672,673,674,675,676,677,678,679,680,681,682,683,684,685,686,687,688,689,690,691,692,693,694,695,696,697,698,699,700,701,702,703,704,705,706,707,708,709,710,711,712,713,714,715,716,717,718,719,720,721,722,723,724,725,726,727,728,729,730,731,732,733,734,735,736,737,738,739,740,741,742,743,744,745,746,747,748,749,750,751,752,753,754,755,756,757,758,759,760,761,762,763,764,765,766,767,768,769,770,771,772,773,774,775,776,777,778,779,780,781,782,783,784,785,786,787,788,789,790,791,792,793,794,795,796,797,798,799,800,801,802,803,804,805,806,807,808,809,810,811,812,813,814,815 compressed_bytes=976130693 uncompressed_bytes=536075072 column_bytes=o_orderkey:133602436:268037536,o_custkey:178931859:268037536,o_comment:663596398:1758945621 output_rows=33503638 output_columns=3 split_count=1 duration_us=1538429
[2026-07-01 14:54:11.101] [info] [parquet_gpu_ingestible.cpp:696] [scan-audit] parquet_materialize target_gpu=1 files=/mnt/nvme/dataset/orders.parquet columns=o_orderkey,o_custkey,o_comment row_groups=0,1,2,3,4,5,6,7,8,9,10,11,12,13,14,15,16,17,18,19,20,21,22,23,24,25,26,27,28,29,30,31,32,33,34,35,36,37,38,39,40,41,42,43,44,45,46,47,48,49,50,51,52,53,54,55,56,57,58,59,60,61,62,63,64,65,66,67,68,69,70,71,72,73,74,75,76,77,78,79,80,81,82,83,84,85,86,87,88,89,90,91,92,93,94,95,96,97,98,99,100,101,102,103,104,105,106,107,108,109,110,111,112,113,114,115,116,117,118,119,120,121,122,123,124,125,126,127,128,129,130,131,132,133,134,135,136,137,138,139,140,141,142,143,144,145,146,147,148,149,150,151,152,153,154,155,156,157,158,159,160,161,162,163,164,165,166,167,168,169,170,171,172,173,174,175,176,177,178,179,180,181,182,183,184,185,186,187,188,189,190,191,192,193,194,195,196,197,198,199,200,201,202,203,204,205,206,207,208,209,210,211,212,213,214,215,216,217,218,219,220,221,222,223,224,225,226,227,228,229,230,231,232,233,234,235,236,237,238,239,240,241,242,243,244,245,246,247,248,249,250,251,252,253,254,255,256,257,258,259,260,261,262,263,264,265,266,267,268,269,270,271 compressed_bytes=977515707 uncompressed_bytes=536858976 column_bytes=o_orderkey:133796967:268429488,o_custkey:179198297:268429488,o_comment:664520443:1761476823 output_rows=33552632 output_columns=3 split_count=1 duration_us=1603058
[2026-07-01 14:54:11.112] [info] [parquet_gpu_ingestible.cpp:696] [scan-audit] parquet_materialize target_gpu=2 files=/mnt/nvme/dataset/orders.parquet columns=o_orderkey,o_custkey,o_comment row_groups=272,273,274,275,276,277,278,279,280,281,282,283,284,285,286,287,288,289,290,291,292,293,294,295,296,297,298,299,300,301,302,303,304,305,306,307,308,309,310,311,312,313,314,315,316,317,318,319,320,321,322,323,324,325,326,327,328,329,330,331,332,333,334,335,336,337,338,339,340,341,342,343,344,345,346,347,348,349,350,351,352,353,354,355,356,357,358,359,360,361,362,363,364,365,366,367,368,369,370,371,372,373,374,375,376,377,378,379,380,381,382,383,384,385,386,387,388,389,390,391,392,393,394,395,396,397,398,399,400,401,402,403,404,405,406,407,408,409,410,411,412,413,414,415,416,417,418,419,420,421,422,423,424,425,426,427,428,429,430,431,432,433,434,435,436,437,438,439,440,441,442,443,444,445,446,447,448,449,450,451,452,453,454,455,456,457,458,459,460,461,462,463,464,465,466,467,468,469,470,471,472,473,474,475,476,477,478,479,480,481,482,483,484,485,486,487,488,489,490,491,492,493,494,495,496,497,498,499,500,501,502,503,504,505,506,507,508,509,510,511,512,513,514,515,516,517,518,519,520,521,522,523,524,525,526,527,528,529,530,531,532,533,534,535,536,537,538,539,540,541,542,543 compressed_bytes=976199929 uncompressed_bytes=536082432 column_bytes=o_orderkey:133603776:268041216,o_custkey:178940963:268041216,o_comment:663655190:1759042555 output_rows=33504098 output_columns=3 split_count=1 duration_us=1614826
[2026-07-01 14:54:11.182] [info] [gpu_pipeline_task.cpp:311] [stage-audit] pipeline_id=3 task_id=6 operator_id=20 operator_name=GPU_SCAN stage_kind=SCAN operator_type=94 input_type=GPU_SCAN output_type=PIPELINEABLE actual_gpu=1 pipeline_operator_count=1 input_batches=0 input_rows=0 input_columns=0 input_bytes=0 output_batches=1 output_rows=33190445 output_columns=2 output_bytes=539344848 byte_ratio=0.000000 row_ratio=0.000000 duration_us=1695012
[2026-07-01 14:54:11.182] [info] [task_creator.cpp:352] [locality-audit] task_create operator_id=22 input_bytes=539344848 local_bytes=539344848 gpu_source_bytes=539344848 host_source_bytes=0 disk_source_bytes=0 gpu_sources=1 host_sources=0 preferred_device=1
[2026-07-01 14:54:11.183] [info] [task_scheduler.cpp:367] [mgpu-audit] pipeline_task dispatched to GPU 1 task_id=11
[2026-07-01 14:54:11.183] [info] [task_scheduler.cpp:369] [locality-audit] dispatch task_id=11 preferred_device=1 actual_gpu=1
[2026-07-01 14:54:11.183] [info] [gpu_pipeline_task.cpp:182] [locality-audit] prepare_before pipeline_id=4 task_id=11 preferred_device=1 actual_gpu=1 target_tier=GPU target_device=1 input_bytes=539344848 local_bytes=539344848 remote_gpu_bytes=0 host_bytes=0 disk_bytes=0 batch_count=1
[2026-07-01 14:54:11.183] [info] [gpu_pipeline_task.cpp:182] [locality-audit] prepare_after pipeline_id=4 task_id=11 preferred_device=1 actual_gpu=1 target_tier=GPU target_device=1 input_bytes=539344848 local_bytes=539344848 remote_gpu_bytes=0 host_bytes=0 disk_bytes=0 batch_count=1
[2026-07-01 14:54:11.192] [info] [gpu_pipeline_task.cpp:311] [stage-audit] pipeline_id=3 task_id=8 operator_id=20 operator_name=GPU_SCAN stage_kind=SCAN operator_type=94 input_type=GPU_SCAN output_type=PIPELINEABLE actual_gpu=0 pipeline_operator_count=1 input_batches=0 input_rows=0 input_columns=0 input_bytes=0 output_batches=1 output_rows=33142384 output_columns=2 output_bytes=538563840 byte_ratio=0.000000 row_ratio=0.000000 duration_us=1704957
[2026-07-01 14:54:11.192] [info] [task_creator.cpp:352] [locality-audit] task_create operator_id=22 input_bytes=538563840 local_bytes=538563840 gpu_source_bytes=538563840 host_source_bytes=0 disk_source_bytes=0 gpu_sources=1 host_sources=0 preferred_device=3
[2026-07-01 14:54:11.193] [info] [task_scheduler.cpp:367] [mgpu-audit] pipeline_task dispatched to GPU 3 task_id=12
[2026-07-01 14:54:11.193] [info] [task_scheduler.cpp:369] [locality-audit] dispatch task_id=12 preferred_device=3 actual_gpu=3
[2026-07-01 14:54:11.193] [info] [gpu_pipeline_task.cpp:182] [locality-audit] prepare_before pipeline_id=4 task_id=12 preferred_device=3 actual_gpu=0 target_tier=GPU target_device=3 input_bytes=538563840 local_bytes=538563840 remote_gpu_bytes=0 host_bytes=0 disk_bytes=0 batch_count=1
[2026-07-01 14:54:11.193] [info] [gpu_pipeline_task.cpp:182] [locality-audit] prepare_after pipeline_id=4 task_id=12 preferred_device=3 actual_gpu=0 target_tier=GPU target_device=3 input_bytes=538563840 local_bytes=538563840 remote_gpu_bytes=0 host_bytes=0 disk_bytes=0 batch_count=1
[2026-07-01 14:54:11.196] [info] [gpu_pipeline_task.cpp:311] [stage-audit] pipeline_id=3 task_id=9 operator_id=20 operator_name=GPU_SCAN stage_kind=SCAN operator_type=94 input_type=GPU_SCAN output_type=PIPELINEABLE actual_gpu=0 pipeline_operator_count=1 input_batches=0 input_rows=0 input_columns=0 input_bytes=0 output_batches=1 output_rows=33143825 output_columns=2 output_bytes=538587280 byte_ratio=0.000000 row_ratio=0.000000 duration_us=1708435
[2026-07-01 14:54:11.196] [info] [task_creator.cpp:352] [locality-audit] task_create operator_id=22 input_bytes=538587280 local_bytes=538587280 gpu_source_bytes=538587280 host_source_bytes=0 disk_source_bytes=0 gpu_sources=1 host_sources=0 preferred_device=0
[2026-07-01 14:54:11.196] [info] [task_scheduler.cpp:367] [mgpu-audit] pipeline_task dispatched to GPU 0 task_id=13
[2026-07-01 14:54:11.196] [info] [task_scheduler.cpp:369] [locality-audit] dispatch task_id=13 preferred_device=0 actual_gpu=0
[2026-07-01 14:54:11.196] [info] [gpu_pipeline_task.cpp:182] [locality-audit] prepare_before pipeline_id=4 task_id=13 preferred_device=0 actual_gpu=0 target_tier=GPU target_device=0 input_bytes=538587280 local_bytes=538587280 remote_gpu_bytes=0 host_bytes=0 disk_bytes=0 batch_count=1
[2026-07-01 14:54:11.196] [info] [gpu_pipeline_task.cpp:182] [locality-audit] prepare_after pipeline_id=4 task_id=13 preferred_device=0 actual_gpu=0 target_tier=GPU target_device=0 input_bytes=538587280 local_bytes=538587280 remote_gpu_bytes=0 host_bytes=0 disk_bytes=0 batch_count=1
[2026-07-01 14:54:11.199] [info] [gpu_pipeline_task.cpp:311] [stage-audit] pipeline_id=3 task_id=7 operator_id=20 operator_name=GPU_SCAN stage_kind=SCAN operator_type=94 input_type=GPU_SCAN output_type=PIPELINEABLE actual_gpu=2 pipeline_operator_count=1 input_batches=0 input_rows=0 input_columns=0 input_bytes=0 output_batches=1 output_rows=33142534 output_columns=2 output_bytes=538566240 byte_ratio=0.000000 row_ratio=0.000000 duration_us=1711737
[2026-07-01 14:54:11.199] [info] [task_creator.cpp:352] [locality-audit] task_create operator_id=22 input_bytes=538566240 local_bytes=538566240 gpu_source_bytes=538566240 host_source_bytes=0 disk_source_bytes=0 gpu_sources=1 host_sources=0 preferred_device=2
[2026-07-01 14:54:11.199] [info] [task_scheduler.cpp:367] [mgpu-audit] pipeline_task dispatched to GPU 2 task_id=14
[2026-07-01 14:54:11.199] [info] [task_scheduler.cpp:369] [locality-audit] dispatch task_id=14 preferred_device=2 actual_gpu=2
[2026-07-01 14:54:11.199] [info] [gpu_pipeline_task.cpp:182] [locality-audit] prepare_before pipeline_id=4 task_id=14 preferred_device=2 actual_gpu=2 target_tier=GPU target_device=2 input_bytes=538566240 local_bytes=538566240 remote_gpu_bytes=0 host_bytes=0 disk_bytes=0 batch_count=1
[2026-07-01 14:54:11.199] [info] [gpu_pipeline_task.cpp:182] [locality-audit] prepare_after pipeline_id=4 task_id=14 preferred_device=2 actual_gpu=2 target_tier=GPU target_device=2 input_bytes=538566240 local_bytes=538566240 remote_gpu_bytes=0 host_bytes=0 disk_bytes=0 batch_count=1
[2026-07-01 14:54:11.205] [info] [gpu_pipeline_task.cpp:311] [stage-audit] pipeline_id=4 task_id=11 operator_id=22 operator_name=PARTITION stage_kind=PARTITION operator_type=82 input_type=PIPELINEABLE output_type=PIPELINEABLE actual_gpu=1 pipeline_operator_count=1 input_batches=1 input_rows=33190445 input_columns=2 input_bytes=539344848 output_batches=4 output_rows=33190445 output_columns=8 output_bytes=531047120 byte_ratio=0.984615 row_ratio=1.000000 duration_us=22447
[2026-07-01 14:54:11.216] [info] [gpu_pipeline_task.cpp:311] [stage-audit] pipeline_id=4 task_id=14 operator_id=22 operator_name=PARTITION stage_kind=PARTITION operator_type=82 input_type=PIPELINEABLE output_type=PIPELINEABLE actual_gpu=2 pipeline_operator_count=1 input_batches=1 input_rows=33142534 input_columns=2 input_bytes=538566240 output_batches=4 output_rows=33142534 output_columns=8 output_bytes=530280544 byte_ratio=0.984615 row_ratio=1.000000 duration_us=16137
[2026-07-01 14:54:11.216] [info] [gpu_pipeline_task.cpp:311] [stage-audit] pipeline_id=4 task_id=12 operator_id=22 operator_name=PARTITION stage_kind=PARTITION operator_type=82 input_type=PIPELINEABLE output_type=PIPELINEABLE actual_gpu=0 pipeline_operator_count=1 input_batches=1 input_rows=33142384 input_columns=2 input_bytes=538563840 output_batches=4 output_rows=33142384 output_columns=8 output_bytes=530278144 byte_ratio=0.984615 row_ratio=1.000000 duration_us=22801
[2026-07-01 14:54:11.223] [info] [gpu_pipeline_task.cpp:311] [stage-audit] pipeline_id=4 task_id=13 operator_id=22 operator_name=PARTITION stage_kind=PARTITION operator_type=82 input_type=PIPELINEABLE output_type=PIPELINEABLE actual_gpu=0 pipeline_operator_count=1 input_batches=1 input_rows=33143825 input_columns=2 input_bytes=538587280 output_batches=4 output_rows=33143825 output_columns=8 output_bytes=530301200 byte_ratio=0.984615 row_ratio=1.000000 duration_us=26237
[2026-07-01 14:54:11.463] [info] [parquet_gpu_ingestible.cpp:696] [scan-audit] parquet_materialize target_gpu=1 files=/mnt/nvme/dataset/orders.parquet columns=o_orderkey,o_custkey,o_comment row_groups=1088,1089,1090,1091,1092,1093,1094,1095,1096,1097,1098,1099,1100,1101,1102,1103,1104,1105,1106,1107,1108,1109,1110,1111,1112,1113,1114,1115,1116,1117,1118,1119,1120,1121,1122,1123,1124,1125,1126,1127,1128,1129,1130,1131,1132,1133,1134,1135,1136,1137,1138,1139,1140,1141,1142,1143,1144,1145,1146,1147,1148,1149,1150,1151,1152,1153,1154,1155,1156,1157,1158,1159,1160,1161,1162,1163,1164,1165,1166,1167,1168,1169,1170,1171,1172,1173,1174,1175,1176,1177,1178,1179,1180,1181,1182,1183,1184,1185,1186,1187,1188,1189,1190,1191,1192,1193,1194,1195,1196,1197,1198,1199,1200,1201,1202,1203,1204,1205,1206,1207,1208,1209,1210,1211,1212,1213,1214,1215,1216,1217 compressed_bytes=464269341 uncompressed_bytes=254961436 column_bytes=o_orderkey:63543005:127480718,o_custkey:85102959:127480718,o_comment:315623377:836627527 output_rows=15934586 output_columns=3 split_count=1 duration_us=271784
[2026-07-01 14:54:11.498] [info] [gpu_pipeline_task.cpp:311] [stage-audit] pipeline_id=3 task_id=10 operator_id=20 operator_name=GPU_SCAN stage_kind=SCAN operator_type=94 input_type=GPU_SCAN output_type=PIPELINEABLE actual_gpu=1 pipeline_operator_count=1 input_batches=0 input_rows=0 input_columns=0 input_bytes=0 output_batches=1 output_rows=15763175 output_columns=2 output_bytes=256151664 byte_ratio=0.000000 row_ratio=0.000000 duration_us=315945
[2026-07-01 14:54:11.502] [info] [task_creator.cpp:352] [locality-audit] task_create operator_id=22 input_bytes=256151664 local_bytes=256151664 gpu_source_bytes=256151664 host_source_bytes=0 disk_source_bytes=0 gpu_sources=1 host_sources=0 preferred_device=1
[2026-07-01 14:54:11.502] [info] [task_scheduler.cpp:367] [mgpu-audit] pipeline_task dispatched to GPU 1 task_id=15
[2026-07-01 14:54:11.502] [info] [task_scheduler.cpp:369] [locality-audit] dispatch task_id=15 preferred_device=1 actual_gpu=1
[2026-07-01 14:54:11.502] [info] [gpu_pipeline_task.cpp:182] [locality-audit] prepare_before pipeline_id=4 task_id=15 preferred_device=1 actual_gpu=1 target_tier=GPU target_device=1 input_bytes=256151664 local_bytes=256151664 remote_gpu_bytes=0 host_bytes=0 disk_bytes=0 batch_count=1
[2026-07-01 14:54:11.502] [info] [gpu_pipeline_task.cpp:182] [locality-audit] prepare_after pipeline_id=4 task_id=15 preferred_device=1 actual_gpu=1 target_tier=GPU target_device=1 input_bytes=256151664 local_bytes=256151664 remote_gpu_bytes=0 host_bytes=0 disk_bytes=0 batch_count=1
[2026-07-01 14:54:11.509] [info] [gpu_pipeline_task.cpp:311] [stage-audit] pipeline_id=4 task_id=15 operator_id=22 operator_name=PARTITION stage_kind=PARTITION operator_type=82 input_type=PIPELINEABLE output_type=PIPELINEABLE actual_gpu=1 pipeline_operator_count=1 input_batches=1 input_rows=15763175 input_columns=2 input_bytes=256151664 output_batches=4 output_rows=15763175 output_columns=8 output_bytes=252210800 byte_ratio=0.984615 row_ratio=1.000000 duration_us=6485
[2026-07-01 14:54:11.509] [info] [task_scheduler.cpp:367] [mgpu-audit] pipeline_task dispatched to GPU 0 task_id=16
[2026-07-01 14:54:11.509] [info] [task_scheduler.cpp:369] [locality-audit] dispatch task_id=16 preferred_device=0 actual_gpu=0
[2026-07-01 14:54:11.509] [info] [task_scheduler.cpp:367] [mgpu-audit] pipeline_task dispatched to GPU 2 task_id=18
[2026-07-01 14:54:11.509] [info] [task_scheduler.cpp:369] [locality-audit] dispatch task_id=18 preferred_device=2 actual_gpu=2
[2026-07-01 14:54:11.509] [info] [task_scheduler.cpp:367] [mgpu-audit] pipeline_task dispatched to GPU 1 task_id=17
[2026-07-01 14:54:11.509] [info] [task_scheduler.cpp:369] [locality-audit] dispatch task_id=17 preferred_device=1 actual_gpu=1
[2026-07-01 14:54:11.509] [info] [task_scheduler.cpp:367] [mgpu-audit] pipeline_task dispatched to GPU 3 task_id=19
[2026-07-01 14:54:11.509] [info] [task_scheduler.cpp:369] [locality-audit] dispatch task_id=19 preferred_device=3 actual_gpu=3
[2026-07-01 14:54:11.509] [info] [gpu_pipeline_task.cpp:182] [locality-audit] prepare_before pipeline_id=5 task_id=17 preferred_device=1 actual_gpu=1 target_tier=GPU target_device=1 input_bytes=592675520 local_bytes=195557472 remote_gpu_bytes=397118048 host_bytes=0 disk_bytes=0 batch_count=5
[2026-07-01 14:54:11.509] [info] [gpu_pipeline_task.cpp:182] [locality-audit] prepare_before pipeline_id=5 task_id=16 preferred_device=0 actual_gpu=0 target_tier=GPU target_device=0 input_bytes=593820144 local_bytes=132642288 remote_gpu_bytes=461177856 host_bytes=0 disk_bytes=0 batch_count=5
[2026-07-01 14:54:11.509] [info] [gpu_pipeline_task.cpp:182] [locality-audit] prepare_before pipeline_id=5 task_id=18 preferred_device=2 actual_gpu=2 target_tier=GPU target_device=2 input_bytes=593378704 local_bytes=132531312 remote_gpu_bytes=460847392 host_bytes=0 disk_bytes=0 batch_count=5
[2026-07-01 14:54:11.509] [info] [gpu_pipeline_task.cpp:182] [locality-audit] prepare_before pipeline_id=5 task_id=19 preferred_device=3 actual_gpu=0 target_tier=GPU target_device=3 input_bytes=594243440 local_bytes=132742848 remote_gpu_bytes=461500592 host_bytes=0 disk_bytes=0 batch_count=5
[2026-07-01 14:54:11.516] [error] [sirius_physical_operator.cpp:103] pipelineable_operator_data: Unknown error at batch 14 preparing for processing, state: 0: CUDA error at: /home/dy1013/sirius_multi-gpu/cucascade/src/data/representation_converter.cpp:703: cudaErrorInvalidValue invalid argument
[2026-07-01 14:54:11.516] [error] [gpu_pipeline_task.cpp:1048] Unknown error in prepare_for_processing for pipeline 5: CUDA error at: /home/dy1013/sirius_multi-gpu/cucascade/src/data/representation_converter.cpp:703: cudaErrorInvalidValue invalid argument
[2026-07-01 14:54:11.516] [error] [gpu_pipeline_executor.cpp:400] GPU Pipeline Executor: Exception during task execution: CUDA error at: /home/dy1013/sirius_multi-gpu/cucascade/src/data/representation_converter.cpp:703: cudaErrorInvalidValue invalid argument
[2026-07-01 14:54:11.519] [error] [sirius_engine.cpp:178] Error executing query: CUDA error at: /home/dy1013/sirius_multi-gpu/cucascade/src/data/representation_converter.cpp:703: cudaErrorInvalidValue invalid argument
[2026-07-01 14:54:11.519] [info] [task_scheduler.cpp:189] task_scheduler: draining after error
[2026-07-01 14:54:11.519] [info] [gpu_pipeline_executor.cpp:118] GPU Pipeline Executor: task queue interrupted, stopping manager loop
[2026-07-01 14:54:11.529] [error] [sirius_physical_operator.cpp:103] pipelineable_operator_data: Unknown error at batch 15 preparing for processing, state: 0: CUDA error at: /home/dy1013/sirius_multi-gpu/cucascade/src/data/representation_converter.cpp:703: cudaErrorInvalidValue invalid argument
[2026-07-01 14:54:11.529] [error] [gpu_pipeline_task.cpp:1048] Unknown error in prepare_for_processing for pipeline 5: CUDA error at: /home/dy1013/sirius_multi-gpu/cucascade/src/data/representation_converter.cpp:703: cudaErrorInvalidValue invalid argument
[2026-07-01 14:54:11.529] [error] [gpu_pipeline_executor.cpp:400] GPU Pipeline Executor: Exception during task execution: CUDA error at: /home/dy1013/sirius_multi-gpu/cucascade/src/data/representation_converter.cpp:703: cudaErrorInvalidValue invalid argument
[2026-07-01 14:54:11.558] [info] [gpu_pipeline_task.cpp:182] [locality-audit] prepare_after pipeline_id=5 task_id=16 preferred_device=0 actual_gpu=0 target_tier=GPU target_device=0 input_bytes=593820144 local_bytes=593820144 remote_gpu_bytes=0 host_bytes=0 disk_bytes=0 batch_count=5
[2026-07-01 14:54:11.563] [info] [gpu_pipeline_task.cpp:311] [stage-audit] pipeline_id=5 task_id=16 operator_id=21 operator_name=CONCAT stage_kind=CONCAT operator_type=83 input_type=PARTITIONED output_type=PARTITIONED actual_gpu=0 pipeline_operator_count=1 input_batches=5 input_rows=37113759 input_columns=10 input_bytes=593820144 output_batches=1 output_rows=37113759 output_columns=2 output_bytes=593820144 byte_ratio=1.000000 row_ratio=1.000000 duration_us=4908
[2026-07-01 14:54:11.564] [info] [gpu_pipeline_task.cpp:182] [locality-audit] prepare_after pipeline_id=5 task_id=19 preferred_device=3 actual_gpu=0 target_tier=GPU target_device=3 input_bytes=594243440 local_bytes=594243440 remote_gpu_bytes=0 host_bytes=0 disk_bytes=0 batch_count=5
[2026-07-01 14:54:11.567] [info] [gpu_pipeline_task.cpp:311] [stage-audit] pipeline_id=5 task_id=19 operator_id=21 operator_name=CONCAT stage_kind=CONCAT operator_type=83 input_type=PARTITIONED output_type=PARTITIONED actual_gpu=0 pipeline_operator_count=1 input_batches=5 input_rows=37140215 input_columns=10 input_bytes=594243440 output_batches=1 output_rows=37140215 output_columns=2 output_bytes=594243440 byte_ratio=1.000000 row_ratio=1.000000 duration_us=2540
[2026-07-01 14:54:11.567] [info] [gpu_pipeline_executor.cpp:118] GPU Pipeline Executor: task queue interrupted, stopping manager loop
[2026-07-01 14:54:11.567] [info] [gpu_pipeline_executor.cpp:118] GPU Pipeline Executor: task queue interrupted, stopping manager loop
[2026-07-01 14:54:11.567] [info] [gpu_pipeline_executor.cpp:118] GPU Pipeline Executor: task queue interrupted, stopping manager loop
[2026-07-01 14:54:11.567] [info] [task_scheduler.cpp:232] task_scheduler: DONE draining after error
[2026-07-01 14:54:11.568] [error] [sirius_interface.cpp:201] Error in sirius_execute_pending_query_result: CUDA error at: /home/dy1013/sirius_multi-gpu/cucascade/src/data/representation_converter.cpp:703: cudaErrorInvalidValue invalid argument
[2026-07-01 14:54:11.568] [error] [physical_sirius_execution.cpp:156] Transparent GPU execution error: Invalid Error: CUDA error at: /home/dy1013/sirius_multi-gpu/cucascade/src/data/representation_converter.cpp:703: cudaErrorInvalidValue invalid argument
[2026-07-01 14:54:11.583] [info] [sirius_context.cpp:258] QueryEnd
[2026-07-01 14:54:11.608] [warning] [sirius_context.cpp:274] SiriusContext::QueryEnd: operator 10 port 'build' still had 4 un-consumed data batch(es) (memory leak).
[2026-07-01 14:54:11.608] [warning] [sirius_context.cpp:274] SiriusContext::QueryEnd: operator 10 port 'default' still had 2 un-consumed data batch(es) (memory leak).
[2026-07-01 14:54:11.608] [info] [:] [host_pool] HOST:0 QueryEnd allocated=5242880 bytes peak=139460608 bytes free_blocks=507
[2026-07-01 14:54:11.608] [info] [:] [gpu_pool] GPU:0 QueryEnd allocated=0 bytes peak=4766715904 bytes reserved=0 bytes
[2026-07-01 14:54:11.608] [info] [:] [gpu_pool] GPU:1 QueryEnd allocated=0 bytes peak=4773400064 bytes reserved=0 bytes
[2026-07-01 14:54:11.608] [info] [:] [gpu_pool] GPU:2 QueryEnd allocated=0 bytes peak=4766784768 bytes reserved=0 bytes
[2026-07-01 14:54:11.608] [info] [:] [gpu_pool] GPU:3 QueryEnd allocated=0 bytes peak=6958072064 bytes reserved=0 bytes
[2026-07-01 14:54:11.608] [info] [sirius_context.cpp:1013] Connection closed.
[2026-07-01 14:54:11.618] [info] [task_scheduler.cpp:295] Task request channel closed, exiting management event loop.
[2026-07-01 14:54:11.618] [info] [gpu_pipeline_executor.cpp:118] GPU Pipeline Executor: task queue interrupted, stopping manager loop
[2026-07-01 14:54:11.618] [info] [gpu_pipeline_executor.cpp:118] GPU Pipeline Executor: task queue interrupted, stopping manager loop
[2026-07-01 14:54:11.619] [info] [gpu_pipeline_executor.cpp:118] GPU Pipeline Executor: task queue interrupted, stopping manager loop
[2026-07-01 14:54:11.619] [info] [gpu_pipeline_executor.cpp:118] GPU Pipeline Executor: task queue interrupted, stopping manager loop
