[2026-07-07 08:36:02.218] [warning] [sirius_config.cpp:459] sirius_config: use_sirius_datasource was false but 2 GPUs are configured; the sirius datasource is required for multi-GPU IO routing. Overriding use_sirius_datasource to true.
[2026-07-07 08:36:02.218] [info] [sirius_context.cpp:1046] Loaded Sirius configuration from file: /home/dy1013/sirius_multi-gpu/experiment/filter_reuse_runs/filter_pairs_single_mask_20260707/configs/sirius_2gpu.yaml
[2026-07-07 08:36:02.223] [info] [telemetry_context.cpp:67] Telemetry context initialized (engine=siriusDB)
[2026-07-07 08:36:02.223] [info] [sirius_context.cpp:337] SiriusContext: topology summary — 2 GPU(s), 1 NUMA node(s), host='hicys76'
[2026-07-07 08:36:02.223] [info] [sirius_context.cpp:342]   GPU 0: NVIDIA RTX A5000 (numa=0, pci=00000000:16:00.0)
[2026-07-07 08:36:02.223] [info] [sirius_context.cpp:342]   GPU 1: NVIDIA RTX A5000 (numa=0, pci=00000000:34:00.0)
[2026-07-07 08:36:02.387] [warning] [sirius_context.cpp:352] SiriusContext: disk memory space is not configured; spilling GPU or HOST data to disk is disabled. If queries run out of GPU/HOST memory, downgrades to disk will not be possible.
[2026-07-07 08:36:02.387] [info] [sirius_context.cpp:364] SiriusContext: 1 host memory space(s) created for 1 NUMA node(s)
[2026-07-07 08:36:02.389] [info] [sirius_context.cpp:417] SiriusContext: P2P enabled 0 -> 1
[2026-07-07 08:36:02.389] [info] [sirius_context.cpp:417] SiriusContext: P2P enabled 1 -> 0
[2026-07-07 08:36:02.406] [info] [sirius_context.cpp:477] SiriusContext: cuDF pinned memory resource configured (NUMA-aware, max slab 8192 B, fallback node=0)
[2026-07-07 08:36:02.569] [info] [sirius_context.cpp:1007] Connection opened.
[2026-07-07 08:36:02.569] [info] [sirius_context.cpp:1020] Extension loaded: sirius
[2026-07-07 08:36:02.569] [info] [sirius_context.cpp:258] QueryEnd
[2026-07-07 08:36:02.578] [info] [:] [host_pool] HOST:0 QueryEnd allocated=0 bytes peak=0 bytes free_blocks=512
[2026-07-07 08:36:02.578] [info] [:] [gpu_pool] GPU:0 QueryEnd allocated=0 bytes peak=0 bytes reserved=0 bytes
[2026-07-07 08:36:02.578] [info] [:] [gpu_pool] GPU:1 QueryEnd allocated=0 bytes peak=0 bytes reserved=0 bytes
[2026-07-07 08:36:02.579] [info] [:] [host_pool] HOST:0 QueryBegin allocated=0 bytes peak=0 bytes free_blocks=512
[2026-07-07 08:36:02.579] [info] [:] [gpu_pool] GPU:0 QueryBegin allocated=0 bytes peak=0 bytes reserved=0 bytes
[2026-07-07 08:36:02.579] [info] [:] [gpu_pool] GPU:1 QueryBegin allocated=0 bytes peak=0 bytes reserved=0 bytes
[2026-07-07 08:36:02.579] [info] [sirius_context.cpp:242] QueryBegin: SQL: CALL pin_table('/mnt/nvme/dataset/lineitem*.parquet', tier='gpu', name='lineitem', cols=['l_discount','l_quantity','l_shipdate'])
[2026-07-07 08:36:03.388] [info] [sirius_extension.cpp:1060] [fixed-page-cache] pin_table chunk_rr name='lineitem' chunk=0 rows=26227635 source_gpu=0 target_gpu=0
[2026-07-07 08:36:03.519] [info] [sirius_extension.cpp:1049] [fixed-page-cache] pin_table chunk_rr name='lineitem' chunk=1 rows=26292850 source_gpu=0 target_gpu=1
[2026-07-07 08:36:03.544] [info] [sirius_context.cpp:258] QueryEnd
[2026-07-07 08:36:03.567] [info] [:] [host_pool] HOST:0 QueryEnd allocated=1048576 bytes peak=1048576 bytes free_blocks=511
[2026-07-07 08:36:03.567] [info] [:] [gpu_pool] GPU:0 QueryEnd allocated=0 bytes peak=2780004608 bytes reserved=0 bytes
[2026-07-07 08:36:03.567] [info] [:] [gpu_pool] GPU:1 QueryEnd allocated=0 bytes peak=535717632 bytes reserved=0 bytes
[2026-07-07 08:36:03.568] [info] [:] [host_pool] HOST:0 QueryBegin allocated=1048576 bytes peak=1048576 bytes free_blocks=511
[2026-07-07 08:36:03.568] [info] [:] [gpu_pool] GPU:0 QueryBegin allocated=0 bytes peak=2780004608 bytes reserved=0 bytes
[2026-07-07 08:36:03.568] [info] [:] [gpu_pool] GPU:1 QueryBegin allocated=0 bytes peak=535717632 bytes reserved=0 bytes
[2026-07-07 08:36:03.568] [info] [sirius_context.cpp:242] QueryBegin: SQL: CALL unpin_table('lineitem')
[2026-07-07 08:36:03.569] [info] [sirius_context.cpp:258] QueryEnd
[2026-07-07 08:36:03.598] [info] [:] [host_pool] HOST:0 QueryEnd allocated=1048576 bytes peak=1048576 bytes free_blocks=511
[2026-07-07 08:36:03.598] [info] [:] [gpu_pool] GPU:0 QueryEnd allocated=0 bytes peak=2780004608 bytes reserved=0 bytes
[2026-07-07 08:36:03.598] [info] [:] [gpu_pool] GPU:1 QueryEnd allocated=0 bytes peak=535717632 bytes reserved=0 bytes
[2026-07-07 08:36:03.598] [info] [sirius_context.cpp:1013] Connection closed.
[2026-07-07 08:36:03.609] [info] [task_scheduler.cpp:295] Task request channel closed, exiting management event loop.
[2026-07-07 08:36:03.609] [info] [gpu_pipeline_executor.cpp:118] GPU Pipeline Executor: task queue interrupted, stopping manager loop
[2026-07-07 08:36:03.609] [info] [gpu_pipeline_executor.cpp:118] GPU Pipeline Executor: task queue interrupted, stopping manager loop
[2026-07-07 08:36:03.640] [warning] [:] uring_reactor: cudaFreeHost failed: an illegal memory access was encountered
[2026-07-07 08:36:03.640] [warning] [:] uring_reactor: cudaFreeHost failed: an illegal memory access was encountered
[2026-07-07 08:36:03.640] [warning] [:] uring_reactor: cudaFreeHost failed: an illegal memory access was encountered
[2026-07-07 08:36:03.640] [warning] [:] uring_reactor: cudaFreeHost failed: an illegal memory access was encountered
[2026-07-07 08:36:03.640] [warning] [:] uring_reactor: cudaFreeHost failed: an illegal memory access was encountered
[2026-07-07 08:36:03.640] [warning] [:] uring_reactor: cudaFreeHost failed: an illegal memory access was encountered
[2026-07-07 08:36:03.640] [warning] [:] uring_reactor: cudaFreeHost failed: an illegal memory access was encountered
[2026-07-07 08:36:03.640] [warning] [:] uring_reactor: cudaFreeHost failed: an illegal memory access was encountered
[2026-07-07 08:36:03.640] [warning] [:] uring_reactor: cudaFreeHost failed: an illegal memory access was encountered
[2026-07-07 08:36:03.640] [warning] [:] uring_reactor: cudaFreeHost failed: an illegal memory access was encountered
[2026-07-07 08:36:03.640] [warning] [:] uring_reactor: cudaFreeHost failed: an illegal memory access was encountered
[2026-07-07 08:36:03.640] [warning] [:] uring_reactor: cudaFreeHost failed: an illegal memory access was encountered
[2026-07-07 08:36:03.640] [warning] [:] uring_reactor: cudaFreeHost failed: an illegal memory access was encountered
[2026-07-07 08:36:03.640] [warning] [:] uring_reactor: cudaFreeHost failed: an illegal memory access was encountered
[2026-07-07 08:36:03.640] [warning] [:] uring_reactor: cudaFreeHost failed: an illegal memory access was encountered
[2026-07-07 08:36:03.640] [warning] [:] uring_reactor: cudaFreeHost failed: an illegal memory access was encountered
[2026-07-07 08:36:03.640] [warning] [:] uring_reactor: cudaFreeHost failed: an illegal memory access was encountered
[2026-07-07 08:36:03.640] [warning] [:] uring_reactor: cudaFreeHost failed: an illegal memory access was encountered
[2026-07-07 08:36:03.640] [warning] [:] uring_reactor: cudaFreeHost failed: an illegal memory access was encountered
[2026-07-07 08:36:03.640] [warning] [:] uring_reactor: cudaFreeHost failed: an illegal memory access was encountered
[2026-07-07 08:36:03.640] [warning] [:] uring_reactor: cudaFreeHost failed: an illegal memory access was encountered
[2026-07-07 08:36:03.640] [warning] [:] uring_reactor: cudaFreeHost failed: an illegal memory access was encountered
[2026-07-07 08:36:03.640] [warning] [:] uring_reactor: cudaFreeHost failed: an illegal memory access was encountered
[2026-07-07 08:36:03.640] [warning] [:] uring_reactor: cudaFreeHost failed: an illegal memory access was encountered
[2026-07-07 08:36:03.640] [warning] [:] uring_reactor: cudaFreeHost failed: an illegal memory access was encountered
[2026-07-07 08:36:03.640] [warning] [:] uring_reactor: cudaFreeHost failed: an illegal memory access was encountered
[2026-07-07 08:36:03.640] [warning] [:] uring_reactor: cudaFreeHost failed: an illegal memory access was encountered
[2026-07-07 08:36:03.640] [warning] [:] uring_reactor: cudaFreeHost failed: an illegal memory access was encountered
[2026-07-07 08:36:03.640] [warning] [:] uring_reactor: cudaFreeHost failed: an illegal memory access was encountered
[2026-07-07 08:36:03.640] [warning] [:] uring_reactor: cudaFreeHost failed: an illegal memory access was encountered
[2026-07-07 08:36:03.640] [warning] [:] uring_reactor: cudaFreeHost failed: an illegal memory access was encountered
[2026-07-07 08:36:03.640] [warning] [:] uring_reactor: cudaFreeHost failed: an illegal memory access was encountered
[2026-07-07 08:36:03.640] [warning] [:] uring_reactor: cudaFreeHost failed: an illegal memory access was encountered
[2026-07-07 08:36:03.640] [warning] [:] uring_reactor: cudaFreeHost failed: an illegal memory access was encountered
[2026-07-07 08:36:03.640] [warning] [:] uring_reactor: cudaFreeHost failed: an illegal memory access was encountered
[2026-07-07 08:36:03.640] [warning] [:] uring_reactor: cudaFreeHost failed: an illegal memory access was encountered
[2026-07-07 08:36:03.640] [warning] [:] uring_reactor: cudaFreeHost failed: an illegal memory access was encountered
[2026-07-07 08:36:03.640] [warning] [:] uring_reactor: cudaFreeHost failed: an illegal memory access was encountered
[2026-07-07 08:36:03.640] [warning] [:] uring_reactor: cudaFreeHost failed: an illegal memory access was encountered
[2026-07-07 08:36:03.640] [warning] [:] uring_reactor: cudaFreeHost failed: an illegal memory access was encountered
[2026-07-07 08:36:03.640] [warning] [:] uring_reactor: cudaFreeHost failed: an illegal memory access was encountered
[2026-07-07 08:36:03.640] [warning] [:] uring_reactor: cudaFreeHost failed: an illegal memory access was encountered
[2026-07-07 08:36:03.640] [warning] [:] uring_reactor: cudaFreeHost failed: an illegal memory access was encountered
[2026-07-07 08:36:03.640] [warning] [:] uring_reactor: cudaFreeHost failed: an illegal memory access was encountered
[2026-07-07 08:36:03.640] [warning] [:] uring_reactor: cudaFreeHost failed: an illegal memory access was encountered
[2026-07-07 08:36:03.640] [warning] [:] uring_reactor: cudaFreeHost failed: an illegal memory access was encountered
[2026-07-07 08:36:03.640] [warning] [:] uring_reactor: cudaFreeHost failed: an illegal memory access was encountered
[2026-07-07 08:36:03.640] [warning] [:] uring_reactor: cudaFreeHost failed: an illegal memory access was encountered
[2026-07-07 08:36:03.640] [warning] [:] uring_reactor: cudaFreeHost failed: an illegal memory access was encountered
[2026-07-07 08:36:03.640] [warning] [:] uring_reactor: cudaFreeHost failed: an illegal memory access was encountered
[2026-07-07 08:36:03.640] [warning] [:] uring_reactor: cudaFreeHost failed: an illegal memory access was encountered
[2026-07-07 08:36:03.640] [warning] [:] uring_reactor: cudaFreeHost failed: an illegal memory access was encountered
[2026-07-07 08:36:03.640] [warning] [:] uring_reactor: cudaFreeHost failed: an illegal memory access was encountered
[2026-07-07 08:36:03.640] [warning] [:] uring_reactor: cudaFreeHost failed: an illegal memory access was encountered
[2026-07-07 08:36:03.640] [warning] [:] uring_reactor: cudaFreeHost failed: an illegal memory access was encountered
[2026-07-07 08:36:03.640] [warning] [:] uring_reactor: cudaFreeHost failed: an illegal memory access was encountered
[2026-07-07 08:36:03.640] [warning] [:] uring_reactor: cudaFreeHost failed: an illegal memory access was encountered
[2026-07-07 08:36:03.640] [warning] [:] uring_reactor: cudaFreeHost failed: an illegal memory access was encountered
[2026-07-07 08:36:03.640] [warning] [:] uring_reactor: cudaFreeHost failed: an illegal memory access was encountered
[2026-07-07 08:36:03.640] [warning] [:] uring_reactor: cudaFreeHost failed: an illegal memory access was encountered
[2026-07-07 08:36:03.640] [warning] [:] uring_reactor: cudaFreeHost failed: an illegal memory access was encountered
[2026-07-07 08:36:03.640] [warning] [:] uring_reactor: cudaFreeHost failed: an illegal memory access was encountered
[2026-07-07 08:36:03.640] [warning] [:] uring_reactor: cudaFreeHost failed: an illegal memory access was encountered
[2026-07-07 08:36:03.640] [warning] [:] uring_reactor: cudaFreeHost failed: an illegal memory access was encountered
[2026-07-07 08:36:03.640] [warning] [:] uring_reactor: cudaFreeHost failed: an illegal memory access was encountered
[2026-07-07 08:36:03.640] [warning] [:] uring_reactor: cudaFreeHost failed: an illegal memory access was encountered
[2026-07-07 08:36:03.640] [warning] [:] uring_reactor: cudaFreeHost failed: an illegal memory access was encountered
[2026-07-07 08:36:03.640] [warning] [:] uring_reactor: cudaFreeHost failed: an illegal memory access was encountered
[2026-07-07 08:36:03.640] [warning] [:] uring_reactor: cudaFreeHost failed: an illegal memory access was encountered
[2026-07-07 08:36:03.640] [warning] [:] uring_reactor: cudaFreeHost failed: an illegal memory access was encountered
[2026-07-07 08:36:03.640] [warning] [:] uring_reactor: cudaFreeHost failed: an illegal memory access was encountered
[2026-07-07 08:36:03.640] [warning] [:] uring_reactor: cudaFreeHost failed: an illegal memory access was encountered
[2026-07-07 08:36:03.640] [warning] [:] uring_reactor: cudaFreeHost failed: an illegal memory access was encountered
[2026-07-07 08:36:03.640] [warning] [:] uring_reactor: cudaFreeHost failed: an illegal memory access was encountered
[2026-07-07 08:36:03.640] [warning] [:] uring_reactor: cudaFreeHost failed: an illegal memory access was encountered
[2026-07-07 08:36:03.640] [warning] [:] uring_reactor: cudaFreeHost failed: an illegal memory access was encountered
[2026-07-07 08:36:03.640] [warning] [:] uring_reactor: cudaFreeHost failed: an illegal memory access was encountered
[2026-07-07 08:36:03.640] [warning] [:] uring_reactor: cudaFreeHost failed: an illegal memory access was encountered
[2026-07-07 08:36:03.640] [warning] [:] uring_reactor: cudaFreeHost failed: an illegal memory access was encountered
[2026-07-07 08:36:03.640] [warning] [:] uring_reactor: cudaFreeHost failed: an illegal memory access was encountered
[2026-07-07 08:36:03.640] [warning] [:] uring_reactor: cudaFreeHost failed: an illegal memory access was encountered
[2026-07-07 08:36:03.640] [warning] [:] uring_reactor: cudaFreeHost failed: an illegal memory access was encountered
[2026-07-07 08:36:03.640] [warning] [:] uring_reactor: cudaFreeHost failed: an illegal memory access was encountered
[2026-07-07 08:36:03.640] [warning] [:] uring_reactor: cudaFreeHost failed: an illegal memory access was encountered
[2026-07-07 08:36:03.640] [warning] [:] uring_reactor: cudaFreeHost failed: an illegal memory access was encountered
[2026-07-07 08:36:03.640] [warning] [:] uring_reactor: cudaFreeHost failed: an illegal memory access was encountered
[2026-07-07 08:36:03.640] [warning] [:] uring_reactor: cudaFreeHost failed: an illegal memory access was encountered
[2026-07-07 08:36:03.640] [warning] [:] uring_reactor: cudaFreeHost failed: an illegal memory access was encountered
[2026-07-07 08:36:03.640] [warning] [:] uring_reactor: cudaFreeHost failed: an illegal memory access was encountered
[2026-07-07 08:36:03.640] [warning] [:] uring_reactor: cudaFreeHost failed: an illegal memory access was encountered
[2026-07-07 08:36:03.640] [warning] [:] uring_reactor: cudaFreeHost failed: an illegal memory access was encountered
[2026-07-07 08:36:03.640] [warning] [:] uring_reactor: cudaFreeHost failed: an illegal memory access was encountered
[2026-07-07 08:36:03.640] [warning] [:] uring_reactor: cudaFreeHost failed: an illegal memory access was encountered
[2026-07-07 08:36:03.640] [warning] [:] uring_reactor: cudaFreeHost failed: an illegal memory access was encountered
[2026-07-07 08:36:03.640] [warning] [:] uring_reactor: cudaFreeHost failed: an illegal memory access was encountered
[2026-07-07 08:36:03.640] [warning] [:] uring_reactor: cudaFreeHost failed: an illegal memory access was encountered
[2026-07-07 08:36:03.640] [warning] [:] uring_reactor: cudaFreeHost failed: an illegal memory access was encountered
[2026-07-07 08:36:03.640] [warning] [:] uring_reactor: cudaFreeHost failed: an illegal memory access was encountered
[2026-07-07 08:36:03.640] [warning] [:] uring_reactor: cudaFreeHost failed: an illegal memory access was encountered
[2026-07-07 08:36:03.640] [warning] [:] uring_reactor: cudaFreeHost failed: an illegal memory access was encountered
[2026-07-07 08:36:03.640] [warning] [:] uring_reactor: cudaFreeHost failed: an illegal memory access was encountered
[2026-07-07 08:36:03.640] [warning] [:] uring_reactor: cudaFreeHost failed: an illegal memory access was encountered
[2026-07-07 08:36:03.640] [warning] [:] uring_reactor: cudaFreeHost failed: an illegal memory access was encountered
[2026-07-07 08:36:03.640] [warning] [:] uring_reactor: cudaFreeHost failed: an illegal memory access was encountered
[2026-07-07 08:36:03.640] [warning] [:] uring_reactor: cudaFreeHost failed: an illegal memory access was encountered
[2026-07-07 08:36:03.640] [warning] [:] uring_reactor: cudaFreeHost failed: an illegal memory access was encountered
[2026-07-07 08:36:03.640] [warning] [:] uring_reactor: cudaFreeHost failed: an illegal memory access was encountered
[2026-07-07 08:36:03.640] [warning] [:] uring_reactor: cudaFreeHost failed: an illegal memory access was encountered
[2026-07-07 08:36:03.640] [warning] [:] uring_reactor: cudaFreeHost failed: an illegal memory access was encountered
[2026-07-07 08:36:03.640] [warning] [:] uring_reactor: cudaFreeHost failed: an illegal memory access was encountered
[2026-07-07 08:36:03.640] [warning] [:] uring_reactor: cudaFreeHost failed: an illegal memory access was encountered
[2026-07-07 08:36:03.640] [warning] [:] uring_reactor: cudaFreeHost failed: an illegal memory access was encountered
[2026-07-07 08:36:03.640] [warning] [:] uring_reactor: cudaFreeHost failed: an illegal memory access was encountered
[2026-07-07 08:36:03.640] [warning] [:] uring_reactor: cudaFreeHost failed: an illegal memory access was encountered
[2026-07-07 08:36:03.640] [warning] [:] uring_reactor: cudaFreeHost failed: an illegal memory access was encountered
[2026-07-07 08:36:03.640] [warning] [:] uring_reactor: cudaFreeHost failed: an illegal memory access was encountered
[2026-07-07 08:36:03.640] [warning] [:] uring_reactor: cudaFreeHost failed: an illegal memory access was encountered
[2026-07-07 08:36:03.640] [warning] [:] uring_reactor: cudaFreeHost failed: an illegal memory access was encountered
[2026-07-07 08:36:03.640] [warning] [:] uring_reactor: cudaFreeHost failed: an illegal memory access was encountered
[2026-07-07 08:36:03.640] [warning] [:] uring_reactor: cudaFreeHost failed: an illegal memory access was encountered
[2026-07-07 08:36:03.640] [warning] [:] uring_reactor: cudaFreeHost failed: an illegal memory access was encountered
[2026-07-07 08:36:03.640] [warning] [:] uring_reactor: cudaFreeHost failed: an illegal memory access was encountered
[2026-07-07 08:36:03.640] [warning] [:] uring_reactor: cudaFreeHost failed: an illegal memory access was encountered
[2026-07-07 08:36:03.640] [warning] [:] uring_reactor: cudaFreeHost failed: an illegal memory access was encountered
[2026-07-07 08:36:03.640] [warning] [:] uring_reactor: cudaFreeHost failed: an illegal memory access was encountered
[2026-07-07 08:36:03.640] [warning] [:] uring_reactor: cudaFreeHost failed: an illegal memory access was encountered
[2026-07-07 08:36:03.640] [warning] [:] uring_reactor: cudaFreeHost failed: an illegal memory access was encountered
[2026-07-07 08:36:03.640] [warning] [:] uring_reactor: cudaFreeHost failed: an illegal memory access was encountered
[2026-07-07 08:36:03.640] [warning] [:] uring_reactor: cudaFreeHost failed: an illegal memory access was encountered
[2026-07-07 08:36:03.640] [warning] [:] uring_reactor: cudaFreeHost failed: an illegal memory access was encountered
[2026-07-07 08:36:03.640] [warning] [:] uring_reactor: cudaFreeHost failed: an illegal memory access was encountered
[2026-07-07 08:36:03.640] [warning] [:] uring_reactor: cudaFreeHost failed: an illegal memory access was encountered
[2026-07-07 08:36:03.640] [warning] [:] uring_reactor: cudaFreeHost failed: an illegal memory access was encountered
[2026-07-07 08:36:03.640] [warning] [:] uring_reactor: cudaFreeHost failed: an illegal memory access was encountered
[2026-07-07 08:36:03.640] [warning] [:] uring_reactor: cudaFreeHost failed: an illegal memory access was encountered
[2026-07-07 08:36:03.640] [warning] [:] uring_reactor: cudaFreeHost failed: an illegal memory access was encountered
[2026-07-07 08:36:03.640] [warning] [:] uring_reactor: cudaFreeHost failed: an illegal memory access was encountered
[2026-07-07 08:36:03.640] [warning] [:] uring_reactor: cudaFreeHost failed: an illegal memory access was encountered
[2026-07-07 08:36:03.640] [warning] [:] uring_reactor: cudaFreeHost failed: an illegal memory access was encountered
[2026-07-07 08:36:03.640] [warning] [:] uring_reactor: cudaFreeHost failed: an illegal memory access was encountered
[2026-07-07 08:36:03.640] [warning] [:] uring_reactor: cudaFreeHost failed: an illegal memory access was encountered
[2026-07-07 08:36:03.640] [warning] [:] uring_reactor: cudaFreeHost failed: an illegal memory access was encountered
[2026-07-07 08:36:03.640] [warning] [:] uring_reactor: cudaFreeHost failed: an illegal memory access was encountered
[2026-07-07 08:36:03.640] [warning] [:] uring_reactor: cudaFreeHost failed: an illegal memory access was encountered
[2026-07-07 08:36:03.640] [warning] [:] uring_reactor: cudaFreeHost failed: an illegal memory access was encountered
[2026-07-07 08:36:03.640] [warning] [:] uring_reactor: cudaFreeHost failed: an illegal memory access was encountered
[2026-07-07 08:36:03.640] [warning] [:] uring_reactor: cudaFreeHost failed: an illegal memory access was encountered
[2026-07-07 08:36:03.640] [warning] [:] uring_reactor: cudaFreeHost failed: an illegal memory access was encountered
[2026-07-07 08:36:03.640] [warning] [:] uring_reactor: cudaFreeHost failed: an illegal memory access was encountered
[2026-07-07 08:36:03.640] [warning] [:] uring_reactor: cudaFreeHost failed: an illegal memory access was encountered
[2026-07-07 08:36:03.640] [warning] [:] uring_reactor: cudaFreeHost failed: an illegal memory access was encountered
[2026-07-07 08:36:03.640] [warning] [:] uring_reactor: cudaFreeHost failed: an illegal memory access was encountered
[2026-07-07 08:36:03.640] [warning] [:] uring_reactor: cudaFreeHost failed: an illegal memory access was encountered
[2026-07-07 08:36:03.640] [warning] [:] uring_reactor: cudaFreeHost failed: an illegal memory access was encountered
[2026-07-07 08:36:03.640] [warning] [:] uring_reactor: cudaFreeHost failed: an illegal memory access was encountered
[2026-07-07 08:36:03.640] [warning] [:] uring_reactor: cudaFreeHost failed: an illegal memory access was encountered
[2026-07-07 08:36:03.640] [warning] [:] uring_reactor: cudaFreeHost failed: an illegal memory access was encountered
[2026-07-07 08:36:03.640] [warning] [:] uring_reactor: cudaFreeHost failed: an illegal memory access was encountered
[2026-07-07 08:36:03.640] [warning] [:] uring_reactor: cudaFreeHost failed: an illegal memory access was encountered
[2026-07-07 08:36:03.640] [warning] [:] uring_reactor: cudaFreeHost failed: an illegal memory access was encountered
[2026-07-07 08:36:03.640] [warning] [:] uring_reactor: cudaFreeHost failed: an illegal memory access was encountered
[2026-07-07 08:36:03.640] [warning] [:] uring_reactor: cudaFreeHost failed: an illegal memory access was encountered
[2026-07-07 08:36:03.640] [warning] [:] uring_reactor: cudaFreeHost failed: an illegal memory access was encountered
[2026-07-07 08:36:03.640] [warning] [:] uring_reactor: cudaFreeHost failed: an illegal memory access was encountered
[2026-07-07 08:36:03.640] [warning] [:] uring_reactor: cudaFreeHost failed: an illegal memory access was encountered
[2026-07-07 08:36:03.640] [warning] [:] uring_reactor: cudaFreeHost failed: an illegal memory access was encountered
[2026-07-07 08:36:03.640] [warning] [:] uring_reactor: cudaFreeHost failed: an illegal memory access was encountered
[2026-07-07 08:36:03.640] [warning] [:] uring_reactor: cudaFreeHost failed: an illegal memory access was encountered
[2026-07-07 08:36:03.640] [warning] [:] uring_reactor: cudaFreeHost failed: an illegal memory access was encountered
[2026-07-07 08:36:03.640] [warning] [:] uring_reactor: cudaFreeHost failed: an illegal memory access was encountered
[2026-07-07 08:36:03.640] [warning] [:] uring_reactor: cudaFreeHost failed: an illegal memory access was encountered
[2026-07-07 08:36:03.640] [warning] [:] uring_reactor: cudaFreeHost failed: an illegal memory access was encountered
[2026-07-07 08:36:03.640] [warning] [:] uring_reactor: cudaFreeHost failed: an illegal memory access was encountered
[2026-07-07 08:36:03.640] [warning] [:] uring_reactor: cudaFreeHost failed: an illegal memory access was encountered
[2026-07-07 08:36:03.640] [warning] [:] uring_reactor: cudaFreeHost failed: an illegal memory access was encountered
[2026-07-07 08:36:03.640] [warning] [:] uring_reactor: cudaFreeHost failed: an illegal memory access was encountered
[2026-07-07 08:36:03.640] [warning] [:] uring_reactor: cudaFreeHost failed: an illegal memory access was encountered
[2026-07-07 08:36:03.640] [warning] [:] uring_reactor: cudaFreeHost failed: an illegal memory access was encountered
[2026-07-07 08:36:03.640] [warning] [:] uring_reactor: cudaFreeHost failed: an illegal memory access was encountered
[2026-07-07 08:36:03.640] [warning] [:] uring_reactor: cudaFreeHost failed: an illegal memory access was encountered
[2026-07-07 08:36:03.640] [warning] [:] uring_reactor: cudaFreeHost failed: an illegal memory access was encountered
[2026-07-07 08:36:03.640] [warning] [:] uring_reactor: cudaFreeHost failed: an illegal memory access was encountered
[2026-07-07 08:36:03.640] [warning] [:] uring_reactor: cudaFreeHost failed: an illegal memory access was encountered
[2026-07-07 08:36:03.640] [warning] [:] uring_reactor: cudaFreeHost failed: an illegal memory access was encountered
[2026-07-07 08:36:03.640] [warning] [:] uring_reactor: cudaFreeHost failed: an illegal memory access was encountered
[2026-07-07 08:36:03.640] [warning] [:] uring_reactor: cudaFreeHost failed: an illegal memory access was encountered
[2026-07-07 08:36:03.640] [warning] [:] uring_reactor: cudaFreeHost failed: an illegal memory access was encountered
[2026-07-07 08:36:03.640] [warning] [:] uring_reactor: cudaFreeHost failed: an illegal memory access was encountered
[2026-07-07 08:36:03.640] [warning] [:] uring_reactor: cudaFreeHost failed: an illegal memory access was encountered
[2026-07-07 08:36:03.640] [warning] [:] uring_reactor: cudaFreeHost failed: an illegal memory access was encountered
[2026-07-07 08:36:03.640] [warning] [:] uring_reactor: cudaFreeHost failed: an illegal memory access was encountered
[2026-07-07 08:36:03.640] [warning] [:] uring_reactor: cudaFreeHost failed: an illegal memory access was encountered
[2026-07-07 08:36:03.640] [warning] [:] uring_reactor: cudaFreeHost failed: an illegal memory access was encountered
[2026-07-07 08:36:03.640] [warning] [:] uring_reactor: cudaFreeHost failed: an illegal memory access was encountered
[2026-07-07 08:36:03.640] [warning] [:] uring_reactor: cudaFreeHost failed: an illegal memory access was encountered
[2026-07-07 08:36:03.640] [warning] [:] uring_reactor: cudaFreeHost failed: an illegal memory access was encountered
[2026-07-07 08:36:03.640] [warning] [:] uring_reactor: cudaFreeHost failed: an illegal memory access was encountered
[2026-07-07 08:36:03.640] [warning] [:] uring_reactor: cudaFreeHost failed: an illegal memory access was encountered
[2026-07-07 08:36:03.640] [warning] [:] uring_reactor: cudaFreeHost failed: an illegal memory access was encountered
[2026-07-07 08:36:03.640] [warning] [:] uring_reactor: cudaFreeHost failed: an illegal memory access was encountered
[2026-07-07 08:36:03.640] [warning] [:] uring_reactor: cudaFreeHost failed: an illegal memory access was encountered
[2026-07-07 08:36:03.640] [warning] [:] uring_reactor: cudaFreeHost failed: an illegal memory access was encountered
[2026-07-07 08:36:03.640] [warning] [:] uring_reactor: cudaFreeHost failed: an illegal memory access was encountered
[2026-07-07 08:36:03.640] [warning] [:] uring_reactor: cudaFreeHost failed: an illegal memory access was encountered
[2026-07-07 08:36:03.640] [warning] [:] uring_reactor: cudaFreeHost failed: an illegal memory access was encountered
[2026-07-07 08:36:03.640] [warning] [:] uring_reactor: cudaFreeHost failed: an illegal memory access was encountered
[2026-07-07 08:36:03.640] [warning] [:] uring_reactor: cudaFreeHost failed: an illegal memory access was encountered
[2026-07-07 08:36:03.640] [warning] [:] uring_reactor: cudaFreeHost failed: an illegal memory access was encountered
[2026-07-07 08:36:03.640] [warning] [:] uring_reactor: cudaFreeHost failed: an illegal memory access was encountered
[2026-07-07 08:36:03.640] [warning] [:] uring_reactor: cudaFreeHost failed: an illegal memory access was encountered
[2026-07-07 08:36:03.640] [warning] [:] uring_reactor: cudaFreeHost failed: an illegal memory access was encountered
[2026-07-07 08:36:03.640] [warning] [:] uring_reactor: cudaFreeHost failed: an illegal memory access was encountered
[2026-07-07 08:36:03.640] [warning] [:] uring_reactor: cudaFreeHost failed: an illegal memory access was encountered
[2026-07-07 08:36:03.640] [warning] [:] uring_reactor: cudaFreeHost failed: an illegal memory access was encountered
[2026-07-07 08:36:03.640] [warning] [:] uring_reactor: cudaFreeHost failed: an illegal memory access was encountered
[2026-07-07 08:36:03.640] [warning] [:] uring_reactor: cudaFreeHost failed: an illegal memory access was encountered
[2026-07-07 08:36:03.640] [warning] [:] uring_reactor: cudaFreeHost failed: an illegal memory access was encountered
[2026-07-07 08:36:03.640] [warning] [:] uring_reactor: cudaFreeHost failed: an illegal memory access was encountered
[2026-07-07 08:36:03.640] [warning] [:] uring_reactor: cudaFreeHost failed: an illegal memory access was encountered
[2026-07-07 08:36:03.640] [warning] [:] uring_reactor: cudaFreeHost failed: an illegal memory access was encountered
[2026-07-07 08:36:03.640] [warning] [:] uring_reactor: cudaFreeHost failed: an illegal memory access was encountered
[2026-07-07 08:36:03.640] [warning] [:] uring_reactor: cudaFreeHost failed: an illegal memory access was encountered
[2026-07-07 08:36:03.640] [warning] [:] uring_reactor: cudaFreeHost failed: an illegal memory access was encountered
[2026-07-07 08:36:03.640] [warning] [:] uring_reactor: cudaFreeHost failed: an illegal memory access was encountered
[2026-07-07 08:36:03.640] [warning] [:] uring_reactor: cudaFreeHost failed: an illegal memory access was encountered
[2026-07-07 08:36:03.640] [warning] [:] uring_reactor: cudaFreeHost failed: an illegal memory access was encountered
[2026-07-07 08:36:03.640] [warning] [:] uring_reactor: cudaFreeHost failed: an illegal memory access was encountered
[2026-07-07 08:36:03.640] [warning] [:] uring_reactor: cudaFreeHost failed: an illegal memory access was encountered
[2026-07-07 08:36:03.640] [warning] [:] uring_reactor: cudaFreeHost failed: an illegal memory access was encountered
[2026-07-07 08:36:03.640] [warning] [:] uring_reactor: cudaFreeHost failed: an illegal memory access was encountered
[2026-07-07 08:36:03.640] [warning] [:] uring_reactor: cudaFreeHost failed: an illegal memory access was encountered
[2026-07-07 08:36:03.640] [warning] [:] uring_reactor: cudaFreeHost failed: an illegal memory access was encountered
[2026-07-07 08:36:03.640] [warning] [:] uring_reactor: cudaFreeHost failed: an illegal memory access was encountered
[2026-07-07 08:36:03.640] [warning] [:] uring_reactor: cudaFreeHost failed: an illegal memory access was encountered
[2026-07-07 08:36:03.640] [warning] [:] uring_reactor: cudaFreeHost failed: an illegal memory access was encountered
[2026-07-07 08:36:03.640] [warning] [:] uring_reactor: cudaFreeHost failed: an illegal memory access was encountered
[2026-07-07 08:36:03.640] [warning] [:] uring_reactor: cudaFreeHost failed: an illegal memory access was encountered
[2026-07-07 08:36:03.640] [warning] [:] uring_reactor: cudaFreeHost failed: an illegal memory access was encountered
[2026-07-07 08:36:03.640] [warning] [:] uring_reactor: cudaFreeHost failed: an illegal memory access was encountered
[2026-07-07 08:36:03.640] [warning] [:] uring_reactor: cudaFreeHost failed: an illegal memory access was encountered
[2026-07-07 08:36:03.640] [warning] [:] uring_reactor: cudaFreeHost failed: an illegal memory access was encountered
[2026-07-07 08:36:03.640] [warning] [:] uring_reactor: cudaFreeHost failed: an illegal memory access was encountered
[2026-07-07 08:36:03.640] [warning] [:] uring_reactor: cudaFreeHost failed: an illegal memory access was encountered
[2026-07-07 08:36:03.640] [warning] [:] uring_reactor: cudaFreeHost failed: an illegal memory access was encountered
[2026-07-07 08:36:03.640] [warning] [:] uring_reactor: cudaFreeHost failed: an illegal memory access was encountered
[2026-07-07 08:36:03.640] [warning] [:] uring_reactor: cudaFreeHost failed: an illegal memory access was encountered
[2026-07-07 08:36:03.640] [warning] [:] uring_reactor: cudaFreeHost failed: an illegal memory access was encountered
[2026-07-07 08:36:03.640] [warning] [:] uring_reactor: cudaFreeHost failed: an illegal memory access was encountered
[2026-07-07 08:36:03.640] [warning] [:] uring_reactor: cudaFreeHost failed: an illegal memory access was encountered
[2026-07-07 08:36:03.640] [warning] [:] uring_reactor: cudaFreeHost failed: an illegal memory access was encountered
[2026-07-07 08:36:03.640] [warning] [:] uring_reactor: cudaFreeHost failed: an illegal memory access was encountered
[2026-07-07 08:36:03.640] [warning] [:] uring_reactor: cudaFreeHost failed: an illegal memory access was encountered
[2026-07-07 08:36:03.640] [warning] [:] uring_reactor: cudaFreeHost failed: an illegal memory access was encountered
[2026-07-07 08:36:03.640] [warning] [:] uring_reactor: cudaFreeHost failed: an illegal memory access was encountered
[2026-07-07 08:36:03.640] [warning] [:] uring_reactor: cudaFreeHost failed: an illegal memory access was encountered
[2026-07-07 08:36:03.640] [warning] [:] uring_reactor: cudaFreeHost failed: an illegal memory access was encountered
[2026-07-07 08:36:03.640] [warning] [:] uring_reactor: cudaFreeHost failed: an illegal memory access was encountered
[2026-07-07 08:36:03.640] [warning] [:] uring_reactor: cudaFreeHost failed: an illegal memory access was encountered
[2026-07-07 08:36:03.640] [warning] [:] uring_reactor: cudaFreeHost failed: an illegal memory access was encountered
[2026-07-07 08:36:03.640] [warning] [:] uring_reactor: cudaFreeHost failed: an illegal memory access was encountered
[2026-07-07 08:36:03.640] [warning] [:] uring_reactor: cudaFreeHost failed: an illegal memory access was encountered
[2026-07-07 08:36:03.640] [warning] [:] uring_reactor: cudaFreeHost failed: an illegal memory access was encountered
[2026-07-07 08:36:03.640] [warning] [:] uring_reactor: cudaFreeHost failed: an illegal memory access was encountered
[2026-07-07 08:36:03.640] [warning] [:] uring_reactor: cudaFreeHost failed: an illegal memory access was encountered
[2026-07-07 08:36:03.640] [warning] [:] uring_reactor: cudaFreeHost failed: an illegal memory access was encountered
[2026-07-07 08:36:03.640] [warning] [:] uring_reactor: cudaFreeHost failed: an illegal memory access was encountered
[2026-07-07 08:36:03.640] [warning] [:] uring_reactor: cudaFreeHost failed: an illegal memory access was encountered
[2026-07-07 08:36:03.640] [warning] [:] uring_reactor: cudaFreeHost failed: an illegal memory access was encountered
[2026-07-07 08:36:03.640] [warning] [:] uring_reactor: cudaFreeHost failed: an illegal memory access was encountered
[2026-07-07 08:36:03.640] [warning] [:] uring_reactor: cudaFreeHost failed: an illegal memory access was encountered
[2026-07-07 08:36:03.640] [warning] [:] uring_reactor: cudaFreeHost failed: an illegal memory access was encountered
[2026-07-07 08:36:03.640] [warning] [:] uring_reactor: cudaFreeHost failed: an illegal memory access was encountered
[2026-07-07 08:36:03.640] [warning] [:] uring_reactor: cudaFreeHost failed: an illegal memory access was encountered
[2026-07-07 08:36:03.640] [warning] [:] uring_reactor: cudaFreeHost failed: an illegal memory access was encountered
[2026-07-07 08:36:03.640] [warning] [:] uring_reactor: cudaFreeHost failed: an illegal memory access was encountered
[2026-07-07 08:36:03.640] [warning] [:] uring_reactor: cudaFreeHost failed: an illegal memory access was encountered
[2026-07-07 08:36:03.640] [warning] [:] uring_reactor: cudaFreeHost failed: an illegal memory access was encountered
[2026-07-07 08:36:03.640] [warning] [:] uring_reactor: cudaFreeHost failed: an illegal memory access was encountered
[2026-07-07 08:36:03.640] [warning] [:] uring_reactor: cudaFreeHost failed: an illegal memory access was encountered
[2026-07-07 08:36:03.640] [warning] [:] uring_reactor: cudaFreeHost failed: an illegal memory access was encountered
[2026-07-07 08:36:03.640] [warning] [:] uring_reactor: cudaFreeHost failed: an illegal memory access was encountered
[2026-07-07 08:36:03.640] [warning] [:] uring_reactor: cudaFreeHost failed: an illegal memory access was encountered
[2026-07-07 08:36:03.640] [warning] [:] uring_reactor: cudaFreeHost failed: an illegal memory access was encountered
[2026-07-07 08:36:03.640] [warning] [:] uring_reactor: cudaFreeHost failed: an illegal memory access was encountered
[2026-07-07 08:36:03.640] [warning] [:] uring_reactor: cudaFreeHost failed: an illegal memory access was encountered
[2026-07-07 08:36:03.640] [warning] [:] uring_reactor: cudaFreeHost failed: an illegal memory access was encountered
[2026-07-07 08:36:03.640] [warning] [:] uring_reactor: cudaFreeHost failed: an illegal memory access was encountered
[2026-07-07 08:36:03.640] [warning] [:] uring_reactor: cudaFreeHost failed: an illegal memory access was encountered
[2026-07-07 08:36:03.640] [warning] [:] uring_reactor: cudaFreeHost failed: an illegal memory access was encountered
[2026-07-07 08:36:03.640] [warning] [:] uring_reactor: cudaFreeHost failed: an illegal memory access was encountered
[2026-07-07 08:36:03.640] [warning] [:] uring_reactor: cudaFreeHost failed: an illegal memory access was encountered
[2026-07-07 08:36:03.640] [warning] [:] uring_reactor: cudaFreeHost failed: an illegal memory access was encountered
[2026-07-07 08:36:03.640] [warning] [:] uring_reactor: cudaFreeHost failed: an illegal memory access was encountered
[2026-07-07 08:36:03.640] [warning] [:] uring_reactor: cudaFreeHost failed: an illegal memory access was encountered
[2026-07-07 08:36:03.640] [warning] [:] uring_reactor: cudaFreeHost failed: an illegal memory access was encountered
[2026-07-07 08:36:03.640] [warning] [:] uring_reactor: cudaFreeHost failed: an illegal memory access was encountered
[2026-07-07 08:36:03.640] [warning] [:] uring_reactor: cudaFreeHost failed: an illegal memory access was encountered
[2026-07-07 08:36:03.640] [warning] [:] uring_reactor: cudaFreeHost failed: an illegal memory access was encountered
[2026-07-07 08:36:03.640] [warning] [:] uring_reactor: cudaFreeHost failed: an illegal memory access was encountered
[2026-07-07 08:36:03.640] [warning] [:] uring_reactor: cudaFreeHost failed: an illegal memory access was encountered
[2026-07-07 08:36:03.640] [warning] [:] uring_reactor: cudaFreeHost failed: an illegal memory access was encountered
[2026-07-07 08:36:03.640] [warning] [:] uring_reactor: cudaFreeHost failed: an illegal memory access was encountered
[2026-07-07 08:36:03.640] [warning] [:] uring_reactor: cudaFreeHost failed: an illegal memory access was encountered
[2026-07-07 08:36:03.640] [warning] [:] uring_reactor: cudaFreeHost failed: an illegal memory access was encountered
[2026-07-07 08:36:03.640] [warning] [:] uring_reactor: cudaFreeHost failed: an illegal memory access was encountered
[2026-07-07 08:36:03.640] [warning] [:] uring_reactor: cudaFreeHost failed: an illegal memory access was encountered
[2026-07-07 08:36:03.640] [warning] [:] uring_reactor: cudaFreeHost failed: an illegal memory access was encountered
[2026-07-07 08:36:03.640] [warning] [:] uring_reactor: cudaFreeHost failed: an illegal memory access was encountered
[2026-07-07 08:36:03.640] [warning] [:] uring_reactor: cudaFreeHost failed: an illegal memory access was encountered
[2026-07-07 08:36:03.641] [warning] [:] uring_reactor: cudaFreeHost failed: an illegal memory access was encountered
[2026-07-07 08:36:03.641] [warning] [:] uring_reactor: cudaFreeHost failed: an illegal memory access was encountered
[2026-07-07 08:36:03.641] [warning] [:] uring_reactor: cudaFreeHost failed: an illegal memory access was encountered
[2026-07-07 08:36:03.641] [warning] [:] uring_reactor: cudaFreeHost failed: an illegal memory access was encountered
[2026-07-07 08:36:03.641] [warning] [:] uring_reactor: cudaFreeHost failed: an illegal memory access was encountered
[2026-07-07 08:36:03.641] [warning] [:] uring_reactor: cudaFreeHost failed: an illegal memory access was encountered
[2026-07-07 08:36:03.641] [warning] [:] uring_reactor: cudaFreeHost failed: an illegal memory access was encountered
[2026-07-07 08:36:03.641] [warning] [:] uring_reactor: cudaFreeHost failed: an illegal memory access was encountered
[2026-07-07 08:36:03.641] [warning] [:] uring_reactor: cudaFreeHost failed: an illegal memory access was encountered
[2026-07-07 08:36:03.641] [warning] [:] uring_reactor: cudaFreeHost failed: an illegal memory access was encountered
[2026-07-07 08:36:03.641] [warning] [:] uring_reactor: cudaFreeHost failed: an illegal memory access was encountered
[2026-07-07 08:36:03.641] [warning] [:] uring_reactor: cudaFreeHost failed: an illegal memory access was encountered
[2026-07-07 08:36:03.641] [warning] [:] uring_reactor: cudaFreeHost failed: an illegal memory access was encountered
[2026-07-07 08:36:03.641] [warning] [:] uring_reactor: cudaFreeHost failed: an illegal memory access was encountered
[2026-07-07 08:36:03.641] [warning] [:] uring_reactor: cudaFreeHost failed: an illegal memory access was encountered
[2026-07-07 08:36:03.641] [warning] [:] uring_reactor: cudaFreeHost failed: an illegal memory access was encountered
[2026-07-07 08:36:03.641] [warning] [:] uring_reactor: cudaFreeHost failed: an illegal memory access was encountered
[2026-07-07 08:36:03.641] [warning] [:] uring_reactor: cudaFreeHost failed: an illegal memory access was encountered
[2026-07-07 08:36:03.641] [warning] [:] uring_reactor: cudaFreeHost failed: an illegal memory access was encountered
[2026-07-07 08:36:03.641] [warning] [:] uring_reactor: cudaFreeHost failed: an illegal memory access was encountered
[2026-07-07 08:36:03.641] [warning] [:] uring_reactor: cudaFreeHost failed: an illegal memory access was encountered
[2026-07-07 08:36:03.641] [warning] [:] uring_reactor: cudaFreeHost failed: an illegal memory access was encountered
[2026-07-07 08:36:03.641] [warning] [:] uring_reactor: cudaFreeHost failed: an illegal memory access was encountered
[2026-07-07 08:36:03.641] [warning] [:] uring_reactor: cudaFreeHost failed: an illegal memory access was encountered
[2026-07-07 08:36:03.641] [warning] [:] uring_reactor: cudaFreeHost failed: an illegal memory access was encountered
[2026-07-07 08:36:03.641] [warning] [:] uring_reactor: cudaFreeHost failed: an illegal memory access was encountered
[2026-07-07 08:36:03.641] [warning] [:] uring_reactor: cudaFreeHost failed: an illegal memory access was encountered
[2026-07-07 08:36:03.641] [warning] [:] uring_reactor: cudaFreeHost failed: an illegal memory access was encountered
[2026-07-07 08:36:03.641] [warning] [:] uring_reactor: cudaFreeHost failed: an illegal memory access was encountered
[2026-07-07 08:36:03.641] [warning] [:] uring_reactor: cudaFreeHost failed: an illegal memory access was encountered
[2026-07-07 08:36:03.641] [warning] [:] uring_reactor: cudaFreeHost failed: an illegal memory access was encountered
[2026-07-07 08:36:03.641] [warning] [:] uring_reactor: cudaFreeHost failed: an illegal memory access was encountered
[2026-07-07 08:36:03.641] [warning] [:] uring_reactor: cudaFreeHost failed: an illegal memory access was encountered
[2026-07-07 08:36:03.641] [warning] [:] uring_reactor: cudaFreeHost failed: an illegal memory access was encountered
[2026-07-07 08:36:03.641] [warning] [:] uring_reactor: cudaFreeHost failed: an illegal memory access was encountered
[2026-07-07 08:36:03.641] [warning] [:] uring_reactor: cudaFreeHost failed: an illegal memory access was encountered
[2026-07-07 08:36:03.641] [warning] [:] uring_reactor: cudaFreeHost failed: an illegal memory access was encountered
[2026-07-07 08:36:03.641] [warning] [:] uring_reactor: cudaFreeHost failed: an illegal memory access was encountered
[2026-07-07 08:36:03.641] [warning] [:] uring_reactor: cudaFreeHost failed: an illegal memory access was encountered
[2026-07-07 08:36:03.641] [warning] [:] uring_reactor: cudaFreeHost failed: an illegal memory access was encountered
[2026-07-07 08:36:03.641] [warning] [:] uring_reactor: cudaFreeHost failed: an illegal memory access was encountered
[2026-07-07 08:36:03.641] [warning] [:] uring_reactor: cudaFreeHost failed: an illegal memory access was encountered
[2026-07-07 08:36:03.641] [warning] [:] uring_reactor: cudaFreeHost failed: an illegal memory access was encountered
[2026-07-07 08:36:03.641] [warning] [:] uring_reactor: cudaFreeHost failed: an illegal memory access was encountered
[2026-07-07 08:36:03.641] [warning] [:] uring_reactor: cudaFreeHost failed: an illegal memory access was encountered
[2026-07-07 08:36:03.641] [warning] [:] uring_reactor: cudaFreeHost failed: an illegal memory access was encountered
[2026-07-07 08:36:03.641] [warning] [:] uring_reactor: cudaFreeHost failed: an illegal memory access was encountered
[2026-07-07 08:36:03.641] [warning] [:] uring_reactor: cudaFreeHost failed: an illegal memory access was encountered
[2026-07-07 08:36:03.641] [warning] [:] uring_reactor: cudaFreeHost failed: an illegal memory access was encountered
[2026-07-07 08:36:03.641] [warning] [:] uring_reactor: cudaFreeHost failed: an illegal memory access was encountered
[2026-07-07 08:36:03.641] [warning] [:] uring_reactor: cudaFreeHost failed: an illegal memory access was encountered
[2026-07-07 08:36:03.641] [warning] [:] uring_reactor: cudaFreeHost failed: an illegal memory access was encountered
[2026-07-07 08:36:03.641] [warning] [:] uring_reactor: cudaFreeHost failed: an illegal memory access was encountered
[2026-07-07 08:36:03.641] [warning] [:] uring_reactor: cudaFreeHost failed: an illegal memory access was encountered
[2026-07-07 08:36:03.641] [warning] [:] uring_reactor: cudaFreeHost failed: an illegal memory access was encountered
[2026-07-07 08:36:03.641] [warning] [:] uring_reactor: cudaFreeHost failed: an illegal memory access was encountered
[2026-07-07 08:36:03.641] [warning] [:] uring_reactor: cudaFreeHost failed: an illegal memory access was encountered
[2026-07-07 08:36:03.641] [warning] [:] uring_reactor: cudaFreeHost failed: an illegal memory access was encountered
[2026-07-07 08:36:03.641] [warning] [:] uring_reactor: cudaFreeHost failed: an illegal memory access was encountered
[2026-07-07 08:36:03.641] [warning] [:] uring_reactor: cudaFreeHost failed: an illegal memory access was encountered
[2026-07-07 08:36:03.641] [warning] [:] uring_reactor: cudaFreeHost failed: an illegal memory access was encountered
[2026-07-07 08:36:03.641] [warning] [:] uring_reactor: cudaFreeHost failed: an illegal memory access was encountered
[2026-07-07 08:36:03.641] [warning] [:] uring_reactor: cudaFreeHost failed: an illegal memory access was encountered
[2026-07-07 08:36:03.641] [warning] [:] uring_reactor: cudaFreeHost failed: an illegal memory access was encountered
[2026-07-07 08:36:03.641] [warning] [:] uring_reactor: cudaFreeHost failed: an illegal memory access was encountered
[2026-07-07 08:36:03.641] [warning] [:] uring_reactor: cudaFreeHost failed: an illegal memory access was encountered
[2026-07-07 08:36:03.641] [warning] [:] uring_reactor: cudaFreeHost failed: an illegal memory access was encountered
[2026-07-07 08:36:03.641] [warning] [:] uring_reactor: cudaFreeHost failed: an illegal memory access was encountered
[2026-07-07 08:36:03.641] [warning] [:] uring_reactor: cudaFreeHost failed: an illegal memory access was encountered
[2026-07-07 08:36:03.641] [warning] [:] uring_reactor: cudaFreeHost failed: an illegal memory access was encountered
[2026-07-07 08:36:03.641] [warning] [:] uring_reactor: cudaFreeHost failed: an illegal memory access was encountered
[2026-07-07 08:36:03.641] [warning] [:] uring_reactor: cudaFreeHost failed: an illegal memory access was encountered
[2026-07-07 08:36:03.641] [warning] [:] uring_reactor: cudaFreeHost failed: an illegal memory access was encountered
[2026-07-07 08:36:03.641] [warning] [:] uring_reactor: cudaFreeHost failed: an illegal memory access was encountered
[2026-07-07 08:36:03.641] [warning] [:] uring_reactor: cudaFreeHost failed: an illegal memory access was encountered
[2026-07-07 08:36:03.641] [warning] [:] uring_reactor: cudaFreeHost failed: an illegal memory access was encountered
[2026-07-07 08:36:03.641] [warning] [:] uring_reactor: cudaFreeHost failed: an illegal memory access was encountered
[2026-07-07 08:36:03.641] [warning] [:] uring_reactor: cudaFreeHost failed: an illegal memory access was encountered
[2026-07-07 08:36:03.641] [warning] [:] uring_reactor: cudaFreeHost failed: an illegal memory access was encountered
[2026-07-07 08:36:03.641] [warning] [:] uring_reactor: cudaFreeHost failed: an illegal memory access was encountered
[2026-07-07 08:36:03.641] [warning] [:] uring_reactor: cudaFreeHost failed: an illegal memory access was encountered
[2026-07-07 08:36:03.641] [warning] [:] uring_reactor: cudaFreeHost failed: an illegal memory access was encountered
[2026-07-07 08:36:03.641] [warning] [:] uring_reactor: cudaFreeHost failed: an illegal memory access was encountered
[2026-07-07 08:36:03.641] [warning] [:] uring_reactor: cudaFreeHost failed: an illegal memory access was encountered
[2026-07-07 08:36:03.641] [warning] [:] uring_reactor: cudaFreeHost failed: an illegal memory access was encountered
[2026-07-07 08:36:03.641] [warning] [:] uring_reactor: cudaFreeHost failed: an illegal memory access was encountered
[2026-07-07 08:36:03.641] [warning] [:] uring_reactor: cudaFreeHost failed: an illegal memory access was encountered
[2026-07-07 08:36:03.641] [warning] [:] uring_reactor: cudaFreeHost failed: an illegal memory access was encountered
[2026-07-07 08:36:03.641] [warning] [:] uring_reactor: cudaFreeHost failed: an illegal memory access was encountered
[2026-07-07 08:36:03.641] [warning] [:] uring_reactor: cudaFreeHost failed: an illegal memory access was encountered
[2026-07-07 08:36:03.641] [warning] [:] uring_reactor: cudaFreeHost failed: an illegal memory access was encountered
[2026-07-07 08:36:03.641] [warning] [:] uring_reactor: cudaFreeHost failed: an illegal memory access was encountered
[2026-07-07 08:36:03.641] [warning] [:] uring_reactor: cudaFreeHost failed: an illegal memory access was encountered
[2026-07-07 08:36:03.641] [warning] [:] uring_reactor: cudaFreeHost failed: an illegal memory access was encountered
[2026-07-07 08:36:03.641] [warning] [:] uring_reactor: cudaFreeHost failed: an illegal memory access was encountered
[2026-07-07 08:36:03.641] [warning] [:] uring_reactor: cudaFreeHost failed: an illegal memory access was encountered
[2026-07-07 08:36:03.641] [warning] [:] uring_reactor: cudaFreeHost failed: an illegal memory access was encountered
[2026-07-07 08:36:03.641] [warning] [:] uring_reactor: cudaFreeHost failed: an illegal memory access was encountered
[2026-07-07 08:36:03.641] [warning] [:] uring_reactor: cudaFreeHost failed: an illegal memory access was encountered
[2026-07-07 08:36:03.641] [warning] [:] uring_reactor: cudaFreeHost failed: an illegal memory access was encountered
[2026-07-07 08:36:03.641] [warning] [:] uring_reactor: cudaFreeHost failed: an illegal memory access was encountered
[2026-07-07 08:36:03.641] [warning] [:] uring_reactor: cudaFreeHost failed: an illegal memory access was encountered
[2026-07-07 08:36:03.641] [warning] [:] uring_reactor: cudaFreeHost failed: an illegal memory access was encountered
[2026-07-07 08:36:03.641] [warning] [:] uring_reactor: cudaFreeHost failed: an illegal memory access was encountered
[2026-07-07 08:36:03.641] [warning] [:] uring_reactor: cudaFreeHost failed: an illegal memory access was encountered
[2026-07-07 08:36:03.641] [warning] [:] uring_reactor: cudaFreeHost failed: an illegal memory access was encountered
[2026-07-07 08:36:03.641] [warning] [:] uring_reactor: cudaFreeHost failed: an illegal memory access was encountered
[2026-07-07 08:36:03.641] [warning] [:] uring_reactor: cudaFreeHost failed: an illegal memory access was encountered
[2026-07-07 08:36:03.641] [warning] [:] uring_reactor: cudaFreeHost failed: an illegal memory access was encountered
[2026-07-07 08:36:03.641] [warning] [:] uring_reactor: cudaFreeHost failed: an illegal memory access was encountered
[2026-07-07 08:36:03.641] [warning] [:] uring_reactor: cudaFreeHost failed: an illegal memory access was encountered
[2026-07-07 08:36:03.641] [warning] [:] uring_reactor: cudaFreeHost failed: an illegal memory access was encountered
[2026-07-07 08:36:03.641] [warning] [:] uring_reactor: cudaFreeHost failed: an illegal memory access was encountered
[2026-07-07 08:36:03.641] [warning] [:] uring_reactor: cudaFreeHost failed: an illegal memory access was encountered
[2026-07-07 08:36:03.641] [warning] [:] uring_reactor: cudaFreeHost failed: an illegal memory access was encountered
[2026-07-07 08:36:03.641] [warning] [:] uring_reactor: cudaFreeHost failed: an illegal memory access was encountered
[2026-07-07 08:36:03.641] [warning] [:] uring_reactor: cudaFreeHost failed: an illegal memory access was encountered
[2026-07-07 08:36:03.641] [warning] [:] uring_reactor: cudaFreeHost failed: an illegal memory access was encountered
[2026-07-07 08:36:03.641] [warning] [:] uring_reactor: cudaFreeHost failed: an illegal memory access was encountered
[2026-07-07 08:36:03.641] [warning] [:] uring_reactor: cudaFreeHost failed: an illegal memory access was encountered
[2026-07-07 08:36:03.641] [warning] [:] uring_reactor: cudaFreeHost failed: an illegal memory access was encountered
[2026-07-07 08:36:03.641] [warning] [:] uring_reactor: cudaFreeHost failed: an illegal memory access was encountered
[2026-07-07 08:36:03.641] [warning] [:] uring_reactor: cudaFreeHost failed: an illegal memory access was encountered
[2026-07-07 08:36:03.641] [warning] [:] uring_reactor: cudaFreeHost failed: an illegal memory access was encountered
[2026-07-07 08:36:03.641] [warning] [:] uring_reactor: cudaFreeHost failed: an illegal memory access was encountered
[2026-07-07 08:36:03.641] [warning] [:] uring_reactor: cudaFreeHost failed: an illegal memory access was encountered
[2026-07-07 08:36:03.641] [warning] [:] uring_reactor: cudaFreeHost failed: an illegal memory access was encountered
[2026-07-07 08:36:03.641] [warning] [:] uring_reactor: cudaFreeHost failed: an illegal memory access was encountered
[2026-07-07 08:36:03.641] [warning] [:] uring_reactor: cudaFreeHost failed: an illegal memory access was encountered
[2026-07-07 08:36:03.641] [warning] [:] uring_reactor: cudaFreeHost failed: an illegal memory access was encountered
[2026-07-07 08:36:03.641] [warning] [:] uring_reactor: cudaFreeHost failed: an illegal memory access was encountered
[2026-07-07 08:36:03.641] [warning] [:] uring_reactor: cudaFreeHost failed: an illegal memory access was encountered
[2026-07-07 08:36:03.641] [warning] [:] uring_reactor: cudaFreeHost failed: an illegal memory access was encountered
[2026-07-07 08:36:03.641] [warning] [:] uring_reactor: cudaFreeHost failed: an illegal memory access was encountered
[2026-07-07 08:36:03.641] [warning] [:] uring_reactor: cudaFreeHost failed: an illegal memory access was encountered
[2026-07-07 08:36:03.641] [warning] [:] uring_reactor: cudaFreeHost failed: an illegal memory access was encountered
[2026-07-07 08:36:03.641] [warning] [:] uring_reactor: cudaFreeHost failed: an illegal memory access was encountered
[2026-07-07 08:36:03.641] [warning] [:] uring_reactor: cudaFreeHost failed: an illegal memory access was encountered
[2026-07-07 08:36:03.641] [warning] [:] uring_reactor: cudaFreeHost failed: an illegal memory access was encountered
[2026-07-07 08:36:03.641] [warning] [:] uring_reactor: cudaFreeHost failed: an illegal memory access was encountered
[2026-07-07 08:36:03.641] [warning] [:] uring_reactor: cudaFreeHost failed: an illegal memory access was encountered
[2026-07-07 08:36:03.641] [warning] [:] uring_reactor: cudaFreeHost failed: an illegal memory access was encountered
[2026-07-07 08:36:03.641] [warning] [:] uring_reactor: cudaFreeHost failed: an illegal memory access was encountered
[2026-07-07 08:36:03.641] [warning] [:] uring_reactor: cudaFreeHost failed: an illegal memory access was encountered
[2026-07-07 08:36:03.641] [warning] [:] uring_reactor: cudaFreeHost failed: an illegal memory access was encountered
[2026-07-07 08:36:03.641] [warning] [:] uring_reactor: cudaFreeHost failed: an illegal memory access was encountered
[2026-07-07 08:36:03.641] [warning] [:] uring_reactor: cudaFreeHost failed: an illegal memory access was encountered
[2026-07-07 08:36:03.641] [warning] [:] uring_reactor: cudaFreeHost failed: an illegal memory access was encountered
[2026-07-07 08:36:03.641] [warning] [:] uring_reactor: cudaFreeHost failed: an illegal memory access was encountered
[2026-07-07 08:36:03.641] [warning] [:] uring_reactor: cudaFreeHost failed: an illegal memory access was encountered
[2026-07-07 08:36:03.641] [warning] [:] uring_reactor: cudaFreeHost failed: an illegal memory access was encountered
[2026-07-07 08:36:03.641] [warning] [:] uring_reactor: cudaFreeHost failed: an illegal memory access was encountered
[2026-07-07 08:36:03.641] [warning] [:] uring_reactor: cudaFreeHost failed: an illegal memory access was encountered
[2026-07-07 08:36:03.641] [warning] [:] uring_reactor: cudaFreeHost failed: an illegal memory access was encountered
[2026-07-07 08:36:03.641] [warning] [:] uring_reactor: cudaFreeHost failed: an illegal memory access was encountered
[2026-07-07 08:36:03.641] [warning] [:] uring_reactor: cudaFreeHost failed: an illegal memory access was encountered
[2026-07-07 08:36:03.641] [warning] [:] uring_reactor: cudaFreeHost failed: an illegal memory access was encountered
[2026-07-07 08:36:03.641] [warning] [:] uring_reactor: cudaFreeHost failed: an illegal memory access was encountered
[2026-07-07 08:36:03.641] [warning] [:] uring_reactor: cudaFreeHost failed: an illegal memory access was encountered
[2026-07-07 08:36:03.641] [warning] [:] uring_reactor: cudaFreeHost failed: an illegal memory access was encountered
[2026-07-07 08:36:03.641] [warning] [:] uring_reactor: cudaFreeHost failed: an illegal memory access was encountered
[2026-07-07 08:36:03.641] [warning] [:] uring_reactor: cudaFreeHost failed: an illegal memory access was encountered
[2026-07-07 08:36:03.641] [warning] [:] uring_reactor: cudaFreeHost failed: an illegal memory access was encountered
[2026-07-07 08:36:03.641] [warning] [:] uring_reactor: cudaFreeHost failed: an illegal memory access was encountered
[2026-07-07 08:36:03.641] [warning] [:] uring_reactor: cudaFreeHost failed: an illegal memory access was encountered
[2026-07-07 08:36:03.641] [warning] [:] uring_reactor: cudaFreeHost failed: an illegal memory access was encountered
[2026-07-07 08:36:03.641] [warning] [:] uring_reactor: cudaFreeHost failed: an illegal memory access was encountered
[2026-07-07 08:36:03.641] [warning] [:] uring_reactor: cudaFreeHost failed: an illegal memory access was encountered
[2026-07-07 08:36:03.641] [warning] [:] uring_reactor: cudaFreeHost failed: an illegal memory access was encountered
[2026-07-07 08:36:03.641] [warning] [:] uring_reactor: cudaFreeHost failed: an illegal memory access was encountered
[2026-07-07 08:36:03.641] [warning] [:] uring_reactor: cudaFreeHost failed: an illegal memory access was encountered
[2026-07-07 08:36:03.641] [warning] [:] uring_reactor: cudaFreeHost failed: an illegal memory access was encountered
[2026-07-07 08:36:03.641] [warning] [:] uring_reactor: cudaFreeHost failed: an illegal memory access was encountered
[2026-07-07 08:36:03.641] [warning] [:] uring_reactor: cudaFreeHost failed: an illegal memory access was encountered
[2026-07-07 08:36:03.641] [warning] [:] uring_reactor: cudaFreeHost failed: an illegal memory access was encountered
[2026-07-07 08:36:03.641] [warning] [:] uring_reactor: cudaFreeHost failed: an illegal memory access was encountered
[2026-07-07 08:36:03.641] [warning] [:] uring_reactor: cudaFreeHost failed: an illegal memory access was encountered
[2026-07-07 08:36:03.641] [warning] [:] uring_reactor: cudaFreeHost failed: an illegal memory access was encountered
[2026-07-07 08:36:03.641] [warning] [:] uring_reactor: cudaFreeHost failed: an illegal memory access was encountered
[2026-07-07 08:36:03.641] [warning] [:] uring_reactor: cudaFreeHost failed: an illegal memory access was encountered
[2026-07-07 08:36:03.641] [warning] [:] uring_reactor: cudaFreeHost failed: an illegal memory access was encountered
[2026-07-07 08:36:03.641] [warning] [:] uring_reactor: cudaFreeHost failed: an illegal memory access was encountered
[2026-07-07 08:36:03.641] [warning] [:] uring_reactor: cudaFreeHost failed: an illegal memory access was encountered
[2026-07-07 08:36:03.641] [warning] [:] uring_reactor: cudaFreeHost failed: an illegal memory access was encountered
[2026-07-07 08:36:03.641] [warning] [:] uring_reactor: cudaFreeHost failed: an illegal memory access was encountered
[2026-07-07 08:36:03.641] [warning] [:] uring_reactor: cudaFreeHost failed: an illegal memory access was encountered
[2026-07-07 08:36:03.641] [warning] [:] uring_reactor: cudaFreeHost failed: an illegal memory access was encountered
[2026-07-07 08:36:03.641] [warning] [:] uring_reactor: cudaFreeHost failed: an illegal memory access was encountered
[2026-07-07 08:36:03.641] [warning] [:] uring_reactor: cudaFreeHost failed: an illegal memory access was encountered
[2026-07-07 08:36:03.641] [warning] [:] uring_reactor: cudaFreeHost failed: an illegal memory access was encountered
[2026-07-07 08:36:03.641] [warning] [:] uring_reactor: cudaFreeHost failed: an illegal memory access was encountered
[2026-07-07 08:36:03.641] [warning] [:] uring_reactor: cudaFreeHost failed: an illegal memory access was encountered
[2026-07-07 08:36:03.641] [warning] [:] uring_reactor: cudaFreeHost failed: an illegal memory access was encountered
[2026-07-07 08:36:03.641] [warning] [:] uring_reactor: cudaFreeHost failed: an illegal memory access was encountered
[2026-07-07 08:36:03.641] [warning] [:] uring_reactor: cudaFreeHost failed: an illegal memory access was encountered
[2026-07-07 08:36:03.641] [warning] [:] uring_reactor: cudaFreeHost failed: an illegal memory access was encountered
[2026-07-07 08:36:03.641] [warning] [:] uring_reactor: cudaFreeHost failed: an illegal memory access was encountered
[2026-07-07 08:36:03.641] [warning] [:] uring_reactor: cudaFreeHost failed: an illegal memory access was encountered
[2026-07-07 08:36:03.641] [warning] [:] uring_reactor: cudaFreeHost failed: an illegal memory access was encountered
[2026-07-07 08:36:03.641] [warning] [:] uring_reactor: cudaFreeHost failed: an illegal memory access was encountered
[2026-07-07 08:36:03.641] [warning] [:] uring_reactor: cudaFreeHost failed: an illegal memory access was encountered
[2026-07-07 08:36:03.641] [warning] [:] uring_reactor: cudaFreeHost failed: an illegal memory access was encountered
[2026-07-07 08:36:03.641] [warning] [:] uring_reactor: cudaFreeHost failed: an illegal memory access was encountered
