[2026-07-08 05:59:11.658] [warning] [sirius_config.cpp:459] sirius_config: use_sirius_datasource was false but 2 GPUs are configured; the sirius datasource is required for multi-GPU IO routing. Overriding use_sirius_datasource to true.
[2026-07-08 05:59:11.658] [info] [sirius_context.cpp:1046] Loaded Sirius configuration from file: /home/dy1013/sirius_multi-gpu/experiment/fixed_page_runs/allq_cold_hot_pin_paging/configs/sirius_2gpu.yaml
[2026-07-08 05:59:11.660] [info] [telemetry_context.cpp:67] Telemetry context initialized (engine=siriusDB)
[2026-07-08 05:59:11.660] [info] [sirius_context.cpp:337] SiriusContext: topology summary — 2 GPU(s), 1 NUMA node(s), host='hicys76'
[2026-07-08 05:59:11.660] [info] [sirius_context.cpp:342]   GPU 0: NVIDIA RTX A5000 (numa=0, pci=00000000:AC:00.0)
[2026-07-08 05:59:11.660] [info] [sirius_context.cpp:342]   GPU 1: NVIDIA RTX A5000 (numa=0, pci=00000000:CA:00.0)
[2026-07-08 05:59:11.791] [warning] [sirius_context.cpp:352] SiriusContext: disk memory space is not configured; spilling GPU or HOST data to disk is disabled. If queries run out of GPU/HOST memory, downgrades to disk will not be possible.
[2026-07-08 05:59:11.791] [info] [sirius_context.cpp:364] SiriusContext: 1 host memory space(s) created for 1 NUMA node(s)
[2026-07-08 05:59:11.791] [info] [sirius_context.cpp:417] SiriusContext: P2P enabled 0 -> 1
[2026-07-08 05:59:11.791] [info] [sirius_context.cpp:417] SiriusContext: P2P enabled 1 -> 0
[2026-07-08 05:59:11.791] [info] [sirius_context.cpp:477] SiriusContext: cuDF pinned memory resource configured (NUMA-aware, max slab 8192 B, fallback node=0)
[2026-07-08 05:59:11.962] [info] [sirius_context.cpp:1007] Connection opened.
[2026-07-08 05:59:11.962] [info] [sirius_context.cpp:1020] Extension loaded: sirius
[2026-07-08 05:59:11.962] [info] [sirius_context.cpp:258] QueryEnd
[2026-07-08 05:59:11.971] [info] [:] [host_pool] HOST:0 QueryEnd allocated=0 bytes peak=0 bytes free_blocks=512
[2026-07-08 05:59:11.971] [info] [:] [gpu_pool] GPU:0 QueryEnd allocated=0 bytes peak=0 bytes reserved=0 bytes
[2026-07-08 05:59:11.971] [info] [:] [gpu_pool] GPU:1 QueryEnd allocated=0 bytes peak=0 bytes reserved=0 bytes
[2026-07-08 05:59:11.971] [info] [:] [host_pool] HOST:0 QueryBegin allocated=0 bytes peak=0 bytes free_blocks=512
[2026-07-08 05:59:11.971] [info] [:] [gpu_pool] GPU:0 QueryBegin allocated=0 bytes peak=0 bytes reserved=0 bytes
[2026-07-08 05:59:11.971] [info] [:] [gpu_pool] GPU:1 QueryBegin allocated=0 bytes peak=0 bytes reserved=0 bytes
[2026-07-08 05:59:11.971] [info] [sirius_context.cpp:242] QueryBegin: SQL: CALL pin_table('/mnt/nvme/dataset/customer*.parquet', tier='gpu', name='customer', cols=['c_acctbal','c_address','c_comment','c_custkey','c_name','c_nationkey','c_phone'])
[2026-07-08 05:59:12.563] [info] [sirius_extension.cpp:1060] [fixed-page-cache] pin_table chunk_rr name='customer' chunk=0 rows=3201659 source_gpu=0 target_gpu=0
[2026-07-08 05:59:12.606] [info] [sirius_extension.cpp:1049] [fixed-page-cache] pin_table chunk_rr name='customer' chunk=1 rows=3197804 source_gpu=0 target_gpu=1
[2026-07-08 05:59:12.625] [info] [sirius_extension.cpp:1060] [fixed-page-cache] pin_table chunk_rr name='customer' chunk=2 rows=3198134 source_gpu=0 target_gpu=0
[2026-07-08 05:59:12.668] [info] [sirius_extension.cpp:1049] [fixed-page-cache] pin_table chunk_rr name='customer' chunk=3 rows=3205766 source_gpu=0 target_gpu=1
[2026-07-08 05:59:12.686] [info] [sirius_extension.cpp:1060] [fixed-page-cache] pin_table chunk_rr name='customer' chunk=4 rows=2196637 source_gpu=0 target_gpu=0
[2026-07-08 05:59:12.763] [info] [sirius_scan_manager.cpp:980] [fixed-page-cache] page_directory indexed table='customer' fixed_cols=3 pages=155 resident_pages=155 resident_bytes=300000000 stats_pages=94 evicted_pages=0 eviction_count=0 directory_entries=155 page_bytes=2097152 rows=15000000 partial=false owned_pages=0
[2026-07-08 05:59:12.763] [info] [sirius_context.cpp:258] QueryEnd
[2026-07-08 05:59:12.779] [info] [:] [host_pool] HOST:0 QueryEnd allocated=3145728 bytes peak=3145728 bytes free_blocks=509
[2026-07-08 05:59:12.779] [info] [:] [gpu_pool] GPU:0 QueryEnd allocated=1438711040 bytes peak=4294301696 bytes reserved=0 bytes
[2026-07-08 05:59:12.779] [info] [:] [gpu_pool] GPU:1 QueryEnd allocated=1071693056 bytes peak=1071694080 bytes reserved=0 bytes
[2026-07-08 05:59:12.779] [info] [:] [host_pool] HOST:0 QueryBegin allocated=3145728 bytes peak=3145728 bytes free_blocks=509
[2026-07-08 05:59:12.779] [info] [:] [gpu_pool] GPU:0 QueryBegin allocated=1438711040 bytes peak=4294301696 bytes reserved=0 bytes
[2026-07-08 05:59:12.779] [info] [:] [gpu_pool] GPU:1 QueryBegin allocated=1071693056 bytes peak=1071694080 bytes reserved=0 bytes
[2026-07-08 05:59:12.779] [info] [sirius_context.cpp:242] QueryBegin: SQL: CALL pin_table('/mnt/nvme/dataset/lineitem*.parquet', tier='gpu', name='lineitem', cols=['l_discount','l_extendedprice','l_orderkey','l_returnflag'])
[2026-07-08 05:59:14.537] [info] [sirius_context.cpp:258] QueryEnd
[2026-07-08 05:59:14.554] [info] [:] [host_pool] HOST:0 QueryEnd allocated=3145728 bytes peak=3145728 bytes free_blocks=509
[2026-07-08 05:59:14.554] [info] [:] [gpu_pool] GPU:0 QueryEnd allocated=1438711040 bytes peak=4294301696 bytes reserved=0 bytes
[2026-07-08 05:59:14.554] [info] [:] [gpu_pool] GPU:1 QueryEnd allocated=1071693056 bytes peak=1071694080 bytes reserved=0 bytes
[2026-07-08 05:59:14.554] [info] [:] [host_pool] HOST:0 QueryBegin allocated=3145728 bytes peak=3145728 bytes free_blocks=509
[2026-07-08 05:59:14.554] [info] [:] [gpu_pool] GPU:0 QueryBegin allocated=1438711040 bytes peak=4294301696 bytes reserved=0 bytes
[2026-07-08 05:59:14.554] [info] [:] [gpu_pool] GPU:1 QueryBegin allocated=1071693056 bytes peak=1071694080 bytes reserved=0 bytes
[2026-07-08 05:59:14.554] [info] [sirius_context.cpp:242] QueryBegin: SQL: CALL unpin_table('customer')
[2026-07-08 05:59:14.555] [info] [sirius_context.cpp:258] QueryEnd
[2026-07-08 05:59:14.574] [info] [:] [host_pool] HOST:0 QueryEnd allocated=3145728 bytes peak=3145728 bytes free_blocks=509
[2026-07-08 05:59:14.574] [info] [:] [gpu_pool] GPU:0 QueryEnd allocated=0 bytes peak=4294301696 bytes reserved=0 bytes
[2026-07-08 05:59:14.574] [info] [:] [gpu_pool] GPU:1 QueryEnd allocated=0 bytes peak=1071694080 bytes reserved=0 bytes
[2026-07-08 05:59:14.574] [info] [:] [host_pool] HOST:0 QueryBegin allocated=3145728 bytes peak=3145728 bytes free_blocks=509
[2026-07-08 05:59:14.574] [info] [:] [gpu_pool] GPU:0 QueryBegin allocated=0 bytes peak=4294301696 bytes reserved=0 bytes
[2026-07-08 05:59:14.574] [info] [:] [gpu_pool] GPU:1 QueryBegin allocated=0 bytes peak=1071694080 bytes reserved=0 bytes
[2026-07-08 05:59:14.574] [info] [sirius_context.cpp:242] QueryBegin: SQL: CALL unpin_table('lineitem')
[2026-07-08 05:59:14.575] [info] [sirius_context.cpp:258] QueryEnd
[2026-07-08 05:59:14.585] [info] [:] [host_pool] HOST:0 QueryEnd allocated=3145728 bytes peak=3145728 bytes free_blocks=509
[2026-07-08 05:59:14.585] [info] [:] [gpu_pool] GPU:0 QueryEnd allocated=0 bytes peak=4294301696 bytes reserved=0 bytes
[2026-07-08 05:59:14.585] [info] [:] [gpu_pool] GPU:1 QueryEnd allocated=0 bytes peak=1071694080 bytes reserved=0 bytes
[2026-07-08 05:59:14.585] [info] [:] [host_pool] HOST:0 QueryBegin allocated=3145728 bytes peak=3145728 bytes free_blocks=509
[2026-07-08 05:59:14.585] [info] [:] [gpu_pool] GPU:0 QueryBegin allocated=0 bytes peak=4294301696 bytes reserved=0 bytes
[2026-07-08 05:59:14.585] [info] [:] [gpu_pool] GPU:1 QueryBegin allocated=0 bytes peak=1071694080 bytes reserved=0 bytes
[2026-07-08 05:59:14.585] [info] [sirius_context.cpp:242] QueryBegin: SQL: CALL unpin_table('nation')
[2026-07-08 05:59:14.585] [info] [sirius_context.cpp:258] QueryEnd
[2026-07-08 05:59:14.595] [info] [:] [host_pool] HOST:0 QueryEnd allocated=3145728 bytes peak=3145728 bytes free_blocks=509
[2026-07-08 05:59:14.595] [info] [:] [gpu_pool] GPU:0 QueryEnd allocated=0 bytes peak=4294301696 bytes reserved=0 bytes
[2026-07-08 05:59:14.595] [info] [:] [gpu_pool] GPU:1 QueryEnd allocated=0 bytes peak=1071694080 bytes reserved=0 bytes
[2026-07-08 05:59:14.595] [info] [:] [host_pool] HOST:0 QueryBegin allocated=3145728 bytes peak=3145728 bytes free_blocks=509
[2026-07-08 05:59:14.595] [info] [:] [gpu_pool] GPU:0 QueryBegin allocated=0 bytes peak=4294301696 bytes reserved=0 bytes
[2026-07-08 05:59:14.595] [info] [:] [gpu_pool] GPU:1 QueryBegin allocated=0 bytes peak=1071694080 bytes reserved=0 bytes
[2026-07-08 05:59:14.595] [info] [sirius_context.cpp:242] QueryBegin: SQL: CALL unpin_table('orders')
[2026-07-08 05:59:14.595] [info] [sirius_context.cpp:258] QueryEnd
[2026-07-08 05:59:14.605] [info] [:] [host_pool] HOST:0 QueryEnd allocated=3145728 bytes peak=3145728 bytes free_blocks=509
[2026-07-08 05:59:14.605] [info] [:] [gpu_pool] GPU:0 QueryEnd allocated=0 bytes peak=4294301696 bytes reserved=0 bytes
[2026-07-08 05:59:14.605] [info] [:] [gpu_pool] GPU:1 QueryEnd allocated=0 bytes peak=1071694080 bytes reserved=0 bytes
[2026-07-08 05:59:14.605] [info] [sirius_context.cpp:1013] Connection closed.
[2026-07-08 05:59:14.614] [info] [task_scheduler.cpp:295] Task request channel closed, exiting management event loop.
[2026-07-08 05:59:14.614] [info] [gpu_pipeline_executor.cpp:118] GPU Pipeline Executor: task queue interrupted, stopping manager loop
[2026-07-08 05:59:14.614] [info] [gpu_pipeline_executor.cpp:118] GPU Pipeline Executor: task queue interrupted, stopping manager loop
