[2026-07-08 08:19:09.246] [warning] [sirius_config.cpp:459] sirius_config: use_sirius_datasource was false but 2 GPUs are configured; the sirius datasource is required for multi-GPU IO routing. Overriding use_sirius_datasource to true.
[2026-07-08 08:19:09.246] [info] [sirius_context.cpp:1046] Loaded Sirius configuration from file: /home/dy1013/sirius_multi-gpu/experiment/fixed_page_runs/tpch12_22_score_7gb/configs/sirius_2gpu.yaml
[2026-07-08 08:19:09.248] [info] [telemetry_context.cpp:67] Telemetry context initialized (engine=siriusDB)
[2026-07-08 08:19:09.248] [info] [sirius_context.cpp:337] SiriusContext: topology summary — 2 GPU(s), 1 NUMA node(s), host='hicys76'
[2026-07-08 08:19:09.248] [info] [sirius_context.cpp:342]   GPU 0: NVIDIA RTX A5000 (numa=0, pci=00000000:AC:00.0)
[2026-07-08 08:19:09.248] [info] [sirius_context.cpp:342]   GPU 1: NVIDIA RTX A5000 (numa=0, pci=00000000:CA:00.0)
[2026-07-08 08:19:09.380] [warning] [sirius_context.cpp:352] SiriusContext: disk memory space is not configured; spilling GPU or HOST data to disk is disabled. If queries run out of GPU/HOST memory, downgrades to disk will not be possible.
[2026-07-08 08:19:09.380] [info] [sirius_context.cpp:364] SiriusContext: 1 host memory space(s) created for 1 NUMA node(s)
[2026-07-08 08:19:09.380] [info] [sirius_context.cpp:417] SiriusContext: P2P enabled 0 -> 1
[2026-07-08 08:19:09.380] [info] [sirius_context.cpp:417] SiriusContext: P2P enabled 1 -> 0
[2026-07-08 08:19:09.380] [info] [sirius_context.cpp:477] SiriusContext: cuDF pinned memory resource configured (NUMA-aware, max slab 8192 B, fallback node=0)
[2026-07-08 08:19:09.551] [info] [sirius_context.cpp:1007] Connection opened.
[2026-07-08 08:19:09.551] [info] [sirius_context.cpp:1020] Extension loaded: sirius
[2026-07-08 08:19:09.551] [info] [sirius_context.cpp:258] QueryEnd
[2026-07-08 08:19:09.560] [info] [:] [host_pool] HOST:0 QueryEnd allocated=0 bytes peak=0 bytes free_blocks=512
[2026-07-08 08:19:09.560] [info] [:] [gpu_pool] GPU:0 QueryEnd allocated=0 bytes peak=0 bytes reserved=0 bytes
[2026-07-08 08:19:09.560] [info] [:] [gpu_pool] GPU:1 QueryEnd allocated=0 bytes peak=0 bytes reserved=0 bytes
[2026-07-08 08:19:09.561] [info] [:] [host_pool] HOST:0 QueryBegin allocated=0 bytes peak=0 bytes free_blocks=512
[2026-07-08 08:19:09.561] [info] [:] [gpu_pool] GPU:0 QueryBegin allocated=0 bytes peak=0 bytes reserved=0 bytes
[2026-07-08 08:19:09.561] [info] [:] [gpu_pool] GPU:1 QueryBegin allocated=0 bytes peak=0 bytes reserved=0 bytes
[2026-07-08 08:19:09.561] [info] [sirius_context.cpp:242] QueryBegin: SQL: CALL pin_table('/mnt/nvme/dataset/customer*.parquet', tier='gpu', name='customer', cols=['c_custkey'])
[2026-07-08 08:19:09.598] [info] [sirius_extension.cpp:1060] [fixed-page-cache] pin_table chunk_rr name='customer' chunk=0 rows=15000000 source_gpu=0 target_gpu=0
[2026-07-08 08:19:09.604] [info] [sirius_scan_manager.cpp:1094] [fixed-page-cache] page_directory indexed table='customer' fixed_cols=1 pages=8 resident_pages=8 resident_bytes=120000000 stats_pages=8 evicted_pages=0 eviction_count=0 directory_entries=8 page_bytes=16777216 rows=15000000 partial=false owned_pages=0
[2026-07-08 08:19:09.604] [info] [sirius_context.cpp:258] QueryEnd
[2026-07-08 08:19:09.621] [info] [:] [host_pool] HOST:0 QueryEnd allocated=4194304 bytes peak=4194304 bytes free_blocks=508
[2026-07-08 08:19:09.621] [info] [:] [gpu_pool] GPU:0 QueryEnd allocated=121875200 bytes peak=241876224 bytes reserved=0 bytes
[2026-07-08 08:19:09.621] [info] [:] [gpu_pool] GPU:1 QueryEnd allocated=0 bytes peak=0 bytes reserved=0 bytes
[2026-07-08 08:19:09.621] [info] [:] [host_pool] HOST:0 QueryBegin allocated=4194304 bytes peak=4194304 bytes free_blocks=508
[2026-07-08 08:19:09.621] [info] [:] [gpu_pool] GPU:0 QueryBegin allocated=121875200 bytes peak=241876224 bytes reserved=0 bytes
[2026-07-08 08:19:09.621] [info] [:] [gpu_pool] GPU:1 QueryBegin allocated=0 bytes peak=0 bytes reserved=0 bytes
[2026-07-08 08:19:09.621] [info] [sirius_context.cpp:242] QueryBegin: SQL: CALL pin_table('/mnt/nvme/dataset/orders*.parquet', tier='gpu', name='orders', cols=['o_comment','o_custkey','o_orderkey'])
[2026-07-08 08:19:11.326] [info] [sirius_context.cpp:258] QueryEnd
[2026-07-08 08:19:11.344] [info] [:] [host_pool] HOST:0 QueryEnd allocated=4194304 bytes peak=4194304 bytes free_blocks=508
[2026-07-08 08:19:11.344] [info] [:] [gpu_pool] GPU:0 QueryEnd allocated=121875200 bytes peak=241876224 bytes reserved=0 bytes
[2026-07-08 08:19:11.344] [info] [:] [gpu_pool] GPU:1 QueryEnd allocated=0 bytes peak=0 bytes reserved=0 bytes
[2026-07-08 08:19:11.345] [info] [:] [host_pool] HOST:0 QueryBegin allocated=4194304 bytes peak=4194304 bytes free_blocks=508
[2026-07-08 08:19:11.345] [info] [:] [gpu_pool] GPU:0 QueryBegin allocated=121875200 bytes peak=241876224 bytes reserved=0 bytes
[2026-07-08 08:19:11.345] [info] [:] [gpu_pool] GPU:1 QueryBegin allocated=0 bytes peak=0 bytes reserved=0 bytes
[2026-07-08 08:19:11.345] [info] [sirius_context.cpp:242] QueryBegin: SQL: CALL unpin_table('customer')
[2026-07-08 08:19:11.346] [info] [sirius_context.cpp:258] QueryEnd
[2026-07-08 08:19:11.364] [info] [:] [host_pool] HOST:0 QueryEnd allocated=4194304 bytes peak=4194304 bytes free_blocks=508
[2026-07-08 08:19:11.364] [info] [:] [gpu_pool] GPU:0 QueryEnd allocated=0 bytes peak=241876224 bytes reserved=0 bytes
[2026-07-08 08:19:11.364] [info] [:] [gpu_pool] GPU:1 QueryEnd allocated=0 bytes peak=0 bytes reserved=0 bytes
[2026-07-08 08:19:11.364] [info] [:] [host_pool] HOST:0 QueryBegin allocated=4194304 bytes peak=4194304 bytes free_blocks=508
[2026-07-08 08:19:11.364] [info] [:] [gpu_pool] GPU:0 QueryBegin allocated=0 bytes peak=241876224 bytes reserved=0 bytes
[2026-07-08 08:19:11.364] [info] [:] [gpu_pool] GPU:1 QueryBegin allocated=0 bytes peak=0 bytes reserved=0 bytes
[2026-07-08 08:19:11.364] [info] [sirius_context.cpp:242] QueryBegin: SQL: CALL unpin_table('orders')
[2026-07-08 08:19:11.365] [info] [sirius_context.cpp:258] QueryEnd
[2026-07-08 08:19:11.385] [info] [:] [host_pool] HOST:0 QueryEnd allocated=4194304 bytes peak=4194304 bytes free_blocks=508
[2026-07-08 08:19:11.385] [info] [:] [gpu_pool] GPU:0 QueryEnd allocated=0 bytes peak=241876224 bytes reserved=0 bytes
[2026-07-08 08:19:11.385] [info] [:] [gpu_pool] GPU:1 QueryEnd allocated=0 bytes peak=0 bytes reserved=0 bytes
[2026-07-08 08:19:11.385] [info] [sirius_context.cpp:1013] Connection closed.
[2026-07-08 08:19:11.397] [info] [task_scheduler.cpp:295] Task request channel closed, exiting management event loop.
[2026-07-08 08:19:11.398] [info] [gpu_pipeline_executor.cpp:118] GPU Pipeline Executor: task queue interrupted, stopping manager loop
[2026-07-08 08:19:11.398] [info] [gpu_pipeline_executor.cpp:118] GPU Pipeline Executor: task queue interrupted, stopping manager loop
