[2026-07-08 12:28:37.328] [warning] [sirius_config.cpp:459] sirius_config: use_sirius_datasource was false but 2 GPUs are configured; the sirius datasource is required for multi-GPU IO routing. Overriding use_sirius_datasource to true.
[2026-07-08 12:28:37.328] [info] [sirius_context.cpp:1046] Loaded Sirius configuration from file: /home/dy1013/sirius_multi-gpu/experiment/fixed_page_runs/tpch22_page7gb_iso/configs/sirius_2gpu.yaml
[2026-07-08 12:28:37.332] [info] [telemetry_context.cpp:67] Telemetry context initialized (engine=siriusDB)
[2026-07-08 12:28:37.332] [info] [sirius_context.cpp:337] SiriusContext: topology summary — 2 GPU(s), 1 NUMA node(s), host='hicys76'
[2026-07-08 12:28:37.332] [info] [sirius_context.cpp:342]   GPU 0: NVIDIA RTX A5000 (numa=0, pci=00000000:16:00.0)
[2026-07-08 12:28:37.332] [info] [sirius_context.cpp:342]   GPU 1: NVIDIA RTX A5000 (numa=0, pci=00000000:34:00.0)
[2026-07-08 12:28:37.470] [warning] [sirius_context.cpp:352] SiriusContext: disk memory space is not configured; spilling GPU or HOST data to disk is disabled. If queries run out of GPU/HOST memory, downgrades to disk will not be possible.
[2026-07-08 12:28:37.470] [info] [sirius_context.cpp:364] SiriusContext: 1 host memory space(s) created for 1 NUMA node(s)
[2026-07-08 12:28:37.472] [info] [sirius_context.cpp:417] SiriusContext: P2P enabled 0 -> 1
[2026-07-08 12:28:37.472] [info] [sirius_context.cpp:417] SiriusContext: P2P enabled 1 -> 0
[2026-07-08 12:28:37.489] [info] [sirius_context.cpp:477] SiriusContext: cuDF pinned memory resource configured (NUMA-aware, max slab 8192 B, fallback node=0)
[2026-07-08 12:28:37.652] [info] [sirius_context.cpp:1007] Connection opened.
[2026-07-08 12:28:37.652] [info] [sirius_context.cpp:1020] Extension loaded: sirius
[2026-07-08 12:28:37.652] [info] [sirius_context.cpp:258] QueryEnd
[2026-07-08 12:28:37.661] [info] [:] [host_pool] HOST:0 QueryEnd allocated=0 bytes peak=0 bytes free_blocks=512
[2026-07-08 12:28:37.661] [info] [:] [gpu_pool] GPU:0 QueryEnd allocated=0 bytes peak=0 bytes reserved=0 bytes
[2026-07-08 12:28:37.661] [info] [:] [gpu_pool] GPU:1 QueryEnd allocated=0 bytes peak=0 bytes reserved=0 bytes
[2026-07-08 12:28:37.662] [info] [:] [host_pool] HOST:0 QueryBegin allocated=0 bytes peak=0 bytes free_blocks=512
[2026-07-08 12:28:37.662] [info] [:] [gpu_pool] GPU:0 QueryBegin allocated=0 bytes peak=0 bytes reserved=0 bytes
[2026-07-08 12:28:37.662] [info] [:] [gpu_pool] GPU:1 QueryBegin allocated=0 bytes peak=0 bytes reserved=0 bytes
[2026-07-08 12:28:37.662] [info] [sirius_context.cpp:242] QueryBegin: SQL: CALL pin_table('/mnt/nvme/dataset/lineitem*.parquet', tier='gpu', name='lineitem', cols=['l_partkey','l_quantity','l_shipdate','l_suppkey'])
[2026-07-08 12:28:40.634] [info] [sirius_context.cpp:258] QueryEnd
[2026-07-08 12:28:40.653] [info] [:] [host_pool] HOST:0 QueryEnd allocated=1048576 bytes peak=1048576 bytes free_blocks=511
[2026-07-08 12:28:40.653] [info] [:] [gpu_pool] GPU:0 QueryEnd allocated=0 bytes peak=50608128 bytes reserved=0 bytes
[2026-07-08 12:28:40.653] [info] [:] [gpu_pool] GPU:1 QueryEnd allocated=0 bytes peak=0 bytes reserved=0 bytes
[2026-07-08 12:28:40.653] [info] [:] [host_pool] HOST:0 QueryBegin allocated=1048576 bytes peak=1048576 bytes free_blocks=511
[2026-07-08 12:28:40.653] [info] [:] [gpu_pool] GPU:0 QueryBegin allocated=0 bytes peak=50608128 bytes reserved=0 bytes
[2026-07-08 12:28:40.653] [info] [:] [gpu_pool] GPU:1 QueryBegin allocated=0 bytes peak=0 bytes reserved=0 bytes
[2026-07-08 12:28:40.653] [info] [sirius_context.cpp:242] QueryBegin: SQL: CALL unpin_table('lineitem')
[2026-07-08 12:28:40.654] [info] [sirius_context.cpp:258] QueryEnd
[2026-07-08 12:28:40.673] [info] [:] [host_pool] HOST:0 QueryEnd allocated=1048576 bytes peak=1048576 bytes free_blocks=511
[2026-07-08 12:28:40.673] [info] [:] [gpu_pool] GPU:0 QueryEnd allocated=0 bytes peak=50608128 bytes reserved=0 bytes
[2026-07-08 12:28:40.673] [info] [:] [gpu_pool] GPU:1 QueryEnd allocated=0 bytes peak=0 bytes reserved=0 bytes
[2026-07-08 12:28:40.674] [info] [:] [host_pool] HOST:0 QueryBegin allocated=1048576 bytes peak=1048576 bytes free_blocks=511
[2026-07-08 12:28:40.674] [info] [:] [gpu_pool] GPU:0 QueryBegin allocated=0 bytes peak=50608128 bytes reserved=0 bytes
[2026-07-08 12:28:40.674] [info] [:] [gpu_pool] GPU:1 QueryBegin allocated=0 bytes peak=0 bytes reserved=0 bytes
[2026-07-08 12:28:40.674] [info] [sirius_context.cpp:242] QueryBegin: SQL: CALL unpin_table('nation')
[2026-07-08 12:28:40.675] [info] [sirius_context.cpp:258] QueryEnd
[2026-07-08 12:28:40.694] [info] [:] [host_pool] HOST:0 QueryEnd allocated=1048576 bytes peak=1048576 bytes free_blocks=511
[2026-07-08 12:28:40.694] [info] [:] [gpu_pool] GPU:0 QueryEnd allocated=0 bytes peak=50608128 bytes reserved=0 bytes
[2026-07-08 12:28:40.694] [info] [:] [gpu_pool] GPU:1 QueryEnd allocated=0 bytes peak=0 bytes reserved=0 bytes
[2026-07-08 12:28:40.694] [info] [:] [host_pool] HOST:0 QueryBegin allocated=1048576 bytes peak=1048576 bytes free_blocks=511
[2026-07-08 12:28:40.694] [info] [:] [gpu_pool] GPU:0 QueryBegin allocated=0 bytes peak=50608128 bytes reserved=0 bytes
[2026-07-08 12:28:40.694] [info] [:] [gpu_pool] GPU:1 QueryBegin allocated=0 bytes peak=0 bytes reserved=0 bytes
[2026-07-08 12:28:40.694] [info] [sirius_context.cpp:242] QueryBegin: SQL: CALL unpin_table('part')
[2026-07-08 12:28:40.695] [info] [sirius_context.cpp:258] QueryEnd
[2026-07-08 12:28:40.714] [info] [:] [host_pool] HOST:0 QueryEnd allocated=1048576 bytes peak=1048576 bytes free_blocks=511
[2026-07-08 12:28:40.714] [info] [:] [gpu_pool] GPU:0 QueryEnd allocated=0 bytes peak=50608128 bytes reserved=0 bytes
[2026-07-08 12:28:40.714] [info] [:] [gpu_pool] GPU:1 QueryEnd allocated=0 bytes peak=0 bytes reserved=0 bytes
[2026-07-08 12:28:40.715] [info] [:] [host_pool] HOST:0 QueryBegin allocated=1048576 bytes peak=1048576 bytes free_blocks=511
[2026-07-08 12:28:40.715] [info] [:] [gpu_pool] GPU:0 QueryBegin allocated=0 bytes peak=50608128 bytes reserved=0 bytes
[2026-07-08 12:28:40.715] [info] [:] [gpu_pool] GPU:1 QueryBegin allocated=0 bytes peak=0 bytes reserved=0 bytes
[2026-07-08 12:28:40.715] [info] [sirius_context.cpp:242] QueryBegin: SQL: CALL unpin_table('partsupp')
[2026-07-08 12:28:40.715] [info] [sirius_context.cpp:258] QueryEnd
[2026-07-08 12:28:40.735] [info] [:] [host_pool] HOST:0 QueryEnd allocated=1048576 bytes peak=1048576 bytes free_blocks=511
[2026-07-08 12:28:40.735] [info] [:] [gpu_pool] GPU:0 QueryEnd allocated=0 bytes peak=50608128 bytes reserved=0 bytes
[2026-07-08 12:28:40.735] [info] [:] [gpu_pool] GPU:1 QueryEnd allocated=0 bytes peak=0 bytes reserved=0 bytes
[2026-07-08 12:28:40.735] [info] [:] [host_pool] HOST:0 QueryBegin allocated=1048576 bytes peak=1048576 bytes free_blocks=511
[2026-07-08 12:28:40.735] [info] [:] [gpu_pool] GPU:0 QueryBegin allocated=0 bytes peak=50608128 bytes reserved=0 bytes
[2026-07-08 12:28:40.735] [info] [:] [gpu_pool] GPU:1 QueryBegin allocated=0 bytes peak=0 bytes reserved=0 bytes
[2026-07-08 12:28:40.735] [info] [sirius_context.cpp:242] QueryBegin: SQL: CALL unpin_table('supplier')
[2026-07-08 12:28:40.736] [info] [sirius_context.cpp:258] QueryEnd
[2026-07-08 12:28:40.755] [info] [:] [host_pool] HOST:0 QueryEnd allocated=1048576 bytes peak=1048576 bytes free_blocks=511
[2026-07-08 12:28:40.755] [info] [:] [gpu_pool] GPU:0 QueryEnd allocated=0 bytes peak=50608128 bytes reserved=0 bytes
[2026-07-08 12:28:40.755] [info] [:] [gpu_pool] GPU:1 QueryEnd allocated=0 bytes peak=0 bytes reserved=0 bytes
[2026-07-08 12:28:40.755] [info] [sirius_context.cpp:1013] Connection closed.
[2026-07-08 12:28:40.763] [info] [task_scheduler.cpp:295] Task request channel closed, exiting management event loop.
[2026-07-08 12:28:40.763] [info] [gpu_pipeline_executor.cpp:118] GPU Pipeline Executor: task queue interrupted, stopping manager loop
[2026-07-08 12:28:40.763] [info] [gpu_pipeline_executor.cpp:118] GPU Pipeline Executor: task queue interrupted, stopping manager loop
