[2026-07-08 12:22:28.530] [warning] [sirius_config.cpp:459] sirius_config: use_sirius_datasource was false but 2 GPUs are configured; the sirius datasource is required for multi-GPU IO routing. Overriding use_sirius_datasource to true.
[2026-07-08 12:22:28.530] [info] [sirius_context.cpp:1046] Loaded Sirius configuration from file: /home/dy1013/sirius_multi-gpu/experiment/fixed_page_runs/tpch22_page7gb_iso/configs/sirius_2gpu.yaml
[2026-07-08 12:22:28.534] [info] [telemetry_context.cpp:67] Telemetry context initialized (engine=siriusDB)
[2026-07-08 12:22:28.534] [info] [sirius_context.cpp:337] SiriusContext: topology summary — 2 GPU(s), 1 NUMA node(s), host='hicys76'
[2026-07-08 12:22:28.534] [info] [sirius_context.cpp:342]   GPU 0: NVIDIA RTX A5000 (numa=0, pci=00000000:16:00.0)
[2026-07-08 12:22:28.534] [info] [sirius_context.cpp:342]   GPU 1: NVIDIA RTX A5000 (numa=0, pci=00000000:34:00.0)
[2026-07-08 12:22:28.674] [warning] [sirius_context.cpp:352] SiriusContext: disk memory space is not configured; spilling GPU or HOST data to disk is disabled. If queries run out of GPU/HOST memory, downgrades to disk will not be possible.
[2026-07-08 12:22:28.674] [info] [sirius_context.cpp:364] SiriusContext: 1 host memory space(s) created for 1 NUMA node(s)
[2026-07-08 12:22:28.677] [info] [sirius_context.cpp:417] SiriusContext: P2P enabled 0 -> 1
[2026-07-08 12:22:28.677] [info] [sirius_context.cpp:417] SiriusContext: P2P enabled 1 -> 0
[2026-07-08 12:22:28.695] [info] [sirius_context.cpp:477] SiriusContext: cuDF pinned memory resource configured (NUMA-aware, max slab 8192 B, fallback node=0)
[2026-07-08 12:22:28.860] [info] [sirius_context.cpp:1007] Connection opened.
[2026-07-08 12:22:28.860] [info] [sirius_context.cpp:1020] Extension loaded: sirius
[2026-07-08 12:22:28.861] [info] [sirius_context.cpp:258] QueryEnd
[2026-07-08 12:22:28.869] [info] [:] [host_pool] HOST:0 QueryEnd allocated=0 bytes peak=0 bytes free_blocks=512
[2026-07-08 12:22:28.869] [info] [:] [gpu_pool] GPU:0 QueryEnd allocated=0 bytes peak=0 bytes reserved=0 bytes
[2026-07-08 12:22:28.869] [info] [:] [gpu_pool] GPU:1 QueryEnd allocated=0 bytes peak=0 bytes reserved=0 bytes
[2026-07-08 12:22:28.870] [info] [:] [host_pool] HOST:0 QueryBegin allocated=0 bytes peak=0 bytes free_blocks=512
[2026-07-08 12:22:28.870] [info] [:] [gpu_pool] GPU:0 QueryBegin allocated=0 bytes peak=0 bytes reserved=0 bytes
[2026-07-08 12:22:28.870] [info] [:] [gpu_pool] GPU:1 QueryBegin allocated=0 bytes peak=0 bytes reserved=0 bytes
[2026-07-08 12:22:28.870] [info] [sirius_context.cpp:242] QueryBegin: SQL: CALL pin_table('/mnt/nvme/dataset/customer*.parquet', tier='gpu', name='customer', cols=['c_acctbal','c_address','c_comment','c_custkey','c_name','c_nationkey','c_phone'])
[2026-07-08 12:22:29.496] [info] [sirius_extension.cpp:1060] [fixed-page-cache] pin_table chunk_rr name='customer' chunk=0 rows=3201659 source_gpu=0 target_gpu=0
[2026-07-08 12:22:29.663] [info] [sirius_extension.cpp:1049] [fixed-page-cache] pin_table chunk_rr name='customer' chunk=1 rows=3197804 source_gpu=0 target_gpu=1
[2026-07-08 12:22:29.681] [info] [sirius_extension.cpp:1060] [fixed-page-cache] pin_table chunk_rr name='customer' chunk=2 rows=3198134 source_gpu=0 target_gpu=0
[2026-07-08 12:22:29.746] [info] [sirius_extension.cpp:1049] [fixed-page-cache] pin_table chunk_rr name='customer' chunk=3 rows=3205766 source_gpu=0 target_gpu=1
[2026-07-08 12:22:29.764] [info] [sirius_extension.cpp:1060] [fixed-page-cache] pin_table chunk_rr name='customer' chunk=4 rows=2196637 source_gpu=0 target_gpu=0
[2026-07-08 12:22:29.801] [info] [sirius_scan_manager.cpp:1094] [fixed-page-cache] page_directory indexed table='customer' fixed_cols=3 pages=25 resident_pages=25 resident_bytes=300000000 stats_pages=15 evicted_pages=0 eviction_count=0 directory_entries=25 page_bytes=16777216 rows=15000000 partial=false owned_pages=0
[2026-07-08 12:22:29.801] [info] [sirius_context.cpp:258] QueryEnd
[2026-07-08 12:22:29.818] [info] [:] [host_pool] HOST:0 QueryEnd allocated=3145728 bytes peak=235929600 bytes free_blocks=509
[2026-07-08 12:22:29.818] [info] [:] [gpu_pool] GPU:0 QueryEnd allocated=1438711040 bytes peak=4294301696 bytes reserved=0 bytes
[2026-07-08 12:22:29.818] [info] [:] [gpu_pool] GPU:1 QueryEnd allocated=1071693056 bytes peak=1071694080 bytes reserved=0 bytes
[2026-07-08 12:22:29.819] [info] [:] [host_pool] HOST:0 QueryBegin allocated=3145728 bytes peak=235929600 bytes free_blocks=509
[2026-07-08 12:22:29.819] [info] [:] [gpu_pool] GPU:0 QueryBegin allocated=1438711040 bytes peak=4294301696 bytes reserved=0 bytes
[2026-07-08 12:22:29.819] [info] [:] [gpu_pool] GPU:1 QueryBegin allocated=1071693056 bytes peak=1071694080 bytes reserved=0 bytes
[2026-07-08 12:22:29.819] [info] [sirius_context.cpp:242] QueryBegin: SQL: CALL pin_table('/mnt/nvme/dataset/lineitem*.parquet', tier='gpu', name='lineitem', cols=['l_discount','l_extendedprice','l_orderkey','l_returnflag'])
[2026-07-08 12:22:31.588] [info] [sirius_context.cpp:258] QueryEnd
[2026-07-08 12:22:31.596] [info] [:] [host_pool] HOST:0 QueryEnd allocated=3145728 bytes peak=235929600 bytes free_blocks=509
[2026-07-08 12:22:31.596] [info] [:] [gpu_pool] GPU:0 QueryEnd allocated=1438711040 bytes peak=4294301696 bytes reserved=0 bytes
[2026-07-08 12:22:31.596] [info] [:] [gpu_pool] GPU:1 QueryEnd allocated=1071693056 bytes peak=1071694080 bytes reserved=0 bytes
[2026-07-08 12:22:31.596] [info] [:] [host_pool] HOST:0 QueryBegin allocated=3145728 bytes peak=235929600 bytes free_blocks=509
[2026-07-08 12:22:31.596] [info] [:] [gpu_pool] GPU:0 QueryBegin allocated=1438711040 bytes peak=4294301696 bytes reserved=0 bytes
[2026-07-08 12:22:31.596] [info] [:] [gpu_pool] GPU:1 QueryBegin allocated=1071693056 bytes peak=1071694080 bytes reserved=0 bytes
[2026-07-08 12:22:31.596] [info] [sirius_context.cpp:242] QueryBegin: SQL: CALL unpin_table('customer')
[2026-07-08 12:22:31.598] [info] [sirius_context.cpp:258] QueryEnd
[2026-07-08 12:22:31.606] [info] [:] [host_pool] HOST:0 QueryEnd allocated=3145728 bytes peak=235929600 bytes free_blocks=509
[2026-07-08 12:22:31.606] [info] [:] [gpu_pool] GPU:0 QueryEnd allocated=0 bytes peak=4294301696 bytes reserved=0 bytes
[2026-07-08 12:22:31.606] [info] [:] [gpu_pool] GPU:1 QueryEnd allocated=0 bytes peak=1071694080 bytes reserved=0 bytes
[2026-07-08 12:22:31.606] [info] [:] [host_pool] HOST:0 QueryBegin allocated=3145728 bytes peak=235929600 bytes free_blocks=509
[2026-07-08 12:22:31.606] [info] [:] [gpu_pool] GPU:0 QueryBegin allocated=0 bytes peak=4294301696 bytes reserved=0 bytes
[2026-07-08 12:22:31.606] [info] [:] [gpu_pool] GPU:1 QueryBegin allocated=0 bytes peak=1071694080 bytes reserved=0 bytes
[2026-07-08 12:22:31.606] [info] [sirius_context.cpp:242] QueryBegin: SQL: CALL unpin_table('lineitem')
[2026-07-08 12:22:31.607] [info] [sirius_context.cpp:258] QueryEnd
[2026-07-08 12:22:31.617] [info] [:] [host_pool] HOST:0 QueryEnd allocated=3145728 bytes peak=235929600 bytes free_blocks=509
[2026-07-08 12:22:31.617] [info] [:] [gpu_pool] GPU:0 QueryEnd allocated=0 bytes peak=4294301696 bytes reserved=0 bytes
[2026-07-08 12:22:31.617] [info] [:] [gpu_pool] GPU:1 QueryEnd allocated=0 bytes peak=1071694080 bytes reserved=0 bytes
[2026-07-08 12:22:31.617] [info] [:] [host_pool] HOST:0 QueryBegin allocated=3145728 bytes peak=235929600 bytes free_blocks=509
[2026-07-08 12:22:31.617] [info] [:] [gpu_pool] GPU:0 QueryBegin allocated=0 bytes peak=4294301696 bytes reserved=0 bytes
[2026-07-08 12:22:31.617] [info] [:] [gpu_pool] GPU:1 QueryBegin allocated=0 bytes peak=1071694080 bytes reserved=0 bytes
[2026-07-08 12:22:31.617] [info] [sirius_context.cpp:242] QueryBegin: SQL: CALL unpin_table('nation')
[2026-07-08 12:22:31.618] [info] [sirius_context.cpp:258] QueryEnd
[2026-07-08 12:22:31.627] [info] [:] [host_pool] HOST:0 QueryEnd allocated=3145728 bytes peak=235929600 bytes free_blocks=509
[2026-07-08 12:22:31.627] [info] [:] [gpu_pool] GPU:0 QueryEnd allocated=0 bytes peak=4294301696 bytes reserved=0 bytes
[2026-07-08 12:22:31.627] [info] [:] [gpu_pool] GPU:1 QueryEnd allocated=0 bytes peak=1071694080 bytes reserved=0 bytes
[2026-07-08 12:22:31.627] [info] [:] [host_pool] HOST:0 QueryBegin allocated=3145728 bytes peak=235929600 bytes free_blocks=509
[2026-07-08 12:22:31.627] [info] [:] [gpu_pool] GPU:0 QueryBegin allocated=0 bytes peak=4294301696 bytes reserved=0 bytes
[2026-07-08 12:22:31.627] [info] [:] [gpu_pool] GPU:1 QueryBegin allocated=0 bytes peak=1071694080 bytes reserved=0 bytes
[2026-07-08 12:22:31.627] [info] [sirius_context.cpp:242] QueryBegin: SQL: CALL unpin_table('orders')
[2026-07-08 12:22:31.628] [info] [sirius_context.cpp:258] QueryEnd
[2026-07-08 12:22:31.637] [info] [:] [host_pool] HOST:0 QueryEnd allocated=3145728 bytes peak=235929600 bytes free_blocks=509
[2026-07-08 12:22:31.637] [info] [:] [gpu_pool] GPU:0 QueryEnd allocated=0 bytes peak=4294301696 bytes reserved=0 bytes
[2026-07-08 12:22:31.637] [info] [:] [gpu_pool] GPU:1 QueryEnd allocated=0 bytes peak=1071694080 bytes reserved=0 bytes
[2026-07-08 12:22:31.638] [info] [sirius_context.cpp:1013] Connection closed.
[2026-07-08 12:22:31.649] [info] [task_scheduler.cpp:295] Task request channel closed, exiting management event loop.
[2026-07-08 12:22:31.649] [info] [gpu_pipeline_executor.cpp:118] GPU Pipeline Executor: task queue interrupted, stopping manager loop
[2026-07-08 12:22:31.650] [info] [gpu_pipeline_executor.cpp:118] GPU Pipeline Executor: task queue interrupted, stopping manager loop
