[2026-07-01 15:15:19.905] [warning] [sirius_config.cpp:459] sirius_config: use_sirius_datasource was false but 4 GPUs are configured; the sirius datasource is required for multi-GPU IO routing. Overriding use_sirius_datasource to true.
[2026-07-01 15:15:19.905] [info] [sirius_context.cpp:1046] Loaded Sirius configuration from file: /home/dy1013/sirius_multi-gpu/experiment/automatic_motivation_latency_full_probe_real_20260701/configs/sirius_4gpu.yaml
[2026-07-01 15:15:19.909] [info] [telemetry_context.cpp:67] Telemetry context initialized (engine=siriusDB)
[2026-07-01 15:15:19.909] [info] [sirius_context.cpp:337] SiriusContext: topology summary — 4 GPU(s), 1 NUMA node(s), host='hicys76'
[2026-07-01 15:15:19.909] [info] [sirius_context.cpp:342]   GPU 0: NVIDIA RTX A5000 (numa=0, pci=00000000:16:00.0)
[2026-07-01 15:15:19.909] [info] [sirius_context.cpp:342]   GPU 1: NVIDIA RTX A5000 (numa=0, pci=00000000:34:00.0)
[2026-07-01 15:15:19.909] [info] [sirius_context.cpp:342]   GPU 2: NVIDIA RTX A5000 (numa=0, pci=00000000:AC:00.0)
[2026-07-01 15:15:19.909] [info] [sirius_context.cpp:342]   GPU 3: NVIDIA RTX A5000 (numa=0, pci=00000000:CA:00.0)
[2026-07-01 15:15:20.063] [warning] [sirius_context.cpp:352] SiriusContext: disk memory space is not configured; spilling GPU or HOST data to disk is disabled. If queries run out of GPU/HOST memory, downgrades to disk will not be possible.
[2026-07-01 15:15:20.063] [info] [sirius_context.cpp:364] SiriusContext: 1 host memory space(s) created for 1 NUMA node(s)
[2026-07-01 15:15:20.066] [info] [sirius_context.cpp:417] SiriusContext: P2P enabled 0 -> 1
[2026-07-01 15:15:20.068] [info] [sirius_context.cpp:417] SiriusContext: P2P enabled 0 -> 2
[2026-07-01 15:15:20.068] [error] [sirius_context.cpp:398] SiriusContext: cudaDeviceCanAccessPeer(0,3) failed: invalid device ordinal
[2026-07-01 15:15:20.068] [info] [sirius_context.cpp:417] SiriusContext: P2P enabled 1 -> 0
[2026-07-01 15:15:20.070] [info] [sirius_context.cpp:417] SiriusContext: P2P enabled 1 -> 2
[2026-07-01 15:15:20.070] [error] [sirius_context.cpp:398] SiriusContext: cudaDeviceCanAccessPeer(1,3) failed: invalid device ordinal
[2026-07-01 15:15:20.070] [info] [sirius_context.cpp:417] SiriusContext: P2P enabled 2 -> 0
[2026-07-01 15:15:20.070] [info] [sirius_context.cpp:417] SiriusContext: P2P enabled 2 -> 1
[2026-07-01 15:15:20.070] [error] [sirius_context.cpp:398] SiriusContext: cudaDeviceCanAccessPeer(2,3) failed: invalid device ordinal
[2026-07-01 15:15:20.070] [error] [sirius_context.cpp:398] SiriusContext: cudaDeviceCanAccessPeer(3,0) failed: invalid device ordinal
[2026-07-01 15:15:20.070] [error] [sirius_context.cpp:398] SiriusContext: cudaDeviceCanAccessPeer(3,1) failed: invalid device ordinal
[2026-07-01 15:15:20.070] [error] [sirius_context.cpp:398] SiriusContext: cudaDeviceCanAccessPeer(3,2) failed: invalid device ordinal
[2026-07-01 15:15:20.087] [info] [sirius_context.cpp:477] SiriusContext: cuDF pinned memory resource configured (NUMA-aware, max slab 8192 B, fallback node=0)
[2026-07-01 15:15:20.267] [error] [:] downgrade_executor per-thread init: cudaSetDevice(3) failed: invalid device ordinal
[2026-07-01 15:15:20.267] [error] [:] downgrade_executor per-thread init: cudaSetDevice(3) failed: invalid device ordinal
[2026-07-01 15:15:20.267] [error] [:] downgrade_executor per-thread init: cudaSetDevice(3) failed: invalid device ordinal
[2026-07-01 15:15:20.267] [error] [:] downgrade_executor per-thread init: cudaSetDevice(3) failed: invalid device ordinal
[2026-07-01 15:15:20.268] [error] [:] gpu_pipeline_executor per-thread init: cudaSetDevice(3) failed: invalid device ordinal
[2026-07-01 15:15:20.268] [error] [:] gpu_pipeline_executor per-thread init: cudaSetDevice(3) failed: invalid device ordinal
[2026-07-01 15:15:20.268] [error] [:] gpu_pipeline_executor per-thread init: cudaSetDevice(3) failed: invalid device ordinal
[2026-07-01 15:15:20.268] [error] [:] gpu_pipeline_executor per-thread init: cudaSetDevice(3) failed: invalid device ordinal
[2026-07-01 15:15:20.269] [info] [sirius_context.cpp:1007] Connection opened.
[2026-07-01 15:15:20.269] [info] [sirius_context.cpp:1020] Extension loaded: sirius
[2026-07-01 15:15:20.270] [info] [sirius_context.cpp:258] QueryEnd
[2026-07-01 15:15:20.277] [info] [:] [host_pool] HOST:0 QueryEnd allocated=0 bytes peak=0 bytes free_blocks=512
[2026-07-01 15:15:20.277] [info] [:] [gpu_pool] GPU:0 QueryEnd allocated=0 bytes peak=0 bytes reserved=0 bytes
[2026-07-01 15:15:20.277] [info] [:] [gpu_pool] GPU:1 QueryEnd allocated=0 bytes peak=0 bytes reserved=0 bytes
[2026-07-01 15:15:20.277] [info] [:] [gpu_pool] GPU:2 QueryEnd allocated=0 bytes peak=0 bytes reserved=0 bytes
[2026-07-01 15:15:20.277] [info] [:] [gpu_pool] GPU:3 QueryEnd allocated=0 bytes peak=0 bytes reserved=0 bytes
[2026-07-01 15:15:20.278] [info] [:] [host_pool] HOST:0 QueryBegin allocated=0 bytes peak=0 bytes free_blocks=512
[2026-07-01 15:15:20.278] [info] [:] [gpu_pool] GPU:0 QueryBegin allocated=0 bytes peak=0 bytes reserved=0 bytes
[2026-07-01 15:15:20.278] [info] [:] [gpu_pool] GPU:1 QueryBegin allocated=0 bytes peak=0 bytes reserved=0 bytes
[2026-07-01 15:15:20.278] [info] [:] [gpu_pool] GPU:2 QueryBegin allocated=0 bytes peak=0 bytes reserved=0 bytes
[2026-07-01 15:15:20.278] [info] [:] [gpu_pool] GPU:3 QueryBegin allocated=0 bytes peak=0 bytes reserved=0 bytes
[2026-07-01 15:15:20.278] [info] [sirius_context.cpp:242] QueryBegin: SQL: SET gpu_execution = true;
[2026-07-01 15:15:20.278] [info] [sirius_context.cpp:258] QueryEnd
[2026-07-01 15:15:20.288] [info] [:] [host_pool] HOST:0 QueryEnd allocated=0 bytes peak=0 bytes free_blocks=512
[2026-07-01 15:15:20.288] [info] [:] [gpu_pool] GPU:0 QueryEnd allocated=0 bytes peak=0 bytes reserved=0 bytes
[2026-07-01 15:15:20.288] [info] [:] [gpu_pool] GPU:1 QueryEnd allocated=0 bytes peak=0 bytes reserved=0 bytes
[2026-07-01 15:15:20.288] [info] [:] [gpu_pool] GPU:2 QueryEnd allocated=0 bytes peak=0 bytes reserved=0 bytes
[2026-07-01 15:15:20.288] [info] [:] [gpu_pool] GPU:3 QueryEnd allocated=0 bytes peak=0 bytes reserved=0 bytes
[2026-07-01 15:15:20.288] [info] [:] [host_pool] HOST:0 QueryBegin allocated=0 bytes peak=0 bytes free_blocks=512
[2026-07-01 15:15:20.288] [info] [:] [gpu_pool] GPU:0 QueryBegin allocated=0 bytes peak=0 bytes reserved=0 bytes
[2026-07-01 15:15:20.288] [info] [:] [gpu_pool] GPU:1 QueryBegin allocated=0 bytes peak=0 bytes reserved=0 bytes
[2026-07-01 15:15:20.288] [info] [:] [gpu_pool] GPU:2 QueryBegin allocated=0 bytes peak=0 bytes reserved=0 bytes
[2026-07-01 15:15:20.288] [info] [:] [gpu_pool] GPU:3 QueryBegin allocated=0 bytes peak=0 bytes reserved=0 bytes
[2026-07-01 15:15:20.288] [info] [sirius_context.cpp:242] QueryBegin: SQL: select cntrycode, count(*) as numcust, sum(c_acctbal) as totacctbal from ( select substring(c_phone from 1 for 2) as cntrycode, c_acctbal from customer c where substring(c_phone from 1 for 2) in ('24', '31', '11', '16', '21', '20', '34') and c_acctbal > ( select avg(c_acctbal) from customer where c_acctbal > 0.00 and substring(c_phone from 1 for 2) in ('24', '31', '11', '16', '21', '20', '34') ) and not exists ( select * from orders o where o.o_custkey = c.c_custkey ) ) as custsale group by cntrycode order by cntrycode
[2026-07-01 15:15:20.332] [info] [sirius_context.cpp:954] Transparent execution: Sirius physical plan generated successfully
[2026-07-01 15:15:20.333] [info] [sirius_context.cpp:966] Transparent execution: physical plan replaced with GPU operator
[2026-07-01 15:15:20.334] [info] [physical_sirius_execution.cpp:96] Transparent GPU execution: executing query
[2026-07-01 15:15:20.349] [info] [sirius_engine.cpp:400] Query Plan:
=== Pipeline Overview ===
Pipeline #0: GPU_SCAN (id=35) -> UNGROUPED_AGGREGATE (id=23)
  Output: -> MERGE_AGGREGATE [port: default, barrier: FULL]
Pipeline #1: MERGE_AGGREGATE (id=36)
  Input: <- Pipeline #0 [on: MERGE_AGGREGATE (id=36), port: default, barrier: FULL]
  Dependencies: Pipeline #0
  Output: -> UNGROUPED_AGGREGATE [port: default, barrier: FULL]
Pipeline #2: UNGROUPED_AGGREGATE (id=24)
  Input: <- Pipeline #1 [on: UNGROUPED_AGGREGATE (id=24), port: default, barrier: FULL]
  Dependencies: Pipeline #1
  Output: -> MERGE_AGGREGATE [port: default, barrier: FULL]
Pipeline #3: MERGE_AGGREGATE (id=37)
  Input: <- Pipeline #2 [on: MERGE_AGGREGATE (id=37), port: default, barrier: FULL]
  Dependencies: Pipeline #2
  Output: -> PROJECTION [port: default, barrier: FULL]
Pipeline #4: PROJECTION (id=25)
  Input: <- Pipeline #3 [on: PROJECTION (id=25), port: default, barrier: FULL]
  Dependencies: Pipeline #3
  Output: -> PARTITION [port: default, barrier: FULL]
Pipeline #5: PARTITION (id=39)
  Input: <- Pipeline #4 [on: PARTITION (id=39), port: default, barrier: FULL]
  Dependencies: Pipeline #4
  Output: -> CONCAT [port: default, barrier: PARTIAL]
Pipeline #6: CONCAT (id=38)
  Input: <- Pipeline #5 [on: CONCAT (id=38), port: default, barrier: PARTIAL]
  Dependencies: Pipeline #5
  Output: -> NESTED_LOOP_JOIN [port: build, barrier: FULL]
Pipeline #7: GPU_SCAN (id=40)
  Output: -> PARTITION [port: default, barrier: FULL]
Pipeline #8: PARTITION (id=42)
  Input: <- Pipeline #7 [on: PARTITION (id=42), port: default, barrier: FULL]
  Dependencies: Pipeline #7
  Output: -> CONCAT [port: default, barrier: PARTIAL]
Pipeline #9: CONCAT (id=41)
  Input: <- Pipeline #8 [on: CONCAT (id=41), port: default, barrier: PARTIAL]
  Dependencies: Pipeline #8
  Output: -> NESTED_LOOP_JOIN [port: default, barrier: FULL]
Pipeline #10: NESTED_LOOP_JOIN (id=26)
  Input: <- Pipeline #9 [on: NESTED_LOOP_JOIN (id=26), port: default, barrier: FULL]
  Input: <- Pipeline #6 [on: NESTED_LOOP_JOIN (id=26), port: build, barrier: FULL]
  Dependencies: Pipeline #6, Pipeline #9
  Output: -> RIGHT_DELIM_JOIN [port: default, barrier: FULL]
Pipeline #11: RIGHT_DELIM_JOIN (id=28)
  Input: <- Pipeline #10 [on: RIGHT_DELIM_JOIN (id=28), port: default, barrier: FULL]
  Dependencies: Pipeline #10
Pipeline #12: CONCAT (id=45)
  Input: <- Pipeline #11 [on: CONCAT (id=45), port: default, barrier: FULL]
  Dependencies: Pipeline #11
  Output: -> HASH_JOIN [port: build, barrier: FULL]
Pipeline #13: PARTITION (id=44)
  Input: <- Pipeline #11 [on: PARTITION (id=44), port: default, barrier: FULL]
  Dependencies: Pipeline #11
  Output: -> MERGE_GROUP_BY [port: default, barrier: FULL]
Pipeline #14: MERGE_GROUP_BY (id=46)
  Input: <- Pipeline #13 [on: MERGE_GROUP_BY (id=46), port: default, barrier: FULL]
  Dependencies: Pipeline #13
  Output: -> PARTITION [port: default, barrier: FULL]
Pipeline #15: PARTITION (id=48)
  Input: <- Pipeline #14 [on: PARTITION (id=48), port: default, barrier: FULL]
  Dependencies: Pipeline #14
  Output: -> CONCAT [port: default, barrier: PARTIAL]
Pipeline #16: CONCAT (id=47)
  Input: <- Pipeline #15 [on: CONCAT (id=47), port: default, barrier: PARTIAL]
  Dependencies: Pipeline #15
  Output: -> HASH_JOIN [port: build, barrier: FULL]
Pipeline #17: GPU_SCAN (id=49)
  Output: -> PARTITION [port: default, barrier: PARTIAL]
Pipeline #18: PARTITION (id=51)
  Input: <- Pipeline #17 [on: PARTITION (id=51), port: default, barrier: PARTIAL]
  Dependencies: Pipeline #17
  Output: -> CONCAT [port: default, barrier: PARTIAL]
Pipeline #19: CONCAT (id=50)
  Input: <- Pipeline #18 [on: CONCAT (id=50), port: default, barrier: PARTIAL]
  Dependencies: Pipeline #18
  Output: -> HASH_JOIN [port: default, barrier: FULL]
Pipeline #20: HASH_JOIN (id=19) -> PROJECTION (id=20)
  Input: <- Pipeline #19 [on: HASH_JOIN (id=19), port: default, barrier: FULL]
  Input: <- Pipeline #16 [on: HASH_JOIN (id=19), port: build, barrier: FULL]
  Dependencies: Pipeline #16, Pipeline #19
  Output: -> PARTITION [port: default, barrier: PARTIAL]
Pipeline #21: PARTITION (id=53)
  Input: <- Pipeline #20 [on: PARTITION (id=53), port: default, barrier: PARTIAL]
  Dependencies: Pipeline #20
  Output: -> CONCAT [port: default, barrier: PARTIAL]
Pipeline #22: CONCAT (id=52)
  Input: <- Pipeline #21 [on: CONCAT (id=52), port: default, barrier: PARTIAL]
  Dependencies: Pipeline #21
  Output: -> HASH_JOIN [port: default, barrier: FULL]
Pipeline #23: HASH_JOIN (id=27) -> PROJECTION (id=31) -> HASH_GROUP_BY (id=32)
  Input: <- Pipeline #22 [on: HASH_JOIN (id=27), port: default, barrier: FULL]
  Input: <- Pipeline #12 [on: HASH_JOIN (id=27), port: build, barrier: FULL]
  Dependencies: Pipeline #12, Pipeline #22
  Output: -> PARTITION [port: default, barrier: FULL]
Pipeline #24: PARTITION (id=54)
  Input: <- Pipeline #23 [on: PARTITION (id=54), port: default, barrier: FULL]
  Dependencies: Pipeline #23
  Output: -> MERGE_GROUP_BY [port: default, barrier: FULL]
Pipeline #25: MERGE_GROUP_BY (id=55)
  Input: <- Pipeline #24 [on: MERGE_GROUP_BY (id=55), port: default, barrier: FULL]
  Dependencies: Pipeline #24
  Output: -> ORDER_BY [port: default, barrier: FULL]
Pipeline #26: ORDER_BY (id=33)
  Input: <- Pipeline #25 [on: ORDER_BY (id=33), port: default, barrier: FULL]
  Dependencies: Pipeline #25
  Output: -> SORT_SAMPLE [port: default, barrier: PIPELINE]
Pipeline #27: SORT_SAMPLE (id=56) -> SORT_PARTITION (id=57)
  Input: <- Pipeline #26 [on: SORT_SAMPLE (id=56), port: default, barrier: PIPELINE]
  Dependencies: Pipeline #26
  Output: -> MERGE_SORT [port: default, barrier: FULL]
Pipeline #28: MERGE_SORT (id=58)
  Input: <- Pipeline #27 [on: MERGE_SORT (id=58), port: default, barrier: FULL]
  Dependencies: Pipeline #27
  Output: -> RESULT_COLLECTOR [port: default, barrier: FULL]
Pipeline #29: RESULT_COLLECTOR (id=34)
  Input: <- Pipeline #28 [on: RESULT_COLLECTOR (id=34), port: default, barrier: FULL]
  Dependencies: Pipeline #28

=== Query Plan DAG ===
┌─────────────────────────────┐                                                                                             
│ Pipeline #29                │                                                                                             
│ RESULT_COLLECTOR (id=34)    │                                                                                             
│ Input(#28): FULL            │                                                                                             
└──────────────┬──────────────┘                                                                                             
               │                                                                                                            
┌─────────────────────────────┐                                                                                             
│ Pipeline #28                │                                                                                             
│ MERGE_SORT (id=58)          │                                                                                             
│ Input(#27): FULL            │                                                                                             
└──────────────┬──────────────┘                                                                                             
               │                                                                                                            
┌─────────────────────────────┐                                                                                             
│ Pipeline #27                │                                                                                             
│ SORT_PARTITION (id=57)      │                                                                                             
│ SORT_SAMPLE (id=56)         │                                                                                             
│ Input(#26): PIPELINE        │                                                                                             
└──────────────┬──────────────┘                                                                                             
               │                                                                                                            
┌─────────────────────────────┐                                                                                             
│ Pipeline #26                │                                                                                             
│ ORDER_BY (id=33)            │                                                                                             
│ Input(#25): FULL            │                                                                                             
└──────────────┬──────────────┘                                                                                             
               │                                                                                                            
┌─────────────────────────────┐                                                                                             
│ Pipeline #25                │                                                                                             
│ MERGE_GROUP_BY (id=55)      │                                                                                             
│ Input(#24): FULL            │                                                                                             
└──────────────┬──────────────┘                                                                                             
               │                                                                                                            
┌─────────────────────────────┐                                                                                             
│ Pipeline #24                │                                                                                             
│ PARTITION (id=54)           │                                                                                             
│ Input(#23): FULL            │                                                                                             
└──────────────┬──────────────┘                                                                                             
               │                                                                                                            
┌─────────────────────────────┐                                                                                             
│ Pipeline #23                │                                                                                             
│ HASH_GROUP_BY (id=32)       │                                                                                             
│ PROJECTION (id=31)          │                                                                                             
│ HASH_JOIN (id=27)           │                                                                                             
│   type: RIGHT_ANTI          │                                                                                             
│ Input(#22): FULL            │                                                                                             
│ Input(#12): FULL            │                                                                                             
└──────────────┬──────────────┘                                                                                             
               ┌─────────────────────────────────────────────────────────────┐                                              
               │                                                             │                                              
┌─────────────────────────────┐                               ┌─────────────────────────────┐                               
│ Pipeline #12                │                               │ Pipeline #22                │                               
│ CONCAT (id=45)              │                               │ CONCAT (id=52)              │                               
│ Input(#11): FULL            │                               │ Input(#21): PARTIAL         │                               
└──────────────┬──────────────┘                               └──────────────┬──────────────┘                               
               │                                                             │                                              
┌─────────────────────────────┐                               ┌─────────────────────────────┐                               
│ Pipeline #11                │                               │ Pipeline #21                │                               
│ RIGHT_DELIM_JOIN (id=28)    │                               │ PARTITION (id=53)           │                               
│ Input(#10): FULL            │                               │ Input(#20): PARTIAL         │                               
└──────────────┬──────────────┘                               └──────────────┬──────────────┘                               
               │                                                             │                                              
┌─────────────────────────────┐                               ┌─────────────────────────────┐                               
│ Pipeline #10                │                               │ Pipeline #20                │                               
│ NESTED_LOOP_JOIN (id=26)    │                               │ PROJECTION (id=20)          │                               
│   type: INNER               │                               │ HASH_JOIN (id=19)           │                               
│ Input(#9): FULL             │                               │   type: INNER               │                               
│ Input(#6): FULL             │                               │ Input(#19): FULL            │                               
│                             │                               │ Input(#16): FULL            │                               
└──────────────┬──────────────┘                               └──────────────┬──────────────┘                               
               ┌──────────────────────────────┐                              ┌──────────────────────────────┐               
               │                              │                              │                              │               
┌─────────────────────────────┐┌─────────────────────────────┐┌─────────────────────────────┐┌─────────────────────────────┐
│ Pipeline #6                 ││ Pipeline #9                 ││ Pipeline #16                ││ Pipeline #19                │
│ CONCAT (id=38)              ││ CONCAT (id=41)              ││ CONCAT (id=47)              ││ CONCAT (id=50)              │
│ Input(#5): PARTIAL          ││ Input(#8): PARTIAL          ││ Input(#15): PARTIAL         ││ Input(#18): PARTIAL         │
└──────────────┬──────────────┘└──────────────┬──────────────┘└──────────────┬──────────────┘└──────────────┬──────────────┘
               │                              │                              │                              │               
┌─────────────────────────────┐┌─────────────────────────────┐┌─────────────────────────────┐┌─────────────────────────────┐
│ Pipeline #5                 ││ Pipeline #8                 ││ Pipeline #15                ││ Pipeline #18                │
│ PARTITION (id=39)           ││ PARTITION (id=42)           ││ PARTITION (id=48)           ││ PARTITION (id=51)           │
│ Input(#4): FULL             ││ Input(#7): FULL             ││ Input(#14): FULL            ││ Input(#17): PARTIAL         │
└──────────────┬──────────────┘└──────────────┬──────────────┘└──────────────┬──────────────┘└──────────────┬──────────────┘
               │                              │                              │                              │               
┌─────────────────────────────┐┌─────────────────────────────┐┌─────────────────────────────┐┌─────────────────────────────┐
│ Pipeline #4                 ││ Pipeline #7                 ││ Pipeline #14                ││ Pipeline #17                │
│ PROJECTION (id=25)          ││ GPU_SCAN (id=40)            ││ MERGE_GROUP_BY (id=46)      ││ GPU_SCAN (id=49)            │
│ Input(#3): FULL             ││                             ││ Input(#13): FULL            ││                             │
└──────────────┬──────────────┘└─────────────────────────────┘└──────────────┬──────────────┘└─────────────────────────────┘
               │                                                             │                                              
┌─────────────────────────────┐                               ┌─────────────────────────────┐                               
│ Pipeline #3                 │                               │ Pipeline #13                │                               
│ MERGE_AGGREGATE (id=37)     │                               │ PARTITION (id=44)           │                               
│ Input(#2): FULL             │                               │ Input(#11): FULL            │                               
└──────────────┬──────────────┘                               └──────────────┬──────────────┘                               
               │                                                             │                                              
┌─────────────────────────────┐                               ┌─────────────────────────────┐                               
│ Pipeline #2                 │                               │ (-> Pipeline #11)           │                               
│ UNGROUPED_AGGREGATE (id=24) │                               │                             │                               
│ Input(#1): FULL             │                               │                             │                               
└──────────────┬──────────────┘                               └──────────────┬──────────────┘                               
               │                                                                                                            
┌─────────────────────────────┐                                                                                             
│ Pipeline #1                 │                                                                                             
│ MERGE_AGGREGATE (id=36)     │                                                                                             
│ Input(#0): FULL             │                                                                                             
└──────────────┬──────────────┘                                                                                             
               │                                                                                                            
┌─────────────────────────────┐                                                                                             
│ Pipeline #0                 │                                                                                             
│ UNGROUPED_AGGREGATE (id=23) │                                                                                             
│ GPU_SCAN (id=35)            │                                                                                             
└─────────────────────────────┘                                                                                             

[2026-07-01 15:15:20.357] [info] [task_scheduler.cpp:367] [mgpu-audit] pipeline_task dispatched to GPU 0 task_id=0
[2026-07-01 15:15:20.357] [info] [task_scheduler.cpp:369] [locality-audit] dispatch task_id=0 preferred_device=0 actual_gpu=0
[2026-07-01 15:15:20.527] [info] [parquet_gpu_ingestible.cpp:696] [scan-audit] parquet_materialize target_gpu=0 files=/mnt/nvme/dataset/customer.parquet columns=c_acctbal,c_phone row_groups=0,1,2,3,4,5,6,7,8,9,10,11,12,13,14,15,16,17,18,19,20,21,22,23,24,25,26,27,28,29,30,31,32,33,34,35,36,37,38,39,40,41,42,43,44,45,46,47,48,49,50,51,52,53,54,55,56,57,58,59,60,61,62,63,64,65,66,67,68,69,70,71,72,73,74,75,76,77,78,79,80,81,82,83,84,85,86,87,88,89,90,91,92,93,94,95,96,97,98,99,100,101,102,103,104,105,106,107,108,109,110,111,112,113,114,115,116,117,118,119,120,121 compressed_bytes=251971269 uncompressed_bytes=120003782 column_bytes=c_acctbal:74124984:120003782,c_phone:177846285:285004026 output_rows=15000000 output_columns=2 split_count=1 duration_us=167647
[2026-07-01 15:15:20.557] [info] [gpu_pipeline_task.cpp:311] [stage-audit] pipeline_id=0 task_id=0 operator_id=35 operator_name=GPU_SCAN stage_kind=SCAN operator_type=94 input_type=GPU_SCAN output_type=PIPELINEABLE actual_gpu=0 pipeline_operator_count=2 input_batches=0 input_rows=0 input_columns=0 input_bytes=0 output_batches=1 output_rows=3818224 output_columns=1 output_bytes=31023104 byte_ratio=0.000000 row_ratio=0.000000 duration_us=199942
[2026-07-01 15:15:20.564] [info] [gpu_pipeline_task.cpp:311] [stage-audit] pipeline_id=0 task_id=0 operator_id=23 operator_name=UNGROUPED_AGGREGATE stage_kind=AGGREGATE operator_type=8 input_type=PIPELINEABLE output_type=PIPELINEABLE actual_gpu=0 pipeline_operator_count=2 input_batches=1 input_rows=3818224 input_columns=1 input_bytes=31023104 output_batches=1 output_rows=1 output_columns=2 output_bytes=16 byte_ratio=0.000001 row_ratio=0.000000 duration_us=7273
[2026-07-01 15:15:20.564] [warning] [gpu_pipeline_task.cpp:67] gpu_pipeline_task: operator 'UNGROUPED_AGGREGATE' (id=23) output batch 0 column count mismatch: got 2, expected 1
[2026-07-01 15:15:20.564] [info] [task_creator.cpp:352] [locality-audit] task_create operator_id=36 input_bytes=16 local_bytes=16 gpu_source_bytes=16 host_source_bytes=0 disk_source_bytes=0 gpu_sources=1 host_sources=0 preferred_device=0
[2026-07-01 15:15:20.565] [info] [task_scheduler.cpp:367] [mgpu-audit] pipeline_task dispatched to GPU 0 task_id=1
[2026-07-01 15:15:20.565] [info] [task_scheduler.cpp:369] [locality-audit] dispatch task_id=1 preferred_device=0 actual_gpu=0
[2026-07-01 15:15:20.565] [info] [gpu_pipeline_task.cpp:182] [locality-audit] prepare_before pipeline_id=1 task_id=1 preferred_device=0 actual_gpu=0 target_tier=GPU target_device=0 input_bytes=16 local_bytes=16 remote_gpu_bytes=0 host_bytes=0 disk_bytes=0 batch_count=1
[2026-07-01 15:15:20.565] [info] [gpu_pipeline_task.cpp:182] [locality-audit] prepare_after pipeline_id=1 task_id=1 preferred_device=0 actual_gpu=0 target_tier=GPU target_device=0 input_bytes=16 local_bytes=16 remote_gpu_bytes=0 host_bytes=0 disk_bytes=0 batch_count=1
[2026-07-01 15:15:20.578] [info] [gpu_pipeline_task.cpp:311] [stage-audit] pipeline_id=1 task_id=1 operator_id=36 operator_name=MERGE_AGGREGATE stage_kind=AGGREGATE operator_type=87 input_type=PIPELINEABLE output_type=PIPELINEABLE actual_gpu=0 pipeline_operator_count=1 input_batches=1 input_rows=1 input_columns=2 input_bytes=16 output_batches=1 output_rows=1 output_columns=1 output_bytes=8 byte_ratio=0.500000 row_ratio=1.000000 duration_us=12758
[2026-07-01 15:15:20.578] [info] [task_creator.cpp:352] [locality-audit] task_create operator_id=24 input_bytes=8 local_bytes=8 gpu_source_bytes=8 host_source_bytes=0 disk_source_bytes=0 gpu_sources=1 host_sources=0 preferred_device=0
[2026-07-01 15:15:20.578] [info] [task_scheduler.cpp:367] [mgpu-audit] pipeline_task dispatched to GPU 0 task_id=2
[2026-07-01 15:15:20.578] [info] [task_scheduler.cpp:369] [locality-audit] dispatch task_id=2 preferred_device=0 actual_gpu=0
[2026-07-01 15:15:20.578] [info] [gpu_pipeline_task.cpp:182] [locality-audit] prepare_before pipeline_id=2 task_id=2 preferred_device=0 actual_gpu=0 target_tier=GPU target_device=0 input_bytes=8 local_bytes=8 remote_gpu_bytes=0 host_bytes=0 disk_bytes=0 batch_count=1
[2026-07-01 15:15:20.578] [info] [gpu_pipeline_task.cpp:182] [locality-audit] prepare_after pipeline_id=2 task_id=2 preferred_device=0 actual_gpu=0 target_tier=GPU target_device=0 input_bytes=8 local_bytes=8 remote_gpu_bytes=0 host_bytes=0 disk_bytes=0 batch_count=1
[2026-07-01 15:15:20.581] [info] [gpu_pipeline_task.cpp:311] [stage-audit] pipeline_id=2 task_id=2 operator_id=24 operator_name=UNGROUPED_AGGREGATE stage_kind=AGGREGATE operator_type=8 input_type=PIPELINEABLE output_type=PIPELINEABLE actual_gpu=0 pipeline_operator_count=1 input_batches=1 input_rows=1 input_columns=1 input_bytes=8 output_batches=1 output_rows=1 output_columns=2 output_bytes=16 byte_ratio=2.000000 row_ratio=1.000000 duration_us=2527
[2026-07-01 15:15:20.581] [info] [task_creator.cpp:352] [locality-audit] task_create operator_id=37 input_bytes=16 local_bytes=16 gpu_source_bytes=16 host_source_bytes=0 disk_source_bytes=0 gpu_sources=1 host_sources=0 preferred_device=0
[2026-07-01 15:15:20.581] [info] [task_scheduler.cpp:367] [mgpu-audit] pipeline_task dispatched to GPU 0 task_id=3
[2026-07-01 15:15:20.581] [info] [task_scheduler.cpp:369] [locality-audit] dispatch task_id=3 preferred_device=0 actual_gpu=0
[2026-07-01 15:15:20.581] [info] [gpu_pipeline_task.cpp:182] [locality-audit] prepare_before pipeline_id=3 task_id=3 preferred_device=0 actual_gpu=0 target_tier=GPU target_device=0 input_bytes=16 local_bytes=16 remote_gpu_bytes=0 host_bytes=0 disk_bytes=0 batch_count=1
[2026-07-01 15:15:20.581] [info] [gpu_pipeline_task.cpp:182] [locality-audit] prepare_after pipeline_id=3 task_id=3 preferred_device=0 actual_gpu=0 target_tier=GPU target_device=0 input_bytes=16 local_bytes=16 remote_gpu_bytes=0 host_bytes=0 disk_bytes=0 batch_count=1
[2026-07-01 15:15:20.581] [info] [gpu_pipeline_task.cpp:311] [stage-audit] pipeline_id=3 task_id=3 operator_id=37 operator_name=MERGE_AGGREGATE stage_kind=AGGREGATE operator_type=87 input_type=PIPELINEABLE output_type=PIPELINEABLE actual_gpu=0 pipeline_operator_count=1 input_batches=1 input_rows=1 input_columns=2 input_bytes=16 output_batches=1 output_rows=1 output_columns=2 output_bytes=16 byte_ratio=1.000000 row_ratio=1.000000 duration_us=13
[2026-07-01 15:15:20.581] [info] [task_creator.cpp:352] [locality-audit] task_create operator_id=25 input_bytes=16 local_bytes=16 gpu_source_bytes=16 host_source_bytes=0 disk_source_bytes=0 gpu_sources=1 host_sources=0 preferred_device=0
[2026-07-01 15:15:20.581] [info] [task_scheduler.cpp:367] [mgpu-audit] pipeline_task dispatched to GPU 0 task_id=4
[2026-07-01 15:15:20.581] [info] [task_scheduler.cpp:369] [locality-audit] dispatch task_id=4 preferred_device=0 actual_gpu=0
[2026-07-01 15:15:20.581] [info] [gpu_pipeline_task.cpp:182] [locality-audit] prepare_before pipeline_id=4 task_id=4 preferred_device=0 actual_gpu=0 target_tier=GPU target_device=0 input_bytes=16 local_bytes=16 remote_gpu_bytes=0 host_bytes=0 disk_bytes=0 batch_count=1
[2026-07-01 15:15:20.581] [info] [gpu_pipeline_task.cpp:182] [locality-audit] prepare_after pipeline_id=4 task_id=4 preferred_device=0 actual_gpu=0 target_tier=GPU target_device=0 input_bytes=16 local_bytes=16 remote_gpu_bytes=0 host_bytes=0 disk_bytes=0 batch_count=1
[2026-07-01 15:15:20.588] [info] [gpu_pipeline_task.cpp:311] [stage-audit] pipeline_id=4 task_id=4 operator_id=25 operator_name=PROJECTION stage_kind=PROJECTION operator_type=13 input_type=PIPELINEABLE output_type=PIPELINEABLE actual_gpu=0 pipeline_operator_count=1 input_batches=1 input_rows=1 input_columns=2 input_bytes=16 output_batches=1 output_rows=1 output_columns=1 output_bytes=8 byte_ratio=0.500000 row_ratio=1.000000 duration_us=6595
[2026-07-01 15:15:20.588] [info] [task_creator.cpp:352] [locality-audit] task_create operator_id=39 input_bytes=8 local_bytes=8 gpu_source_bytes=8 host_source_bytes=0 disk_source_bytes=0 gpu_sources=1 host_sources=0 preferred_device=0
[2026-07-01 15:15:20.588] [info] [task_scheduler.cpp:367] [mgpu-audit] pipeline_task dispatched to GPU 0 task_id=5
[2026-07-01 15:15:20.588] [info] [task_scheduler.cpp:369] [locality-audit] dispatch task_id=5 preferred_device=0 actual_gpu=0
[2026-07-01 15:15:20.588] [info] [gpu_pipeline_task.cpp:182] [locality-audit] prepare_before pipeline_id=5 task_id=5 preferred_device=0 actual_gpu=0 target_tier=GPU target_device=0 input_bytes=8 local_bytes=8 remote_gpu_bytes=0 host_bytes=0 disk_bytes=0 batch_count=1
[2026-07-01 15:15:20.588] [info] [gpu_pipeline_task.cpp:182] [locality-audit] prepare_after pipeline_id=5 task_id=5 preferred_device=0 actual_gpu=0 target_tier=GPU target_device=0 input_bytes=8 local_bytes=8 remote_gpu_bytes=0 host_bytes=0 disk_bytes=0 batch_count=1
[2026-07-01 15:15:20.588] [info] [gpu_pipeline_task.cpp:311] [stage-audit] pipeline_id=5 task_id=5 operator_id=39 operator_name=PARTITION stage_kind=PARTITION operator_type=82 input_type=PIPELINEABLE output_type=PIPELINEABLE actual_gpu=0 pipeline_operator_count=1 input_batches=1 input_rows=1 input_columns=1 input_bytes=8 output_batches=1 output_rows=1 output_columns=1 output_bytes=8 byte_ratio=1.000000 row_ratio=1.000000 duration_us=3
[2026-07-01 15:15:20.588] [info] [task_scheduler.cpp:367] [mgpu-audit] pipeline_task dispatched to GPU 0 task_id=6
[2026-07-01 15:15:20.588] [info] [task_scheduler.cpp:369] [locality-audit] dispatch task_id=6 preferred_device=0 actual_gpu=0
[2026-07-01 15:15:20.588] [info] [gpu_pipeline_task.cpp:182] [locality-audit] prepare_before pipeline_id=6 task_id=6 preferred_device=0 actual_gpu=0 target_tier=GPU target_device=0 input_bytes=8 local_bytes=8 remote_gpu_bytes=0 host_bytes=0 disk_bytes=0 batch_count=1
[2026-07-01 15:15:20.588] [info] [gpu_pipeline_task.cpp:182] [locality-audit] prepare_after pipeline_id=6 task_id=6 preferred_device=0 actual_gpu=0 target_tier=GPU target_device=0 input_bytes=8 local_bytes=8 remote_gpu_bytes=0 host_bytes=0 disk_bytes=0 batch_count=1
[2026-07-01 15:15:20.588] [info] [gpu_pipeline_task.cpp:311] [stage-audit] pipeline_id=6 task_id=6 operator_id=38 operator_name=CONCAT stage_kind=CONCAT operator_type=83 input_type=PARTITIONED output_type=PARTITIONED actual_gpu=0 pipeline_operator_count=1 input_batches=1 input_rows=1 input_columns=1 input_bytes=8 output_batches=1 output_rows=1 output_columns=1 output_bytes=8 byte_ratio=1.000000 row_ratio=1.000000 duration_us=4
[2026-07-01 15:15:20.589] [info] [task_scheduler.cpp:367] [mgpu-audit] pipeline_task dispatched to GPU 1 task_id=7
[2026-07-01 15:15:20.589] [info] [task_scheduler.cpp:369] [locality-audit] dispatch task_id=7 preferred_device=1 actual_gpu=1
[2026-07-01 15:15:20.773] [info] [parquet_gpu_ingestible.cpp:696] [scan-audit] parquet_materialize target_gpu=1 files=/mnt/nvme/dataset/customer.parquet columns=c_custkey,c_phone,c_acctbal row_groups=0,1,2,3,4,5,6,7,8,9,10,11,12,13,14,15,16,17,18,19,20,21,22,23,24,25,26,27,28,29,30,31,32,33,34,35,36,37,38,39,40,41,42,43,44,45,46,47,48,49,50,51,52,53,54,55,56,57,58,59,60,61,62,63,64,65,66,67,68,69,70,71,72,73,74,75,76,77,78,79,80,81,82,83,84,85,86,87,88,89,90,91,92,93,94,95,96,97,98,99,100,101,102,103,104,105,106,107,108,109,110,111,112,113,114,115,116,117,118,119,120,121 compressed_bytes=312013494 uncompressed_bytes=525011590 column_bytes=c_custkey:60042225:120003782,c_phone:177846285:285004026,c_acctbal:74124984:120003782 output_rows=15000000 output_columns=3 split_count=1 duration_us=184072
[2026-07-01 15:15:20.798] [info] [gpu_pipeline_task.cpp:311] [stage-audit] pipeline_id=7 task_id=7 operator_id=40 operator_name=GPU_SCAN stage_kind=SCAN operator_type=94 input_type=GPU_SCAN output_type=PIPELINEABLE actual_gpu=1 pipeline_operator_count=1 input_batches=0 input_rows=0 input_columns=0 input_bytes=0 output_batches=1 output_rows=4199998 output_columns=3 output_bytes=148575102 byte_ratio=0.000000 row_ratio=0.000000 duration_us=209479
[2026-07-01 15:15:20.799] [info] [task_creator.cpp:352] [locality-audit] task_create operator_id=42 input_bytes=148575102 local_bytes=148575102 gpu_source_bytes=148575102 host_source_bytes=0 disk_source_bytes=0 gpu_sources=1 host_sources=0 preferred_device=1
[2026-07-01 15:15:20.799] [info] [task_scheduler.cpp:367] [mgpu-audit] pipeline_task dispatched to GPU 1 task_id=8
[2026-07-01 15:15:20.799] [info] [task_scheduler.cpp:369] [locality-audit] dispatch task_id=8 preferred_device=1 actual_gpu=1
[2026-07-01 15:15:20.799] [info] [gpu_pipeline_task.cpp:182] [locality-audit] prepare_before pipeline_id=8 task_id=8 preferred_device=1 actual_gpu=1 target_tier=GPU target_device=1 input_bytes=148575102 local_bytes=148575102 remote_gpu_bytes=0 host_bytes=0 disk_bytes=0 batch_count=1
[2026-07-01 15:15:20.799] [info] [gpu_pipeline_task.cpp:182] [locality-audit] prepare_after pipeline_id=8 task_id=8 preferred_device=1 actual_gpu=1 target_tier=GPU target_device=1 input_bytes=148575102 local_bytes=148575102 remote_gpu_bytes=0 host_bytes=0 disk_bytes=0 batch_count=1
[2026-07-01 15:15:20.799] [info] [gpu_pipeline_task.cpp:311] [stage-audit] pipeline_id=8 task_id=8 operator_id=42 operator_name=PARTITION stage_kind=PARTITION operator_type=82 input_type=PIPELINEABLE output_type=PIPELINEABLE actual_gpu=1 pipeline_operator_count=1 input_batches=1 input_rows=4199998 input_columns=3 input_bytes=148575102 output_batches=1 output_rows=4199998 output_columns=3 output_bytes=148575102 byte_ratio=1.000000 row_ratio=1.000000 duration_us=6
[2026-07-01 15:15:20.799] [info] [task_scheduler.cpp:367] [mgpu-audit] pipeline_task dispatched to GPU 0 task_id=9
[2026-07-01 15:15:20.799] [info] [task_scheduler.cpp:369] [locality-audit] dispatch task_id=9 preferred_device=0 actual_gpu=0
[2026-07-01 15:15:20.800] [info] [gpu_pipeline_task.cpp:182] [locality-audit] prepare_before pipeline_id=9 task_id=9 preferred_device=0 actual_gpu=0 target_tier=GPU target_device=0 input_bytes=148575102 local_bytes=0 remote_gpu_bytes=148575102 host_bytes=0 disk_bytes=0 batch_count=1
[2026-07-01 15:15:21.114] [info] [gpu_pipeline_task.cpp:182] [locality-audit] prepare_after pipeline_id=9 task_id=9 preferred_device=0 actual_gpu=0 target_tier=GPU target_device=0 input_bytes=148575102 local_bytes=148575102 remote_gpu_bytes=0 host_bytes=0 disk_bytes=0 batch_count=1
[2026-07-01 15:15:21.114] [info] [gpu_pipeline_task.cpp:311] [stage-audit] pipeline_id=9 task_id=9 operator_id=41 operator_name=CONCAT stage_kind=CONCAT operator_type=83 input_type=PARTITIONED output_type=PARTITIONED actual_gpu=0 pipeline_operator_count=1 input_batches=1 input_rows=4199998 input_columns=3 input_bytes=148575102 output_batches=1 output_rows=4199998 output_columns=3 output_bytes=148575102 byte_ratio=1.000000 row_ratio=1.000000 duration_us=1
[2026-07-01 15:15:21.114] [info] [task_creator.cpp:352] [locality-audit] task_create operator_id=26 input_bytes=148575110 local_bytes=148575110 gpu_source_bytes=148575110 host_source_bytes=0 disk_source_bytes=0 gpu_sources=1 host_sources=0 preferred_device=0
[2026-07-01 15:15:21.114] [info] [task_scheduler.cpp:367] [mgpu-audit] pipeline_task dispatched to GPU 0 task_id=10
[2026-07-01 15:15:21.114] [info] [task_scheduler.cpp:369] [locality-audit] dispatch task_id=10 preferred_device=0 actual_gpu=0
[2026-07-01 15:15:21.114] [info] [gpu_pipeline_task.cpp:182] [locality-audit] prepare_before pipeline_id=10 task_id=10 preferred_device=0 actual_gpu=0 target_tier=GPU target_device=0 input_bytes=148575110 local_bytes=148575110 remote_gpu_bytes=0 host_bytes=0 disk_bytes=0 batch_count=2
[2026-07-01 15:15:21.114] [info] [gpu_pipeline_task.cpp:182] [locality-audit] prepare_after pipeline_id=10 task_id=10 preferred_device=0 actual_gpu=0 target_tier=GPU target_device=0 input_bytes=148575110 local_bytes=148575110 remote_gpu_bytes=0 host_bytes=0 disk_bytes=0 batch_count=2
[2026-07-01 15:15:21.121] [info] [gpu_pipeline_task.cpp:311] [stage-audit] pipeline_id=10 task_id=10 operator_id=26 operator_name=NESTED_LOOP_JOIN stage_kind=JOIN operator_type=32 input_type=PIPELINEABLE output_type=PIPELINEABLE actual_gpu=0 pipeline_operator_count=1 input_batches=2 input_rows=4199999 input_columns=4 input_bytes=148575110 output_batches=1 output_rows=1908501 output_columns=4 output_bytes=82781323 byte_ratio=0.557168 row_ratio=0.454405 duration_us=6674
[2026-07-01 15:15:21.121] [info] [task_creator.cpp:352] [locality-audit] task_create operator_id=28 input_bytes=82781323 local_bytes=82781323 gpu_source_bytes=82781323 host_source_bytes=0 disk_source_bytes=0 gpu_sources=1 host_sources=0 preferred_device=0
[2026-07-01 15:15:21.121] [info] [task_scheduler.cpp:367] [mgpu-audit] pipeline_task dispatched to GPU 0 task_id=11
[2026-07-01 15:15:21.121] [info] [task_scheduler.cpp:369] [locality-audit] dispatch task_id=11 preferred_device=0 actual_gpu=0
[2026-07-01 15:15:21.121] [info] [gpu_pipeline_task.cpp:182] [locality-audit] prepare_before pipeline_id=11 task_id=11 preferred_device=0 actual_gpu=0 target_tier=GPU target_device=0 input_bytes=82781323 local_bytes=82781323 remote_gpu_bytes=0 host_bytes=0 disk_bytes=0 batch_count=1
[2026-07-01 15:15:21.121] [info] [gpu_pipeline_task.cpp:182] [locality-audit] prepare_after pipeline_id=11 task_id=11 preferred_device=0 actual_gpu=0 target_tier=GPU target_device=0 input_bytes=82781323 local_bytes=82781323 remote_gpu_bytes=0 host_bytes=0 disk_bytes=0 batch_count=1
[2026-07-01 15:15:21.121] [info] [gpu_pipeline_task.cpp:311] [stage-audit] pipeline_id=11 task_id=11 operator_id=28 operator_name=RIGHT_DELIM_JOIN stage_kind=JOIN operator_type=38 input_type=PIPELINEABLE output_type=PIPELINEABLE actual_gpu=0 pipeline_operator_count=1 input_batches=1 input_rows=1908501 input_columns=4 input_bytes=82781323 output_batches=1 output_rows=1908501 output_columns=4 output_bytes=82781323 byte_ratio=1.000000 row_ratio=1.000000 duration_us=2
[2026-07-01 15:15:21.121] [warning] [gpu_pipeline_task.cpp:67] gpu_pipeline_task: operator 'RIGHT_DELIM_JOIN' (id=28) output batch 0 column count mismatch: got 4, expected 2
[2026-07-01 15:15:21.140] [info] [task_scheduler.cpp:367] [mgpu-audit] pipeline_task dispatched to GPU 1 task_id=13
[2026-07-01 15:15:21.140] [info] [task_scheduler.cpp:369] [locality-audit] dispatch task_id=13 preferred_device=1 actual_gpu=1
[2026-07-01 15:15:21.140] [info] [task_scheduler.cpp:367] [mgpu-audit] pipeline_task dispatched to GPU 0 task_id=12
[2026-07-01 15:15:21.140] [info] [task_scheduler.cpp:369] [locality-audit] dispatch task_id=12 preferred_device=0 actual_gpu=0
[2026-07-01 15:15:21.140] [info] [task_scheduler.cpp:367] [mgpu-audit] pipeline_task dispatched to GPU 2 task_id=14
[2026-07-01 15:15:21.140] [info] [task_scheduler.cpp:369] [locality-audit] dispatch task_id=14 preferred_device=2 actual_gpu=2
[2026-07-01 15:15:21.140] [info] [task_scheduler.cpp:367] [mgpu-audit] pipeline_task dispatched to GPU 3 task_id=15
[2026-07-01 15:15:21.140] [info] [task_scheduler.cpp:369] [locality-audit] dispatch task_id=15 preferred_device=3 actual_gpu=3
[2026-07-01 15:15:21.140] [info] [task_creator.cpp:352] [locality-audit] task_create operator_id=44 input_bytes=15506600 local_bytes=15506600 gpu_source_bytes=15506600 host_source_bytes=0 disk_source_bytes=0 gpu_sources=1 host_sources=0 preferred_device=0
[2026-07-01 15:15:21.141] [info] [task_scheduler.cpp:367] [mgpu-audit] pipeline_task dispatched to GPU 0 task_id=16
[2026-07-01 15:15:21.141] [info] [task_scheduler.cpp:369] [locality-audit] dispatch task_id=16 preferred_device=0 actual_gpu=0
[2026-07-01 15:15:21.141] [info] [gpu_pipeline_task.cpp:182] [locality-audit] prepare_before pipeline_id=12 task_id=12 preferred_device=0 actual_gpu=0 target_tier=GPU target_device=0 input_bytes=20602686 local_bytes=20602686 remote_gpu_bytes=0 host_bytes=0 disk_bytes=0 batch_count=1
[2026-07-01 15:15:21.141] [info] [gpu_pipeline_task.cpp:182] [locality-audit] prepare_before pipeline_id=13 task_id=16 preferred_device=0 actual_gpu=0 target_tier=GPU target_device=0 input_bytes=15506600 local_bytes=15506600 remote_gpu_bytes=0 host_bytes=0 disk_bytes=0 batch_count=1
[2026-07-01 15:15:21.141] [info] [gpu_pipeline_task.cpp:182] [locality-audit] prepare_after pipeline_id=13 task_id=16 preferred_device=0 actual_gpu=0 target_tier=GPU target_device=0 input_bytes=15506600 local_bytes=15506600 remote_gpu_bytes=0 host_bytes=0 disk_bytes=0 batch_count=1
[2026-07-01 15:15:21.141] [info] [gpu_pipeline_task.cpp:311] [stage-audit] pipeline_id=13 task_id=16 operator_id=44 operator_name=PARTITION stage_kind=PARTITION operator_type=82 input_type=PIPELINEABLE output_type=PIPELINEABLE actual_gpu=0 pipeline_operator_count=1 input_batches=1 input_rows=1908501 input_columns=1 input_bytes=15506600 output_batches=1 output_rows=1908501 output_columns=1 output_bytes=15506600 byte_ratio=1.000000 row_ratio=1.000000 duration_us=2
[2026-07-01 15:15:21.141] [info] [gpu_pipeline_task.cpp:182] [locality-audit] prepare_after pipeline_id=12 task_id=12 preferred_device=0 actual_gpu=0 target_tier=GPU target_device=0 input_bytes=20602686 local_bytes=20602686 remote_gpu_bytes=0 host_bytes=0 disk_bytes=0 batch_count=1
[2026-07-01 15:15:21.141] [info] [task_scheduler.cpp:367] [mgpu-audit] pipeline_task dispatched to GPU 0 task_id=17
[2026-07-01 15:15:21.141] [info] [task_scheduler.cpp:369] [locality-audit] dispatch task_id=17 preferred_device=0 actual_gpu=0
[2026-07-01 15:15:21.141] [info] [gpu_pipeline_task.cpp:182] [locality-audit] prepare_before pipeline_id=12 task_id=13 preferred_device=1 actual_gpu=1 target_tier=GPU target_device=1 input_bytes=20525847 local_bytes=0 remote_gpu_bytes=20525847 host_bytes=0 disk_bytes=0 batch_count=1
[2026-07-01 15:15:21.141] [info] [gpu_pipeline_task.cpp:311] [stage-audit] pipeline_id=12 task_id=12 operator_id=45 operator_name=CONCAT stage_kind=CONCAT operator_type=83 input_type=PARTITIONED output_type=PARTITIONED actual_gpu=0 pipeline_operator_count=1 input_batches=1 input_rows=477742 input_columns=4 input_bytes=20602686 output_batches=1 output_rows=477742 output_columns=4 output_bytes=20602686 byte_ratio=1.000000 row_ratio=1.000000 duration_us=8
[2026-07-01 15:15:21.141] [info] [gpu_pipeline_task.cpp:182] [locality-audit] prepare_before pipeline_id=12 task_id=14 preferred_device=2 actual_gpu=2 target_tier=GPU target_device=2 input_bytes=20578349 local_bytes=0 remote_gpu_bytes=20578349 host_bytes=0 disk_bytes=0 batch_count=1
[2026-07-01 15:15:21.141] [info] [gpu_pipeline_task.cpp:182] [locality-audit] prepare_before pipeline_id=14 task_id=17 preferred_device=0 actual_gpu=0 target_tier=GPU target_device=0 input_bytes=15506600 local_bytes=15506600 remote_gpu_bytes=0 host_bytes=0 disk_bytes=0 batch_count=1
[2026-07-01 15:15:21.141] [info] [gpu_pipeline_task.cpp:182] [locality-audit] prepare_after pipeline_id=14 task_id=17 preferred_device=0 actual_gpu=0 target_tier=GPU target_device=0 input_bytes=15506600 local_bytes=15506600 remote_gpu_bytes=0 host_bytes=0 disk_bytes=0 batch_count=1
[2026-07-01 15:15:21.141] [info] [gpu_pipeline_task.cpp:311] [stage-audit] pipeline_id=14 task_id=17 operator_id=46 operator_name=MERGE_GROUP_BY stage_kind=AGGREGATE operator_type=85 input_type=PARTITIONED output_type=PIPELINEABLE actual_gpu=0 pipeline_operator_count=1 input_batches=1 input_rows=1908501 input_columns=1 input_bytes=15506600 output_batches=1 output_rows=1908501 output_columns=1 output_bytes=15506600 byte_ratio=1.000000 row_ratio=1.000000 duration_us=1
[2026-07-01 15:15:21.141] [info] [gpu_pipeline_task.cpp:182] [locality-audit] prepare_before pipeline_id=12 task_id=15 preferred_device=3 actual_gpu=0 target_tier=GPU target_device=3 input_bytes=20597333 local_bytes=0 remote_gpu_bytes=20597333 host_bytes=0 disk_bytes=0 batch_count=1
[2026-07-01 15:15:21.141] [info] [task_creator.cpp:352] [locality-audit] task_create operator_id=48 input_bytes=15506600 local_bytes=15506600 gpu_source_bytes=15506600 host_source_bytes=0 disk_source_bytes=0 gpu_sources=1 host_sources=0 preferred_device=0
[2026-07-01 15:15:21.141] [info] [task_scheduler.cpp:367] [mgpu-audit] pipeline_task dispatched to GPU 0 task_id=18
[2026-07-01 15:15:21.141] [info] [task_scheduler.cpp:369] [locality-audit] dispatch task_id=18 preferred_device=0 actual_gpu=0
[2026-07-01 15:15:21.141] [info] [gpu_pipeline_task.cpp:182] [locality-audit] prepare_before pipeline_id=15 task_id=18 preferred_device=0 actual_gpu=0 target_tier=GPU target_device=0 input_bytes=15506600 local_bytes=15506600 remote_gpu_bytes=0 host_bytes=0 disk_bytes=0 batch_count=1
[2026-07-01 15:15:21.141] [info] [gpu_pipeline_task.cpp:182] [locality-audit] prepare_after pipeline_id=15 task_id=18 preferred_device=0 actual_gpu=0 target_tier=GPU target_device=0 input_bytes=15506600 local_bytes=15506600 remote_gpu_bytes=0 host_bytes=0 disk_bytes=0 batch_count=1
[2026-07-01 15:15:21.141] [info] [gpu_pipeline_task.cpp:311] [stage-audit] pipeline_id=15 task_id=18 operator_id=48 operator_name=PARTITION stage_kind=PARTITION operator_type=82 input_type=PIPELINEABLE output_type=PIPELINEABLE actual_gpu=0 pipeline_operator_count=1 input_batches=1 input_rows=1908501 input_columns=1 input_bytes=15506600 output_batches=1 output_rows=1908501 output_columns=1 output_bytes=15506600 byte_ratio=1.000000 row_ratio=1.000000 duration_us=1
[2026-07-01 15:15:21.141] [info] [task_scheduler.cpp:367] [mgpu-audit] pipeline_task dispatched to GPU 0 task_id=19
[2026-07-01 15:15:21.141] [info] [task_scheduler.cpp:369] [locality-audit] dispatch task_id=19 preferred_device=0 actual_gpu=0
[2026-07-01 15:15:21.141] [info] [gpu_pipeline_task.cpp:182] [locality-audit] prepare_before pipeline_id=16 task_id=19 preferred_device=0 actual_gpu=0 target_tier=GPU target_device=0 input_bytes=15506600 local_bytes=15506600 remote_gpu_bytes=0 host_bytes=0 disk_bytes=0 batch_count=1
[2026-07-01 15:15:21.141] [info] [gpu_pipeline_task.cpp:182] [locality-audit] prepare_after pipeline_id=16 task_id=19 preferred_device=0 actual_gpu=0 target_tier=GPU target_device=0 input_bytes=15506600 local_bytes=15506600 remote_gpu_bytes=0 host_bytes=0 disk_bytes=0 batch_count=1
[2026-07-01 15:15:21.141] [info] [gpu_pipeline_task.cpp:311] [stage-audit] pipeline_id=16 task_id=19 operator_id=47 operator_name=CONCAT stage_kind=CONCAT operator_type=83 input_type=PARTITIONED output_type=PARTITIONED actual_gpu=0 pipeline_operator_count=1 input_batches=1 input_rows=1908501 input_columns=1 input_bytes=15506600 output_batches=1 output_rows=1908501 output_columns=1 output_bytes=15506600 byte_ratio=1.000000 row_ratio=1.000000 duration_us=1
[2026-07-01 15:15:21.141] [info] [task_scheduler.cpp:367] [mgpu-audit] pipeline_task dispatched to GPU 2 task_id=20
[2026-07-01 15:15:21.141] [info] [task_scheduler.cpp:369] [locality-audit] dispatch task_id=20 preferred_device=2 actual_gpu=2
[2026-07-01 15:15:21.141] [info] [task_scheduler.cpp:367] [mgpu-audit] pipeline_task dispatched to GPU 3 task_id=21
[2026-07-01 15:15:21.141] [info] [task_scheduler.cpp:369] [locality-audit] dispatch task_id=21 preferred_device=3 actual_gpu=3
[2026-07-01 15:15:21.141] [info] [task_scheduler.cpp:367] [mgpu-audit] pipeline_task dispatched to GPU 0 task_id=22
[2026-07-01 15:15:21.141] [info] [task_scheduler.cpp:369] [locality-audit] dispatch task_id=22 preferred_device=0 actual_gpu=0
[2026-07-01 15:15:21.143] [info] [gpu_pipeline_task.cpp:182] [locality-audit] prepare_after pipeline_id=12 task_id=14 preferred_device=2 actual_gpu=2 target_tier=GPU target_device=2 input_bytes=20578349 local_bytes=20578349 remote_gpu_bytes=0 host_bytes=0 disk_bytes=0 batch_count=1
[2026-07-01 15:15:21.143] [info] [gpu_pipeline_task.cpp:311] [stage-audit] pipeline_id=12 task_id=14 operator_id=45 operator_name=CONCAT stage_kind=CONCAT operator_type=83 input_type=PARTITIONED output_type=PARTITIONED actual_gpu=2 pipeline_operator_count=1 input_batches=1 input_rows=477179 input_columns=4 input_bytes=20578349 output_batches=1 output_rows=477179 output_columns=4 output_bytes=20578349 byte_ratio=1.000000 row_ratio=1.000000 duration_us=5
[2026-07-01 15:15:21.143] [info] [gpu_pipeline_task.cpp:182] [locality-audit] prepare_after pipeline_id=12 task_id=15 preferred_device=3 actual_gpu=0 target_tier=GPU target_device=3 input_bytes=20597333 local_bytes=20597333 remote_gpu_bytes=0 host_bytes=0 disk_bytes=0 batch_count=1
[2026-07-01 15:15:21.143] [info] [gpu_pipeline_task.cpp:311] [stage-audit] pipeline_id=12 task_id=15 operator_id=45 operator_name=CONCAT stage_kind=CONCAT operator_type=83 input_type=PARTITIONED output_type=PARTITIONED actual_gpu=0 pipeline_operator_count=1 input_batches=1 input_rows=477619 input_columns=4 input_bytes=20597333 output_batches=1 output_rows=477619 output_columns=4 output_bytes=20597333 byte_ratio=1.000000 row_ratio=1.000000 duration_us=5
[2026-07-01 15:15:21.144] [info] [gpu_pipeline_task.cpp:182] [locality-audit] prepare_after pipeline_id=12 task_id=13 preferred_device=1 actual_gpu=1 target_tier=GPU target_device=1 input_bytes=20525847 local_bytes=20525847 remote_gpu_bytes=0 host_bytes=0 disk_bytes=0 batch_count=1
[2026-07-01 15:15:21.144] [info] [gpu_pipeline_task.cpp:311] [stage-audit] pipeline_id=12 task_id=13 operator_id=45 operator_name=CONCAT stage_kind=CONCAT operator_type=83 input_type=PARTITIONED output_type=PARTITIONED actual_gpu=1 pipeline_operator_count=1 input_batches=1 input_rows=475961 input_columns=4 input_bytes=20525847 output_batches=1 output_rows=475961 output_columns=4 output_bytes=20525847 byte_ratio=1.000000 row_ratio=1.000000 duration_us=1
[2026-07-01 15:15:21.490] [info] [parquet_gpu_ingestible.cpp:696] [scan-audit] parquet_materialize target_gpu=0 files=/mnt/nvme/dataset/orders.parquet columns=o_custkey row_groups=1088,1089,1090,1091,1092,1093,1094,1095,1096,1097,1098,1099,1100,1101,1102,1103,1104,1105,1106,1107,1108,1109,1110,1111,1112,1113,1114,1115,1116,1117,1118,1119,1120,1121,1122,1123,1124,1125,1126,1127,1128,1129,1130,1131,1132,1133,1134,1135,1136,1137,1138,1139,1140,1141,1142,1143,1144,1145,1146,1147,1148,1149,1150,1151,1152,1153,1154,1155,1156,1157,1158,1159,1160,1161,1162,1163,1164,1165,1166,1167,1168,1169,1170,1171,1172,1173,1174,1175,1176,1177,1178,1179,1180,1181,1182,1183,1184,1185,1186,1187,1188,1189,1190,1191,1192,1193,1194,1195,1196,1197,1198,1199,1200,1201,1202,1203,1204,1205,1206,1207,1208,1209,1210,1211,1212,1213,1214,1215,1216,1217 compressed_bytes=85102959 uncompressed_bytes=127480718 column_bytes=o_custkey:85102959:127480718 output_rows=15934586 output_columns=1 split_count=1 duration_us=334189
[2026-07-01 15:15:21.490] [info] [gpu_pipeline_task.cpp:311] [stage-audit] pipeline_id=17 task_id=22 operator_id=49 operator_name=GPU_SCAN stage_kind=SCAN operator_type=94 input_type=GPU_SCAN output_type=PIPELINEABLE actual_gpu=0 pipeline_operator_count=1 input_batches=0 input_rows=0 input_columns=0 input_bytes=0 output_batches=1 output_rows=15934586 output_columns=1 output_bytes=129468560 byte_ratio=0.000000 row_ratio=0.000000 duration_us=348324
[2026-07-01 15:15:21.490] [info] [task_creator.cpp:352] [locality-audit] task_create operator_id=51 input_bytes=129468560 local_bytes=129468560 gpu_source_bytes=129468560 host_source_bytes=0 disk_source_bytes=0 gpu_sources=1 host_sources=0 preferred_device=0
[2026-07-01 15:15:21.490] [info] [task_scheduler.cpp:367] [mgpu-audit] pipeline_task dispatched to GPU 0 task_id=23
[2026-07-01 15:15:21.490] [info] [task_scheduler.cpp:369] [locality-audit] dispatch task_id=23 preferred_device=0 actual_gpu=0
[2026-07-01 15:15:21.490] [info] [gpu_pipeline_task.cpp:182] [locality-audit] prepare_before pipeline_id=18 task_id=23 preferred_device=0 actual_gpu=0 target_tier=GPU target_device=0 input_bytes=129468560 local_bytes=129468560 remote_gpu_bytes=0 host_bytes=0 disk_bytes=0 batch_count=1
[2026-07-01 15:15:21.490] [info] [gpu_pipeline_task.cpp:182] [locality-audit] prepare_after pipeline_id=18 task_id=23 preferred_device=0 actual_gpu=0 target_tier=GPU target_device=0 input_bytes=129468560 local_bytes=129468560 remote_gpu_bytes=0 host_bytes=0 disk_bytes=0 batch_count=1
[2026-07-01 15:15:21.490] [info] [gpu_pipeline_task.cpp:311] [stage-audit] pipeline_id=18 task_id=23 operator_id=51 operator_name=PARTITION stage_kind=PARTITION operator_type=82 input_type=PIPELINEABLE output_type=PIPELINEABLE actual_gpu=0 pipeline_operator_count=1 input_batches=1 input_rows=15934586 input_columns=1 input_bytes=129468560 output_batches=1 output_rows=15934586 output_columns=1 output_bytes=129468560 byte_ratio=1.000000 row_ratio=1.000000 duration_us=7
[2026-07-01 15:15:21.495] [info] [parquet_gpu_ingestible.cpp:696] [scan-audit] parquet_materialize target_gpu=2 files=/mnt/nvme/dataset/orders.parquet columns=o_custkey row_groups=0,1,2,3,4,5,6,7,8,9,10,11,12,13,14,15,16,17,18,19,20,21,22,23,24,25,26,27,28,29,30,31,32,33,34,35,36,37,38,39,40,41,42,43,44,45,46,47,48,49,50,51,52,53,54,55,56,57,58,59,60,61,62,63,64,65,66,67,68,69,70,71,72,73,74,75,76,77,78,79,80,81,82,83,84,85,86,87,88,89,90,91,92,93,94,95,96,97,98,99,100,101,102,103,104,105,106,107,108,109,110,111,112,113,114,115,116,117,118,119,120,121,122,123,124,125,126,127,128,129,130,131,132,133,134,135,136,137,138,139,140,141,142,143,144,145,146,147,148,149,150,151,152,153,154,155,156,157,158,159,160,161,162,163,164,165,166,167,168,169,170,171,172,173,174,175,176,177,178,179,180,181,182,183,184,185,186,187,188,189,190,191,192,193,194,195,196,197,198,199,200,201,202,203,204,205,206,207,208,209,210,211,212,213,214,215,216,217,218,219,220,221,222,223,224,225,226,227,228,229,230,231,232,233,234,235,236,237,238,239,240,241,242,243,244,245,246,247,248,249,250,251,252,253,254,255,256,257,258,259,260,261,262,263,264,265,266,267,268,269,270,271,272,273,274,275,276,277,278,279,280,281,282,283,284,285,286,287,288,289,290,291,292,293,294,295,296,297,298,299,300,301,302,303,304,305,306,307,308,309,310,311,312,313,314,315,316,317,318,319,320,321,322,323,324,325,326,327,328,329,330,331,332,333,334,335,336,337,338,339,340,341,342,343,344,345,346,347,348,349,350,351,352,353,354,355,356,357,358,359,360,361,362,363,364,365,366,367,368,369,370,371,372,373,374,375,376,377,378,379,380,381,382,383,384,385,386,387,388,389,390,391,392,393,394,395,396,397,398,399,400,401,402,403,404,405,406,407,408,409,410,411,412,413,414,415,416,417,418,419,420,421,422,423,424,425,426,427,428,429,430,431,432,433,434,435,436,437,438,439,440,441,442,443,444,445,446,447,448,449,450,451,452,453,454,455,456,457,458,459,460,461,462,463,464,465,466,467,468,469,470,471,472,473,474,475,476,477,478,479,480,481,482,483,484,485,486,487,488,489,490,491,492,493,494,495,496,497,498,499,500,501,502,503,504,505,506,507,508,509,510,511,512,513,514,515,516,517,518,519,520,521,522,523,524,525,526,527,528,529,530,531,532,533,534,535,536,537,538,539,540,541,542,543 compressed_bytes=358139260 uncompressed_bytes=536470704 column_bytes=o_custkey:358139260:536470704 output_rows=67056730 output_columns=1 split_count=1 duration_us=341584
[2026-07-01 15:15:21.495] [info] [gpu_pipeline_task.cpp:311] [stage-audit] pipeline_id=17 task_id=20 operator_id=49 operator_name=GPU_SCAN stage_kind=SCAN operator_type=94 input_type=GPU_SCAN output_type=PIPELINEABLE actual_gpu=2 pipeline_operator_count=1 input_batches=0 input_rows=0 input_columns=0 input_bytes=0 output_batches=1 output_rows=67056730 output_columns=1 output_bytes=544835984 byte_ratio=0.000000 row_ratio=0.000000 duration_us=354020
[2026-07-01 15:15:21.495] [info] [task_creator.cpp:352] [locality-audit] task_create operator_id=51 input_bytes=544835984 local_bytes=544835984 gpu_source_bytes=544835984 host_source_bytes=0 disk_source_bytes=0 gpu_sources=1 host_sources=0 preferred_device=2
[2026-07-01 15:15:21.495] [info] [task_scheduler.cpp:367] [mgpu-audit] pipeline_task dispatched to GPU 2 task_id=24
[2026-07-01 15:15:21.495] [info] [task_scheduler.cpp:369] [locality-audit] dispatch task_id=24 preferred_device=2 actual_gpu=2
[2026-07-01 15:15:21.496] [info] [gpu_pipeline_task.cpp:182] [locality-audit] prepare_before pipeline_id=18 task_id=24 preferred_device=2 actual_gpu=2 target_tier=GPU target_device=2 input_bytes=544835984 local_bytes=544835984 remote_gpu_bytes=0 host_bytes=0 disk_bytes=0 batch_count=1
[2026-07-01 15:15:21.496] [info] [gpu_pipeline_task.cpp:182] [locality-audit] prepare_after pipeline_id=18 task_id=24 preferred_device=2 actual_gpu=2 target_tier=GPU target_device=2 input_bytes=544835984 local_bytes=544835984 remote_gpu_bytes=0 host_bytes=0 disk_bytes=0 batch_count=1
[2026-07-01 15:15:21.496] [info] [gpu_pipeline_task.cpp:311] [stage-audit] pipeline_id=18 task_id=24 operator_id=51 operator_name=PARTITION stage_kind=PARTITION operator_type=82 input_type=PIPELINEABLE output_type=PIPELINEABLE actual_gpu=2 pipeline_operator_count=1 input_batches=1 input_rows=67056730 input_columns=1 input_bytes=544835984 output_batches=1 output_rows=67056730 output_columns=1 output_bytes=544835984 byte_ratio=1.000000 row_ratio=1.000000 duration_us=5
[2026-07-01 15:15:21.496] [info] [task_scheduler.cpp:367] [mgpu-audit] pipeline_task dispatched to GPU 0 task_id=25
[2026-07-01 15:15:21.496] [info] [task_scheduler.cpp:369] [locality-audit] dispatch task_id=25 preferred_device=0 actual_gpu=0
[2026-07-01 15:15:21.496] [info] [task_scheduler.cpp:367] [mgpu-audit] pipeline_task dispatched to GPU 0 task_id=26
[2026-07-01 15:15:21.496] [info] [task_scheduler.cpp:369] [locality-audit] dispatch task_id=26 preferred_device=0 actual_gpu=0
[2026-07-01 15:15:21.496] [info] [gpu_pipeline_task.cpp:182] [locality-audit] prepare_before pipeline_id=19 task_id=25 preferred_device=0 actual_gpu=0 target_tier=GPU target_device=0 input_bytes=129468560 local_bytes=129468560 remote_gpu_bytes=0 host_bytes=0 disk_bytes=0 batch_count=1
[2026-07-01 15:15:21.496] [info] [gpu_pipeline_task.cpp:182] [locality-audit] prepare_after pipeline_id=19 task_id=25 preferred_device=0 actual_gpu=0 target_tier=GPU target_device=0 input_bytes=129468560 local_bytes=129468560 remote_gpu_bytes=0 host_bytes=0 disk_bytes=0 batch_count=1
[2026-07-01 15:15:21.496] [info] [gpu_pipeline_task.cpp:311] [stage-audit] pipeline_id=19 task_id=25 operator_id=50 operator_name=CONCAT stage_kind=CONCAT operator_type=83 input_type=PARTITIONED output_type=PARTITIONED actual_gpu=0 pipeline_operator_count=1 input_batches=1 input_rows=15934586 input_columns=1 input_bytes=129468560 output_batches=1 output_rows=15934586 output_columns=1 output_bytes=129468560 byte_ratio=1.000000 row_ratio=1.000000 duration_us=1
[2026-07-01 15:15:21.496] [info] [gpu_pipeline_task.cpp:182] [locality-audit] prepare_before pipeline_id=19 task_id=26 preferred_device=0 actual_gpu=0 target_tier=GPU target_device=0 input_bytes=544835984 local_bytes=0 remote_gpu_bytes=544835984 host_bytes=0 disk_bytes=0 batch_count=1
[2026-07-01 15:15:21.496] [info] [task_scheduler.cpp:367] [mgpu-audit] pipeline_task dispatched to GPU 3 task_id=27
[2026-07-01 15:15:21.496] [info] [task_scheduler.cpp:369] [locality-audit] dispatch task_id=27 preferred_device=3 actual_gpu=3
[2026-07-01 15:15:21.496] [info] [gpu_pipeline_task.cpp:182] [locality-audit] prepare_before pipeline_id=20 task_id=27 preferred_device=3 actual_gpu=0 target_tier=GPU target_device=3 input_bytes=144975160 local_bytes=0 remote_gpu_bytes=144975160 host_bytes=0 disk_bytes=0 batch_count=2
[2026-07-01 15:15:21.505] [info] [parquet_gpu_ingestible.cpp:696] [scan-audit] parquet_materialize target_gpu=3 files=/mnt/nvme/dataset/orders.parquet columns=o_custkey row_groups=544,545,546,547,548,549,550,551,552,553,554,555,556,557,558,559,560,561,562,563,564,565,566,567,568,569,570,571,572,573,574,575,576,577,578,579,580,581,582,583,584,585,586,587,588,589,590,591,592,593,594,595,596,597,598,599,600,601,602,603,604,605,606,607,608,609,610,611,612,613,614,615,616,617,618,619,620,621,622,623,624,625,626,627,628,629,630,631,632,633,634,635,636,637,638,639,640,641,642,643,644,645,646,647,648,649,650,651,652,653,654,655,656,657,658,659,660,661,662,663,664,665,666,667,668,669,670,671,672,673,674,675,676,677,678,679,680,681,682,683,684,685,686,687,688,689,690,691,692,693,694,695,696,697,698,699,700,701,702,703,704,705,706,707,708,709,710,711,712,713,714,715,716,717,718,719,720,721,722,723,724,725,726,727,728,729,730,731,732,733,734,735,736,737,738,739,740,741,742,743,744,745,746,747,748,749,750,751,752,753,754,755,756,757,758,759,760,761,762,763,764,765,766,767,768,769,770,771,772,773,774,775,776,777,778,779,780,781,782,783,784,785,786,787,788,789,790,791,792,793,794,795,796,797,798,799,800,801,802,803,804,805,806,807,808,809,810,811,812,813,814,815,816,817,818,819,820,821,822,823,824,825,826,827,828,829,830,831,832,833,834,835,836,837,838,839,840,841,842,843,844,845,846,847,848,849,850,851,852,853,854,855,856,857,858,859,860,861,862,863,864,865,866,867,868,869,870,871,872,873,874,875,876,877,878,879,880,881,882,883,884,885,886,887,888,889,890,891,892,893,894,895,896,897,898,899,900,901,902,903,904,905,906,907,908,909,910,911,912,913,914,915,916,917,918,919,920,921,922,923,924,925,926,927,928,929,930,931,932,933,934,935,936,937,938,939,940,941,942,943,944,945,946,947,948,949,950,951,952,953,954,955,956,957,958,959,960,961,962,963,964,965,966,967,968,969,970,971,972,973,974,975,976,977,978,979,980,981,982,983,984,985,986,987,988,989,990,991,992,993,994,995,996,997,998,999,1000,1001,1002,1003,1004,1005,1006,1007,1008,1009,1010,1011,1012,1013,1014,1015,1016,1017,1018,1019,1020,1021,1022,1023,1024,1025,1026,1027,1028,1029,1030,1031,1032,1033,1034,1035,1036,1037,1038,1039,1040,1041,1042,1043,1044,1045,1046,1047,1048,1049,1050,1051,1052,1053,1054,1055,1056,1057,1058,1059,1060,1061,1062,1063,1064,1065,1066,1067,1068,1069,1070,1071,1072,1073,1074,1075,1076,1077,1078,1079,1080,1081,1082,1083,1084,1085,1086,1087 compressed_bytes=357872078 uncompressed_bytes=536086336 column_bytes=o_custkey:357872078:536086336 output_rows=67008684 output_columns=1 split_count=1 duration_us=351639
[2026-07-01 15:15:21.531] [info] [gpu_pipeline_task.cpp:311] [stage-audit] pipeline_id=17 task_id=21 operator_id=49 operator_name=GPU_SCAN stage_kind=SCAN operator_type=94 input_type=GPU_SCAN output_type=PIPELINEABLE actual_gpu=0 pipeline_operator_count=1 input_batches=0 input_rows=0 input_columns=0 input_bytes=0 output_batches=1 output_rows=67008684 output_columns=1 output_bytes=544445600 byte_ratio=0.000000 row_ratio=0.000000 duration_us=389339
[2026-07-01 15:15:21.535] [info] [task_creator.cpp:352] [locality-audit] task_create operator_id=51 input_bytes=544445600 local_bytes=544445600 gpu_source_bytes=544445600 host_source_bytes=0 disk_source_bytes=0 gpu_sources=1 host_sources=0 preferred_device=3
[2026-07-01 15:15:21.535] [info] [task_scheduler.cpp:367] [mgpu-audit] pipeline_task dispatched to GPU 3 task_id=28
[2026-07-01 15:15:21.535] [info] [task_scheduler.cpp:369] [locality-audit] dispatch task_id=28 preferred_device=3 actual_gpu=3
[2026-07-01 15:15:21.535] [info] [gpu_pipeline_task.cpp:182] [locality-audit] prepare_before pipeline_id=18 task_id=28 preferred_device=3 actual_gpu=0 target_tier=GPU target_device=3 input_bytes=544445600 local_bytes=544445600 remote_gpu_bytes=0 host_bytes=0 disk_bytes=0 batch_count=1
[2026-07-01 15:15:21.535] [info] [gpu_pipeline_task.cpp:182] [locality-audit] prepare_after pipeline_id=18 task_id=28 preferred_device=3 actual_gpu=0 target_tier=GPU target_device=3 input_bytes=544445600 local_bytes=544445600 remote_gpu_bytes=0 host_bytes=0 disk_bytes=0 batch_count=1
[2026-07-01 15:15:21.535] [info] [gpu_pipeline_task.cpp:311] [stage-audit] pipeline_id=18 task_id=28 operator_id=51 operator_name=PARTITION stage_kind=PARTITION operator_type=82 input_type=PIPELINEABLE output_type=PIPELINEABLE actual_gpu=0 pipeline_operator_count=1 input_batches=1 input_rows=67008684 input_columns=1 input_bytes=544445600 output_batches=1 output_rows=67008684 output_columns=1 output_bytes=544445600 byte_ratio=1.000000 row_ratio=1.000000 duration_us=1
[2026-07-01 15:15:21.536] [info] [task_scheduler.cpp:367] [mgpu-audit] pipeline_task dispatched to GPU 0 task_id=29
[2026-07-01 15:15:21.536] [info] [task_scheduler.cpp:369] [locality-audit] dispatch task_id=29 preferred_device=0 actual_gpu=0
[2026-07-01 15:15:21.536] [info] [gpu_pipeline_task.cpp:182] [locality-audit] prepare_before pipeline_id=19 task_id=29 preferred_device=0 actual_gpu=0 target_tier=GPU target_device=0 input_bytes=544445600 local_bytes=0 remote_gpu_bytes=544445600 host_bytes=0 disk_bytes=0 batch_count=1
[2026-07-01 15:15:21.537] [info] [gpu_pipeline_task.cpp:182] [locality-audit] prepare_after pipeline_id=20 task_id=27 preferred_device=3 actual_gpu=0 target_tier=GPU target_device=3 input_bytes=144975160 local_bytes=144975160 remote_gpu_bytes=0 host_bytes=0 disk_bytes=0 batch_count=2
[2026-07-01 15:15:21.663] [info] [gpu_pipeline_task.cpp:182] [locality-audit] prepare_after pipeline_id=19 task_id=26 preferred_device=0 actual_gpu=0 target_tier=GPU target_device=0 input_bytes=544835984 local_bytes=544835984 remote_gpu_bytes=0 host_bytes=0 disk_bytes=0 batch_count=1
[2026-07-01 15:15:21.663] [info] [gpu_pipeline_task.cpp:311] [stage-audit] pipeline_id=19 task_id=26 operator_id=50 operator_name=CONCAT stage_kind=CONCAT operator_type=83 input_type=PARTITIONED output_type=PARTITIONED actual_gpu=0 pipeline_operator_count=1 input_batches=1 input_rows=67056730 input_columns=1 input_bytes=544835984 output_batches=1 output_rows=67056730 output_columns=1 output_bytes=544835984 byte_ratio=1.000000 row_ratio=1.000000 duration_us=7
[2026-07-01 15:15:21.698] [info] [task_scheduler.cpp:367] [mgpu-audit] pipeline_task dispatched to GPU 3 task_id=30
[2026-07-01 15:15:21.698] [info] [task_scheduler.cpp:369] [locality-audit] dispatch task_id=30 preferred_device=3 actual_gpu=3
[2026-07-01 15:15:21.699] [info] [gpu_pipeline_task.cpp:182] [locality-audit] prepare_before pipeline_id=20 task_id=30 preferred_device=3 actual_gpu=0 target_tier=GPU target_device=3 input_bytes=544835984 local_bytes=0 remote_gpu_bytes=544835984 host_bytes=0 disk_bytes=0 batch_count=1
[2026-07-01 15:15:21.729] [info] [gpu_pipeline_task.cpp:182] [locality-audit] prepare_after pipeline_id=19 task_id=29 preferred_device=0 actual_gpu=0 target_tier=GPU target_device=0 input_bytes=544445600 local_bytes=544445600 remote_gpu_bytes=0 host_bytes=0 disk_bytes=0 batch_count=1
[2026-07-01 15:15:21.729] [info] [gpu_pipeline_task.cpp:311] [stage-audit] pipeline_id=19 task_id=29 operator_id=50 operator_name=CONCAT stage_kind=CONCAT operator_type=83 input_type=PARTITIONED output_type=PARTITIONED actual_gpu=0 pipeline_operator_count=1 input_batches=1 input_rows=67008684 input_columns=1 input_bytes=544445600 output_batches=1 output_rows=67008684 output_columns=1 output_bytes=544445600 byte_ratio=1.000000 row_ratio=1.000000 duration_us=6
[2026-07-01 15:15:21.729] [info] [task_scheduler.cpp:367] [mgpu-audit] pipeline_task dispatched to GPU 3 task_id=31
[2026-07-01 15:15:21.729] [info] [task_scheduler.cpp:369] [locality-audit] dispatch task_id=31 preferred_device=3 actual_gpu=3
[2026-07-01 15:15:21.729] [info] [gpu_pipeline_task.cpp:182] [locality-audit] prepare_before pipeline_id=20 task_id=31 preferred_device=3 actual_gpu=0 target_tier=GPU target_device=3 input_bytes=544445600 local_bytes=0 remote_gpu_bytes=544445600 host_bytes=0 disk_bytes=0 batch_count=1
[2026-07-01 15:15:21.751] [info] [gpu_pipeline_task.cpp:182] [locality-audit] prepare_after pipeline_id=20 task_id=30 preferred_device=3 actual_gpu=0 target_tier=GPU target_device=3 input_bytes=544835984 local_bytes=544835984 remote_gpu_bytes=0 host_bytes=0 disk_bytes=0 batch_count=1
[2026-07-01 15:15:21.773] [info] [gpu_pipeline_task.cpp:311] [stage-audit] pipeline_id=20 task_id=27 operator_id=19 operator_name=HASH_JOIN stage_kind=JOIN operator_type=33 input_type=PARTITIONED output_type=PIPELINEABLE actual_gpu=0 pipeline_operator_count=2 input_batches=2 input_rows=17843087 input_columns=2 input_bytes=144975160 output_batches=1 output_rows=2028471 output_columns=2 output_bytes=32962672 byte_ratio=0.227368 row_ratio=0.113684 duration_us=235972
[2026-07-01 15:15:21.789] [info] [gpu_pipeline_task.cpp:311] [stage-audit] pipeline_id=20 task_id=27 operator_id=20 operator_name=PROJECTION stage_kind=PROJECTION operator_type=13 input_type=PIPELINEABLE output_type=PIPELINEABLE actual_gpu=0 pipeline_operator_count=2 input_batches=1 input_rows=2028471 input_columns=2 input_bytes=32962672 output_batches=1 output_rows=2028471 output_columns=1 output_bytes=16481336 byte_ratio=0.500000 row_ratio=1.000000 duration_us=16246
[2026-07-01 15:15:21.795] [info] [gpu_pipeline_task.cpp:182] [locality-audit] prepare_after pipeline_id=20 task_id=31 preferred_device=3 actual_gpu=0 target_tier=GPU target_device=3 input_bytes=544445600 local_bytes=544445600 remote_gpu_bytes=0 host_bytes=0 disk_bytes=0 batch_count=1
[2026-07-01 15:15:21.796] [info] [task_creator.cpp:352] [locality-audit] task_create operator_id=53 input_bytes=16481336 local_bytes=16481336 gpu_source_bytes=16481336 host_source_bytes=0 disk_source_bytes=0 gpu_sources=1 host_sources=0 preferred_device=3
[2026-07-01 15:15:21.796] [info] [task_scheduler.cpp:367] [mgpu-audit] pipeline_task dispatched to GPU 3 task_id=32
[2026-07-01 15:15:21.796] [info] [task_scheduler.cpp:369] [locality-audit] dispatch task_id=32 preferred_device=3 actual_gpu=3
[2026-07-01 15:15:21.796] [info] [gpu_pipeline_task.cpp:182] [locality-audit] prepare_before pipeline_id=21 task_id=32 preferred_device=3 actual_gpu=0 target_tier=GPU target_device=3 input_bytes=16481336 local_bytes=16481336 remote_gpu_bytes=0 host_bytes=0 disk_bytes=0 batch_count=1
[2026-07-01 15:15:21.796] [info] [gpu_pipeline_task.cpp:182] [locality-audit] prepare_after pipeline_id=21 task_id=32 preferred_device=3 actual_gpu=0 target_tier=GPU target_device=3 input_bytes=16481336 local_bytes=16481336 remote_gpu_bytes=0 host_bytes=0 disk_bytes=0 batch_count=1
[2026-07-01 15:15:21.808] [info] [gpu_pipeline_task.cpp:311] [stage-audit] pipeline_id=20 task_id=30 operator_id=19 operator_name=HASH_JOIN stage_kind=JOIN operator_type=33 input_type=PARTITIONED output_type=PIPELINEABLE actual_gpu=0 pipeline_operator_count=2 input_batches=1 input_rows=67056730 input_columns=1 input_bytes=544835984 output_batches=1 output_rows=8538674 output_columns=2 output_bytes=138753568 byte_ratio=0.254670 row_ratio=0.127335 duration_us=57130
[2026-07-01 15:15:21.824] [info] [gpu_pipeline_task.cpp:311] [stage-audit] pipeline_id=20 task_id=30 operator_id=20 operator_name=PROJECTION stage_kind=PROJECTION operator_type=13 input_type=PIPELINEABLE output_type=PIPELINEABLE actual_gpu=0 pipeline_operator_count=2 input_batches=1 input_rows=8538674 input_columns=2 input_bytes=138753568 output_batches=1 output_rows=8538674 output_columns=1 output_bytes=69376784 byte_ratio=0.500000 row_ratio=1.000000 duration_us=16032
[2026-07-01 15:15:21.826] [info] [task_creator.cpp:352] [locality-audit] task_create operator_id=53 input_bytes=69376784 local_bytes=69376784 gpu_source_bytes=69376784 host_source_bytes=0 disk_source_bytes=0 gpu_sources=1 host_sources=0 preferred_device=3
[2026-07-01 15:15:21.826] [info] [task_scheduler.cpp:367] [mgpu-audit] pipeline_task dispatched to GPU 3 task_id=33
[2026-07-01 15:15:21.826] [info] [task_scheduler.cpp:369] [locality-audit] dispatch task_id=33 preferred_device=3 actual_gpu=3
[2026-07-01 15:15:21.826] [info] [gpu_pipeline_task.cpp:182] [locality-audit] prepare_before pipeline_id=21 task_id=33 preferred_device=3 actual_gpu=0 target_tier=GPU target_device=3 input_bytes=69376784 local_bytes=69376784 remote_gpu_bytes=0 host_bytes=0 disk_bytes=0 batch_count=1
[2026-07-01 15:15:21.826] [info] [gpu_pipeline_task.cpp:182] [locality-audit] prepare_after pipeline_id=21 task_id=33 preferred_device=3 actual_gpu=0 target_tier=GPU target_device=3 input_bytes=69376784 local_bytes=69376784 remote_gpu_bytes=0 host_bytes=0 disk_bytes=0 batch_count=1
[2026-07-01 15:15:21.827] [info] [gpu_pipeline_task.cpp:311] [stage-audit] pipeline_id=20 task_id=31 operator_id=19 operator_name=HASH_JOIN stage_kind=JOIN operator_type=33 input_type=PARTITIONED output_type=PIPELINEABLE actual_gpu=0 pipeline_operator_count=2 input_batches=1 input_rows=67008684 input_columns=1 input_bytes=544445600 output_batches=1 output_rows=8538124 output_columns=2 output_bytes=138744640 byte_ratio=0.254837 row_ratio=0.127418 duration_us=31541
[2026-07-01 15:15:21.827] [info] [gpu_pipeline_task.cpp:311] [stage-audit] pipeline_id=20 task_id=31 operator_id=20 operator_name=PROJECTION stage_kind=PROJECTION operator_type=13 input_type=PIPELINEABLE output_type=PIPELINEABLE actual_gpu=0 pipeline_operator_count=2 input_batches=1 input_rows=8538124 input_columns=2 input_bytes=138744640 output_batches=1 output_rows=8538124 output_columns=1 output_bytes=69372320 byte_ratio=0.500000 row_ratio=1.000000 duration_us=438
[2026-07-01 15:15:21.828] [info] [task_creator.cpp:352] [locality-audit] task_create operator_id=53 input_bytes=69372320 local_bytes=69372320 gpu_source_bytes=69372320 host_source_bytes=0 disk_source_bytes=0 gpu_sources=1 host_sources=0 preferred_device=3
[2026-07-01 15:15:21.828] [info] [task_scheduler.cpp:367] [mgpu-audit] pipeline_task dispatched to GPU 3 task_id=34
[2026-07-01 15:15:21.828] [info] [task_scheduler.cpp:369] [locality-audit] dispatch task_id=34 preferred_device=3 actual_gpu=3
[2026-07-01 15:15:21.828] [info] [gpu_pipeline_task.cpp:182] [locality-audit] prepare_before pipeline_id=21 task_id=34 preferred_device=3 actual_gpu=0 target_tier=GPU target_device=3 input_bytes=69372320 local_bytes=69372320 remote_gpu_bytes=0 host_bytes=0 disk_bytes=0 batch_count=1
[2026-07-01 15:15:21.828] [info] [gpu_pipeline_task.cpp:182] [locality-audit] prepare_after pipeline_id=21 task_id=34 preferred_device=3 actual_gpu=0 target_tier=GPU target_device=3 input_bytes=69372320 local_bytes=69372320 remote_gpu_bytes=0 host_bytes=0 disk_bytes=0 batch_count=1
[2026-07-01 15:15:21.830] [info] [gpu_pipeline_task.cpp:311] [stage-audit] pipeline_id=21 task_id=32 operator_id=53 operator_name=PARTITION stage_kind=PARTITION operator_type=82 input_type=PIPELINEABLE output_type=PIPELINEABLE actual_gpu=0 pipeline_operator_count=1 input_batches=1 input_rows=2028471 input_columns=1 input_bytes=16481336 output_batches=4 output_rows=2028471 output_columns=4 output_bytes=16227768 byte_ratio=0.984615 row_ratio=1.000000 duration_us=34470
[2026-07-01 15:15:21.833] [info] [gpu_pipeline_task.cpp:311] [stage-audit] pipeline_id=21 task_id=33 operator_id=53 operator_name=PARTITION stage_kind=PARTITION operator_type=82 input_type=PIPELINEABLE output_type=PIPELINEABLE actual_gpu=0 pipeline_operator_count=1 input_batches=1 input_rows=8538674 input_columns=1 input_bytes=69376784 output_batches=4 output_rows=8538674 output_columns=4 output_bytes=68309392 byte_ratio=0.984615 row_ratio=1.000000 duration_us=6407
[2026-07-01 15:15:21.835] [info] [gpu_pipeline_task.cpp:311] [stage-audit] pipeline_id=21 task_id=34 operator_id=53 operator_name=PARTITION stage_kind=PARTITION operator_type=82 input_type=PIPELINEABLE output_type=PIPELINEABLE actual_gpu=0 pipeline_operator_count=1 input_batches=1 input_rows=8538124 input_columns=1 input_bytes=69372320 output_batches=4 output_rows=8538124 output_columns=4 output_bytes=68304992 byte_ratio=0.984614 row_ratio=1.000000 duration_us=6712
[2026-07-01 15:15:21.835] [info] [task_scheduler.cpp:367] [mgpu-audit] pipeline_task dispatched to GPU 0 task_id=35
[2026-07-01 15:15:21.835] [info] [task_scheduler.cpp:369] [locality-audit] dispatch task_id=35 preferred_device=0 actual_gpu=0
[2026-07-01 15:15:21.835] [info] [task_scheduler.cpp:367] [mgpu-audit] pipeline_task dispatched to GPU 1 task_id=36
[2026-07-01 15:15:21.835] [info] [task_scheduler.cpp:369] [locality-audit] dispatch task_id=36 preferred_device=1 actual_gpu=1
[2026-07-01 15:15:21.835] [info] [task_scheduler.cpp:367] [mgpu-audit] pipeline_task dispatched to GPU 2 task_id=37
[2026-07-01 15:15:21.835] [info] [task_scheduler.cpp:369] [locality-audit] dispatch task_id=37 preferred_device=2 actual_gpu=2
[2026-07-01 15:15:21.835] [info] [task_scheduler.cpp:367] [mgpu-audit] pipeline_task dispatched to GPU 3 task_id=38
[2026-07-01 15:15:21.835] [info] [task_scheduler.cpp:369] [locality-audit] dispatch task_id=38 preferred_device=3 actual_gpu=3
[2026-07-01 15:15:21.835] [info] [gpu_pipeline_task.cpp:182] [locality-audit] prepare_before pipeline_id=22 task_id=38 preferred_device=3 actual_gpu=0 target_tier=GPU target_device=3 input_bytes=38282008 local_bytes=38282008 remote_gpu_bytes=0 host_bytes=0 disk_bytes=0 batch_count=3
[2026-07-01 15:15:21.835] [info] [gpu_pipeline_task.cpp:182] [locality-audit] prepare_after pipeline_id=22 task_id=38 preferred_device=3 actual_gpu=0 target_tier=GPU target_device=3 input_bytes=38282008 local_bytes=38282008 remote_gpu_bytes=0 host_bytes=0 disk_bytes=0 batch_count=3
[2026-07-01 15:15:21.835] [info] [gpu_pipeline_task.cpp:182] [locality-audit] prepare_before pipeline_id=22 task_id=35 preferred_device=0 actual_gpu=0 target_tier=GPU target_device=0 input_bytes=38300040 local_bytes=0 remote_gpu_bytes=38300040 host_bytes=0 disk_bytes=0 batch_count=3
[2026-07-01 15:15:21.835] [info] [gpu_pipeline_task.cpp:182] [locality-audit] prepare_before pipeline_id=22 task_id=36 preferred_device=1 actual_gpu=1 target_tier=GPU target_device=1 input_bytes=38083408 local_bytes=0 remote_gpu_bytes=38083408 host_bytes=0 disk_bytes=0 batch_count=3
[2026-07-01 15:15:21.835] [info] [gpu_pipeline_task.cpp:182] [locality-audit] prepare_before pipeline_id=22 task_id=37 preferred_device=2 actual_gpu=2 target_tier=GPU target_device=2 input_bytes=38176696 local_bytes=0 remote_gpu_bytes=38176696 host_bytes=0 disk_bytes=0 batch_count=3
[2026-07-01 15:15:21.836] [error] [sirius_physical_operator.cpp:103] pipelineable_operator_data: Unknown error at batch 22 preparing for processing, state: 0: CUDA error at: /home/dy1013/sirius_multi-gpu/cucascade/src/data/representation_converter.cpp:703: cudaErrorInvalidValue invalid argument
[2026-07-01 15:15:21.836] [error] [gpu_pipeline_task.cpp:1048] Unknown error in prepare_for_processing for pipeline 22: CUDA error at: /home/dy1013/sirius_multi-gpu/cucascade/src/data/representation_converter.cpp:703: cudaErrorInvalidValue invalid argument
[2026-07-01 15:15:21.836] [error] [sirius_physical_operator.cpp:103] pipelineable_operator_data: Unknown error at batch 23 preparing for processing, state: 0: CUDA error at: /home/dy1013/sirius_multi-gpu/cucascade/src/data/representation_converter.cpp:703: cudaErrorInvalidValue invalid argument
[2026-07-01 15:15:21.836] [error] [gpu_pipeline_executor.cpp:400] GPU Pipeline Executor: Exception during task execution: CUDA error at: /home/dy1013/sirius_multi-gpu/cucascade/src/data/representation_converter.cpp:703: cudaErrorInvalidValue invalid argument
[2026-07-01 15:15:21.836] [error] [gpu_pipeline_task.cpp:1048] Unknown error in prepare_for_processing for pipeline 22: CUDA error at: /home/dy1013/sirius_multi-gpu/cucascade/src/data/representation_converter.cpp:703: cudaErrorInvalidValue invalid argument
[2026-07-01 15:15:21.836] [error] [gpu_pipeline_executor.cpp:400] GPU Pipeline Executor: Exception during task execution: CUDA error at: /home/dy1013/sirius_multi-gpu/cucascade/src/data/representation_converter.cpp:703: cudaErrorInvalidValue invalid argument
[2026-07-01 15:15:21.836] [info] [gpu_pipeline_task.cpp:311] [stage-audit] pipeline_id=22 task_id=38 operator_id=52 operator_name=CONCAT stage_kind=CONCAT operator_type=83 input_type=PARTITIONED output_type=PARTITIONED actual_gpu=0 pipeline_operator_count=1 input_batches=3 input_rows=4785251 input_columns=3 input_bytes=38282008 output_batches=1 output_rows=4785251 output_columns=1 output_bytes=38282008 byte_ratio=1.000000 row_ratio=1.000000 duration_us=1012
[2026-07-01 15:15:21.840] [info] [gpu_pipeline_task.cpp:182] [locality-audit] prepare_after pipeline_id=22 task_id=35 preferred_device=0 actual_gpu=0 target_tier=GPU target_device=0 input_bytes=38300040 local_bytes=38300040 remote_gpu_bytes=0 host_bytes=0 disk_bytes=0 batch_count=3
[2026-07-01 15:15:21.841] [info] [gpu_pipeline_task.cpp:311] [stage-audit] pipeline_id=22 task_id=35 operator_id=52 operator_name=CONCAT stage_kind=CONCAT operator_type=83 input_type=PARTITIONED output_type=PARTITIONED actual_gpu=0 pipeline_operator_count=1 input_batches=3 input_rows=4787505 input_columns=3 input_bytes=38300040 output_batches=1 output_rows=4787505 output_columns=1 output_bytes=38300040 byte_ratio=1.000000 row_ratio=1.000000 duration_us=993
[2026-07-01 15:15:21.846] [error] [sirius_engine.cpp:178] Error executing query: CUDA error at: /home/dy1013/sirius_multi-gpu/cucascade/src/data/representation_converter.cpp:703: cudaErrorInvalidValue invalid argument
[2026-07-01 15:15:21.846] [info] [task_scheduler.cpp:189] task_scheduler: draining after error
[2026-07-01 15:15:21.846] [info] [gpu_pipeline_executor.cpp:118] GPU Pipeline Executor: task queue interrupted, stopping manager loop
[2026-07-01 15:15:21.846] [info] [gpu_pipeline_executor.cpp:118] GPU Pipeline Executor: task queue interrupted, stopping manager loop
[2026-07-01 15:15:21.846] [info] [gpu_pipeline_executor.cpp:118] GPU Pipeline Executor: task queue interrupted, stopping manager loop
[2026-07-01 15:15:21.846] [info] [gpu_pipeline_executor.cpp:118] GPU Pipeline Executor: task queue interrupted, stopping manager loop
[2026-07-01 15:15:21.846] [info] [task_scheduler.cpp:232] task_scheduler: DONE draining after error
[2026-07-01 15:15:21.846] [error] [sirius_interface.cpp:201] Error in sirius_execute_pending_query_result: CUDA error at: /home/dy1013/sirius_multi-gpu/cucascade/src/data/representation_converter.cpp:703: cudaErrorInvalidValue invalid argument
[2026-07-01 15:15:21.846] [error] [physical_sirius_execution.cpp:156] Transparent GPU execution error: Invalid Error: CUDA error at: /home/dy1013/sirius_multi-gpu/cucascade/src/data/representation_converter.cpp:703: cudaErrorInvalidValue invalid argument
[2026-07-01 15:15:21.859] [info] [sirius_context.cpp:258] QueryEnd
[2026-07-01 15:15:21.883] [warning] [sirius_context.cpp:274] SiriusContext::QueryEnd: operator 27 port 'build' still had 4 un-consumed data batch(es) (memory leak).
[2026-07-01 15:15:21.884] [warning] [sirius_context.cpp:274] SiriusContext::QueryEnd: operator 27 port 'default' still had 2 un-consumed data batch(es) (memory leak).
[2026-07-01 15:15:21.884] [info] [:] [host_pool] HOST:0 QueryEnd allocated=5242880 bytes peak=1078984704 bytes free_blocks=1147
[2026-07-01 15:15:21.884] [info] [:] [gpu_pool] GPU:0 QueryEnd allocated=0 bytes peak=1654721312 bytes reserved=0 bytes
[2026-07-01 15:15:21.884] [info] [:] [gpu_pool] GPU:1 QueryEnd allocated=0 bytes peak=4200092720 bytes reserved=0 bytes
[2026-07-01 15:15:21.884] [info] [:] [gpu_pool] GPU:2 QueryEnd allocated=0 bytes peak=4332922330 bytes reserved=0 bytes
[2026-07-01 15:15:21.884] [info] [:] [gpu_pool] GPU:3 QueryEnd allocated=0 bytes peak=4599239024 bytes reserved=0 bytes
[2026-07-01 15:15:21.884] [info] [sirius_context.cpp:1013] Connection closed.
[2026-07-01 15:15:21.897] [info] [task_scheduler.cpp:295] Task request channel closed, exiting management event loop.
[2026-07-01 15:15:21.897] [info] [gpu_pipeline_executor.cpp:118] GPU Pipeline Executor: task queue interrupted, stopping manager loop
[2026-07-01 15:15:21.898] [info] [gpu_pipeline_executor.cpp:118] GPU Pipeline Executor: task queue interrupted, stopping manager loop
[2026-07-01 15:15:21.899] [info] [gpu_pipeline_executor.cpp:118] GPU Pipeline Executor: task queue interrupted, stopping manager loop
[2026-07-01 15:15:21.899] [info] [gpu_pipeline_executor.cpp:118] GPU Pipeline Executor: task queue interrupted, stopping manager loop
