[2026-07-08 04:12:31.394] [warning] [sirius_config.cpp:459] sirius_config: use_sirius_datasource was false but 2 GPUs are configured; the sirius datasource is required for multi-GPU IO routing. Overriding use_sirius_datasource to true.
[2026-07-08 04:12:31.394] [info] [sirius_context.cpp:1046] Loaded Sirius configuration from file: /home/dy1013/sirius_multi-gpu/experiment/fixed_page_runs/allq_admit4/configs/sirius_2gpu.yaml
[2026-07-08 04:12:31.399] [info] [telemetry_context.cpp:67] Telemetry context initialized (engine=siriusDB)
[2026-07-08 04:12:31.399] [info] [sirius_context.cpp:337] SiriusContext: topology summary — 2 GPU(s), 1 NUMA node(s), host='hicys76'
[2026-07-08 04:12:31.399] [info] [sirius_context.cpp:342]   GPU 0: NVIDIA RTX A5000 (numa=0, pci=00000000:16:00.0)
[2026-07-08 04:12:31.399] [info] [sirius_context.cpp:342]   GPU 1: NVIDIA RTX A5000 (numa=0, pci=00000000:34:00.0)
[2026-07-08 04:12:31.538] [warning] [sirius_context.cpp:352] SiriusContext: disk memory space is not configured; spilling GPU or HOST data to disk is disabled. If queries run out of GPU/HOST memory, downgrades to disk will not be possible.
[2026-07-08 04:12:31.538] [info] [sirius_context.cpp:364] SiriusContext: 1 host memory space(s) created for 1 NUMA node(s)
[2026-07-08 04:12:31.538] [info] [sirius_context.cpp:417] SiriusContext: P2P enabled 0 -> 1
[2026-07-08 04:12:31.538] [info] [sirius_context.cpp:417] SiriusContext: P2P enabled 1 -> 0
[2026-07-08 04:12:31.556] [info] [sirius_context.cpp:477] SiriusContext: cuDF pinned memory resource configured (NUMA-aware, max slab 8192 B, fallback node=0)
[2026-07-08 04:12:31.727] [info] [sirius_context.cpp:1007] Connection opened.
[2026-07-08 04:12:31.727] [info] [sirius_context.cpp:1020] Extension loaded: sirius
[2026-07-08 04:12:31.727] [info] [sirius_context.cpp:258] QueryEnd
[2026-07-08 04:12:31.736] [info] [:] [host_pool] HOST:0 QueryEnd allocated=0 bytes peak=0 bytes free_blocks=512
[2026-07-08 04:12:31.736] [info] [:] [gpu_pool] GPU:0 QueryEnd allocated=0 bytes peak=0 bytes reserved=0 bytes
[2026-07-08 04:12:31.736] [info] [:] [gpu_pool] GPU:1 QueryEnd allocated=0 bytes peak=0 bytes reserved=0 bytes
[2026-07-08 04:12:31.739] [info] [:] [host_pool] HOST:0 QueryBegin allocated=0 bytes peak=0 bytes free_blocks=512
[2026-07-08 04:12:31.739] [info] [:] [gpu_pool] GPU:0 QueryBegin allocated=0 bytes peak=0 bytes reserved=0 bytes
[2026-07-08 04:12:31.739] [info] [:] [gpu_pool] GPU:1 QueryBegin allocated=0 bytes peak=0 bytes reserved=0 bytes
[2026-07-08 04:12:31.739] [info] [sirius_context.cpp:242] QueryBegin: SQL: CALL pin_table('/mnt/nvme/dataset/customer*.parquet', tier='gpu', name='customer', cols=['c_custkey','c_nationkey'])
[2026-07-08 04:12:31.803] [info] [sirius_extension.cpp:1060] [fixed-page-cache] pin_table chunk_rr name='customer' chunk=0 rows=15000000 source_gpu=0 target_gpu=0
[2026-07-08 04:12:31.851] [info] [sirius_scan_manager.cpp:903] [fixed-page-cache] page_directory indexed table='customer' fixed_cols=2 pages=87 resident_pages=87 resident_bytes=180000000 stats_pages=87 evicted_pages=0 eviction_count=0 directory_entries=87 page_bytes=2097152 rows=15000000 partial=false
[2026-07-08 04:12:31.851] [info] [sirius_context.cpp:258] QueryEnd
[2026-07-08 04:12:31.857] [info] [:] [host_pool] HOST:0 QueryEnd allocated=3145728 bytes peak=3145728 bytes free_blocks=509
[2026-07-08 04:12:31.857] [info] [:] [gpu_pool] GPU:0 QueryEnd allocated=183750400 bytes peak=313203200 bytes reserved=0 bytes
[2026-07-08 04:12:31.857] [info] [:] [gpu_pool] GPU:1 QueryEnd allocated=0 bytes peak=0 bytes reserved=0 bytes
[2026-07-08 04:12:31.857] [info] [:] [host_pool] HOST:0 QueryBegin allocated=3145728 bytes peak=3145728 bytes free_blocks=509
[2026-07-08 04:12:31.857] [info] [:] [gpu_pool] GPU:0 QueryBegin allocated=183750400 bytes peak=313203200 bytes reserved=0 bytes
[2026-07-08 04:12:31.857] [info] [:] [gpu_pool] GPU:1 QueryBegin allocated=0 bytes peak=0 bytes reserved=0 bytes
[2026-07-08 04:12:31.857] [info] [sirius_context.cpp:242] QueryBegin: SQL: CALL pin_table('/mnt/nvme/dataset/lineitem*.parquet', tier='gpu', name='lineitem', cols=['l_orderkey'])
[2026-07-08 04:12:32.324] [info] [sirius_extension.cpp:1060] [fixed-page-cache] pin_table chunk_rr name='lineitem' chunk=0 rows=65976100 source_gpu=0 target_gpu=0
[2026-07-08 04:12:32.472] [info] [sirius_extension.cpp:1049] [fixed-page-cache] pin_table chunk_rr name='lineitem' chunk=1 rows=65958060 source_gpu=0 target_gpu=1
[2026-07-08 04:12:32.475] [info] [sirius_extension.cpp:1060] [fixed-page-cache] pin_table chunk_rr name='lineitem' chunk=2 rows=66014724 source_gpu=0 target_gpu=0
[2026-07-08 04:12:32.524] [info] [sirius_extension.cpp:1049] [fixed-page-cache] pin_table chunk_rr name='lineitem' chunk=3 rows=66014514 source_gpu=0 target_gpu=1
[2026-07-08 04:12:32.527] [info] [sirius_extension.cpp:1060] [fixed-page-cache] pin_table chunk_rr name='lineitem' chunk=4 rows=66016567 source_gpu=0 target_gpu=0
[2026-07-08 04:12:32.534] [info] [sirius_context.cpp:258] QueryEnd
[2026-07-08 04:12:32.554] [info] [:] [host_pool] HOST:0 QueryEnd allocated=3145728 bytes peak=531628032 bytes free_blocks=509
[2026-07-08 04:12:32.554] [info] [:] [gpu_pool] GPU:0 QueryEnd allocated=183750400 bytes peak=6592903168 bytes reserved=0 bytes
[2026-07-08 04:12:32.554] [info] [:] [gpu_pool] GPU:1 QueryEnd allocated=0 bytes peak=1072277760 bytes reserved=0 bytes
[2026-07-08 04:12:32.554] [info] [:] [host_pool] HOST:0 QueryBegin allocated=3145728 bytes peak=531628032 bytes free_blocks=509
[2026-07-08 04:12:32.554] [info] [:] [gpu_pool] GPU:0 QueryBegin allocated=183750400 bytes peak=6592903168 bytes reserved=0 bytes
[2026-07-08 04:12:32.554] [info] [:] [gpu_pool] GPU:1 QueryBegin allocated=0 bytes peak=1072277760 bytes reserved=0 bytes
[2026-07-08 04:12:32.554] [info] [sirius_context.cpp:242] QueryBegin: SQL: CALL unpin_table('customer')
[2026-07-08 04:12:32.555] [info] [sirius_context.cpp:258] QueryEnd
[2026-07-08 04:12:32.574] [info] [:] [host_pool] HOST:0 QueryEnd allocated=3145728 bytes peak=531628032 bytes free_blocks=509
[2026-07-08 04:12:32.574] [info] [:] [gpu_pool] GPU:0 QueryEnd allocated=0 bytes peak=6592903168 bytes reserved=0 bytes
[2026-07-08 04:12:32.574] [info] [:] [gpu_pool] GPU:1 QueryEnd allocated=0 bytes peak=1072277760 bytes reserved=0 bytes
[2026-07-08 04:12:32.574] [info] [:] [host_pool] HOST:0 QueryBegin allocated=3145728 bytes peak=531628032 bytes free_blocks=509
[2026-07-08 04:12:32.574] [info] [:] [gpu_pool] GPU:0 QueryBegin allocated=0 bytes peak=6592903168 bytes reserved=0 bytes
[2026-07-08 04:12:32.574] [info] [:] [gpu_pool] GPU:1 QueryBegin allocated=0 bytes peak=1072277760 bytes reserved=0 bytes
[2026-07-08 04:12:32.574] [info] [sirius_context.cpp:242] QueryBegin: SQL: CALL unpin_table('lineitem')
[2026-07-08 04:12:32.575] [info] [sirius_context.cpp:258] QueryEnd
[2026-07-08 04:12:32.595] [info] [:] [host_pool] HOST:0 QueryEnd allocated=3145728 bytes peak=531628032 bytes free_blocks=509
[2026-07-08 04:12:32.595] [info] [:] [gpu_pool] GPU:0 QueryEnd allocated=0 bytes peak=6592903168 bytes reserved=0 bytes
[2026-07-08 04:12:32.595] [info] [:] [gpu_pool] GPU:1 QueryEnd allocated=0 bytes peak=1072277760 bytes reserved=0 bytes
[2026-07-08 04:12:32.595] [info] [:] [host_pool] HOST:0 QueryBegin allocated=3145728 bytes peak=531628032 bytes free_blocks=509
[2026-07-08 04:12:32.595] [info] [:] [gpu_pool] GPU:0 QueryBegin allocated=0 bytes peak=6592903168 bytes reserved=0 bytes
[2026-07-08 04:12:32.595] [info] [:] [gpu_pool] GPU:1 QueryBegin allocated=0 bytes peak=1072277760 bytes reserved=0 bytes
[2026-07-08 04:12:32.595] [info] [sirius_context.cpp:242] QueryBegin: SQL: CALL unpin_table('nation')
[2026-07-08 04:12:32.596] [info] [sirius_context.cpp:258] QueryEnd
[2026-07-08 04:12:32.615] [info] [:] [host_pool] HOST:0 QueryEnd allocated=3145728 bytes peak=531628032 bytes free_blocks=509
[2026-07-08 04:12:32.615] [info] [:] [gpu_pool] GPU:0 QueryEnd allocated=0 bytes peak=6592903168 bytes reserved=0 bytes
[2026-07-08 04:12:32.615] [info] [:] [gpu_pool] GPU:1 QueryEnd allocated=0 bytes peak=1072277760 bytes reserved=0 bytes
[2026-07-08 04:12:32.615] [info] [:] [host_pool] HOST:0 QueryBegin allocated=3145728 bytes peak=531628032 bytes free_blocks=509
[2026-07-08 04:12:32.615] [info] [:] [gpu_pool] GPU:0 QueryBegin allocated=0 bytes peak=6592903168 bytes reserved=0 bytes
[2026-07-08 04:12:32.615] [info] [:] [gpu_pool] GPU:1 QueryBegin allocated=0 bytes peak=1072277760 bytes reserved=0 bytes
[2026-07-08 04:12:32.615] [info] [sirius_context.cpp:242] QueryBegin: SQL: CALL unpin_table('orders')
[2026-07-08 04:12:32.616] [info] [sirius_context.cpp:258] QueryEnd
[2026-07-08 04:12:32.635] [info] [:] [host_pool] HOST:0 QueryEnd allocated=3145728 bytes peak=531628032 bytes free_blocks=509
[2026-07-08 04:12:32.635] [info] [:] [gpu_pool] GPU:0 QueryEnd allocated=0 bytes peak=6592903168 bytes reserved=0 bytes
[2026-07-08 04:12:32.635] [info] [:] [gpu_pool] GPU:1 QueryEnd allocated=0 bytes peak=1072277760 bytes reserved=0 bytes
[2026-07-08 04:12:32.636] [info] [:] [host_pool] HOST:0 QueryBegin allocated=3145728 bytes peak=531628032 bytes free_blocks=509
[2026-07-08 04:12:32.636] [info] [:] [gpu_pool] GPU:0 QueryBegin allocated=0 bytes peak=6592903168 bytes reserved=0 bytes
[2026-07-08 04:12:32.636] [info] [:] [gpu_pool] GPU:1 QueryBegin allocated=0 bytes peak=1072277760 bytes reserved=0 bytes
[2026-07-08 04:12:32.636] [info] [sirius_context.cpp:242] QueryBegin: SQL: CALL unpin_table('part')
[2026-07-08 04:12:32.637] [info] [sirius_context.cpp:258] QueryEnd
[2026-07-08 04:12:32.656] [info] [:] [host_pool] HOST:0 QueryEnd allocated=3145728 bytes peak=531628032 bytes free_blocks=509
[2026-07-08 04:12:32.656] [info] [:] [gpu_pool] GPU:0 QueryEnd allocated=0 bytes peak=6592903168 bytes reserved=0 bytes
[2026-07-08 04:12:32.656] [info] [:] [gpu_pool] GPU:1 QueryEnd allocated=0 bytes peak=1072277760 bytes reserved=0 bytes
[2026-07-08 04:12:32.656] [info] [:] [host_pool] HOST:0 QueryBegin allocated=3145728 bytes peak=531628032 bytes free_blocks=509
[2026-07-08 04:12:32.656] [info] [:] [gpu_pool] GPU:0 QueryBegin allocated=0 bytes peak=6592903168 bytes reserved=0 bytes
[2026-07-08 04:12:32.656] [info] [:] [gpu_pool] GPU:1 QueryBegin allocated=0 bytes peak=1072277760 bytes reserved=0 bytes
[2026-07-08 04:12:32.656] [info] [sirius_context.cpp:242] QueryBegin: SQL: CALL unpin_table('region')
[2026-07-08 04:12:32.657] [info] [sirius_context.cpp:258] QueryEnd
[2026-07-08 04:12:32.676] [info] [:] [host_pool] HOST:0 QueryEnd allocated=3145728 bytes peak=531628032 bytes free_blocks=509
[2026-07-08 04:12:32.676] [info] [:] [gpu_pool] GPU:0 QueryEnd allocated=0 bytes peak=6592903168 bytes reserved=0 bytes
[2026-07-08 04:12:32.676] [info] [:] [gpu_pool] GPU:1 QueryEnd allocated=0 bytes peak=1072277760 bytes reserved=0 bytes
[2026-07-08 04:12:32.677] [info] [:] [host_pool] HOST:0 QueryBegin allocated=3145728 bytes peak=531628032 bytes free_blocks=509
[2026-07-08 04:12:32.677] [info] [:] [gpu_pool] GPU:0 QueryBegin allocated=0 bytes peak=6592903168 bytes reserved=0 bytes
[2026-07-08 04:12:32.677] [info] [:] [gpu_pool] GPU:1 QueryBegin allocated=0 bytes peak=1072277760 bytes reserved=0 bytes
[2026-07-08 04:12:32.677] [info] [sirius_context.cpp:242] QueryBegin: SQL: CALL unpin_table('supplier')
[2026-07-08 04:12:32.678] [info] [sirius_context.cpp:258] QueryEnd
[2026-07-08 04:12:32.697] [info] [:] [host_pool] HOST:0 QueryEnd allocated=3145728 bytes peak=531628032 bytes free_blocks=509
[2026-07-08 04:12:32.697] [info] [:] [gpu_pool] GPU:0 QueryEnd allocated=0 bytes peak=6592903168 bytes reserved=0 bytes
[2026-07-08 04:12:32.697] [info] [:] [gpu_pool] GPU:1 QueryEnd allocated=0 bytes peak=1072277760 bytes reserved=0 bytes
[2026-07-08 04:12:32.697] [info] [sirius_context.cpp:1013] Connection closed.
[2026-07-08 04:12:32.707] [info] [task_scheduler.cpp:295] Task request channel closed, exiting management event loop.
[2026-07-08 04:12:32.707] [info] [gpu_pipeline_executor.cpp:118] GPU Pipeline Executor: task queue interrupted, stopping manager loop
[2026-07-08 04:12:32.707] [info] [gpu_pipeline_executor.cpp:118] GPU Pipeline Executor: task queue interrupted, stopping manager loop
