[2026-07-09 04:17:15.945] [info] [sirius_context.cpp:957] Loaded Sirius configuration from file: /home/dy1013/sirius_multi-gpu/experiment/fixed_page_runs/allq_5x_7gb_fixed/configs/sirius_2gpu.yaml
[2026-07-09 04:17:15.951] [info] [telemetry_context.cpp:78] Telemetry context initialized (engine=siriusDB)
[2026-07-09 04:17:15.951] [info] [sirius_context.cpp:296] SiriusContext: topology summary — 2 GPU(s), 1 NUMA node(s), host='hicys76'
[2026-07-09 04:17:15.951] [info] [sirius_context.cpp:301]   GPU 0: NVIDIA RTX A5000 (numa=0, pci=00000000:AC:00.0)
[2026-07-09 04:17:15.951] [info] [sirius_context.cpp:301]   GPU 1: NVIDIA RTX A5000 (numa=0, pci=00000000:CA:00.0)
[2026-07-09 04:17:16.095] [warning] [sirius_context.cpp:311] SiriusContext: disk memory space is not configured; spilling GPU or HOST data to disk is disabled. If queries run out of GPU/HOST memory, downgrades to disk will not be possible.
[2026-07-09 04:17:16.095] [info] [sirius_context.cpp:323] SiriusContext: 1 host memory space(s) created for 1 NUMA node(s)
[2026-07-09 04:17:16.098] [info] [sirius_context.cpp:376] SiriusContext: P2P enabled 0 -> 1
[2026-07-09 04:17:16.098] [info] [sirius_context.cpp:376] SiriusContext: P2P enabled 1 -> 0
[2026-07-09 04:17:16.114] [info] [sirius_context.cpp:436] SiriusContext: cuDF pinned memory resource configured (NUMA-aware, max slab 8192 B, fallback node=0)
[2026-07-09 04:17:16.118] [info] [sirius_context.cpp:918] Connection opened.
[2026-07-09 04:17:16.118] [info] [sirius_context.cpp:931] Extension loaded: sirius
[2026-07-09 04:17:16.118] [info] [sirius_context.cpp:217] QueryEnd
[2026-07-09 04:17:16.127] [info] [:] [host_pool] HOST:0 QueryEnd allocated=67108864 bytes peak=67108864 bytes free_blocks=448
[2026-07-09 04:17:16.127] [info] [:] [gpu_pool] GPU:0 QueryEnd allocated=0 bytes peak=0 bytes reserved=0 bytes
[2026-07-09 04:17:16.127] [info] [:] [gpu_pool] GPU:1 QueryEnd allocated=0 bytes peak=0 bytes reserved=0 bytes
[2026-07-09 04:17:16.127] [info] [:] [host_pool] HOST:0 QueryBegin allocated=67108864 bytes peak=67108864 bytes free_blocks=448
[2026-07-09 04:17:16.127] [info] [:] [gpu_pool] GPU:0 QueryBegin allocated=0 bytes peak=0 bytes reserved=0 bytes
[2026-07-09 04:17:16.127] [info] [:] [gpu_pool] GPU:1 QueryBegin allocated=0 bytes peak=0 bytes reserved=0 bytes
[2026-07-09 04:17:16.127] [info] [sirius_context.cpp:201] QueryBegin: SQL: CALL pin_table('/mnt/nvme/dataset/lineitem.parquet', tier='gpu', name='lineitem', cols=['l_discount','l_extendedprice','l_linestatus','l_quantity','l_returnflag','l_shipdate','l_tax'])
[2026-07-09 04:17:16.216] [info] [parquet_gpu_ingestible.cpp:250] [coalesce-debug] parquet_batch_coalescer emit #1: 1 slice(s), acc_bytes=534789815, cap=536870912
[2026-07-09 04:17:16.216] [info] [parquet_gpu_ingestible.cpp:250] [coalesce-debug] parquet_batch_coalescer emit #2: 1 slice(s), acc_bytes=532171138, cap=536870912
[2026-07-09 04:17:16.216] [info] [parquet_gpu_ingestible.cpp:250] [coalesce-debug] parquet_batch_coalescer emit #3: 1 slice(s), acc_bytes=532184009, cap=536870912
[2026-07-09 04:17:16.216] [info] [parquet_gpu_ingestible.cpp:250] [coalesce-debug] parquet_batch_coalescer emit #4: 1 slice(s), acc_bytes=532187083, cap=536870912
[2026-07-09 04:17:16.216] [info] [parquet_gpu_ingestible.cpp:250] [coalesce-debug] parquet_batch_coalescer emit #5: 1 slice(s), acc_bytes=532166980, cap=536870912
[2026-07-09 04:17:16.216] [info] [parquet_gpu_ingestible.cpp:250] [coalesce-debug] parquet_batch_coalescer emit #6: 1 slice(s), acc_bytes=532207947, cap=536870912
[2026-07-09 04:17:16.216] [info] [parquet_gpu_ingestible.cpp:250] [coalesce-debug] parquet_batch_coalescer emit #7: 1 slice(s), acc_bytes=532187130, cap=536870912
[2026-07-09 04:17:16.216] [info] [parquet_gpu_ingestible.cpp:250] [coalesce-debug] parquet_batch_coalescer emit #8: 1 slice(s), acc_bytes=532160696, cap=536870912
[2026-07-09 04:17:16.216] [info] [parquet_gpu_ingestible.cpp:250] [coalesce-debug] parquet_batch_coalescer emit #9: 1 slice(s), acc_bytes=534476265, cap=536870912
[2026-07-09 04:17:16.216] [info] [parquet_gpu_ingestible.cpp:250] [coalesce-debug] parquet_batch_coalescer emit #10: 1 slice(s), acc_bytes=531316011, cap=536870912
[2026-07-09 04:17:16.216] [info] [parquet_gpu_ingestible.cpp:250] [coalesce-debug] parquet_batch_coalescer emit #11: 1 slice(s), acc_bytes=531364757, cap=536870912
[2026-07-09 04:17:16.216] [info] [parquet_gpu_ingestible.cpp:250] [coalesce-debug] parquet_batch_coalescer emit #12: 1 slice(s), acc_bytes=531324342, cap=536870912
[2026-07-09 04:17:16.216] [info] [parquet_gpu_ingestible.cpp:250] [coalesce-debug] parquet_batch_coalescer emit #13: 1 slice(s), acc_bytes=531338173, cap=536870912
[2026-07-09 04:17:16.216] [info] [parquet_gpu_ingestible.cpp:250] [coalesce-debug] parquet_batch_coalescer emit #14: 1 slice(s), acc_bytes=531321657, cap=536870912
[2026-07-09 04:17:16.216] [info] [parquet_gpu_ingestible.cpp:250] [coalesce-debug] parquet_batch_coalescer emit #15: 1 slice(s), acc_bytes=531300589, cap=536870912
[2026-07-09 04:17:16.216] [info] [parquet_gpu_ingestible.cpp:250] [coalesce-debug] parquet_batch_coalescer emit #16: 1 slice(s), acc_bytes=531338528, cap=536870912
[2026-07-09 04:17:16.216] [info] [parquet_gpu_ingestible.cpp:250] [coalesce-debug] parquet_batch_coalescer emit #17: 1 slice(s), acc_bytes=531335751, cap=536870912
[2026-07-09 04:17:16.216] [info] [parquet_gpu_ingestible.cpp:250] [coalesce-debug] parquet_batch_coalescer emit #18: 1 slice(s), acc_bytes=531322484, cap=536870912
[2026-07-09 04:17:16.216] [info] [parquet_gpu_ingestible.cpp:250] [coalesce-debug] parquet_batch_coalescer emit #19: 1 slice(s), acc_bytes=531323018, cap=536870912
[2026-07-09 04:17:16.216] [info] [parquet_gpu_ingestible.cpp:250] [coalesce-debug] parquet_batch_coalescer emit #20: 1 slice(s), acc_bytes=531304222, cap=536870912
[2026-07-09 04:17:16.216] [info] [parquet_gpu_ingestible.cpp:250] [coalesce-debug] parquet_batch_coalescer emit #21: 1 slice(s), acc_bytes=531336170, cap=536870912
[2026-07-09 04:17:16.216] [info] [parquet_gpu_ingestible.cpp:250] [coalesce-debug] parquet_batch_coalescer emit #22: 1 slice(s), acc_bytes=531343046, cap=536870912
[2026-07-09 04:17:16.216] [info] [parquet_gpu_ingestible.cpp:250] [coalesce-debug] parquet_batch_coalescer emit #23: 1 slice(s), acc_bytes=531309316, cap=536870912
[2026-07-09 04:17:16.216] [info] [parquet_gpu_ingestible.cpp:250] [coalesce-debug] parquet_batch_coalescer emit #24: 1 slice(s), acc_bytes=531326966, cap=536870912
[2026-07-09 04:17:16.216] [info] [parquet_gpu_ingestible.cpp:250] [coalesce-debug] parquet_batch_coalescer emit #25: 1 slice(s), acc_bytes=531331244, cap=536870912
[2026-07-09 04:17:16.216] [info] [parquet_gpu_ingestible.cpp:250] [coalesce-debug] parquet_batch_coalescer emit #26: 1 slice(s), acc_bytes=531338510, cap=536870912
[2026-07-09 04:17:16.216] [info] [parquet_gpu_ingestible.cpp:250] [coalesce-debug] parquet_batch_coalescer emit #27: 1 slice(s), acc_bytes=531370544, cap=536870912
[2026-07-09 04:17:16.216] [info] [parquet_gpu_ingestible.cpp:250] [coalesce-debug] parquet_batch_coalescer emit #28: 1 slice(s), acc_bytes=531337512, cap=536870912
[2026-07-09 04:17:16.216] [info] [parquet_gpu_ingestible.cpp:250] [coalesce-debug] parquet_batch_coalescer emit #29: 1 slice(s), acc_bytes=531349970, cap=536870912
[2026-07-09 04:17:16.216] [info] [parquet_gpu_ingestible.cpp:250] [coalesce-debug] parquet_batch_coalescer emit #30: 1 slice(s), acc_bytes=531334930, cap=536870912
[2026-07-09 04:17:16.216] [info] [parquet_gpu_ingestible.cpp:250] [coalesce-debug] parquet_batch_coalescer emit #31: 1 slice(s), acc_bytes=531318593, cap=536870912
[2026-07-09 04:17:16.216] [info] [parquet_gpu_ingestible.cpp:250] [coalesce-debug] parquet_batch_coalescer emit #32: 1 slice(s), acc_bytes=531340845, cap=536870912
[2026-07-09 04:17:16.216] [info] [parquet_gpu_ingestible.cpp:250] [coalesce-debug] parquet_batch_coalescer emit #33: 1 slice(s), acc_bytes=531304842, cap=536870912
[2026-07-09 04:17:16.216] [info] [parquet_gpu_ingestible.cpp:250] [coalesce-debug] parquet_batch_coalescer emit #34: 1 slice(s), acc_bytes=531311242, cap=536870912
[2026-07-09 04:17:16.216] [info] [parquet_gpu_ingestible.cpp:250] [coalesce-debug] parquet_batch_coalescer emit #35: 1 slice(s), acc_bytes=531338273, cap=536870912
[2026-07-09 04:17:16.216] [info] [parquet_gpu_ingestible.cpp:250] [coalesce-debug] parquet_batch_coalescer emit #36: 1 slice(s), acc_bytes=531324910, cap=536870912
[2026-07-09 04:17:16.216] [info] [parquet_gpu_ingestible.cpp:250] [coalesce-debug] parquet_batch_coalescer emit #37: 1 slice(s), acc_bytes=531322058, cap=536870912
[2026-07-09 04:17:16.216] [info] [parquet_gpu_ingestible.cpp:250] [coalesce-debug] parquet_batch_coalescer emit #38: 1 slice(s), acc_bytes=531338840, cap=536870912
[2026-07-09 04:17:16.216] [info] [parquet_gpu_ingestible.cpp:250] [coalesce-debug] parquet_batch_coalescer emit #39: 1 slice(s), acc_bytes=531336954, cap=536870912
[2026-07-09 04:17:16.216] [info] [parquet_gpu_ingestible.cpp:250] [coalesce-debug] parquet_batch_coalescer emit #40: 1 slice(s), acc_bytes=531347260, cap=536870912
[2026-07-09 04:17:16.216] [info] [parquet_gpu_ingestible.cpp:250] [coalesce-debug] parquet_batch_coalescer emit #41: 1 slice(s), acc_bytes=531307001, cap=536870912
[2026-07-09 04:17:16.216] [info] [parquet_gpu_ingestible.cpp:250] [coalesce-debug] parquet_batch_coalescer emit #42: 1 slice(s), acc_bytes=531335735, cap=536870912
[2026-07-09 04:17:16.216] [info] [parquet_gpu_ingestible.cpp:250] [coalesce-debug] parquet_batch_coalescer emit #43: 1 slice(s), acc_bytes=531339454, cap=536870912
[2026-07-09 04:17:16.216] [info] [parquet_gpu_ingestible.cpp:250] [coalesce-debug] parquet_batch_coalescer emit #44: 1 slice(s), acc_bytes=531335537, cap=536870912
[2026-07-09 04:17:16.216] [info] [parquet_gpu_ingestible.cpp:250] [coalesce-debug] parquet_batch_coalescer emit #45: 1 slice(s), acc_bytes=531330147, cap=536870912
[2026-07-09 04:17:16.216] [info] [parquet_gpu_ingestible.cpp:250] [coalesce-debug] parquet_batch_coalescer emit #46: 1 slice(s), acc_bytes=531329208, cap=536870912
[2026-07-09 04:17:16.216] [info] [parquet_gpu_ingestible.cpp:250] [coalesce-debug] parquet_batch_coalescer emit #47: 1 slice(s), acc_bytes=531309646, cap=536870912
[2026-07-09 04:17:16.216] [info] [parquet_gpu_ingestible.cpp:250] [coalesce-debug] parquet_batch_coalescer emit #48: 1 slice(s), acc_bytes=531321153, cap=536870912
[2026-07-09 04:17:16.216] [info] [parquet_gpu_ingestible.cpp:250] [coalesce-debug] parquet_batch_coalescer emit #49: 1 slice(s), acc_bytes=531337531, cap=536870912
[2026-07-09 04:17:16.216] [info] [parquet_gpu_ingestible.cpp:250] [coalesce-debug] parquet_batch_coalescer emit #50: 1 slice(s), acc_bytes=531343254, cap=536870912
[2026-07-09 04:17:16.216] [info] [parquet_gpu_ingestible.cpp:250] [coalesce-debug] parquet_batch_coalescer emit #51: 1 slice(s), acc_bytes=531323856, cap=536870912
[2026-07-09 04:17:19.656] [info] [sirius_context.cpp:217] QueryEnd
[2026-07-09 04:17:19.666] [info] [:] [host_pool] HOST:0 QueryEnd allocated=70254592 bytes peak=70254592 bytes free_blocks=445
[2026-07-09 04:17:19.666] [info] [:] [gpu_pool] GPU:0 QueryEnd allocated=0 bytes peak=6921175040 bytes reserved=0 bytes
[2026-07-09 04:17:19.666] [info] [:] [gpu_pool] GPU:1 QueryEnd allocated=0 bytes peak=6915200768 bytes reserved=0 bytes
[2026-07-09 04:17:19.683] [info] [:] [host_pool] HOST:0 QueryBegin allocated=70254592 bytes peak=70254592 bytes free_blocks=445
[2026-07-09 04:17:19.683] [info] [:] [gpu_pool] GPU:0 QueryBegin allocated=0 bytes peak=6921175040 bytes reserved=0 bytes
[2026-07-09 04:17:19.683] [info] [:] [gpu_pool] GPU:1 QueryBegin allocated=0 bytes peak=6915200768 bytes reserved=0 bytes
[2026-07-09 04:17:19.683] [info] [sirius_context.cpp:201] QueryBegin: SQL: CALL unpin_table('lineitem')
[2026-07-09 04:17:19.686] [info] [sirius_context.cpp:217] QueryEnd
[2026-07-09 04:17:19.696] [info] [:] [host_pool] HOST:0 QueryEnd allocated=70254592 bytes peak=70254592 bytes free_blocks=445
[2026-07-09 04:17:19.696] [info] [:] [gpu_pool] GPU:0 QueryEnd allocated=0 bytes peak=6921175040 bytes reserved=0 bytes
[2026-07-09 04:17:19.696] [info] [:] [gpu_pool] GPU:1 QueryEnd allocated=0 bytes peak=6915200768 bytes reserved=0 bytes
[2026-07-09 04:17:19.697] [info] [sirius_context.cpp:924] Connection closed.
[2026-07-09 04:17:19.713] [info] [task_scheduler.cpp:368] Task request channel closed, exiting management event loop.
[2026-07-09 04:17:19.713] [info] [gpu_pipeline_executor.cpp:118] GPU Pipeline Executor: task queue interrupted, stopping manager loop
[2026-07-09 04:17:19.714] [info] [gpu_pipeline_executor.cpp:118] GPU Pipeline Executor: task queue interrupted, stopping manager loop
