[2026-07-08 08:12:29.316] [warning] [sirius_config.cpp:459] sirius_config: use_sirius_datasource was false but 2 GPUs are configured; the sirius datasource is required for multi-GPU IO routing. Overriding use_sirius_datasource to true.
[2026-07-08 08:12:29.316] [info] [sirius_context.cpp:1046] Loaded Sirius configuration from file: /home/dy1013/sirius_multi-gpu/experiment/fixed_page_runs/tpch22_score_7gb/configs/sirius_2gpu.yaml
[2026-07-08 08:12:29.318] [info] [telemetry_context.cpp:67] Telemetry context initialized (engine=siriusDB)
[2026-07-08 08:12:29.318] [info] [sirius_context.cpp:337] SiriusContext: topology summary — 2 GPU(s), 1 NUMA node(s), host='hicys76'
[2026-07-08 08:12:29.318] [info] [sirius_context.cpp:342]   GPU 0: NVIDIA RTX A5000 (numa=0, pci=00000000:AC:00.0)
[2026-07-08 08:12:29.318] [info] [sirius_context.cpp:342]   GPU 1: NVIDIA RTX A5000 (numa=0, pci=00000000:CA:00.0)
[2026-07-08 08:12:29.455] [warning] [sirius_context.cpp:352] SiriusContext: disk memory space is not configured; spilling GPU or HOST data to disk is disabled. If queries run out of GPU/HOST memory, downgrades to disk will not be possible.
[2026-07-08 08:12:29.455] [info] [sirius_context.cpp:364] SiriusContext: 1 host memory space(s) created for 1 NUMA node(s)
[2026-07-08 08:12:29.455] [info] [sirius_context.cpp:417] SiriusContext: P2P enabled 0 -> 1
[2026-07-08 08:12:29.455] [info] [sirius_context.cpp:417] SiriusContext: P2P enabled 1 -> 0
[2026-07-08 08:12:29.455] [info] [sirius_context.cpp:477] SiriusContext: cuDF pinned memory resource configured (NUMA-aware, max slab 8192 B, fallback node=0)
[2026-07-08 08:12:29.627] [info] [sirius_context.cpp:1007] Connection opened.
[2026-07-08 08:12:29.627] [info] [sirius_context.cpp:1020] Extension loaded: sirius
[2026-07-08 08:12:29.627] [info] [sirius_context.cpp:258] QueryEnd
[2026-07-08 08:12:29.636] [info] [:] [host_pool] HOST:0 QueryEnd allocated=0 bytes peak=0 bytes free_blocks=512
[2026-07-08 08:12:29.636] [info] [:] [gpu_pool] GPU:0 QueryEnd allocated=0 bytes peak=0 bytes reserved=0 bytes
[2026-07-08 08:12:29.636] [info] [:] [gpu_pool] GPU:1 QueryEnd allocated=0 bytes peak=0 bytes reserved=0 bytes
[2026-07-08 08:12:29.637] [info] [:] [host_pool] HOST:0 QueryBegin allocated=0 bytes peak=0 bytes free_blocks=512
[2026-07-08 08:12:29.637] [info] [:] [gpu_pool] GPU:0 QueryBegin allocated=0 bytes peak=0 bytes reserved=0 bytes
[2026-07-08 08:12:29.637] [info] [:] [gpu_pool] GPU:1 QueryBegin allocated=0 bytes peak=0 bytes reserved=0 bytes
[2026-07-08 08:12:29.637] [info] [sirius_context.cpp:242] QueryBegin: SQL: CALL pin_table('/mnt/nvme/dataset/customer*.parquet', tier='gpu', name='customer', cols=['c_custkey','c_nationkey'])
[2026-07-08 08:12:29.680] [info] [sirius_extension.cpp:1060] [fixed-page-cache] pin_table chunk_rr name='customer' chunk=0 rows=15000000 source_gpu=0 target_gpu=0
[2026-07-08 08:12:29.689] [info] [sirius_scan_manager.cpp:1094] [fixed-page-cache] page_directory indexed table='customer' fixed_cols=2 pages=12 resident_pages=12 resident_bytes=180000000 stats_pages=12 evicted_pages=0 eviction_count=0 directory_entries=12 page_bytes=16777216 rows=15000000 partial=false owned_pages=0
[2026-07-08 08:12:29.689] [info] [sirius_context.cpp:258] QueryEnd
[2026-07-08 08:12:29.707] [info] [:] [host_pool] HOST:0 QueryEnd allocated=3145728 bytes peak=3145728 bytes free_blocks=509
[2026-07-08 08:12:29.707] [info] [:] [gpu_pool] GPU:0 QueryEnd allocated=183750400 bytes peak=313203200 bytes reserved=0 bytes
[2026-07-08 08:12:29.707] [info] [:] [gpu_pool] GPU:1 QueryEnd allocated=0 bytes peak=0 bytes reserved=0 bytes
[2026-07-08 08:12:29.708] [info] [:] [host_pool] HOST:0 QueryBegin allocated=3145728 bytes peak=3145728 bytes free_blocks=509
[2026-07-08 08:12:29.708] [info] [:] [gpu_pool] GPU:0 QueryBegin allocated=183750400 bytes peak=313203200 bytes reserved=0 bytes
[2026-07-08 08:12:29.708] [info] [:] [gpu_pool] GPU:1 QueryBegin allocated=0 bytes peak=0 bytes reserved=0 bytes
[2026-07-08 08:12:29.708] [info] [sirius_context.cpp:242] QueryBegin: SQL: CALL pin_table('/mnt/nvme/dataset/lineitem*.parquet', tier='gpu', name='lineitem', cols=['l_discount','l_extendedprice','l_orderkey','l_partkey','l_suppkey'])
[2026-07-08 08:12:33.870] [info] [sirius_context.cpp:258] QueryEnd
[2026-07-08 08:12:33.886] [info] [:] [host_pool] HOST:0 QueryEnd allocated=3145728 bytes peak=3145728 bytes free_blocks=509
[2026-07-08 08:12:33.886] [info] [:] [gpu_pool] GPU:0 QueryEnd allocated=183750400 bytes peak=313203200 bytes reserved=0 bytes
[2026-07-08 08:12:33.886] [info] [:] [gpu_pool] GPU:1 QueryEnd allocated=0 bytes peak=0 bytes reserved=0 bytes
[2026-07-08 08:12:33.886] [info] [:] [host_pool] HOST:0 QueryBegin allocated=3145728 bytes peak=3145728 bytes free_blocks=509
[2026-07-08 08:12:33.886] [info] [:] [gpu_pool] GPU:0 QueryBegin allocated=183750400 bytes peak=313203200 bytes reserved=0 bytes
[2026-07-08 08:12:33.886] [info] [:] [gpu_pool] GPU:1 QueryBegin allocated=0 bytes peak=0 bytes reserved=0 bytes
[2026-07-08 08:12:33.886] [info] [sirius_context.cpp:242] QueryBegin: SQL: CALL unpin_table('customer')
[2026-07-08 08:12:33.887] [info] [sirius_context.cpp:258] QueryEnd
[2026-07-08 08:12:33.906] [info] [:] [host_pool] HOST:0 QueryEnd allocated=3145728 bytes peak=3145728 bytes free_blocks=509
[2026-07-08 08:12:33.906] [info] [:] [gpu_pool] GPU:0 QueryEnd allocated=0 bytes peak=313203200 bytes reserved=0 bytes
[2026-07-08 08:12:33.906] [info] [:] [gpu_pool] GPU:1 QueryEnd allocated=0 bytes peak=0 bytes reserved=0 bytes
[2026-07-08 08:12:33.907] [info] [:] [host_pool] HOST:0 QueryBegin allocated=3145728 bytes peak=3145728 bytes free_blocks=509
[2026-07-08 08:12:33.907] [info] [:] [gpu_pool] GPU:0 QueryBegin allocated=0 bytes peak=313203200 bytes reserved=0 bytes
[2026-07-08 08:12:33.907] [info] [:] [gpu_pool] GPU:1 QueryBegin allocated=0 bytes peak=0 bytes reserved=0 bytes
[2026-07-08 08:12:33.907] [info] [sirius_context.cpp:242] QueryBegin: SQL: CALL unpin_table('lineitem')
[2026-07-08 08:12:33.908] [info] [sirius_context.cpp:258] QueryEnd
[2026-07-08 08:12:33.927] [info] [:] [host_pool] HOST:0 QueryEnd allocated=3145728 bytes peak=3145728 bytes free_blocks=509
[2026-07-08 08:12:33.927] [info] [:] [gpu_pool] GPU:0 QueryEnd allocated=0 bytes peak=313203200 bytes reserved=0 bytes
[2026-07-08 08:12:33.927] [info] [:] [gpu_pool] GPU:1 QueryEnd allocated=0 bytes peak=0 bytes reserved=0 bytes
[2026-07-08 08:12:33.927] [info] [:] [host_pool] HOST:0 QueryBegin allocated=3145728 bytes peak=3145728 bytes free_blocks=509
[2026-07-08 08:12:33.927] [info] [:] [gpu_pool] GPU:0 QueryBegin allocated=0 bytes peak=313203200 bytes reserved=0 bytes
[2026-07-08 08:12:33.927] [info] [:] [gpu_pool] GPU:1 QueryBegin allocated=0 bytes peak=0 bytes reserved=0 bytes
[2026-07-08 08:12:33.927] [info] [sirius_context.cpp:242] QueryBegin: SQL: CALL unpin_table('nation')
[2026-07-08 08:12:33.928] [info] [sirius_context.cpp:258] QueryEnd
[2026-07-08 08:12:33.947] [info] [:] [host_pool] HOST:0 QueryEnd allocated=3145728 bytes peak=3145728 bytes free_blocks=509
[2026-07-08 08:12:33.947] [info] [:] [gpu_pool] GPU:0 QueryEnd allocated=0 bytes peak=313203200 bytes reserved=0 bytes
[2026-07-08 08:12:33.947] [info] [:] [gpu_pool] GPU:1 QueryEnd allocated=0 bytes peak=0 bytes reserved=0 bytes
[2026-07-08 08:12:33.947] [info] [:] [host_pool] HOST:0 QueryBegin allocated=3145728 bytes peak=3145728 bytes free_blocks=509
[2026-07-08 08:12:33.947] [info] [:] [gpu_pool] GPU:0 QueryBegin allocated=0 bytes peak=313203200 bytes reserved=0 bytes
[2026-07-08 08:12:33.947] [info] [:] [gpu_pool] GPU:1 QueryBegin allocated=0 bytes peak=0 bytes reserved=0 bytes
[2026-07-08 08:12:33.947] [info] [sirius_context.cpp:242] QueryBegin: SQL: CALL unpin_table('orders')
[2026-07-08 08:12:33.948] [info] [sirius_context.cpp:258] QueryEnd
[2026-07-08 08:12:33.968] [info] [:] [host_pool] HOST:0 QueryEnd allocated=3145728 bytes peak=3145728 bytes free_blocks=509
[2026-07-08 08:12:33.968] [info] [:] [gpu_pool] GPU:0 QueryEnd allocated=0 bytes peak=313203200 bytes reserved=0 bytes
[2026-07-08 08:12:33.968] [info] [:] [gpu_pool] GPU:1 QueryEnd allocated=0 bytes peak=0 bytes reserved=0 bytes
[2026-07-08 08:12:33.968] [info] [:] [host_pool] HOST:0 QueryBegin allocated=3145728 bytes peak=3145728 bytes free_blocks=509
[2026-07-08 08:12:33.968] [info] [:] [gpu_pool] GPU:0 QueryBegin allocated=0 bytes peak=313203200 bytes reserved=0 bytes
[2026-07-08 08:12:33.968] [info] [:] [gpu_pool] GPU:1 QueryBegin allocated=0 bytes peak=0 bytes reserved=0 bytes
[2026-07-08 08:12:33.968] [info] [sirius_context.cpp:242] QueryBegin: SQL: CALL unpin_table('part')
[2026-07-08 08:12:33.969] [info] [sirius_context.cpp:258] QueryEnd
[2026-07-08 08:12:33.988] [info] [:] [host_pool] HOST:0 QueryEnd allocated=3145728 bytes peak=3145728 bytes free_blocks=509
[2026-07-08 08:12:33.988] [info] [:] [gpu_pool] GPU:0 QueryEnd allocated=0 bytes peak=313203200 bytes reserved=0 bytes
[2026-07-08 08:12:33.988] [info] [:] [gpu_pool] GPU:1 QueryEnd allocated=0 bytes peak=0 bytes reserved=0 bytes
[2026-07-08 08:12:33.988] [info] [:] [host_pool] HOST:0 QueryBegin allocated=3145728 bytes peak=3145728 bytes free_blocks=509
[2026-07-08 08:12:33.988] [info] [:] [gpu_pool] GPU:0 QueryBegin allocated=0 bytes peak=313203200 bytes reserved=0 bytes
[2026-07-08 08:12:33.988] [info] [:] [gpu_pool] GPU:1 QueryBegin allocated=0 bytes peak=0 bytes reserved=0 bytes
[2026-07-08 08:12:33.988] [info] [sirius_context.cpp:242] QueryBegin: SQL: CALL unpin_table('region')
[2026-07-08 08:12:33.989] [info] [sirius_context.cpp:258] QueryEnd
[2026-07-08 08:12:34.009] [info] [:] [host_pool] HOST:0 QueryEnd allocated=3145728 bytes peak=3145728 bytes free_blocks=509
[2026-07-08 08:12:34.009] [info] [:] [gpu_pool] GPU:0 QueryEnd allocated=0 bytes peak=313203200 bytes reserved=0 bytes
[2026-07-08 08:12:34.009] [info] [:] [gpu_pool] GPU:1 QueryEnd allocated=0 bytes peak=0 bytes reserved=0 bytes
[2026-07-08 08:12:34.009] [info] [:] [host_pool] HOST:0 QueryBegin allocated=3145728 bytes peak=3145728 bytes free_blocks=509
[2026-07-08 08:12:34.009] [info] [:] [gpu_pool] GPU:0 QueryBegin allocated=0 bytes peak=313203200 bytes reserved=0 bytes
[2026-07-08 08:12:34.009] [info] [:] [gpu_pool] GPU:1 QueryBegin allocated=0 bytes peak=0 bytes reserved=0 bytes
[2026-07-08 08:12:34.009] [info] [sirius_context.cpp:242] QueryBegin: SQL: CALL unpin_table('supplier')
[2026-07-08 08:12:34.010] [info] [sirius_context.cpp:258] QueryEnd
[2026-07-08 08:12:34.029] [info] [:] [host_pool] HOST:0 QueryEnd allocated=3145728 bytes peak=3145728 bytes free_blocks=509
[2026-07-08 08:12:34.029] [info] [:] [gpu_pool] GPU:0 QueryEnd allocated=0 bytes peak=313203200 bytes reserved=0 bytes
[2026-07-08 08:12:34.029] [info] [:] [gpu_pool] GPU:1 QueryEnd allocated=0 bytes peak=0 bytes reserved=0 bytes
[2026-07-08 08:12:34.029] [info] [sirius_context.cpp:1013] Connection closed.
[2026-07-08 08:12:34.042] [info] [task_scheduler.cpp:295] Task request channel closed, exiting management event loop.
[2026-07-08 08:12:34.043] [info] [gpu_pipeline_executor.cpp:118] GPU Pipeline Executor: task queue interrupted, stopping manager loop
[2026-07-08 08:12:34.043] [info] [gpu_pipeline_executor.cpp:118] GPU Pipeline Executor: task queue interrupted, stopping manager loop
[2026-07-08 08:25:22.363] [warning] [sirius_config.cpp:459] sirius_config: use_sirius_datasource was false but 2 GPUs are configured; the sirius datasource is required for multi-GPU IO routing. Overriding use_sirius_datasource to true.
[2026-07-08 08:25:22.363] [info] [sirius_context.cpp:1046] Loaded Sirius configuration from file: /home/dy1013/sirius_multi-gpu/experiment/fixed_page_runs/tpch22_score_7gb/configs/sirius_2gpu.yaml
[2026-07-08 08:25:22.365] [info] [telemetry_context.cpp:67] Telemetry context initialized (engine=siriusDB)
[2026-07-08 08:25:22.365] [info] [sirius_context.cpp:337] SiriusContext: topology summary — 2 GPU(s), 1 NUMA node(s), host='hicys76'
[2026-07-08 08:25:22.365] [info] [sirius_context.cpp:342]   GPU 0: NVIDIA RTX A5000 (numa=0, pci=00000000:AC:00.0)
[2026-07-08 08:25:22.365] [info] [sirius_context.cpp:342]   GPU 1: NVIDIA RTX A5000 (numa=0, pci=00000000:CA:00.0)
[2026-07-08 08:25:22.494] [warning] [sirius_context.cpp:352] SiriusContext: disk memory space is not configured; spilling GPU or HOST data to disk is disabled. If queries run out of GPU/HOST memory, downgrades to disk will not be possible.
[2026-07-08 08:25:22.494] [info] [sirius_context.cpp:364] SiriusContext: 1 host memory space(s) created for 1 NUMA node(s)
[2026-07-08 08:25:22.494] [info] [sirius_context.cpp:417] SiriusContext: P2P enabled 0 -> 1
[2026-07-08 08:25:22.494] [info] [sirius_context.cpp:417] SiriusContext: P2P enabled 1 -> 0
[2026-07-08 08:25:22.494] [info] [sirius_context.cpp:477] SiriusContext: cuDF pinned memory resource configured (NUMA-aware, max slab 8192 B, fallback node=0)
[2026-07-08 08:25:22.662] [info] [sirius_context.cpp:1007] Connection opened.
[2026-07-08 08:25:22.662] [info] [sirius_context.cpp:1020] Extension loaded: sirius
[2026-07-08 08:25:22.662] [info] [sirius_context.cpp:258] QueryEnd
[2026-07-08 08:25:22.671] [info] [:] [host_pool] HOST:0 QueryEnd allocated=0 bytes peak=0 bytes free_blocks=512
[2026-07-08 08:25:22.671] [info] [:] [gpu_pool] GPU:0 QueryEnd allocated=0 bytes peak=0 bytes reserved=0 bytes
[2026-07-08 08:25:22.671] [info] [:] [gpu_pool] GPU:1 QueryEnd allocated=0 bytes peak=0 bytes reserved=0 bytes
[2026-07-08 08:25:22.672] [info] [:] [host_pool] HOST:0 QueryBegin allocated=0 bytes peak=0 bytes free_blocks=512
[2026-07-08 08:25:22.672] [info] [:] [gpu_pool] GPU:0 QueryBegin allocated=0 bytes peak=0 bytes reserved=0 bytes
[2026-07-08 08:25:22.672] [info] [:] [gpu_pool] GPU:1 QueryBegin allocated=0 bytes peak=0 bytes reserved=0 bytes
[2026-07-08 08:25:22.672] [info] [sirius_context.cpp:242] QueryBegin: SQL: CALL pin_table('/mnt/nvme/dataset/customer*.parquet', tier='gpu', name='customer', cols=['c_custkey','c_nationkey'])
[2026-07-08 08:25:22.716] [info] [sirius_extension.cpp:1060] [fixed-page-cache] pin_table chunk_rr name='customer' chunk=0 rows=15000000 source_gpu=0 target_gpu=0
[2026-07-08 08:25:22.723] [info] [sirius_scan_manager.cpp:1094] [fixed-page-cache] page_directory indexed table='customer' fixed_cols=2 pages=12 resident_pages=12 resident_bytes=180000000 stats_pages=12 evicted_pages=0 eviction_count=0 directory_entries=12 page_bytes=16777216 rows=15000000 partial=false owned_pages=0
[2026-07-08 08:25:22.724] [info] [sirius_context.cpp:258] QueryEnd
[2026-07-08 08:25:22.732] [info] [:] [host_pool] HOST:0 QueryEnd allocated=3145728 bytes peak=3145728 bytes free_blocks=509
[2026-07-08 08:25:22.732] [info] [:] [gpu_pool] GPU:0 QueryEnd allocated=183750400 bytes peak=313203200 bytes reserved=0 bytes
[2026-07-08 08:25:22.732] [info] [:] [gpu_pool] GPU:1 QueryEnd allocated=0 bytes peak=0 bytes reserved=0 bytes
[2026-07-08 08:25:22.732] [info] [:] [host_pool] HOST:0 QueryBegin allocated=3145728 bytes peak=3145728 bytes free_blocks=509
[2026-07-08 08:25:22.732] [info] [:] [gpu_pool] GPU:0 QueryBegin allocated=183750400 bytes peak=313203200 bytes reserved=0 bytes
[2026-07-08 08:25:22.732] [info] [:] [gpu_pool] GPU:1 QueryBegin allocated=0 bytes peak=0 bytes reserved=0 bytes
[2026-07-08 08:25:22.732] [info] [sirius_context.cpp:242] QueryBegin: SQL: CALL pin_table('/mnt/nvme/dataset/lineitem*.parquet', tier='gpu', name='lineitem', cols=['l_discount','l_extendedprice','l_orderkey','l_partkey','l_suppkey'])
[2026-07-08 08:25:26.874] [info] [sirius_context.cpp:258] QueryEnd
[2026-07-08 08:25:26.887] [info] [:] [host_pool] HOST:0 QueryEnd allocated=3145728 bytes peak=3145728 bytes free_blocks=509
[2026-07-08 08:25:26.887] [info] [:] [gpu_pool] GPU:0 QueryEnd allocated=183750400 bytes peak=313203200 bytes reserved=0 bytes
[2026-07-08 08:25:26.887] [info] [:] [gpu_pool] GPU:1 QueryEnd allocated=0 bytes peak=0 bytes reserved=0 bytes
[2026-07-08 08:25:26.887] [info] [:] [host_pool] HOST:0 QueryBegin allocated=3145728 bytes peak=3145728 bytes free_blocks=509
[2026-07-08 08:25:26.887] [info] [:] [gpu_pool] GPU:0 QueryBegin allocated=183750400 bytes peak=313203200 bytes reserved=0 bytes
[2026-07-08 08:25:26.887] [info] [:] [gpu_pool] GPU:1 QueryBegin allocated=0 bytes peak=0 bytes reserved=0 bytes
[2026-07-08 08:25:26.887] [info] [sirius_context.cpp:242] QueryBegin: SQL: CALL unpin_table('customer')
[2026-07-08 08:25:26.888] [info] [sirius_context.cpp:258] QueryEnd
[2026-07-08 08:25:26.897] [info] [:] [host_pool] HOST:0 QueryEnd allocated=3145728 bytes peak=3145728 bytes free_blocks=509
[2026-07-08 08:25:26.897] [info] [:] [gpu_pool] GPU:0 QueryEnd allocated=0 bytes peak=313203200 bytes reserved=0 bytes
[2026-07-08 08:25:26.897] [info] [:] [gpu_pool] GPU:1 QueryEnd allocated=0 bytes peak=0 bytes reserved=0 bytes
[2026-07-08 08:25:26.897] [info] [:] [host_pool] HOST:0 QueryBegin allocated=3145728 bytes peak=3145728 bytes free_blocks=509
[2026-07-08 08:25:26.897] [info] [:] [gpu_pool] GPU:0 QueryBegin allocated=0 bytes peak=313203200 bytes reserved=0 bytes
[2026-07-08 08:25:26.897] [info] [:] [gpu_pool] GPU:1 QueryBegin allocated=0 bytes peak=0 bytes reserved=0 bytes
[2026-07-08 08:25:26.897] [info] [sirius_context.cpp:242] QueryBegin: SQL: CALL unpin_table('lineitem')
[2026-07-08 08:25:26.897] [info] [sirius_context.cpp:258] QueryEnd
[2026-07-08 08:25:26.907] [info] [:] [host_pool] HOST:0 QueryEnd allocated=3145728 bytes peak=3145728 bytes free_blocks=509
[2026-07-08 08:25:26.907] [info] [:] [gpu_pool] GPU:0 QueryEnd allocated=0 bytes peak=313203200 bytes reserved=0 bytes
[2026-07-08 08:25:26.907] [info] [:] [gpu_pool] GPU:1 QueryEnd allocated=0 bytes peak=0 bytes reserved=0 bytes
[2026-07-08 08:25:26.908] [info] [:] [host_pool] HOST:0 QueryBegin allocated=3145728 bytes peak=3145728 bytes free_blocks=509
[2026-07-08 08:25:26.908] [info] [:] [gpu_pool] GPU:0 QueryBegin allocated=0 bytes peak=313203200 bytes reserved=0 bytes
[2026-07-08 08:25:26.908] [info] [:] [gpu_pool] GPU:1 QueryBegin allocated=0 bytes peak=0 bytes reserved=0 bytes
[2026-07-08 08:25:26.908] [info] [sirius_context.cpp:242] QueryBegin: SQL: CALL unpin_table('nation')
[2026-07-08 08:25:26.909] [info] [sirius_context.cpp:258] QueryEnd
[2026-07-08 08:25:26.918] [info] [:] [host_pool] HOST:0 QueryEnd allocated=3145728 bytes peak=3145728 bytes free_blocks=509
[2026-07-08 08:25:26.918] [info] [:] [gpu_pool] GPU:0 QueryEnd allocated=0 bytes peak=313203200 bytes reserved=0 bytes
[2026-07-08 08:25:26.918] [info] [:] [gpu_pool] GPU:1 QueryEnd allocated=0 bytes peak=0 bytes reserved=0 bytes
[2026-07-08 08:25:26.918] [info] [:] [host_pool] HOST:0 QueryBegin allocated=3145728 bytes peak=3145728 bytes free_blocks=509
[2026-07-08 08:25:26.918] [info] [:] [gpu_pool] GPU:0 QueryBegin allocated=0 bytes peak=313203200 bytes reserved=0 bytes
[2026-07-08 08:25:26.918] [info] [:] [gpu_pool] GPU:1 QueryBegin allocated=0 bytes peak=0 bytes reserved=0 bytes
[2026-07-08 08:25:26.918] [info] [sirius_context.cpp:242] QueryBegin: SQL: CALL unpin_table('orders')
[2026-07-08 08:25:26.918] [info] [sirius_context.cpp:258] QueryEnd
[2026-07-08 08:25:26.928] [info] [:] [host_pool] HOST:0 QueryEnd allocated=3145728 bytes peak=3145728 bytes free_blocks=509
[2026-07-08 08:25:26.928] [info] [:] [gpu_pool] GPU:0 QueryEnd allocated=0 bytes peak=313203200 bytes reserved=0 bytes
[2026-07-08 08:25:26.928] [info] [:] [gpu_pool] GPU:1 QueryEnd allocated=0 bytes peak=0 bytes reserved=0 bytes
[2026-07-08 08:25:26.928] [info] [:] [host_pool] HOST:0 QueryBegin allocated=3145728 bytes peak=3145728 bytes free_blocks=509
[2026-07-08 08:25:26.928] [info] [:] [gpu_pool] GPU:0 QueryBegin allocated=0 bytes peak=313203200 bytes reserved=0 bytes
[2026-07-08 08:25:26.928] [info] [:] [gpu_pool] GPU:1 QueryBegin allocated=0 bytes peak=0 bytes reserved=0 bytes
[2026-07-08 08:25:26.928] [info] [sirius_context.cpp:242] QueryBegin: SQL: CALL unpin_table('part')
[2026-07-08 08:25:26.928] [info] [sirius_context.cpp:258] QueryEnd
[2026-07-08 08:25:26.938] [info] [:] [host_pool] HOST:0 QueryEnd allocated=3145728 bytes peak=3145728 bytes free_blocks=509
[2026-07-08 08:25:26.938] [info] [:] [gpu_pool] GPU:0 QueryEnd allocated=0 bytes peak=313203200 bytes reserved=0 bytes
[2026-07-08 08:25:26.938] [info] [:] [gpu_pool] GPU:1 QueryEnd allocated=0 bytes peak=0 bytes reserved=0 bytes
[2026-07-08 08:25:26.938] [info] [:] [host_pool] HOST:0 QueryBegin allocated=3145728 bytes peak=3145728 bytes free_blocks=509
[2026-07-08 08:25:26.938] [info] [:] [gpu_pool] GPU:0 QueryBegin allocated=0 bytes peak=313203200 bytes reserved=0 bytes
[2026-07-08 08:25:26.938] [info] [:] [gpu_pool] GPU:1 QueryBegin allocated=0 bytes peak=0 bytes reserved=0 bytes
[2026-07-08 08:25:26.938] [info] [sirius_context.cpp:242] QueryBegin: SQL: CALL unpin_table('region')
[2026-07-08 08:25:26.939] [info] [sirius_context.cpp:258] QueryEnd
[2026-07-08 08:25:26.948] [info] [:] [host_pool] HOST:0 QueryEnd allocated=3145728 bytes peak=3145728 bytes free_blocks=509
[2026-07-08 08:25:26.948] [info] [:] [gpu_pool] GPU:0 QueryEnd allocated=0 bytes peak=313203200 bytes reserved=0 bytes
[2026-07-08 08:25:26.948] [info] [:] [gpu_pool] GPU:1 QueryEnd allocated=0 bytes peak=0 bytes reserved=0 bytes
[2026-07-08 08:25:26.948] [info] [:] [host_pool] HOST:0 QueryBegin allocated=3145728 bytes peak=3145728 bytes free_blocks=509
[2026-07-08 08:25:26.948] [info] [:] [gpu_pool] GPU:0 QueryBegin allocated=0 bytes peak=313203200 bytes reserved=0 bytes
[2026-07-08 08:25:26.948] [info] [:] [gpu_pool] GPU:1 QueryBegin allocated=0 bytes peak=0 bytes reserved=0 bytes
[2026-07-08 08:25:26.948] [info] [sirius_context.cpp:242] QueryBegin: SQL: CALL unpin_table('supplier')
[2026-07-08 08:25:26.949] [info] [sirius_context.cpp:258] QueryEnd
[2026-07-08 08:25:26.958] [info] [:] [host_pool] HOST:0 QueryEnd allocated=3145728 bytes peak=3145728 bytes free_blocks=509
[2026-07-08 08:25:26.958] [info] [:] [gpu_pool] GPU:0 QueryEnd allocated=0 bytes peak=313203200 bytes reserved=0 bytes
[2026-07-08 08:25:26.958] [info] [:] [gpu_pool] GPU:1 QueryEnd allocated=0 bytes peak=0 bytes reserved=0 bytes
[2026-07-08 08:25:26.958] [info] [sirius_context.cpp:1013] Connection closed.
[2026-07-08 08:25:26.972] [info] [task_scheduler.cpp:295] Task request channel closed, exiting management event loop.
[2026-07-08 08:25:26.973] [info] [gpu_pipeline_executor.cpp:118] GPU Pipeline Executor: task queue interrupted, stopping manager loop
[2026-07-08 08:25:26.973] [info] [gpu_pipeline_executor.cpp:118] GPU Pipeline Executor: task queue interrupted, stopping manager loop
