[2026-07-08 08:14:42.399] [warning] [sirius_config.cpp:459] sirius_config: use_sirius_datasource was false but 2 GPUs are configured; the sirius datasource is required for multi-GPU IO routing. Overriding use_sirius_datasource to true.
[2026-07-08 08:14:42.399] [info] [sirius_context.cpp:1046] Loaded Sirius configuration from file: /home/dy1013/sirius_multi-gpu/experiment/fixed_page_runs/tpch22_score_7gb/configs/sirius_2gpu.yaml
[2026-07-08 08:14:42.402] [info] [telemetry_context.cpp:67] Telemetry context initialized (engine=siriusDB)
[2026-07-08 08:14:42.402] [info] [sirius_context.cpp:337] SiriusContext: topology summary — 2 GPU(s), 1 NUMA node(s), host='hicys76'
[2026-07-08 08:14:42.402] [info] [sirius_context.cpp:342]   GPU 0: NVIDIA RTX A5000 (numa=0, pci=00000000:AC:00.0)
[2026-07-08 08:14:42.402] [info] [sirius_context.cpp:342]   GPU 1: NVIDIA RTX A5000 (numa=0, pci=00000000:CA:00.0)
[2026-07-08 08:14:42.537] [warning] [sirius_context.cpp:352] SiriusContext: disk memory space is not configured; spilling GPU or HOST data to disk is disabled. If queries run out of GPU/HOST memory, downgrades to disk will not be possible.
[2026-07-08 08:14:42.537] [info] [sirius_context.cpp:364] SiriusContext: 1 host memory space(s) created for 1 NUMA node(s)
[2026-07-08 08:14:42.538] [info] [sirius_context.cpp:417] SiriusContext: P2P enabled 0 -> 1
[2026-07-08 08:14:42.538] [info] [sirius_context.cpp:417] SiriusContext: P2P enabled 1 -> 0
[2026-07-08 08:14:42.538] [info] [sirius_context.cpp:477] SiriusContext: cuDF pinned memory resource configured (NUMA-aware, max slab 8192 B, fallback node=0)
[2026-07-08 08:14:42.709] [info] [sirius_context.cpp:1007] Connection opened.
[2026-07-08 08:14:42.709] [info] [sirius_context.cpp:1020] Extension loaded: sirius
[2026-07-08 08:14:42.709] [info] [sirius_context.cpp:258] QueryEnd
[2026-07-08 08:14:42.718] [info] [:] [host_pool] HOST:0 QueryEnd allocated=0 bytes peak=0 bytes free_blocks=512
[2026-07-08 08:14:42.718] [info] [:] [gpu_pool] GPU:0 QueryEnd allocated=0 bytes peak=0 bytes reserved=0 bytes
[2026-07-08 08:14:42.718] [info] [:] [gpu_pool] GPU:1 QueryEnd allocated=0 bytes peak=0 bytes reserved=0 bytes
[2026-07-08 08:14:42.719] [info] [:] [host_pool] HOST:0 QueryBegin allocated=0 bytes peak=0 bytes free_blocks=512
[2026-07-08 08:14:42.719] [info] [:] [gpu_pool] GPU:0 QueryBegin allocated=0 bytes peak=0 bytes reserved=0 bytes
[2026-07-08 08:14:42.719] [info] [:] [gpu_pool] GPU:1 QueryBegin allocated=0 bytes peak=0 bytes reserved=0 bytes
[2026-07-08 08:14:42.719] [info] [sirius_context.cpp:242] QueryBegin: SQL: CALL pin_table('/mnt/nvme/dataset/customer*.parquet', tier='gpu', name='customer', cols=['c_acctbal','c_address','c_comment','c_custkey','c_name','c_nationkey','c_phone'])
[2026-07-08 08:14:43.313] [info] [sirius_extension.cpp:1060] [fixed-page-cache] pin_table chunk_rr name='customer' chunk=0 rows=3201659 source_gpu=0 target_gpu=0
[2026-07-08 08:14:43.356] [info] [sirius_extension.cpp:1049] [fixed-page-cache] pin_table chunk_rr name='customer' chunk=1 rows=3197804 source_gpu=0 target_gpu=1
[2026-07-08 08:14:43.375] [info] [sirius_extension.cpp:1060] [fixed-page-cache] pin_table chunk_rr name='customer' chunk=2 rows=3198134 source_gpu=0 target_gpu=0
[2026-07-08 08:14:43.418] [info] [sirius_extension.cpp:1049] [fixed-page-cache] pin_table chunk_rr name='customer' chunk=3 rows=3205766 source_gpu=0 target_gpu=1
[2026-07-08 08:14:43.437] [info] [sirius_extension.cpp:1060] [fixed-page-cache] pin_table chunk_rr name='customer' chunk=4 rows=2196637 source_gpu=0 target_gpu=0
[2026-07-08 08:14:43.474] [info] [sirius_scan_manager.cpp:1094] [fixed-page-cache] page_directory indexed table='customer' fixed_cols=3 pages=25 resident_pages=25 resident_bytes=300000000 stats_pages=15 evicted_pages=0 eviction_count=0 directory_entries=25 page_bytes=16777216 rows=15000000 partial=false owned_pages=0
[2026-07-08 08:14:43.474] [info] [sirius_context.cpp:258] QueryEnd
[2026-07-08 08:14:43.486] [info] [:] [host_pool] HOST:0 QueryEnd allocated=3145728 bytes peak=3145728 bytes free_blocks=509
[2026-07-08 08:14:43.486] [info] [:] [gpu_pool] GPU:0 QueryEnd allocated=1438711040 bytes peak=4294301696 bytes reserved=0 bytes
[2026-07-08 08:14:43.486] [info] [:] [gpu_pool] GPU:1 QueryEnd allocated=1071693056 bytes peak=1071694080 bytes reserved=0 bytes
[2026-07-08 08:14:43.486] [info] [:] [host_pool] HOST:0 QueryBegin allocated=3145728 bytes peak=3145728 bytes free_blocks=509
[2026-07-08 08:14:43.486] [info] [:] [gpu_pool] GPU:0 QueryBegin allocated=1438711040 bytes peak=4294301696 bytes reserved=0 bytes
[2026-07-08 08:14:43.486] [info] [:] [gpu_pool] GPU:1 QueryBegin allocated=1071693056 bytes peak=1071694080 bytes reserved=0 bytes
[2026-07-08 08:14:43.486] [info] [sirius_context.cpp:242] QueryBegin: SQL: CALL pin_table('/mnt/nvme/dataset/lineitem*.parquet', tier='gpu', name='lineitem', cols=['l_discount','l_extendedprice','l_orderkey','l_returnflag'])
[2026-07-08 08:14:45.237] [info] [sirius_context.cpp:258] QueryEnd
[2026-07-08 08:14:45.242] [info] [:] [host_pool] HOST:0 QueryEnd allocated=3145728 bytes peak=3145728 bytes free_blocks=509
[2026-07-08 08:14:45.242] [info] [:] [gpu_pool] GPU:0 QueryEnd allocated=1438711040 bytes peak=4294301696 bytes reserved=0 bytes
[2026-07-08 08:14:45.242] [info] [:] [gpu_pool] GPU:1 QueryEnd allocated=1071693056 bytes peak=1071694080 bytes reserved=0 bytes
[2026-07-08 08:14:45.242] [info] [:] [host_pool] HOST:0 QueryBegin allocated=3145728 bytes peak=3145728 bytes free_blocks=509
[2026-07-08 08:14:45.242] [info] [:] [gpu_pool] GPU:0 QueryBegin allocated=1438711040 bytes peak=4294301696 bytes reserved=0 bytes
[2026-07-08 08:14:45.242] [info] [:] [gpu_pool] GPU:1 QueryBegin allocated=1071693056 bytes peak=1071694080 bytes reserved=0 bytes
[2026-07-08 08:14:45.242] [info] [sirius_context.cpp:242] QueryBegin: SQL: CALL unpin_table('customer')
[2026-07-08 08:14:45.242] [info] [sirius_context.cpp:258] QueryEnd
[2026-07-08 08:14:45.252] [info] [:] [host_pool] HOST:0 QueryEnd allocated=3145728 bytes peak=3145728 bytes free_blocks=509
[2026-07-08 08:14:45.252] [info] [:] [gpu_pool] GPU:0 QueryEnd allocated=0 bytes peak=4294301696 bytes reserved=0 bytes
[2026-07-08 08:14:45.252] [info] [:] [gpu_pool] GPU:1 QueryEnd allocated=0 bytes peak=1071694080 bytes reserved=0 bytes
[2026-07-08 08:14:45.252] [info] [:] [host_pool] HOST:0 QueryBegin allocated=3145728 bytes peak=3145728 bytes free_blocks=509
[2026-07-08 08:14:45.252] [info] [:] [gpu_pool] GPU:0 QueryBegin allocated=0 bytes peak=4294301696 bytes reserved=0 bytes
[2026-07-08 08:14:45.252] [info] [:] [gpu_pool] GPU:1 QueryBegin allocated=0 bytes peak=1071694080 bytes reserved=0 bytes
[2026-07-08 08:14:45.252] [info] [sirius_context.cpp:242] QueryBegin: SQL: CALL unpin_table('lineitem')
[2026-07-08 08:14:45.253] [info] [sirius_context.cpp:258] QueryEnd
[2026-07-08 08:14:45.262] [info] [:] [host_pool] HOST:0 QueryEnd allocated=3145728 bytes peak=3145728 bytes free_blocks=509
[2026-07-08 08:14:45.262] [info] [:] [gpu_pool] GPU:0 QueryEnd allocated=0 bytes peak=4294301696 bytes reserved=0 bytes
[2026-07-08 08:14:45.262] [info] [:] [gpu_pool] GPU:1 QueryEnd allocated=0 bytes peak=1071694080 bytes reserved=0 bytes
[2026-07-08 08:14:45.262] [info] [:] [host_pool] HOST:0 QueryBegin allocated=3145728 bytes peak=3145728 bytes free_blocks=509
[2026-07-08 08:14:45.262] [info] [:] [gpu_pool] GPU:0 QueryBegin allocated=0 bytes peak=4294301696 bytes reserved=0 bytes
[2026-07-08 08:14:45.262] [info] [:] [gpu_pool] GPU:1 QueryBegin allocated=0 bytes peak=1071694080 bytes reserved=0 bytes
[2026-07-08 08:14:45.262] [info] [sirius_context.cpp:242] QueryBegin: SQL: CALL unpin_table('nation')
[2026-07-08 08:14:45.263] [info] [sirius_context.cpp:258] QueryEnd
[2026-07-08 08:14:45.272] [info] [:] [host_pool] HOST:0 QueryEnd allocated=3145728 bytes peak=3145728 bytes free_blocks=509
[2026-07-08 08:14:45.272] [info] [:] [gpu_pool] GPU:0 QueryEnd allocated=0 bytes peak=4294301696 bytes reserved=0 bytes
[2026-07-08 08:14:45.272] [info] [:] [gpu_pool] GPU:1 QueryEnd allocated=0 bytes peak=1071694080 bytes reserved=0 bytes
[2026-07-08 08:14:45.273] [info] [:] [host_pool] HOST:0 QueryBegin allocated=3145728 bytes peak=3145728 bytes free_blocks=509
[2026-07-08 08:14:45.273] [info] [:] [gpu_pool] GPU:0 QueryBegin allocated=0 bytes peak=4294301696 bytes reserved=0 bytes
[2026-07-08 08:14:45.273] [info] [:] [gpu_pool] GPU:1 QueryBegin allocated=0 bytes peak=1071694080 bytes reserved=0 bytes
[2026-07-08 08:14:45.273] [info] [sirius_context.cpp:242] QueryBegin: SQL: CALL unpin_table('orders')
[2026-07-08 08:14:45.273] [info] [sirius_context.cpp:258] QueryEnd
[2026-07-08 08:14:45.283] [info] [:] [host_pool] HOST:0 QueryEnd allocated=3145728 bytes peak=3145728 bytes free_blocks=509
[2026-07-08 08:14:45.283] [info] [:] [gpu_pool] GPU:0 QueryEnd allocated=0 bytes peak=4294301696 bytes reserved=0 bytes
[2026-07-08 08:14:45.283] [info] [:] [gpu_pool] GPU:1 QueryEnd allocated=0 bytes peak=1071694080 bytes reserved=0 bytes
[2026-07-08 08:14:45.283] [info] [sirius_context.cpp:1013] Connection closed.
[2026-07-08 08:14:45.287] [info] [task_scheduler.cpp:295] Task request channel closed, exiting management event loop.
[2026-07-08 08:14:45.287] [info] [gpu_pipeline_executor.cpp:118] GPU Pipeline Executor: task queue interrupted, stopping manager loop
[2026-07-08 08:14:45.288] [info] [gpu_pipeline_executor.cpp:118] GPU Pipeline Executor: task queue interrupted, stopping manager loop
[2026-07-08 08:25:33.196] [warning] [sirius_config.cpp:459] sirius_config: use_sirius_datasource was false but 2 GPUs are configured; the sirius datasource is required for multi-GPU IO routing. Overriding use_sirius_datasource to true.
[2026-07-08 08:25:33.196] [info] [sirius_context.cpp:1046] Loaded Sirius configuration from file: /home/dy1013/sirius_multi-gpu/experiment/fixed_page_runs/tpch22_score_7gb/configs/sirius_2gpu.yaml
[2026-07-08 08:25:33.199] [info] [telemetry_context.cpp:67] Telemetry context initialized (engine=siriusDB)
[2026-07-08 08:25:33.199] [info] [sirius_context.cpp:337] SiriusContext: topology summary — 2 GPU(s), 1 NUMA node(s), host='hicys76'
[2026-07-08 08:25:33.199] [info] [sirius_context.cpp:342]   GPU 0: NVIDIA RTX A5000 (numa=0, pci=00000000:AC:00.0)
[2026-07-08 08:25:33.199] [info] [sirius_context.cpp:342]   GPU 1: NVIDIA RTX A5000 (numa=0, pci=00000000:CA:00.0)
[2026-07-08 08:25:33.393] [warning] [sirius_context.cpp:352] SiriusContext: disk memory space is not configured; spilling GPU or HOST data to disk is disabled. If queries run out of GPU/HOST memory, downgrades to disk will not be possible.
[2026-07-08 08:25:33.393] [info] [sirius_context.cpp:364] SiriusContext: 1 host memory space(s) created for 1 NUMA node(s)
[2026-07-08 08:25:33.393] [info] [sirius_context.cpp:417] SiriusContext: P2P enabled 0 -> 1
[2026-07-08 08:25:33.393] [info] [sirius_context.cpp:417] SiriusContext: P2P enabled 1 -> 0
[2026-07-08 08:25:33.393] [info] [sirius_context.cpp:477] SiriusContext: cuDF pinned memory resource configured (NUMA-aware, max slab 8192 B, fallback node=0)
[2026-07-08 08:25:33.641] [info] [sirius_context.cpp:1007] Connection opened.
[2026-07-08 08:25:33.641] [info] [sirius_context.cpp:1020] Extension loaded: sirius
[2026-07-08 08:25:33.642] [info] [sirius_context.cpp:258] QueryEnd
[2026-07-08 08:25:33.651] [info] [:] [host_pool] HOST:0 QueryEnd allocated=0 bytes peak=0 bytes free_blocks=512
[2026-07-08 08:25:33.651] [info] [:] [gpu_pool] GPU:0 QueryEnd allocated=0 bytes peak=0 bytes reserved=0 bytes
[2026-07-08 08:25:33.651] [info] [:] [gpu_pool] GPU:1 QueryEnd allocated=0 bytes peak=0 bytes reserved=0 bytes
[2026-07-08 08:25:33.651] [info] [:] [host_pool] HOST:0 QueryBegin allocated=0 bytes peak=0 bytes free_blocks=512
[2026-07-08 08:25:33.651] [info] [:] [gpu_pool] GPU:0 QueryBegin allocated=0 bytes peak=0 bytes reserved=0 bytes
[2026-07-08 08:25:33.651] [info] [:] [gpu_pool] GPU:1 QueryBegin allocated=0 bytes peak=0 bytes reserved=0 bytes
[2026-07-08 08:25:33.651] [info] [sirius_context.cpp:242] QueryBegin: SQL: CALL pin_table('/mnt/nvme/dataset/customer*.parquet', tier='gpu', name='customer', cols=['c_acctbal','c_address','c_comment','c_custkey','c_name','c_nationkey','c_phone'])
[2026-07-08 08:25:34.247] [info] [sirius_extension.cpp:1060] [fixed-page-cache] pin_table chunk_rr name='customer' chunk=0 rows=3201659 source_gpu=0 target_gpu=0
[2026-07-08 08:25:34.394] [info] [sirius_extension.cpp:1049] [fixed-page-cache] pin_table chunk_rr name='customer' chunk=1 rows=3197804 source_gpu=0 target_gpu=1
[2026-07-08 08:25:34.413] [info] [sirius_extension.cpp:1060] [fixed-page-cache] pin_table chunk_rr name='customer' chunk=2 rows=3198134 source_gpu=0 target_gpu=0
[2026-07-08 08:25:34.456] [info] [sirius_extension.cpp:1049] [fixed-page-cache] pin_table chunk_rr name='customer' chunk=3 rows=3205766 source_gpu=0 target_gpu=1
[2026-07-08 08:25:34.474] [info] [sirius_extension.cpp:1060] [fixed-page-cache] pin_table chunk_rr name='customer' chunk=4 rows=2196637 source_gpu=0 target_gpu=0
[2026-07-08 08:25:34.510] [info] [sirius_scan_manager.cpp:1094] [fixed-page-cache] page_directory indexed table='customer' fixed_cols=3 pages=25 resident_pages=25 resident_bytes=300000000 stats_pages=15 evicted_pages=0 eviction_count=0 directory_entries=25 page_bytes=16777216 rows=15000000 partial=false owned_pages=0
[2026-07-08 08:25:34.510] [info] [sirius_context.cpp:258] QueryEnd
[2026-07-08 08:25:34.519] [info] [:] [host_pool] HOST:0 QueryEnd allocated=3145728 bytes peak=3145728 bytes free_blocks=509
[2026-07-08 08:25:34.519] [info] [:] [gpu_pool] GPU:0 QueryEnd allocated=1438711040 bytes peak=4294301696 bytes reserved=0 bytes
[2026-07-08 08:25:34.519] [info] [:] [gpu_pool] GPU:1 QueryEnd allocated=1071693056 bytes peak=1071694080 bytes reserved=0 bytes
[2026-07-08 08:25:34.519] [info] [:] [host_pool] HOST:0 QueryBegin allocated=3145728 bytes peak=3145728 bytes free_blocks=509
[2026-07-08 08:25:34.519] [info] [:] [gpu_pool] GPU:0 QueryBegin allocated=1438711040 bytes peak=4294301696 bytes reserved=0 bytes
[2026-07-08 08:25:34.519] [info] [:] [gpu_pool] GPU:1 QueryBegin allocated=1071693056 bytes peak=1071694080 bytes reserved=0 bytes
[2026-07-08 08:25:34.519] [info] [sirius_context.cpp:242] QueryBegin: SQL: CALL pin_table('/mnt/nvme/dataset/lineitem*.parquet', tier='gpu', name='lineitem', cols=['l_discount','l_extendedprice','l_orderkey','l_returnflag'])
[2026-07-08 08:25:36.275] [info] [sirius_context.cpp:258] QueryEnd
[2026-07-08 08:25:36.288] [info] [:] [host_pool] HOST:0 QueryEnd allocated=3145728 bytes peak=3145728 bytes free_blocks=509
[2026-07-08 08:25:36.288] [info] [:] [gpu_pool] GPU:0 QueryEnd allocated=1438711040 bytes peak=4294301696 bytes reserved=0 bytes
[2026-07-08 08:25:36.288] [info] [:] [gpu_pool] GPU:1 QueryEnd allocated=1071693056 bytes peak=1071694080 bytes reserved=0 bytes
[2026-07-08 08:25:36.288] [info] [:] [host_pool] HOST:0 QueryBegin allocated=3145728 bytes peak=3145728 bytes free_blocks=509
[2026-07-08 08:25:36.288] [info] [:] [gpu_pool] GPU:0 QueryBegin allocated=1438711040 bytes peak=4294301696 bytes reserved=0 bytes
[2026-07-08 08:25:36.288] [info] [:] [gpu_pool] GPU:1 QueryBegin allocated=1071693056 bytes peak=1071694080 bytes reserved=0 bytes
[2026-07-08 08:25:36.288] [info] [sirius_context.cpp:242] QueryBegin: SQL: CALL unpin_table('customer')
[2026-07-08 08:25:36.289] [info] [sirius_context.cpp:258] QueryEnd
[2026-07-08 08:25:36.308] [info] [:] [host_pool] HOST:0 QueryEnd allocated=3145728 bytes peak=3145728 bytes free_blocks=509
[2026-07-08 08:25:36.308] [info] [:] [gpu_pool] GPU:0 QueryEnd allocated=0 bytes peak=4294301696 bytes reserved=0 bytes
[2026-07-08 08:25:36.308] [info] [:] [gpu_pool] GPU:1 QueryEnd allocated=0 bytes peak=1071694080 bytes reserved=0 bytes
[2026-07-08 08:25:36.308] [info] [:] [host_pool] HOST:0 QueryBegin allocated=3145728 bytes peak=3145728 bytes free_blocks=509
[2026-07-08 08:25:36.308] [info] [:] [gpu_pool] GPU:0 QueryBegin allocated=0 bytes peak=4294301696 bytes reserved=0 bytes
[2026-07-08 08:25:36.308] [info] [:] [gpu_pool] GPU:1 QueryBegin allocated=0 bytes peak=1071694080 bytes reserved=0 bytes
[2026-07-08 08:25:36.308] [info] [sirius_context.cpp:242] QueryBegin: SQL: CALL unpin_table('lineitem')
[2026-07-08 08:25:36.309] [info] [sirius_context.cpp:258] QueryEnd
[2026-07-08 08:25:36.329] [info] [:] [host_pool] HOST:0 QueryEnd allocated=3145728 bytes peak=3145728 bytes free_blocks=509
[2026-07-08 08:25:36.329] [info] [:] [gpu_pool] GPU:0 QueryEnd allocated=0 bytes peak=4294301696 bytes reserved=0 bytes
[2026-07-08 08:25:36.329] [info] [:] [gpu_pool] GPU:1 QueryEnd allocated=0 bytes peak=1071694080 bytes reserved=0 bytes
[2026-07-08 08:25:36.329] [info] [:] [host_pool] HOST:0 QueryBegin allocated=3145728 bytes peak=3145728 bytes free_blocks=509
[2026-07-08 08:25:36.329] [info] [:] [gpu_pool] GPU:0 QueryBegin allocated=0 bytes peak=4294301696 bytes reserved=0 bytes
[2026-07-08 08:25:36.329] [info] [:] [gpu_pool] GPU:1 QueryBegin allocated=0 bytes peak=1071694080 bytes reserved=0 bytes
[2026-07-08 08:25:36.329] [info] [sirius_context.cpp:242] QueryBegin: SQL: CALL unpin_table('nation')
[2026-07-08 08:25:36.330] [info] [sirius_context.cpp:258] QueryEnd
[2026-07-08 08:25:36.349] [info] [:] [host_pool] HOST:0 QueryEnd allocated=3145728 bytes peak=3145728 bytes free_blocks=509
[2026-07-08 08:25:36.349] [info] [:] [gpu_pool] GPU:0 QueryEnd allocated=0 bytes peak=4294301696 bytes reserved=0 bytes
[2026-07-08 08:25:36.349] [info] [:] [gpu_pool] GPU:1 QueryEnd allocated=0 bytes peak=1071694080 bytes reserved=0 bytes
[2026-07-08 08:25:36.350] [info] [:] [host_pool] HOST:0 QueryBegin allocated=3145728 bytes peak=3145728 bytes free_blocks=509
[2026-07-08 08:25:36.350] [info] [:] [gpu_pool] GPU:0 QueryBegin allocated=0 bytes peak=4294301696 bytes reserved=0 bytes
[2026-07-08 08:25:36.350] [info] [:] [gpu_pool] GPU:1 QueryBegin allocated=0 bytes peak=1071694080 bytes reserved=0 bytes
[2026-07-08 08:25:36.350] [info] [sirius_context.cpp:242] QueryBegin: SQL: CALL unpin_table('orders')
[2026-07-08 08:25:36.351] [info] [sirius_context.cpp:258] QueryEnd
[2026-07-08 08:25:36.370] [info] [:] [host_pool] HOST:0 QueryEnd allocated=3145728 bytes peak=3145728 bytes free_blocks=509
[2026-07-08 08:25:36.370] [info] [:] [gpu_pool] GPU:0 QueryEnd allocated=0 bytes peak=4294301696 bytes reserved=0 bytes
[2026-07-08 08:25:36.370] [info] [:] [gpu_pool] GPU:1 QueryEnd allocated=0 bytes peak=1071694080 bytes reserved=0 bytes
[2026-07-08 08:25:36.370] [info] [sirius_context.cpp:1013] Connection closed.
[2026-07-08 08:25:36.383] [info] [task_scheduler.cpp:295] Task request channel closed, exiting management event loop.
[2026-07-08 08:25:36.383] [info] [gpu_pipeline_executor.cpp:118] GPU Pipeline Executor: task queue interrupted, stopping manager loop
[2026-07-08 08:25:36.383] [info] [gpu_pipeline_executor.cpp:118] GPU Pipeline Executor: task queue interrupted, stopping manager loop
