[2026-07-01 14:55:49.587] [warning] [sirius_config.cpp:459] sirius_config: use_sirius_datasource was false but 4 GPUs are configured; the sirius datasource is required for multi-GPU IO routing. Overriding use_sirius_datasource to true.
[2026-07-01 14:55:49.587] [info] [sirius_context.cpp:1046] Loaded Sirius configuration from file: /home/dy1013/sirius_multi-gpu/experiment/automatic_motivation_latency_full_probe_real_20260701/configs/sirius_4gpu.yaml
[2026-07-01 14:55:49.591] [info] [telemetry_context.cpp:67] Telemetry context initialized (engine=siriusDB)
[2026-07-01 14:55:49.591] [info] [sirius_context.cpp:337] SiriusContext: topology summary — 4 GPU(s), 1 NUMA node(s), host='hicys76'
[2026-07-01 14:55:49.591] [info] [sirius_context.cpp:342]   GPU 0: NVIDIA RTX A5000 (numa=0, pci=00000000:16:00.0)
[2026-07-01 14:55:49.591] [info] [sirius_context.cpp:342]   GPU 1: NVIDIA RTX A5000 (numa=0, pci=00000000:34:00.0)
[2026-07-01 14:55:49.591] [info] [sirius_context.cpp:342]   GPU 2: NVIDIA RTX A5000 (numa=0, pci=00000000:AC:00.0)
[2026-07-01 14:55:49.591] [info] [sirius_context.cpp:342]   GPU 3: NVIDIA RTX A5000 (numa=0, pci=00000000:CA:00.0)
[2026-07-01 14:55:49.782] [warning] [sirius_context.cpp:352] SiriusContext: disk memory space is not configured; spilling GPU or HOST data to disk is disabled. If queries run out of GPU/HOST memory, downgrades to disk will not be possible.
[2026-07-01 14:55:49.782] [info] [sirius_context.cpp:364] SiriusContext: 1 host memory space(s) created for 1 NUMA node(s)
[2026-07-01 14:55:49.785] [info] [sirius_context.cpp:417] SiriusContext: P2P enabled 0 -> 1
[2026-07-01 14:55:49.787] [info] [sirius_context.cpp:417] SiriusContext: P2P enabled 0 -> 2
[2026-07-01 14:55:49.787] [error] [sirius_context.cpp:398] SiriusContext: cudaDeviceCanAccessPeer(0,3) failed: invalid device ordinal
[2026-07-01 14:55:49.787] [info] [sirius_context.cpp:417] SiriusContext: P2P enabled 1 -> 0
[2026-07-01 14:55:49.789] [info] [sirius_context.cpp:417] SiriusContext: P2P enabled 1 -> 2
[2026-07-01 14:55:49.789] [error] [sirius_context.cpp:398] SiriusContext: cudaDeviceCanAccessPeer(1,3) failed: invalid device ordinal
[2026-07-01 14:55:49.789] [info] [sirius_context.cpp:417] SiriusContext: P2P enabled 2 -> 0
[2026-07-01 14:55:49.789] [info] [sirius_context.cpp:417] SiriusContext: P2P enabled 2 -> 1
[2026-07-01 14:55:49.789] [error] [sirius_context.cpp:398] SiriusContext: cudaDeviceCanAccessPeer(2,3) failed: invalid device ordinal
[2026-07-01 14:55:49.789] [error] [sirius_context.cpp:398] SiriusContext: cudaDeviceCanAccessPeer(3,0) failed: invalid device ordinal
[2026-07-01 14:55:49.789] [error] [sirius_context.cpp:398] SiriusContext: cudaDeviceCanAccessPeer(3,1) failed: invalid device ordinal
[2026-07-01 14:55:49.789] [error] [sirius_context.cpp:398] SiriusContext: cudaDeviceCanAccessPeer(3,2) failed: invalid device ordinal
[2026-07-01 14:55:49.807] [info] [sirius_context.cpp:477] SiriusContext: cuDF pinned memory resource configured (NUMA-aware, max slab 8192 B, fallback node=0)
[2026-07-01 14:55:50.016] [error] [:] downgrade_executor per-thread init: cudaSetDevice(3) failed: invalid device ordinal
[2026-07-01 14:55:50.016] [error] [:] downgrade_executor per-thread init: cudaSetDevice(3) failed: invalid device ordinal
[2026-07-01 14:55:50.016] [error] [:] downgrade_executor per-thread init: cudaSetDevice(3) failed: invalid device ordinal
[2026-07-01 14:55:50.016] [error] [:] downgrade_executor per-thread init: cudaSetDevice(3) failed: invalid device ordinal
[2026-07-01 14:55:50.016] [error] [:] gpu_pipeline_executor per-thread init: cudaSetDevice(3) failed: invalid device ordinal
[2026-07-01 14:55:50.016] [error] [:] gpu_pipeline_executor per-thread init: cudaSetDevice(3) failed: invalid device ordinal
[2026-07-01 14:55:50.017] [error] [:] gpu_pipeline_executor per-thread init: cudaSetDevice(3) failed: invalid device ordinal
[2026-07-01 14:55:50.017] [error] [:] gpu_pipeline_executor per-thread init: cudaSetDevice(3) failed: invalid device ordinal
[2026-07-01 14:55:50.018] [info] [sirius_context.cpp:1007] Connection opened.
[2026-07-01 14:55:50.018] [info] [sirius_context.cpp:1020] Extension loaded: sirius
[2026-07-01 14:55:50.018] [info] [sirius_context.cpp:258] QueryEnd
[2026-07-01 14:55:50.026] [info] [:] [host_pool] HOST:0 QueryEnd allocated=0 bytes peak=0 bytes free_blocks=512
[2026-07-01 14:55:50.026] [info] [:] [gpu_pool] GPU:0 QueryEnd allocated=0 bytes peak=0 bytes reserved=0 bytes
[2026-07-01 14:55:50.026] [info] [:] [gpu_pool] GPU:1 QueryEnd allocated=0 bytes peak=0 bytes reserved=0 bytes
[2026-07-01 14:55:50.026] [info] [:] [gpu_pool] GPU:2 QueryEnd allocated=0 bytes peak=0 bytes reserved=0 bytes
[2026-07-01 14:55:50.026] [info] [:] [gpu_pool] GPU:3 QueryEnd allocated=0 bytes peak=0 bytes reserved=0 bytes
[2026-07-01 14:55:50.027] [info] [:] [host_pool] HOST:0 QueryBegin allocated=0 bytes peak=0 bytes free_blocks=512
[2026-07-01 14:55:50.027] [info] [:] [gpu_pool] GPU:0 QueryBegin allocated=0 bytes peak=0 bytes reserved=0 bytes
[2026-07-01 14:55:50.027] [info] [:] [gpu_pool] GPU:1 QueryBegin allocated=0 bytes peak=0 bytes reserved=0 bytes
[2026-07-01 14:55:50.027] [info] [:] [gpu_pool] GPU:2 QueryBegin allocated=0 bytes peak=0 bytes reserved=0 bytes
[2026-07-01 14:55:50.027] [info] [:] [gpu_pool] GPU:3 QueryBegin allocated=0 bytes peak=0 bytes reserved=0 bytes
[2026-07-01 14:55:50.027] [info] [sirius_context.cpp:242] QueryBegin: SQL: SET gpu_execution = true;
[2026-07-01 14:55:50.027] [info] [sirius_context.cpp:258] QueryEnd
[2026-07-01 14:55:50.036] [info] [:] [host_pool] HOST:0 QueryEnd allocated=0 bytes peak=0 bytes free_blocks=512
[2026-07-01 14:55:50.036] [info] [:] [gpu_pool] GPU:0 QueryEnd allocated=0 bytes peak=0 bytes reserved=0 bytes
[2026-07-01 14:55:50.036] [info] [:] [gpu_pool] GPU:1 QueryEnd allocated=0 bytes peak=0 bytes reserved=0 bytes
[2026-07-01 14:55:50.036] [info] [:] [gpu_pool] GPU:2 QueryEnd allocated=0 bytes peak=0 bytes reserved=0 bytes
[2026-07-01 14:55:50.036] [info] [:] [gpu_pool] GPU:3 QueryEnd allocated=0 bytes peak=0 bytes reserved=0 bytes
[2026-07-01 14:55:50.037] [info] [:] [host_pool] HOST:0 QueryBegin allocated=0 bytes peak=0 bytes free_blocks=512
[2026-07-01 14:55:50.037] [info] [:] [gpu_pool] GPU:0 QueryBegin allocated=0 bytes peak=0 bytes reserved=0 bytes
[2026-07-01 14:55:50.037] [info] [:] [gpu_pool] GPU:1 QueryBegin allocated=0 bytes peak=0 bytes reserved=0 bytes
[2026-07-01 14:55:50.037] [info] [:] [gpu_pool] GPU:2 QueryBegin allocated=0 bytes peak=0 bytes reserved=0 bytes
[2026-07-01 14:55:50.037] [info] [:] [gpu_pool] GPU:3 QueryBegin allocated=0 bytes peak=0 bytes reserved=0 bytes
[2026-07-01 14:55:50.037] [info] [sirius_context.cpp:242] QueryBegin: SQL: select 100.00 * sum(case when p.p_type like 'PROMO%' then l.l_extendedprice * (1 - l.l_discount) else 0 end) / sum(l.l_extendedprice * (1 - l.l_discount)) as promo_revenue from lineitem l, part p where l.l_partkey = p.p_partkey and l.l_shipdate >= date '1994-08-01' and l.l_shipdate < date '1994-09-01'
[2026-07-01 14:55:50.302] [info] [sirius_context.cpp:954] Transparent execution: Sirius physical plan generated successfully
[2026-07-01 14:55:50.314] [info] [sirius_context.cpp:966] Transparent execution: physical plan replaced with GPU operator
[2026-07-01 14:55:50.314] [info] [physical_sirius_execution.cpp:96] Transparent GPU execution: executing query
[2026-07-01 14:55:50.363] [info] [sirius_engine.cpp:400] Query Plan:
=== Pipeline Overview ===
Pipeline #0: GPU_SCAN (id=13)
  Output: -> PARTITION [port: default, barrier: FULL]
Pipeline #1: PARTITION (id=15)
  Input: <- Pipeline #0 [on: PARTITION (id=15), port: default, barrier: FULL]
  Dependencies: Pipeline #0
  Output: -> CONCAT [port: default, barrier: PARTIAL]
Pipeline #2: CONCAT (id=14)
  Input: <- Pipeline #1 [on: CONCAT (id=14), port: default, barrier: PARTIAL]
  Dependencies: Pipeline #1
  Output: -> HASH_JOIN [port: build, barrier: FULL]
Pipeline #3: GPU_SCAN (id=16)
  Output: -> PARTITION [port: default, barrier: PARTIAL]
Pipeline #4: PARTITION (id=18)
  Input: <- Pipeline #3 [on: PARTITION (id=18), port: default, barrier: PARTIAL]
  Dependencies: Pipeline #3
  Output: -> CONCAT [port: default, barrier: PARTIAL]
Pipeline #5: CONCAT (id=17)
  Input: <- Pipeline #4 [on: CONCAT (id=17), port: default, barrier: PARTIAL]
  Dependencies: Pipeline #4
  Output: -> HASH_JOIN [port: default, barrier: FULL]
Pipeline #6: HASH_JOIN (id=8) -> PROJECTION (id=9) -> UNGROUPED_AGGREGATE (id=10)
  Input: <- Pipeline #5 [on: HASH_JOIN (id=8), port: default, barrier: FULL]
  Input: <- Pipeline #2 [on: HASH_JOIN (id=8), port: build, barrier: FULL]
  Dependencies: Pipeline #2, Pipeline #5
  Output: -> MERGE_AGGREGATE [port: default, barrier: FULL]
Pipeline #7: MERGE_AGGREGATE (id=19)
  Input: <- Pipeline #6 [on: MERGE_AGGREGATE (id=19), port: default, barrier: FULL]
  Dependencies: Pipeline #6
  Output: -> PROJECTION [port: default, barrier: FULL]
Pipeline #8: PROJECTION (id=11) -> RESULT_COLLECTOR (id=12)
  Input: <- Pipeline #7 [on: PROJECTION (id=11), port: default, barrier: FULL]
  Dependencies: Pipeline #7

=== Query Plan DAG ===
┌─────────────────────────────┐                               
│ Pipeline #8                 │                               
│ RESULT_COLLECTOR (id=12)    │                               
│ PROJECTION (id=11)          │                               
│ Input(#7): FULL             │                               
└──────────────┬──────────────┘                               
               │                                              
┌─────────────────────────────┐                               
│ Pipeline #7                 │                               
│ MERGE_AGGREGATE (id=19)     │                               
│ Input(#6): FULL             │                               
└──────────────┬──────────────┘                               
               │                                              
┌─────────────────────────────┐                               
│ Pipeline #6                 │                               
│ UNGROUPED_AGGREGATE (id=10) │                               
│ PROJECTION (id=9)           │                               
│ HASH_JOIN (id=8)            │                               
│   type: INNER               │                               
│ Input(#5): FULL             │                               
│ Input(#2): FULL             │                               
└──────────────┬──────────────┘                               
               ┌──────────────────────────────┐               
               │                              │               
┌─────────────────────────────┐┌─────────────────────────────┐
│ Pipeline #2                 ││ Pipeline #5                 │
│ CONCAT (id=14)              ││ CONCAT (id=17)              │
│ Input(#1): PARTIAL          ││ Input(#4): PARTIAL          │
└──────────────┬──────────────┘└──────────────┬──────────────┘
               │                              │               
┌─────────────────────────────┐┌─────────────────────────────┐
│ Pipeline #1                 ││ Pipeline #4                 │
│ PARTITION (id=15)           ││ PARTITION (id=18)           │
│ Input(#0): FULL             ││ Input(#3): PARTIAL          │
└──────────────┬──────────────┘└──────────────┬──────────────┘
               │                              │               
┌─────────────────────────────┐┌─────────────────────────────┐
│ Pipeline #0                 ││ Pipeline #3                 │
│ GPU_SCAN (id=13)            ││ GPU_SCAN (id=16)            │
└─────────────────────────────┘└─────────────────────────────┘

[2026-07-01 14:55:50.369] [info] [task_scheduler.cpp:367] [mgpu-audit] pipeline_task dispatched to GPU 0 task_id=0
[2026-07-01 14:55:50.369] [info] [task_scheduler.cpp:369] [locality-audit] dispatch task_id=0 preferred_device=0 actual_gpu=0
[2026-07-01 14:55:50.464] [info] [parquet_gpu_ingestible.cpp:696] [scan-audit] parquet_materialize target_gpu=0 files=/mnt/nvme/dataset/part.parquet columns=p_partkey,p_type row_groups=0,1,2,3,4,5,6,7,8,9,10,11,12,13,14,15,16,17,18,19,20,21,22,23,24,25,26,27,28,29,30,31,32,33,34,35,36,37,38,39,40,41,42,43,44,45,46,47,48,49,50,51,52,53,54,55,56,57,58,59,60,61,62,63,64,65,66,67,68,69,70,71,72,73,74,75,76,77,78,79,80,81,82,83,84,85,86,87,88,89,90,91,92,93,94,95,96,97,98,99,100,101,102,103,104,105,106,107,108,109,110,111,112,113,114,115,116,117,118,119,120,121,122,123,124,125,126,127,128,129,130,131,132,133,134,135,136,137,138,139,140,141,142,143,144,145,146,147,148,149,150,151,152,153,154,155,156,157,158,159,160,161,162 compressed_bytes=100343582 uncompressed_bytes=180698383 column_bytes=p_partkey:80056131:160005053,p_type:20287451:20693330 output_rows=20000000 output_columns=2 split_count=1 duration_us=92821
[2026-07-01 14:55:50.464] [info] [gpu_pipeline_task.cpp:311] [stage-audit] pipeline_id=0 task_id=0 operator_id=13 operator_name=GPU_SCAN stage_kind=SCAN operator_type=94 input_type=GPU_SCAN output_type=PIPELINEABLE actual_gpu=0 pipeline_operator_count=1 input_batches=0 input_rows=0 input_columns=0 input_bytes=0 output_batches=1 output_rows=20000000 output_columns=2 output_bytes=656999222 byte_ratio=0.000000 row_ratio=0.000000 duration_us=95022
[2026-07-01 14:55:50.464] [info] [task_creator.cpp:352] [locality-audit] task_create operator_id=15 input_bytes=656999222 local_bytes=656999222 gpu_source_bytes=656999222 host_source_bytes=0 disk_source_bytes=0 gpu_sources=1 host_sources=0 preferred_device=0
[2026-07-01 14:55:50.464] [info] [task_scheduler.cpp:367] [mgpu-audit] pipeline_task dispatched to GPU 0 task_id=1
[2026-07-01 14:55:50.464] [info] [task_scheduler.cpp:369] [locality-audit] dispatch task_id=1 preferred_device=0 actual_gpu=0
[2026-07-01 14:55:50.464] [info] [gpu_pipeline_task.cpp:182] [locality-audit] prepare_before pipeline_id=1 task_id=1 preferred_device=0 actual_gpu=0 target_tier=GPU target_device=0 input_bytes=656999222 local_bytes=656999222 remote_gpu_bytes=0 host_bytes=0 disk_bytes=0 batch_count=1
[2026-07-01 14:55:50.464] [info] [gpu_pipeline_task.cpp:182] [locality-audit] prepare_after pipeline_id=1 task_id=1 preferred_device=0 actual_gpu=0 target_tier=GPU target_device=0 input_bytes=656999222 local_bytes=656999222 remote_gpu_bytes=0 host_bytes=0 disk_bytes=0 batch_count=1
[2026-07-01 14:55:50.497] [info] [gpu_pipeline_task.cpp:311] [stage-audit] pipeline_id=1 task_id=1 operator_id=15 operator_name=PARTITION stage_kind=PARTITION operator_type=82 input_type=PIPELINEABLE output_type=PIPELINEABLE actual_gpu=0 pipeline_operator_count=1 input_batches=1 input_rows=20000000 input_columns=2 input_bytes=656999222 output_batches=4 output_rows=20000000 output_columns=8 output_bytes=654499266 byte_ratio=0.996195 row_ratio=1.000000 duration_us=33079
[2026-07-01 14:55:50.498] [info] [task_scheduler.cpp:367] [mgpu-audit] pipeline_task dispatched to GPU 1 task_id=3
[2026-07-01 14:55:50.498] [info] [task_scheduler.cpp:369] [locality-audit] dispatch task_id=3 preferred_device=1 actual_gpu=1
[2026-07-01 14:55:50.498] [info] [task_scheduler.cpp:367] [mgpu-audit] pipeline_task dispatched to GPU 2 task_id=4
[2026-07-01 14:55:50.498] [info] [task_scheduler.cpp:369] [locality-audit] dispatch task_id=4 preferred_device=2 actual_gpu=2
[2026-07-01 14:55:50.498] [info] [task_scheduler.cpp:367] [mgpu-audit] pipeline_task dispatched to GPU 3 task_id=5
[2026-07-01 14:55:50.498] [info] [task_scheduler.cpp:369] [locality-audit] dispatch task_id=5 preferred_device=3 actual_gpu=3
[2026-07-01 14:55:50.498] [info] [task_scheduler.cpp:367] [mgpu-audit] pipeline_task dispatched to GPU 0 task_id=2
[2026-07-01 14:55:50.498] [info] [task_scheduler.cpp:369] [locality-audit] dispatch task_id=2 preferred_device=0 actual_gpu=0
[2026-07-01 14:55:50.498] [info] [gpu_pipeline_task.cpp:182] [locality-audit] prepare_before pipeline_id=2 task_id=3 preferred_device=1 actual_gpu=1 target_tier=GPU target_device=1 input_bytes=163456677 local_bytes=0 remote_gpu_bytes=163456677 host_bytes=0 disk_bytes=0 batch_count=1
[2026-07-01 14:55:50.498] [info] [gpu_pipeline_task.cpp:182] [locality-audit] prepare_before pipeline_id=2 task_id=4 preferred_device=2 actual_gpu=2 target_tier=GPU target_device=2 input_bytes=163719588 local_bytes=0 remote_gpu_bytes=163719588 host_bytes=0 disk_bytes=0 batch_count=1
[2026-07-01 14:55:50.498] [info] [gpu_pipeline_task.cpp:182] [locality-audit] prepare_before pipeline_id=2 task_id=5 preferred_device=3 actual_gpu=0 target_tier=GPU target_device=3 input_bytes=163678924 local_bytes=0 remote_gpu_bytes=163678924 host_bytes=0 disk_bytes=0 batch_count=1
[2026-07-01 14:55:50.498] [info] [gpu_pipeline_task.cpp:182] [locality-audit] prepare_before pipeline_id=2 task_id=2 preferred_device=0 actual_gpu=0 target_tier=GPU target_device=0 input_bytes=163644077 local_bytes=163644077 remote_gpu_bytes=0 host_bytes=0 disk_bytes=0 batch_count=1
[2026-07-01 14:55:50.498] [info] [gpu_pipeline_task.cpp:182] [locality-audit] prepare_after pipeline_id=2 task_id=2 preferred_device=0 actual_gpu=0 target_tier=GPU target_device=0 input_bytes=163644077 local_bytes=163644077 remote_gpu_bytes=0 host_bytes=0 disk_bytes=0 batch_count=1
[2026-07-01 14:55:50.498] [info] [gpu_pipeline_task.cpp:311] [stage-audit] pipeline_id=2 task_id=2 operator_id=14 operator_name=CONCAT stage_kind=CONCAT operator_type=83 input_type=PARTITIONED output_type=PARTITIONED actual_gpu=0 pipeline_operator_count=1 input_batches=1 input_rows=5000685 input_columns=2 input_bytes=163644077 output_batches=1 output_rows=5000685 output_columns=2 output_bytes=163644077 byte_ratio=1.000000 row_ratio=1.000000 duration_us=6
[2026-07-01 14:55:50.815] [info] [gpu_pipeline_task.cpp:182] [locality-audit] prepare_after pipeline_id=2 task_id=5 preferred_device=3 actual_gpu=0 target_tier=GPU target_device=3 input_bytes=163678924 local_bytes=163678924 remote_gpu_bytes=0 host_bytes=0 disk_bytes=0 batch_count=1
[2026-07-01 14:55:50.815] [info] [gpu_pipeline_task.cpp:311] [stage-audit] pipeline_id=2 task_id=5 operator_id=14 operator_name=CONCAT stage_kind=CONCAT operator_type=83 input_type=PARTITIONED output_type=PARTITIONED actual_gpu=0 pipeline_operator_count=1 input_batches=1 input_rows=5001886 input_columns=2 input_bytes=163678924 output_batches=1 output_rows=5001886 output_columns=2 output_bytes=163678924 byte_ratio=1.000000 row_ratio=1.000000 duration_us=1
[2026-07-01 14:55:50.818] [info] [gpu_pipeline_task.cpp:182] [locality-audit] prepare_after pipeline_id=2 task_id=3 preferred_device=1 actual_gpu=1 target_tier=GPU target_device=1 input_bytes=163456677 local_bytes=163456677 remote_gpu_bytes=0 host_bytes=0 disk_bytes=0 batch_count=1
[2026-07-01 14:55:50.818] [info] [gpu_pipeline_task.cpp:311] [stage-audit] pipeline_id=2 task_id=3 operator_id=14 operator_name=CONCAT stage_kind=CONCAT operator_type=83 input_type=PARTITIONED output_type=PARTITIONED actual_gpu=1 pipeline_operator_count=1 input_batches=1 input_rows=4994933 input_columns=2 input_bytes=163456677 output_batches=1 output_rows=4994933 output_columns=2 output_bytes=163456677 byte_ratio=1.000000 row_ratio=1.000000 duration_us=1
[2026-07-01 14:55:50.823] [info] [gpu_pipeline_task.cpp:182] [locality-audit] prepare_after pipeline_id=2 task_id=4 preferred_device=2 actual_gpu=2 target_tier=GPU target_device=2 input_bytes=163719588 local_bytes=163719588 remote_gpu_bytes=0 host_bytes=0 disk_bytes=0 batch_count=1
[2026-07-01 14:55:50.823] [info] [gpu_pipeline_task.cpp:311] [stage-audit] pipeline_id=2 task_id=4 operator_id=14 operator_name=CONCAT stage_kind=CONCAT operator_type=83 input_type=PARTITIONED output_type=PARTITIONED actual_gpu=2 pipeline_operator_count=1 input_batches=1 input_rows=5002496 input_columns=2 input_bytes=163719588 output_batches=1 output_rows=5002496 output_columns=2 output_bytes=163719588 byte_ratio=1.000000 row_ratio=1.000000 duration_us=1
[2026-07-01 14:55:50.823] [info] [task_scheduler.cpp:367] [mgpu-audit] pipeline_task dispatched to GPU 1 task_id=6
[2026-07-01 14:55:50.823] [info] [task_scheduler.cpp:369] [locality-audit] dispatch task_id=6 preferred_device=1 actual_gpu=1
[2026-07-01 14:55:50.823] [info] [task_scheduler.cpp:367] [mgpu-audit] pipeline_task dispatched to GPU 2 task_id=7
[2026-07-01 14:55:50.823] [info] [task_scheduler.cpp:369] [locality-audit] dispatch task_id=7 preferred_device=2 actual_gpu=2
[2026-07-01 14:55:50.823] [info] [task_scheduler.cpp:367] [mgpu-audit] pipeline_task dispatched to GPU 0 task_id=9
[2026-07-01 14:55:50.823] [info] [task_scheduler.cpp:369] [locality-audit] dispatch task_id=9 preferred_device=0 actual_gpu=0
[2026-07-01 14:55:50.823] [info] [task_scheduler.cpp:367] [mgpu-audit] pipeline_task dispatched to GPU 3 task_id=8
[2026-07-01 14:55:50.823] [info] [task_scheduler.cpp:369] [locality-audit] dispatch task_id=8 preferred_device=3 actual_gpu=3
[2026-07-01 14:55:50.823] [info] [task_scheduler.cpp:367] [mgpu-audit] pipeline_task dispatched to GPU 2 task_id=11
[2026-07-01 14:55:50.823] [info] [task_scheduler.cpp:369] [locality-audit] dispatch task_id=11 preferred_device=2 actual_gpu=2
[2026-07-01 14:55:50.823] [info] [task_scheduler.cpp:367] [mgpu-audit] pipeline_task dispatched to GPU 0 task_id=13
[2026-07-01 14:55:50.823] [info] [task_scheduler.cpp:369] [locality-audit] dispatch task_id=13 preferred_device=0 actual_gpu=0
[2026-07-01 14:55:50.823] [info] [task_scheduler.cpp:367] [mgpu-audit] pipeline_task dispatched to GPU 1 task_id=10
[2026-07-01 14:55:50.823] [info] [task_scheduler.cpp:369] [locality-audit] dispatch task_id=10 preferred_device=1 actual_gpu=1
[2026-07-01 14:55:50.823] [info] [task_scheduler.cpp:367] [mgpu-audit] pipeline_task dispatched to GPU 3 task_id=12
[2026-07-01 14:55:50.823] [info] [task_scheduler.cpp:369] [locality-audit] dispatch task_id=12 preferred_device=3 actual_gpu=3
[2026-07-01 14:55:50.894] [error] [gpu_pipeline_executor.cpp:400] GPU Pipeline Executor: Exception during task execution: CUDA error at: /tmp/conda-bld-output/bld/rattler-build_librmm/work/cpp/src/cuda_stream_view.cpp:45: cudaErrorIllegalInstruction an illegal instruction was encountered
[2026-07-01 14:55:50.894] [error] [gpu_pipeline_executor.cpp:400] GPU Pipeline Executor: Exception during task execution: CUDA error at: /tmp/conda-bld-output/bld/rattler-build_librmm/work/cpp/src/cuda_stream_view.cpp:45: cudaErrorIllegalInstruction an illegal instruction was encountered
[2026-07-01 14:55:50.894] [info] [task_scheduler.cpp:367] [mgpu-audit] pipeline_task dispatched to GPU 3 task_id=16
[2026-07-01 14:55:50.894] [info] [task_scheduler.cpp:369] [locality-audit] dispatch task_id=16 preferred_device=3 actual_gpu=3
[2026-07-01 14:55:50.894] [error] [gpu_pipeline_task.cpp:1048] Unknown error in prepare_for_processing for pipeline 3: CUDA error at: /tmp/conda-bld-output/bld/rattler-build_librmm/work/cpp/src/cuda_stream_view.cpp:45: cudaErrorIllegalInstruction an illegal instruction was encountered
[2026-07-01 14:55:50.894] [error] [gpu_pipeline_executor.cpp:400] GPU Pipeline Executor: Exception during task execution: CUDA error at: /tmp/conda-bld-output/bld/rattler-build_librmm/work/cpp/src/cuda_stream_view.cpp:45: cudaErrorIllegalInstruction an illegal instruction was encountered
[2026-07-01 14:55:50.894] [info] [task_scheduler.cpp:367] [mgpu-audit] pipeline_task dispatched to GPU 0 task_id=17
[2026-07-01 14:55:50.894] [info] [task_scheduler.cpp:369] [locality-audit] dispatch task_id=17 preferred_device=0 actual_gpu=0
[2026-07-01 14:55:50.894] [info] [task_scheduler.cpp:367] [mgpu-audit] pipeline_task dispatched to GPU 3 task_id=20
[2026-07-01 14:55:50.894] [info] [task_scheduler.cpp:369] [locality-audit] dispatch task_id=20 preferred_device=3 actual_gpu=3
[2026-07-01 14:55:50.894] [error] [gpu_pipeline_task.cpp:1048] Unknown error in prepare_for_processing for pipeline 3: CUDA error at: /tmp/conda-bld-output/bld/rattler-build_librmm/work/cpp/src/cuda_stream_view.cpp:45: cudaErrorIllegalInstruction an illegal instruction was encountered
[2026-07-01 14:55:50.894] [error] [gpu_pipeline_executor.cpp:400] GPU Pipeline Executor: Exception during task execution: CUDA error at: /tmp/conda-bld-output/bld/rattler-build_librmm/work/cpp/src/cuda_stream_view.cpp:45: cudaErrorIllegalInstruction an illegal instruction was encountered
[2026-07-01 14:55:50.894] [info] [task_scheduler.cpp:367] [mgpu-audit] pipeline_task dispatched to GPU 0 task_id=21
[2026-07-01 14:55:50.894] [info] [task_scheduler.cpp:369] [locality-audit] dispatch task_id=21 preferred_device=0 actual_gpu=0
[2026-07-01 14:55:50.894] [error] [gpu_pipeline_task.cpp:1048] Unknown error in prepare_for_processing for pipeline 3: CUDA error at: /tmp/conda-bld-output/bld/rattler-build_librmm/work/cpp/src/cuda_stream_view.cpp:45: cudaErrorIllegalInstruction an illegal instruction was encountered
[2026-07-01 14:55:50.894] [error] [gpu_pipeline_executor.cpp:400] GPU Pipeline Executor: Exception during task execution: CUDA error at: /tmp/conda-bld-output/bld/rattler-build_librmm/work/cpp/src/cuda_stream_view.cpp:45: cudaErrorIllegalInstruction an illegal instruction was encountered
[2026-07-01 14:55:50.894] [error] [gpu_pipeline_task.cpp:1048] Unknown error in prepare_for_processing for pipeline 3: CUDA error at: /tmp/conda-bld-output/bld/rattler-build_librmm/work/cpp/src/cuda_stream_view.cpp:45: cudaErrorIllegalInstruction an illegal instruction was encountered
[2026-07-01 14:55:50.894] [error] [gpu_pipeline_executor.cpp:400] GPU Pipeline Executor: Exception during task execution: CUDA error at: /tmp/conda-bld-output/bld/rattler-build_librmm/work/cpp/src/cuda_stream_view.cpp:45: cudaErrorIllegalInstruction an illegal instruction was encountered
[2026-07-01 14:55:50.894] [error] [gpu_pipeline_task.cpp:1048] Unknown error in prepare_for_processing for pipeline 3: CUDA error at: /tmp/conda-bld-output/bld/rattler-build_librmm/work/cpp/src/cuda_stream_view.cpp:45: cudaErrorIllegalInstruction an illegal instruction was encountered
[2026-07-01 14:55:50.894] [error] [gpu_pipeline_executor.cpp:400] GPU Pipeline Executor: Exception during task execution: Fatal CUDA error encountered at: /tmp/conda-bld-output/bld/rattler-build_libcudf/work/cpp/src/transform/compute_column.cu:106: 715 cudaErrorIllegalInstruction an illegal instruction was encountered
[2026-07-01 14:55:50.894] [error] [gpu_pipeline_executor.cpp:400] GPU Pipeline Executor: Exception during task execution: CUDA error at: /tmp/conda-bld-output/bld/rattler-build_librmm/work/cpp/src/cuda_stream_view.cpp:45: cudaErrorIllegalInstruction an illegal instruction was encountered
[2026-07-01 14:55:50.894] [info] [task_scheduler.cpp:367] [mgpu-audit] pipeline_task dispatched to GPU 1 task_id=14
[2026-07-01 14:55:50.894] [info] [task_scheduler.cpp:369] [locality-audit] dispatch task_id=14 preferred_device=1 actual_gpu=1
[2026-07-01 14:55:50.894] [error] [gpu_pipeline_task.cpp:1048] Unknown error in prepare_for_processing for pipeline 3: CUDA error at: /tmp/conda-bld-output/bld/rattler-build_librmm/work/cpp/src/cuda_stream_view.cpp:45: cudaErrorIllegalInstruction an illegal instruction was encountered
[2026-07-01 14:55:50.894] [error] [gpu_pipeline_executor.cpp:400] GPU Pipeline Executor: Exception during task execution: CUDA error at: /tmp/conda-bld-output/bld/rattler-build_librmm/work/cpp/src/cuda_stream_view.cpp:45: cudaErrorIllegalInstruction an illegal instruction was encountered
[2026-07-01 14:55:50.895] [error] [gpu_pipeline_task.cpp:1048] Unknown error in prepare_for_processing for pipeline 3: CUDA error at: /tmp/conda-bld-output/bld/rattler-build_librmm/work/cpp/src/cuda_stream_view.cpp:45: cudaErrorIllegalInstruction an illegal instruction was encountered
[2026-07-01 14:55:50.895] [error] [gpu_pipeline_executor.cpp:400] GPU Pipeline Executor: Exception during task execution: CUDA error at: /tmp/conda-bld-output/bld/rattler-build_librmm/work/cpp/src/cuda_stream_view.cpp:45: cudaErrorIllegalInstruction an illegal instruction was encountered
[2026-07-01 14:55:50.895] [info] [task_scheduler.cpp:367] [mgpu-audit] pipeline_task dispatched to GPU 1 task_id=18
[2026-07-01 14:55:50.895] [info] [task_scheduler.cpp:369] [locality-audit] dispatch task_id=18 preferred_device=1 actual_gpu=1
[2026-07-01 14:55:50.895] [error] [gpu_pipeline_task.cpp:1048] Unknown error in prepare_for_processing for pipeline 3: CUDA error at: /tmp/conda-bld-output/bld/rattler-build_librmm/work/cpp/src/cuda_stream_view.cpp:45: cudaErrorIllegalInstruction an illegal instruction was encountered
[2026-07-01 14:55:50.895] [error] [gpu_pipeline_executor.cpp:400] GPU Pipeline Executor: Exception during task execution: CUDA error at: /tmp/conda-bld-output/bld/rattler-build_librmm/work/cpp/src/cuda_stream_view.cpp:45: cudaErrorIllegalInstruction an illegal instruction was encountered
[2026-07-01 14:55:50.895] [error] [gpu_pipeline_task.cpp:1048] Unknown error in prepare_for_processing for pipeline 3: CUDA error at: /tmp/conda-bld-output/bld/rattler-build_librmm/work/cpp/src/cuda_stream_view.cpp:45: cudaErrorIllegalInstruction an illegal instruction was encountered
[2026-07-01 14:55:50.895] [error] [gpu_pipeline_executor.cpp:400] GPU Pipeline Executor: Exception during task execution: CUDA error at: /tmp/conda-bld-output/bld/rattler-build_librmm/work/cpp/src/cuda_stream_view.cpp:45: cudaErrorIllegalInstruction an illegal instruction was encountered
[2026-07-01 14:55:50.895] [error] [gpu_pipeline_executor.cpp:400] GPU Pipeline Executor: Exception during task execution: std::bad_alloc
[2026-07-01 14:55:50.895] [info] [task_scheduler.cpp:367] [mgpu-audit] pipeline_task dispatched to GPU 2 task_id=15
[2026-07-01 14:55:50.895] [info] [task_scheduler.cpp:369] [locality-audit] dispatch task_id=15 preferred_device=2 actual_gpu=2
[2026-07-01 14:55:50.895] [error] [gpu_pipeline_task.cpp:1048] Unknown error in prepare_for_processing for pipeline 3: CUDA error at: /tmp/conda-bld-output/bld/rattler-build_librmm/work/cpp/src/cuda_stream_view.cpp:45: cudaErrorIllegalInstruction an illegal instruction was encountered
[2026-07-01 14:55:50.895] [error] [gpu_pipeline_executor.cpp:400] GPU Pipeline Executor: Exception during task execution: CUDA error at: /tmp/conda-bld-output/bld/rattler-build_librmm/work/cpp/src/cuda_stream_view.cpp:45: cudaErrorIllegalInstruction an illegal instruction was encountered
[2026-07-01 14:55:50.895] [info] [task_scheduler.cpp:367] [mgpu-audit] pipeline_task dispatched to GPU 2 task_id=19
[2026-07-01 14:55:50.895] [info] [task_scheduler.cpp:369] [locality-audit] dispatch task_id=19 preferred_device=2 actual_gpu=2
[2026-07-01 14:55:50.896] [error] [gpu_pipeline_task.cpp:1048] Unknown error in prepare_for_processing for pipeline 3: CUDA error at: /tmp/conda-bld-output/bld/rattler-build_librmm/work/cpp/src/cuda_stream_view.cpp:45: cudaErrorIllegalInstruction an illegal instruction was encountered
[2026-07-01 14:55:50.896] [error] [gpu_pipeline_executor.cpp:400] GPU Pipeline Executor: Exception during task execution: CUDA error at: /tmp/conda-bld-output/bld/rattler-build_librmm/work/cpp/src/cuda_stream_view.cpp:45: cudaErrorIllegalInstruction an illegal instruction was encountered
[2026-07-01 14:55:50.896] [error] [gpu_pipeline_task.cpp:1048] Unknown error in prepare_for_processing for pipeline 3: CUDA error at: /tmp/conda-bld-output/bld/rattler-build_librmm/work/cpp/src/cuda_stream_view.cpp:45: cudaErrorIllegalInstruction an illegal instruction was encountered
[2026-07-01 14:55:50.896] [error] [gpu_pipeline_executor.cpp:400] GPU Pipeline Executor: Exception during task execution: CUDA error at: /tmp/conda-bld-output/bld/rattler-build_librmm/work/cpp/src/cuda_stream_view.cpp:45: cudaErrorIllegalInstruction an illegal instruction was encountered
[2026-07-01 14:55:50.904] [error] [sirius_engine.cpp:178] Error executing query: CUDA error at: /tmp/conda-bld-output/bld/rattler-build_librmm/work/cpp/src/cuda_stream_view.cpp:45: cudaErrorIllegalInstruction an illegal instruction was encountered
[2026-07-01 14:55:50.904] [info] [task_scheduler.cpp:189] task_scheduler: draining after error
[2026-07-01 14:55:50.904] [info] [gpu_pipeline_executor.cpp:101] GPU Pipeline Executor: pool interrupted, stopping manager loop
[2026-07-01 14:55:50.904] [info] [gpu_pipeline_executor.cpp:101] GPU Pipeline Executor: pool interrupted, stopping manager loop
[2026-07-01 14:55:50.926] [info] [gpu_pipeline_executor.cpp:118] GPU Pipeline Executor: task queue interrupted, stopping manager loop
[2026-07-01 14:55:50.926] [info] [gpu_pipeline_executor.cpp:118] GPU Pipeline Executor: task queue interrupted, stopping manager loop
[2026-07-01 14:55:50.926] [info] [task_scheduler.cpp:232] task_scheduler: DONE draining after error
[2026-07-01 14:55:50.926] [error] [sirius_interface.cpp:201] Error in sirius_execute_pending_query_result: CUDA error at: /tmp/conda-bld-output/bld/rattler-build_librmm/work/cpp/src/cuda_stream_view.cpp:45: cudaErrorIllegalInstruction an illegal instruction was encountered
[2026-07-01 14:55:50.926] [error] [physical_sirius_execution.cpp:156] Transparent GPU execution error: Invalid Error: CUDA error at: /tmp/conda-bld-output/bld/rattler-build_librmm/work/cpp/src/cuda_stream_view.cpp:45: cudaErrorIllegalInstruction an illegal instruction was encountered
[2026-07-01 14:55:50.957] [info] [sirius_context.cpp:258] QueryEnd
[2026-07-01 14:55:50.996] [warning] [sirius_context.cpp:274] SiriusContext::QueryEnd: operator 8 port 'build' still had 4 un-consumed data batch(es) (memory leak).
[2026-07-01 14:55:50.996] [info] [:] [host_pool] HOST:0 QueryEnd allocated=5242880 bytes peak=108003328 bytes free_blocks=507
[2026-07-01 14:55:50.996] [info] [:] [gpu_pool] GPU:0 QueryEnd allocated=0 bytes peak=4456433816 bytes reserved=0 bytes
[2026-07-01 14:55:50.996] [info] [:] [gpu_pool] GPU:1 QueryEnd allocated=0 bytes peak=4458110760 bytes reserved=0 bytes
[2026-07-01 14:55:50.996] [info] [:] [gpu_pool] GPU:2 QueryEnd allocated=0 bytes peak=4456622984 bytes reserved=0 bytes
[2026-07-01 14:55:50.996] [info] [:] [gpu_pool] GPU:3 QueryEnd allocated=0 bytes peak=4456519008 bytes reserved=0 bytes
[2026-07-01 14:55:50.996] [info] [sirius_context.cpp:1013] Connection closed.
[2026-07-01 14:55:51.007] [info] [task_scheduler.cpp:295] Task request channel closed, exiting management event loop.
[2026-07-01 14:55:51.007] [info] [gpu_pipeline_executor.cpp:118] GPU Pipeline Executor: task queue interrupted, stopping manager loop
[2026-07-01 14:55:51.007] [info] [gpu_pipeline_executor.cpp:118] GPU Pipeline Executor: task queue interrupted, stopping manager loop
[2026-07-01 14:55:51.008] [info] [gpu_pipeline_executor.cpp:118] GPU Pipeline Executor: task queue interrupted, stopping manager loop
[2026-07-01 14:55:51.008] [info] [gpu_pipeline_executor.cpp:118] GPU Pipeline Executor: task queue interrupted, stopping manager loop
[2026-07-01 14:55:51.058] [warning] [:] uring_reactor: cudaFreeHost failed: an illegal instruction was encountered
[2026-07-01 14:55:51.058] [warning] [:] uring_reactor: cudaFreeHost failed: an illegal instruction was encountered
[2026-07-01 14:55:51.058] [warning] [:] uring_reactor: cudaFreeHost failed: an illegal instruction was encountered
[2026-07-01 14:55:51.058] [warning] [:] uring_reactor: cudaFreeHost failed: an illegal instruction was encountered
[2026-07-01 14:55:51.058] [warning] [:] uring_reactor: cudaFreeHost failed: an illegal instruction was encountered
[2026-07-01 14:55:51.058] [warning] [:] uring_reactor: cudaFreeHost failed: an illegal instruction was encountered
[2026-07-01 14:55:51.058] [warning] [:] uring_reactor: cudaFreeHost failed: an illegal instruction was encountered
[2026-07-01 14:55:51.058] [warning] [:] uring_reactor: cudaFreeHost failed: an illegal instruction was encountered
[2026-07-01 14:55:51.058] [warning] [:] uring_reactor: cudaFreeHost failed: an illegal instruction was encountered
[2026-07-01 14:55:51.058] [warning] [:] uring_reactor: cudaFreeHost failed: an illegal instruction was encountered
[2026-07-01 14:55:51.058] [warning] [:] uring_reactor: cudaFreeHost failed: an illegal instruction was encountered
[2026-07-01 14:55:51.058] [warning] [:] uring_reactor: cudaFreeHost failed: an illegal instruction was encountered
[2026-07-01 14:55:51.058] [warning] [:] uring_reactor: cudaFreeHost failed: an illegal instruction was encountered
[2026-07-01 14:55:51.058] [warning] [:] uring_reactor: cudaFreeHost failed: an illegal instruction was encountered
[2026-07-01 14:55:51.058] [warning] [:] uring_reactor: cudaFreeHost failed: an illegal instruction was encountered
[2026-07-01 14:55:51.058] [warning] [:] uring_reactor: cudaFreeHost failed: an illegal instruction was encountered
[2026-07-01 14:55:51.058] [warning] [:] uring_reactor: cudaFreeHost failed: an illegal instruction was encountered
[2026-07-01 14:55:51.058] [warning] [:] uring_reactor: cudaFreeHost failed: an illegal instruction was encountered
[2026-07-01 14:55:51.058] [warning] [:] uring_reactor: cudaFreeHost failed: an illegal instruction was encountered
[2026-07-01 14:55:51.058] [warning] [:] uring_reactor: cudaFreeHost failed: an illegal instruction was encountered
[2026-07-01 14:55:51.058] [warning] [:] uring_reactor: cudaFreeHost failed: an illegal instruction was encountered
[2026-07-01 14:55:51.058] [warning] [:] uring_reactor: cudaFreeHost failed: an illegal instruction was encountered
[2026-07-01 14:55:51.058] [warning] [:] uring_reactor: cudaFreeHost failed: an illegal instruction was encountered
[2026-07-01 14:55:51.058] [warning] [:] uring_reactor: cudaFreeHost failed: an illegal instruction was encountered
[2026-07-01 14:55:51.058] [warning] [:] uring_reactor: cudaFreeHost failed: an illegal instruction was encountered
[2026-07-01 14:55:51.058] [warning] [:] uring_reactor: cudaFreeHost failed: an illegal instruction was encountered
[2026-07-01 14:55:51.058] [warning] [:] uring_reactor: cudaFreeHost failed: an illegal instruction was encountered
[2026-07-01 14:55:51.058] [warning] [:] uring_reactor: cudaFreeHost failed: an illegal instruction was encountered
[2026-07-01 14:55:51.058] [warning] [:] uring_reactor: cudaFreeHost failed: an illegal instruction was encountered
[2026-07-01 14:55:51.058] [warning] [:] uring_reactor: cudaFreeHost failed: an illegal instruction was encountered
[2026-07-01 14:55:51.058] [warning] [:] uring_reactor: cudaFreeHost failed: an illegal instruction was encountered
[2026-07-01 14:55:51.058] [warning] [:] uring_reactor: cudaFreeHost failed: an illegal instruction was encountered
[2026-07-01 14:55:51.058] [warning] [:] uring_reactor: cudaFreeHost failed: an illegal instruction was encountered
[2026-07-01 14:55:51.058] [warning] [:] uring_reactor: cudaFreeHost failed: an illegal instruction was encountered
[2026-07-01 14:55:51.058] [warning] [:] uring_reactor: cudaFreeHost failed: an illegal instruction was encountered
[2026-07-01 14:55:51.058] [warning] [:] uring_reactor: cudaFreeHost failed: an illegal instruction was encountered
[2026-07-01 14:55:51.058] [warning] [:] uring_reactor: cudaFreeHost failed: an illegal instruction was encountered
[2026-07-01 14:55:51.058] [warning] [:] uring_reactor: cudaFreeHost failed: an illegal instruction was encountered
[2026-07-01 14:55:51.058] [warning] [:] uring_reactor: cudaFreeHost failed: an illegal instruction was encountered
[2026-07-01 14:55:51.058] [warning] [:] uring_reactor: cudaFreeHost failed: an illegal instruction was encountered
[2026-07-01 14:55:51.058] [warning] [:] uring_reactor: cudaFreeHost failed: an illegal instruction was encountered
[2026-07-01 14:55:51.058] [warning] [:] uring_reactor: cudaFreeHost failed: an illegal instruction was encountered
[2026-07-01 14:55:51.058] [warning] [:] uring_reactor: cudaFreeHost failed: an illegal instruction was encountered
[2026-07-01 14:55:51.058] [warning] [:] uring_reactor: cudaFreeHost failed: an illegal instruction was encountered
[2026-07-01 14:55:51.058] [warning] [:] uring_reactor: cudaFreeHost failed: an illegal instruction was encountered
[2026-07-01 14:55:51.058] [warning] [:] uring_reactor: cudaFreeHost failed: an illegal instruction was encountered
[2026-07-01 14:55:51.058] [warning] [:] uring_reactor: cudaFreeHost failed: an illegal instruction was encountered
[2026-07-01 14:55:51.058] [warning] [:] uring_reactor: cudaFreeHost failed: an illegal instruction was encountered
[2026-07-01 14:55:51.058] [warning] [:] uring_reactor: cudaFreeHost failed: an illegal instruction was encountered
[2026-07-01 14:55:51.058] [warning] [:] uring_reactor: cudaFreeHost failed: an illegal instruction was encountered
[2026-07-01 14:55:51.058] [warning] [:] uring_reactor: cudaFreeHost failed: an illegal instruction was encountered
[2026-07-01 14:55:51.058] [warning] [:] uring_reactor: cudaFreeHost failed: an illegal instruction was encountered
[2026-07-01 14:55:51.058] [warning] [:] uring_reactor: cudaFreeHost failed: an illegal instruction was encountered
[2026-07-01 14:55:51.058] [warning] [:] uring_reactor: cudaFreeHost failed: an illegal instruction was encountered
[2026-07-01 14:55:51.058] [warning] [:] uring_reactor: cudaFreeHost failed: an illegal instruction was encountered
[2026-07-01 14:55:51.058] [warning] [:] uring_reactor: cudaFreeHost failed: an illegal instruction was encountered
[2026-07-01 14:55:51.058] [warning] [:] uring_reactor: cudaFreeHost failed: an illegal instruction was encountered
[2026-07-01 14:55:51.058] [warning] [:] uring_reactor: cudaFreeHost failed: an illegal instruction was encountered
[2026-07-01 14:55:51.058] [warning] [:] uring_reactor: cudaFreeHost failed: an illegal instruction was encountered
[2026-07-01 14:55:51.058] [warning] [:] uring_reactor: cudaFreeHost failed: an illegal instruction was encountered
[2026-07-01 14:55:51.058] [warning] [:] uring_reactor: cudaFreeHost failed: an illegal instruction was encountered
[2026-07-01 14:55:51.058] [warning] [:] uring_reactor: cudaFreeHost failed: an illegal instruction was encountered
[2026-07-01 14:55:51.058] [warning] [:] uring_reactor: cudaFreeHost failed: an illegal instruction was encountered
[2026-07-01 14:55:51.058] [warning] [:] uring_reactor: cudaFreeHost failed: an illegal instruction was encountered
[2026-07-01 14:55:51.058] [warning] [:] uring_reactor: cudaFreeHost failed: an illegal instruction was encountered
[2026-07-01 14:55:51.058] [warning] [:] uring_reactor: cudaFreeHost failed: an illegal instruction was encountered
[2026-07-01 14:55:51.058] [warning] [:] uring_reactor: cudaFreeHost failed: an illegal instruction was encountered
[2026-07-01 14:55:51.058] [warning] [:] uring_reactor: cudaFreeHost failed: an illegal instruction was encountered
[2026-07-01 14:55:51.058] [warning] [:] uring_reactor: cudaFreeHost failed: an illegal instruction was encountered
[2026-07-01 14:55:51.058] [warning] [:] uring_reactor: cudaFreeHost failed: an illegal instruction was encountered
[2026-07-01 14:55:51.058] [warning] [:] uring_reactor: cudaFreeHost failed: an illegal instruction was encountered
[2026-07-01 14:55:51.058] [warning] [:] uring_reactor: cudaFreeHost failed: an illegal instruction was encountered
[2026-07-01 14:55:51.058] [warning] [:] uring_reactor: cudaFreeHost failed: an illegal instruction was encountered
[2026-07-01 14:55:51.058] [warning] [:] uring_reactor: cudaFreeHost failed: an illegal instruction was encountered
[2026-07-01 14:55:51.058] [warning] [:] uring_reactor: cudaFreeHost failed: an illegal instruction was encountered
[2026-07-01 14:55:51.058] [warning] [:] uring_reactor: cudaFreeHost failed: an illegal instruction was encountered
[2026-07-01 14:55:51.058] [warning] [:] uring_reactor: cudaFreeHost failed: an illegal instruction was encountered
[2026-07-01 14:55:51.058] [warning] [:] uring_reactor: cudaFreeHost failed: an illegal instruction was encountered
[2026-07-01 14:55:51.058] [warning] [:] uring_reactor: cudaFreeHost failed: an illegal instruction was encountered
[2026-07-01 14:55:51.058] [warning] [:] uring_reactor: cudaFreeHost failed: an illegal instruction was encountered
[2026-07-01 14:55:51.058] [warning] [:] uring_reactor: cudaFreeHost failed: an illegal instruction was encountered
[2026-07-01 14:55:51.058] [warning] [:] uring_reactor: cudaFreeHost failed: an illegal instruction was encountered
[2026-07-01 14:55:51.058] [warning] [:] uring_reactor: cudaFreeHost failed: an illegal instruction was encountered
[2026-07-01 14:55:51.058] [warning] [:] uring_reactor: cudaFreeHost failed: an illegal instruction was encountered
[2026-07-01 14:55:51.058] [warning] [:] uring_reactor: cudaFreeHost failed: an illegal instruction was encountered
[2026-07-01 14:55:51.058] [warning] [:] uring_reactor: cudaFreeHost failed: an illegal instruction was encountered
[2026-07-01 14:55:51.058] [warning] [:] uring_reactor: cudaFreeHost failed: an illegal instruction was encountered
[2026-07-01 14:55:51.058] [warning] [:] uring_reactor: cudaFreeHost failed: an illegal instruction was encountered
[2026-07-01 14:55:51.058] [warning] [:] uring_reactor: cudaFreeHost failed: an illegal instruction was encountered
[2026-07-01 14:55:51.058] [warning] [:] uring_reactor: cudaFreeHost failed: an illegal instruction was encountered
[2026-07-01 14:55:51.058] [warning] [:] uring_reactor: cudaFreeHost failed: an illegal instruction was encountered
[2026-07-01 14:55:51.058] [warning] [:] uring_reactor: cudaFreeHost failed: an illegal instruction was encountered
[2026-07-01 14:55:51.058] [warning] [:] uring_reactor: cudaFreeHost failed: an illegal instruction was encountered
[2026-07-01 14:55:51.058] [warning] [:] uring_reactor: cudaFreeHost failed: an illegal instruction was encountered
[2026-07-01 14:55:51.058] [warning] [:] uring_reactor: cudaFreeHost failed: an illegal instruction was encountered
[2026-07-01 14:55:51.058] [warning] [:] uring_reactor: cudaFreeHost failed: an illegal instruction was encountered
[2026-07-01 14:55:51.058] [warning] [:] uring_reactor: cudaFreeHost failed: an illegal instruction was encountered
[2026-07-01 14:55:51.058] [warning] [:] uring_reactor: cudaFreeHost failed: an illegal instruction was encountered
[2026-07-01 14:55:51.058] [warning] [:] uring_reactor: cudaFreeHost failed: an illegal instruction was encountered
[2026-07-01 14:55:51.058] [warning] [:] uring_reactor: cudaFreeHost failed: an illegal instruction was encountered
[2026-07-01 14:55:51.058] [warning] [:] uring_reactor: cudaFreeHost failed: an illegal instruction was encountered
[2026-07-01 14:55:51.058] [warning] [:] uring_reactor: cudaFreeHost failed: an illegal instruction was encountered
[2026-07-01 14:55:51.058] [warning] [:] uring_reactor: cudaFreeHost failed: an illegal instruction was encountered
[2026-07-01 14:55:51.058] [warning] [:] uring_reactor: cudaFreeHost failed: an illegal instruction was encountered
[2026-07-01 14:55:51.058] [warning] [:] uring_reactor: cudaFreeHost failed: an illegal instruction was encountered
[2026-07-01 14:55:51.058] [warning] [:] uring_reactor: cudaFreeHost failed: an illegal instruction was encountered
[2026-07-01 14:55:51.058] [warning] [:] uring_reactor: cudaFreeHost failed: an illegal instruction was encountered
[2026-07-01 14:55:51.058] [warning] [:] uring_reactor: cudaFreeHost failed: an illegal instruction was encountered
[2026-07-01 14:55:51.058] [warning] [:] uring_reactor: cudaFreeHost failed: an illegal instruction was encountered
[2026-07-01 14:55:51.058] [warning] [:] uring_reactor: cudaFreeHost failed: an illegal instruction was encountered
[2026-07-01 14:55:51.058] [warning] [:] uring_reactor: cudaFreeHost failed: an illegal instruction was encountered
[2026-07-01 14:55:51.058] [warning] [:] uring_reactor: cudaFreeHost failed: an illegal instruction was encountered
[2026-07-01 14:55:51.058] [warning] [:] uring_reactor: cudaFreeHost failed: an illegal instruction was encountered
[2026-07-01 14:55:51.058] [warning] [:] uring_reactor: cudaFreeHost failed: an illegal instruction was encountered
[2026-07-01 14:55:51.058] [warning] [:] uring_reactor: cudaFreeHost failed: an illegal instruction was encountered
[2026-07-01 14:55:51.058] [warning] [:] uring_reactor: cudaFreeHost failed: an illegal instruction was encountered
[2026-07-01 14:55:51.058] [warning] [:] uring_reactor: cudaFreeHost failed: an illegal instruction was encountered
[2026-07-01 14:55:51.058] [warning] [:] uring_reactor: cudaFreeHost failed: an illegal instruction was encountered
[2026-07-01 14:55:51.058] [warning] [:] uring_reactor: cudaFreeHost failed: an illegal instruction was encountered
[2026-07-01 14:55:51.058] [warning] [:] uring_reactor: cudaFreeHost failed: an illegal instruction was encountered
[2026-07-01 14:55:51.058] [warning] [:] uring_reactor: cudaFreeHost failed: an illegal instruction was encountered
[2026-07-01 14:55:51.058] [warning] [:] uring_reactor: cudaFreeHost failed: an illegal instruction was encountered
[2026-07-01 14:55:51.058] [warning] [:] uring_reactor: cudaFreeHost failed: an illegal instruction was encountered
[2026-07-01 14:55:51.058] [warning] [:] uring_reactor: cudaFreeHost failed: an illegal instruction was encountered
[2026-07-01 14:55:51.058] [warning] [:] uring_reactor: cudaFreeHost failed: an illegal instruction was encountered
[2026-07-01 14:55:51.058] [warning] [:] uring_reactor: cudaFreeHost failed: an illegal instruction was encountered
[2026-07-01 14:55:51.058] [warning] [:] uring_reactor: cudaFreeHost failed: an illegal instruction was encountered
[2026-07-01 14:55:51.058] [warning] [:] uring_reactor: cudaFreeHost failed: an illegal instruction was encountered
[2026-07-01 14:55:51.058] [warning] [:] uring_reactor: cudaFreeHost failed: an illegal instruction was encountered
[2026-07-01 14:55:51.058] [warning] [:] uring_reactor: cudaFreeHost failed: an illegal instruction was encountered
[2026-07-01 14:55:51.058] [warning] [:] uring_reactor: cudaFreeHost failed: an illegal instruction was encountered
[2026-07-01 14:55:51.058] [warning] [:] uring_reactor: cudaFreeHost failed: an illegal instruction was encountered
[2026-07-01 14:55:51.058] [warning] [:] uring_reactor: cudaFreeHost failed: an illegal instruction was encountered
[2026-07-01 14:55:51.058] [warning] [:] uring_reactor: cudaFreeHost failed: an illegal instruction was encountered
[2026-07-01 14:55:51.058] [warning] [:] uring_reactor: cudaFreeHost failed: an illegal instruction was encountered
[2026-07-01 14:55:51.058] [warning] [:] uring_reactor: cudaFreeHost failed: an illegal instruction was encountered
[2026-07-01 14:55:51.058] [warning] [:] uring_reactor: cudaFreeHost failed: an illegal instruction was encountered
[2026-07-01 14:55:51.058] [warning] [:] uring_reactor: cudaFreeHost failed: an illegal instruction was encountered
[2026-07-01 14:55:51.058] [warning] [:] uring_reactor: cudaFreeHost failed: an illegal instruction was encountered
[2026-07-01 14:55:51.058] [warning] [:] uring_reactor: cudaFreeHost failed: an illegal instruction was encountered
[2026-07-01 14:55:51.058] [warning] [:] uring_reactor: cudaFreeHost failed: an illegal instruction was encountered
[2026-07-01 14:55:51.058] [warning] [:] uring_reactor: cudaFreeHost failed: an illegal instruction was encountered
[2026-07-01 14:55:51.058] [warning] [:] uring_reactor: cudaFreeHost failed: an illegal instruction was encountered
[2026-07-01 14:55:51.058] [warning] [:] uring_reactor: cudaFreeHost failed: an illegal instruction was encountered
[2026-07-01 14:55:51.058] [warning] [:] uring_reactor: cudaFreeHost failed: an illegal instruction was encountered
[2026-07-01 14:55:51.058] [warning] [:] uring_reactor: cudaFreeHost failed: an illegal instruction was encountered
[2026-07-01 14:55:51.058] [warning] [:] uring_reactor: cudaFreeHost failed: an illegal instruction was encountered
[2026-07-01 14:55:51.058] [warning] [:] uring_reactor: cudaFreeHost failed: an illegal instruction was encountered
[2026-07-01 14:55:51.058] [warning] [:] uring_reactor: cudaFreeHost failed: an illegal instruction was encountered
[2026-07-01 14:55:51.058] [warning] [:] uring_reactor: cudaFreeHost failed: an illegal instruction was encountered
[2026-07-01 14:55:51.058] [warning] [:] uring_reactor: cudaFreeHost failed: an illegal instruction was encountered
[2026-07-01 14:55:51.058] [warning] [:] uring_reactor: cudaFreeHost failed: an illegal instruction was encountered
[2026-07-01 14:55:51.058] [warning] [:] uring_reactor: cudaFreeHost failed: an illegal instruction was encountered
[2026-07-01 14:55:51.058] [warning] [:] uring_reactor: cudaFreeHost failed: an illegal instruction was encountered
[2026-07-01 14:55:51.058] [warning] [:] uring_reactor: cudaFreeHost failed: an illegal instruction was encountered
[2026-07-01 14:55:51.058] [warning] [:] uring_reactor: cudaFreeHost failed: an illegal instruction was encountered
[2026-07-01 14:55:51.058] [warning] [:] uring_reactor: cudaFreeHost failed: an illegal instruction was encountered
[2026-07-01 14:55:51.058] [warning] [:] uring_reactor: cudaFreeHost failed: an illegal instruction was encountered
[2026-07-01 14:55:51.058] [warning] [:] uring_reactor: cudaFreeHost failed: an illegal instruction was encountered
[2026-07-01 14:55:51.058] [warning] [:] uring_reactor: cudaFreeHost failed: an illegal instruction was encountered
[2026-07-01 14:55:51.058] [warning] [:] uring_reactor: cudaFreeHost failed: an illegal instruction was encountered
[2026-07-01 14:55:51.058] [warning] [:] uring_reactor: cudaFreeHost failed: an illegal instruction was encountered
[2026-07-01 14:55:51.058] [warning] [:] uring_reactor: cudaFreeHost failed: an illegal instruction was encountered
[2026-07-01 14:55:51.058] [warning] [:] uring_reactor: cudaFreeHost failed: an illegal instruction was encountered
[2026-07-01 14:55:51.058] [warning] [:] uring_reactor: cudaFreeHost failed: an illegal instruction was encountered
[2026-07-01 14:55:51.058] [warning] [:] uring_reactor: cudaFreeHost failed: an illegal instruction was encountered
[2026-07-01 14:55:51.058] [warning] [:] uring_reactor: cudaFreeHost failed: an illegal instruction was encountered
[2026-07-01 14:55:51.058] [warning] [:] uring_reactor: cudaFreeHost failed: an illegal instruction was encountered
[2026-07-01 14:55:51.058] [warning] [:] uring_reactor: cudaFreeHost failed: an illegal instruction was encountered
[2026-07-01 14:55:51.058] [warning] [:] uring_reactor: cudaFreeHost failed: an illegal instruction was encountered
[2026-07-01 14:55:51.058] [warning] [:] uring_reactor: cudaFreeHost failed: an illegal instruction was encountered
[2026-07-01 14:55:51.058] [warning] [:] uring_reactor: cudaFreeHost failed: an illegal instruction was encountered
[2026-07-01 14:55:51.058] [warning] [:] uring_reactor: cudaFreeHost failed: an illegal instruction was encountered
[2026-07-01 14:55:51.058] [warning] [:] uring_reactor: cudaFreeHost failed: an illegal instruction was encountered
[2026-07-01 14:55:51.058] [warning] [:] uring_reactor: cudaFreeHost failed: an illegal instruction was encountered
[2026-07-01 14:55:51.058] [warning] [:] uring_reactor: cudaFreeHost failed: an illegal instruction was encountered
[2026-07-01 14:55:51.058] [warning] [:] uring_reactor: cudaFreeHost failed: an illegal instruction was encountered
[2026-07-01 14:55:51.058] [warning] [:] uring_reactor: cudaFreeHost failed: an illegal instruction was encountered
[2026-07-01 14:55:51.058] [warning] [:] uring_reactor: cudaFreeHost failed: an illegal instruction was encountered
[2026-07-01 14:55:51.058] [warning] [:] uring_reactor: cudaFreeHost failed: an illegal instruction was encountered
[2026-07-01 14:55:51.058] [warning] [:] uring_reactor: cudaFreeHost failed: an illegal instruction was encountered
[2026-07-01 14:55:51.058] [warning] [:] uring_reactor: cudaFreeHost failed: an illegal instruction was encountered
[2026-07-01 14:55:51.058] [warning] [:] uring_reactor: cudaFreeHost failed: an illegal instruction was encountered
[2026-07-01 14:55:51.058] [warning] [:] uring_reactor: cudaFreeHost failed: an illegal instruction was encountered
[2026-07-01 14:55:51.058] [warning] [:] uring_reactor: cudaFreeHost failed: an illegal instruction was encountered
[2026-07-01 14:55:51.058] [warning] [:] uring_reactor: cudaFreeHost failed: an illegal instruction was encountered
[2026-07-01 14:55:51.058] [warning] [:] uring_reactor: cudaFreeHost failed: an illegal instruction was encountered
[2026-07-01 14:55:51.058] [warning] [:] uring_reactor: cudaFreeHost failed: an illegal instruction was encountered
[2026-07-01 14:55:51.058] [warning] [:] uring_reactor: cudaFreeHost failed: an illegal instruction was encountered
[2026-07-01 14:55:51.058] [warning] [:] uring_reactor: cudaFreeHost failed: an illegal instruction was encountered
[2026-07-01 14:55:51.058] [warning] [:] uring_reactor: cudaFreeHost failed: an illegal instruction was encountered
[2026-07-01 14:55:51.058] [warning] [:] uring_reactor: cudaFreeHost failed: an illegal instruction was encountered
[2026-07-01 14:55:51.058] [warning] [:] uring_reactor: cudaFreeHost failed: an illegal instruction was encountered
[2026-07-01 14:55:51.058] [warning] [:] uring_reactor: cudaFreeHost failed: an illegal instruction was encountered
[2026-07-01 14:55:51.058] [warning] [:] uring_reactor: cudaFreeHost failed: an illegal instruction was encountered
[2026-07-01 14:55:51.058] [warning] [:] uring_reactor: cudaFreeHost failed: an illegal instruction was encountered
[2026-07-01 14:55:51.058] [warning] [:] uring_reactor: cudaFreeHost failed: an illegal instruction was encountered
[2026-07-01 14:55:51.058] [warning] [:] uring_reactor: cudaFreeHost failed: an illegal instruction was encountered
[2026-07-01 14:55:51.058] [warning] [:] uring_reactor: cudaFreeHost failed: an illegal instruction was encountered
[2026-07-01 14:55:51.058] [warning] [:] uring_reactor: cudaFreeHost failed: an illegal instruction was encountered
[2026-07-01 14:55:51.058] [warning] [:] uring_reactor: cudaFreeHost failed: an illegal instruction was encountered
[2026-07-01 14:55:51.058] [warning] [:] uring_reactor: cudaFreeHost failed: an illegal instruction was encountered
[2026-07-01 14:55:51.058] [warning] [:] uring_reactor: cudaFreeHost failed: an illegal instruction was encountered
[2026-07-01 14:55:51.058] [warning] [:] uring_reactor: cudaFreeHost failed: an illegal instruction was encountered
[2026-07-01 14:55:51.058] [warning] [:] uring_reactor: cudaFreeHost failed: an illegal instruction was encountered
[2026-07-01 14:55:51.058] [warning] [:] uring_reactor: cudaFreeHost failed: an illegal instruction was encountered
[2026-07-01 14:55:51.058] [warning] [:] uring_reactor: cudaFreeHost failed: an illegal instruction was encountered
[2026-07-01 14:55:51.058] [warning] [:] uring_reactor: cudaFreeHost failed: an illegal instruction was encountered
[2026-07-01 14:55:51.058] [warning] [:] uring_reactor: cudaFreeHost failed: an illegal instruction was encountered
[2026-07-01 14:55:51.058] [warning] [:] uring_reactor: cudaFreeHost failed: an illegal instruction was encountered
[2026-07-01 14:55:51.058] [warning] [:] uring_reactor: cudaFreeHost failed: an illegal instruction was encountered
[2026-07-01 14:55:51.058] [warning] [:] uring_reactor: cudaFreeHost failed: an illegal instruction was encountered
[2026-07-01 14:55:51.058] [warning] [:] uring_reactor: cudaFreeHost failed: an illegal instruction was encountered
[2026-07-01 14:55:51.058] [warning] [:] uring_reactor: cudaFreeHost failed: an illegal instruction was encountered
[2026-07-01 14:55:51.058] [warning] [:] uring_reactor: cudaFreeHost failed: an illegal instruction was encountered
[2026-07-01 14:55:51.058] [warning] [:] uring_reactor: cudaFreeHost failed: an illegal instruction was encountered
[2026-07-01 14:55:51.058] [warning] [:] uring_reactor: cudaFreeHost failed: an illegal instruction was encountered
[2026-07-01 14:55:51.058] [warning] [:] uring_reactor: cudaFreeHost failed: an illegal instruction was encountered
[2026-07-01 14:55:51.058] [warning] [:] uring_reactor: cudaFreeHost failed: an illegal instruction was encountered
[2026-07-01 14:55:51.058] [warning] [:] uring_reactor: cudaFreeHost failed: an illegal instruction was encountered
[2026-07-01 14:55:51.058] [warning] [:] uring_reactor: cudaFreeHost failed: an illegal instruction was encountered
[2026-07-01 14:55:51.058] [warning] [:] uring_reactor: cudaFreeHost failed: an illegal instruction was encountered
[2026-07-01 14:55:51.058] [warning] [:] uring_reactor: cudaFreeHost failed: an illegal instruction was encountered
[2026-07-01 14:55:51.058] [warning] [:] uring_reactor: cudaFreeHost failed: an illegal instruction was encountered
[2026-07-01 14:55:51.058] [warning] [:] uring_reactor: cudaFreeHost failed: an illegal instruction was encountered
[2026-07-01 14:55:51.058] [warning] [:] uring_reactor: cudaFreeHost failed: an illegal instruction was encountered
[2026-07-01 14:55:51.058] [warning] [:] uring_reactor: cudaFreeHost failed: an illegal instruction was encountered
[2026-07-01 14:55:51.058] [warning] [:] uring_reactor: cudaFreeHost failed: an illegal instruction was encountered
[2026-07-01 14:55:51.058] [warning] [:] uring_reactor: cudaFreeHost failed: an illegal instruction was encountered
[2026-07-01 14:55:51.058] [warning] [:] uring_reactor: cudaFreeHost failed: an illegal instruction was encountered
[2026-07-01 14:55:51.058] [warning] [:] uring_reactor: cudaFreeHost failed: an illegal instruction was encountered
[2026-07-01 14:55:51.058] [warning] [:] uring_reactor: cudaFreeHost failed: an illegal instruction was encountered
[2026-07-01 14:55:51.058] [warning] [:] uring_reactor: cudaFreeHost failed: an illegal instruction was encountered
[2026-07-01 14:55:51.058] [warning] [:] uring_reactor: cudaFreeHost failed: an illegal instruction was encountered
[2026-07-01 14:55:51.058] [warning] [:] uring_reactor: cudaFreeHost failed: an illegal instruction was encountered
[2026-07-01 14:55:51.058] [warning] [:] uring_reactor: cudaFreeHost failed: an illegal instruction was encountered
[2026-07-01 14:55:51.058] [warning] [:] uring_reactor: cudaFreeHost failed: an illegal instruction was encountered
[2026-07-01 14:55:51.058] [warning] [:] uring_reactor: cudaFreeHost failed: an illegal instruction was encountered
[2026-07-01 14:55:51.058] [warning] [:] uring_reactor: cudaFreeHost failed: an illegal instruction was encountered
[2026-07-01 14:55:51.058] [warning] [:] uring_reactor: cudaFreeHost failed: an illegal instruction was encountered
[2026-07-01 14:55:51.058] [warning] [:] uring_reactor: cudaFreeHost failed: an illegal instruction was encountered
[2026-07-01 14:55:51.058] [warning] [:] uring_reactor: cudaFreeHost failed: an illegal instruction was encountered
[2026-07-01 14:55:51.058] [warning] [:] uring_reactor: cudaFreeHost failed: an illegal instruction was encountered
[2026-07-01 14:55:51.058] [warning] [:] uring_reactor: cudaFreeHost failed: an illegal instruction was encountered
[2026-07-01 14:55:51.058] [warning] [:] uring_reactor: cudaFreeHost failed: an illegal instruction was encountered
[2026-07-01 14:55:51.058] [warning] [:] uring_reactor: cudaFreeHost failed: an illegal instruction was encountered
[2026-07-01 14:55:51.058] [warning] [:] uring_reactor: cudaFreeHost failed: an illegal instruction was encountered
[2026-07-01 14:55:51.058] [warning] [:] uring_reactor: cudaFreeHost failed: an illegal instruction was encountered
[2026-07-01 14:55:51.058] [warning] [:] uring_reactor: cudaFreeHost failed: an illegal instruction was encountered
[2026-07-01 14:55:51.058] [warning] [:] uring_reactor: cudaFreeHost failed: an illegal instruction was encountered
[2026-07-01 14:55:51.058] [warning] [:] uring_reactor: cudaFreeHost failed: an illegal instruction was encountered
[2026-07-01 14:55:51.058] [warning] [:] uring_reactor: cudaFreeHost failed: an illegal instruction was encountered
[2026-07-01 14:55:51.058] [warning] [:] uring_reactor: cudaFreeHost failed: an illegal instruction was encountered
[2026-07-01 14:55:51.058] [warning] [:] uring_reactor: cudaFreeHost failed: an illegal instruction was encountered
[2026-07-01 14:55:51.058] [warning] [:] uring_reactor: cudaFreeHost failed: an illegal instruction was encountered
[2026-07-01 14:55:51.058] [warning] [:] uring_reactor: cudaFreeHost failed: an illegal instruction was encountered
[2026-07-01 14:55:51.058] [warning] [:] uring_reactor: cudaFreeHost failed: an illegal instruction was encountered
[2026-07-01 14:55:51.058] [warning] [:] uring_reactor: cudaFreeHost failed: an illegal instruction was encountered
[2026-07-01 14:55:51.058] [warning] [:] uring_reactor: cudaFreeHost failed: an illegal instruction was encountered
[2026-07-01 14:55:51.058] [warning] [:] uring_reactor: cudaFreeHost failed: an illegal instruction was encountered
[2026-07-01 14:55:51.058] [warning] [:] uring_reactor: cudaFreeHost failed: an illegal instruction was encountered
[2026-07-01 14:55:51.058] [warning] [:] uring_reactor: cudaFreeHost failed: an illegal instruction was encountered
[2026-07-01 14:55:51.058] [warning] [:] uring_reactor: cudaFreeHost failed: an illegal instruction was encountered
[2026-07-01 14:55:51.058] [warning] [:] uring_reactor: cudaFreeHost failed: an illegal instruction was encountered
[2026-07-01 14:55:51.058] [warning] [:] uring_reactor: cudaFreeHost failed: an illegal instruction was encountered
[2026-07-01 14:55:51.058] [warning] [:] uring_reactor: cudaFreeHost failed: an illegal instruction was encountered
[2026-07-01 14:55:51.058] [warning] [:] uring_reactor: cudaFreeHost failed: an illegal instruction was encountered
[2026-07-01 14:55:51.058] [warning] [:] uring_reactor: cudaFreeHost failed: an illegal instruction was encountered
[2026-07-01 14:55:51.058] [warning] [:] uring_reactor: cudaFreeHost failed: an illegal instruction was encountered
[2026-07-01 14:55:51.058] [warning] [:] uring_reactor: cudaFreeHost failed: an illegal instruction was encountered
[2026-07-01 14:55:51.058] [warning] [:] uring_reactor: cudaFreeHost failed: an illegal instruction was encountered
[2026-07-01 14:55:51.058] [warning] [:] uring_reactor: cudaFreeHost failed: an illegal instruction was encountered
[2026-07-01 14:55:51.058] [warning] [:] uring_reactor: cudaFreeHost failed: an illegal instruction was encountered
[2026-07-01 14:55:51.058] [warning] [:] uring_reactor: cudaFreeHost failed: an illegal instruction was encountered
[2026-07-01 14:55:51.058] [warning] [:] uring_reactor: cudaFreeHost failed: an illegal instruction was encountered
[2026-07-01 14:55:51.058] [warning] [:] uring_reactor: cudaFreeHost failed: an illegal instruction was encountered
[2026-07-01 14:55:51.058] [warning] [:] uring_reactor: cudaFreeHost failed: an illegal instruction was encountered
[2026-07-01 14:55:51.058] [warning] [:] uring_reactor: cudaFreeHost failed: an illegal instruction was encountered
[2026-07-01 14:55:51.058] [warning] [:] uring_reactor: cudaFreeHost failed: an illegal instruction was encountered
[2026-07-01 14:55:51.058] [warning] [:] uring_reactor: cudaFreeHost failed: an illegal instruction was encountered
[2026-07-01 14:55:51.058] [warning] [:] uring_reactor: cudaFreeHost failed: an illegal instruction was encountered
[2026-07-01 14:55:51.058] [warning] [:] uring_reactor: cudaFreeHost failed: an illegal instruction was encountered
[2026-07-01 14:55:51.058] [warning] [:] uring_reactor: cudaFreeHost failed: an illegal instruction was encountered
[2026-07-01 14:55:51.058] [warning] [:] uring_reactor: cudaFreeHost failed: an illegal instruction was encountered
[2026-07-01 14:55:51.058] [warning] [:] uring_reactor: cudaFreeHost failed: an illegal instruction was encountered
[2026-07-01 14:55:51.058] [warning] [:] uring_reactor: cudaFreeHost failed: an illegal instruction was encountered
[2026-07-01 14:55:51.058] [warning] [:] uring_reactor: cudaFreeHost failed: an illegal instruction was encountered
[2026-07-01 14:55:51.058] [warning] [:] uring_reactor: cudaFreeHost failed: an illegal instruction was encountered
[2026-07-01 14:55:51.058] [warning] [:] uring_reactor: cudaFreeHost failed: an illegal instruction was encountered
[2026-07-01 14:55:51.058] [warning] [:] uring_reactor: cudaFreeHost failed: an illegal instruction was encountered
[2026-07-01 14:55:51.058] [warning] [:] uring_reactor: cudaFreeHost failed: an illegal instruction was encountered
[2026-07-01 14:55:51.058] [warning] [:] uring_reactor: cudaFreeHost failed: an illegal instruction was encountered
[2026-07-01 14:55:51.058] [warning] [:] uring_reactor: cudaFreeHost failed: an illegal instruction was encountered
[2026-07-01 14:55:51.058] [warning] [:] uring_reactor: cudaFreeHost failed: an illegal instruction was encountered
[2026-07-01 14:55:51.058] [warning] [:] uring_reactor: cudaFreeHost failed: an illegal instruction was encountered
[2026-07-01 14:55:51.058] [warning] [:] uring_reactor: cudaFreeHost failed: an illegal instruction was encountered
[2026-07-01 14:55:51.058] [warning] [:] uring_reactor: cudaFreeHost failed: an illegal instruction was encountered
[2026-07-01 14:55:51.058] [warning] [:] uring_reactor: cudaFreeHost failed: an illegal instruction was encountered
[2026-07-01 14:55:51.058] [warning] [:] uring_reactor: cudaFreeHost failed: an illegal instruction was encountered
[2026-07-01 14:55:51.058] [warning] [:] uring_reactor: cudaFreeHost failed: an illegal instruction was encountered
[2026-07-01 14:55:51.058] [warning] [:] uring_reactor: cudaFreeHost failed: an illegal instruction was encountered
[2026-07-01 14:55:51.058] [warning] [:] uring_reactor: cudaFreeHost failed: an illegal instruction was encountered
[2026-07-01 14:55:51.058] [warning] [:] uring_reactor: cudaFreeHost failed: an illegal instruction was encountered
[2026-07-01 14:55:51.058] [warning] [:] uring_reactor: cudaFreeHost failed: an illegal instruction was encountered
[2026-07-01 14:55:51.058] [warning] [:] uring_reactor: cudaFreeHost failed: an illegal instruction was encountered
[2026-07-01 14:55:51.058] [warning] [:] uring_reactor: cudaFreeHost failed: an illegal instruction was encountered
[2026-07-01 14:55:51.058] [warning] [:] uring_reactor: cudaFreeHost failed: an illegal instruction was encountered
[2026-07-01 14:55:51.058] [warning] [:] uring_reactor: cudaFreeHost failed: an illegal instruction was encountered
[2026-07-01 14:55:51.058] [warning] [:] uring_reactor: cudaFreeHost failed: an illegal instruction was encountered
[2026-07-01 14:55:51.058] [warning] [:] uring_reactor: cudaFreeHost failed: an illegal instruction was encountered
[2026-07-01 14:55:51.058] [warning] [:] uring_reactor: cudaFreeHost failed: an illegal instruction was encountered
[2026-07-01 14:55:51.058] [warning] [:] uring_reactor: cudaFreeHost failed: an illegal instruction was encountered
[2026-07-01 14:55:51.058] [warning] [:] uring_reactor: cudaFreeHost failed: an illegal instruction was encountered
[2026-07-01 14:55:51.058] [warning] [:] uring_reactor: cudaFreeHost failed: an illegal instruction was encountered
[2026-07-01 14:55:51.058] [warning] [:] uring_reactor: cudaFreeHost failed: an illegal instruction was encountered
[2026-07-01 14:55:51.058] [warning] [:] uring_reactor: cudaFreeHost failed: an illegal instruction was encountered
[2026-07-01 14:55:51.058] [warning] [:] uring_reactor: cudaFreeHost failed: an illegal instruction was encountered
[2026-07-01 14:55:51.058] [warning] [:] uring_reactor: cudaFreeHost failed: an illegal instruction was encountered
[2026-07-01 14:55:51.058] [warning] [:] uring_reactor: cudaFreeHost failed: an illegal instruction was encountered
[2026-07-01 14:55:51.058] [warning] [:] uring_reactor: cudaFreeHost failed: an illegal instruction was encountered
[2026-07-01 14:55:51.058] [warning] [:] uring_reactor: cudaFreeHost failed: an illegal instruction was encountered
[2026-07-01 14:55:51.058] [warning] [:] uring_reactor: cudaFreeHost failed: an illegal instruction was encountered
[2026-07-01 14:55:51.058] [warning] [:] uring_reactor: cudaFreeHost failed: an illegal instruction was encountered
[2026-07-01 14:55:51.058] [warning] [:] uring_reactor: cudaFreeHost failed: an illegal instruction was encountered
[2026-07-01 14:55:51.058] [warning] [:] uring_reactor: cudaFreeHost failed: an illegal instruction was encountered
[2026-07-01 14:55:51.058] [warning] [:] uring_reactor: cudaFreeHost failed: an illegal instruction was encountered
[2026-07-01 14:55:51.058] [warning] [:] uring_reactor: cudaFreeHost failed: an illegal instruction was encountered
[2026-07-01 14:55:51.058] [warning] [:] uring_reactor: cudaFreeHost failed: an illegal instruction was encountered
[2026-07-01 14:55:51.058] [warning] [:] uring_reactor: cudaFreeHost failed: an illegal instruction was encountered
[2026-07-01 14:55:51.058] [warning] [:] uring_reactor: cudaFreeHost failed: an illegal instruction was encountered
[2026-07-01 14:55:51.058] [warning] [:] uring_reactor: cudaFreeHost failed: an illegal instruction was encountered
[2026-07-01 14:55:51.058] [warning] [:] uring_reactor: cudaFreeHost failed: an illegal instruction was encountered
[2026-07-01 14:55:51.058] [warning] [:] uring_reactor: cudaFreeHost failed: an illegal instruction was encountered
[2026-07-01 14:55:51.058] [warning] [:] uring_reactor: cudaFreeHost failed: an illegal instruction was encountered
[2026-07-01 14:55:51.058] [warning] [:] uring_reactor: cudaFreeHost failed: an illegal instruction was encountered
[2026-07-01 14:55:51.058] [warning] [:] uring_reactor: cudaFreeHost failed: an illegal instruction was encountered
[2026-07-01 14:55:51.058] [warning] [:] uring_reactor: cudaFreeHost failed: an illegal instruction was encountered
[2026-07-01 14:55:51.058] [warning] [:] uring_reactor: cudaFreeHost failed: an illegal instruction was encountered
[2026-07-01 14:55:51.058] [warning] [:] uring_reactor: cudaFreeHost failed: an illegal instruction was encountered
[2026-07-01 14:55:51.058] [warning] [:] uring_reactor: cudaFreeHost failed: an illegal instruction was encountered
[2026-07-01 14:55:51.058] [warning] [:] uring_reactor: cudaFreeHost failed: an illegal instruction was encountered
[2026-07-01 14:55:51.058] [warning] [:] uring_reactor: cudaFreeHost failed: an illegal instruction was encountered
[2026-07-01 14:55:51.058] [warning] [:] uring_reactor: cudaFreeHost failed: an illegal instruction was encountered
[2026-07-01 14:55:51.058] [warning] [:] uring_reactor: cudaFreeHost failed: an illegal instruction was encountered
[2026-07-01 14:55:51.058] [warning] [:] uring_reactor: cudaFreeHost failed: an illegal instruction was encountered
[2026-07-01 14:55:51.058] [warning] [:] uring_reactor: cudaFreeHost failed: an illegal instruction was encountered
[2026-07-01 14:55:51.058] [warning] [:] uring_reactor: cudaFreeHost failed: an illegal instruction was encountered
[2026-07-01 14:55:51.058] [warning] [:] uring_reactor: cudaFreeHost failed: an illegal instruction was encountered
[2026-07-01 14:55:51.058] [warning] [:] uring_reactor: cudaFreeHost failed: an illegal instruction was encountered
[2026-07-01 14:55:51.058] [warning] [:] uring_reactor: cudaFreeHost failed: an illegal instruction was encountered
[2026-07-01 14:55:51.058] [warning] [:] uring_reactor: cudaFreeHost failed: an illegal instruction was encountered
[2026-07-01 14:55:51.058] [warning] [:] uring_reactor: cudaFreeHost failed: an illegal instruction was encountered
[2026-07-01 14:55:51.058] [warning] [:] uring_reactor: cudaFreeHost failed: an illegal instruction was encountered
[2026-07-01 14:55:51.058] [warning] [:] uring_reactor: cudaFreeHost failed: an illegal instruction was encountered
[2026-07-01 14:55:51.058] [warning] [:] uring_reactor: cudaFreeHost failed: an illegal instruction was encountered
[2026-07-01 14:55:51.058] [warning] [:] uring_reactor: cudaFreeHost failed: an illegal instruction was encountered
[2026-07-01 14:55:51.058] [warning] [:] uring_reactor: cudaFreeHost failed: an illegal instruction was encountered
[2026-07-01 14:55:51.058] [warning] [:] uring_reactor: cudaFreeHost failed: an illegal instruction was encountered
[2026-07-01 14:55:51.058] [warning] [:] uring_reactor: cudaFreeHost failed: an illegal instruction was encountered
[2026-07-01 14:55:51.058] [warning] [:] uring_reactor: cudaFreeHost failed: an illegal instruction was encountered
[2026-07-01 14:55:51.058] [warning] [:] uring_reactor: cudaFreeHost failed: an illegal instruction was encountered
[2026-07-01 14:55:51.058] [warning] [:] uring_reactor: cudaFreeHost failed: an illegal instruction was encountered
[2026-07-01 14:55:51.058] [warning] [:] uring_reactor: cudaFreeHost failed: an illegal instruction was encountered
[2026-07-01 14:55:51.058] [warning] [:] uring_reactor: cudaFreeHost failed: an illegal instruction was encountered
[2026-07-01 14:55:51.058] [warning] [:] uring_reactor: cudaFreeHost failed: an illegal instruction was encountered
[2026-07-01 14:55:51.058] [warning] [:] uring_reactor: cudaFreeHost failed: an illegal instruction was encountered
[2026-07-01 14:55:51.058] [warning] [:] uring_reactor: cudaFreeHost failed: an illegal instruction was encountered
[2026-07-01 14:55:51.058] [warning] [:] uring_reactor: cudaFreeHost failed: an illegal instruction was encountered
[2026-07-01 14:55:51.058] [warning] [:] uring_reactor: cudaFreeHost failed: an illegal instruction was encountered
[2026-07-01 14:55:51.058] [warning] [:] uring_reactor: cudaFreeHost failed: an illegal instruction was encountered
[2026-07-01 14:55:51.058] [warning] [:] uring_reactor: cudaFreeHost failed: an illegal instruction was encountered
[2026-07-01 14:55:51.058] [warning] [:] uring_reactor: cudaFreeHost failed: an illegal instruction was encountered
[2026-07-01 14:55:51.058] [warning] [:] uring_reactor: cudaFreeHost failed: an illegal instruction was encountered
[2026-07-01 14:55:51.058] [warning] [:] uring_reactor: cudaFreeHost failed: an illegal instruction was encountered
[2026-07-01 14:55:51.058] [warning] [:] uring_reactor: cudaFreeHost failed: an illegal instruction was encountered
[2026-07-01 14:55:51.058] [warning] [:] uring_reactor: cudaFreeHost failed: an illegal instruction was encountered
[2026-07-01 14:55:51.058] [warning] [:] uring_reactor: cudaFreeHost failed: an illegal instruction was encountered
[2026-07-01 14:55:51.058] [warning] [:] uring_reactor: cudaFreeHost failed: an illegal instruction was encountered
[2026-07-01 14:55:51.058] [warning] [:] uring_reactor: cudaFreeHost failed: an illegal instruction was encountered
[2026-07-01 14:55:51.058] [warning] [:] uring_reactor: cudaFreeHost failed: an illegal instruction was encountered
[2026-07-01 14:55:51.058] [warning] [:] uring_reactor: cudaFreeHost failed: an illegal instruction was encountered
[2026-07-01 14:55:51.058] [warning] [:] uring_reactor: cudaFreeHost failed: an illegal instruction was encountered
[2026-07-01 14:55:51.058] [warning] [:] uring_reactor: cudaFreeHost failed: an illegal instruction was encountered
[2026-07-01 14:55:51.058] [warning] [:] uring_reactor: cudaFreeHost failed: an illegal instruction was encountered
[2026-07-01 14:55:51.058] [warning] [:] uring_reactor: cudaFreeHost failed: an illegal instruction was encountered
[2026-07-01 14:55:51.058] [warning] [:] uring_reactor: cudaFreeHost failed: an illegal instruction was encountered
[2026-07-01 14:55:51.058] [warning] [:] uring_reactor: cudaFreeHost failed: an illegal instruction was encountered
[2026-07-01 14:55:51.058] [warning] [:] uring_reactor: cudaFreeHost failed: an illegal instruction was encountered
[2026-07-01 14:55:51.058] [warning] [:] uring_reactor: cudaFreeHost failed: an illegal instruction was encountered
[2026-07-01 14:55:51.058] [warning] [:] uring_reactor: cudaFreeHost failed: an illegal instruction was encountered
[2026-07-01 14:55:51.058] [warning] [:] uring_reactor: cudaFreeHost failed: an illegal instruction was encountered
[2026-07-01 14:55:51.058] [warning] [:] uring_reactor: cudaFreeHost failed: an illegal instruction was encountered
[2026-07-01 14:55:51.058] [warning] [:] uring_reactor: cudaFreeHost failed: an illegal instruction was encountered
[2026-07-01 14:55:51.058] [warning] [:] uring_reactor: cudaFreeHost failed: an illegal instruction was encountered
[2026-07-01 14:55:51.058] [warning] [:] uring_reactor: cudaFreeHost failed: an illegal instruction was encountered
[2026-07-01 14:55:51.058] [warning] [:] uring_reactor: cudaFreeHost failed: an illegal instruction was encountered
[2026-07-01 14:55:51.058] [warning] [:] uring_reactor: cudaFreeHost failed: an illegal instruction was encountered
[2026-07-01 14:55:51.058] [warning] [:] uring_reactor: cudaFreeHost failed: an illegal instruction was encountered
[2026-07-01 14:55:51.058] [warning] [:] uring_reactor: cudaFreeHost failed: an illegal instruction was encountered
[2026-07-01 14:55:51.058] [warning] [:] uring_reactor: cudaFreeHost failed: an illegal instruction was encountered
[2026-07-01 14:55:51.058] [warning] [:] uring_reactor: cudaFreeHost failed: an illegal instruction was encountered
[2026-07-01 14:55:51.058] [warning] [:] uring_reactor: cudaFreeHost failed: an illegal instruction was encountered
[2026-07-01 14:55:51.058] [warning] [:] uring_reactor: cudaFreeHost failed: an illegal instruction was encountered
[2026-07-01 14:55:51.058] [warning] [:] uring_reactor: cudaFreeHost failed: an illegal instruction was encountered
[2026-07-01 14:55:51.058] [warning] [:] uring_reactor: cudaFreeHost failed: an illegal instruction was encountered
[2026-07-01 14:55:51.058] [warning] [:] uring_reactor: cudaFreeHost failed: an illegal instruction was encountered
[2026-07-01 14:55:51.058] [warning] [:] uring_reactor: cudaFreeHost failed: an illegal instruction was encountered
[2026-07-01 14:55:51.058] [warning] [:] uring_reactor: cudaFreeHost failed: an illegal instruction was encountered
[2026-07-01 14:55:51.058] [warning] [:] uring_reactor: cudaFreeHost failed: an illegal instruction was encountered
[2026-07-01 14:55:51.058] [warning] [:] uring_reactor: cudaFreeHost failed: an illegal instruction was encountered
[2026-07-01 14:55:51.058] [warning] [:] uring_reactor: cudaFreeHost failed: an illegal instruction was encountered
[2026-07-01 14:55:51.058] [warning] [:] uring_reactor: cudaFreeHost failed: an illegal instruction was encountered
[2026-07-01 14:55:51.058] [warning] [:] uring_reactor: cudaFreeHost failed: an illegal instruction was encountered
[2026-07-01 14:55:51.058] [warning] [:] uring_reactor: cudaFreeHost failed: an illegal instruction was encountered
[2026-07-01 14:55:51.058] [warning] [:] uring_reactor: cudaFreeHost failed: an illegal instruction was encountered
[2026-07-01 14:55:51.058] [warning] [:] uring_reactor: cudaFreeHost failed: an illegal instruction was encountered
[2026-07-01 14:55:51.058] [warning] [:] uring_reactor: cudaFreeHost failed: an illegal instruction was encountered
[2026-07-01 14:55:51.058] [warning] [:] uring_reactor: cudaFreeHost failed: an illegal instruction was encountered
[2026-07-01 14:55:51.058] [warning] [:] uring_reactor: cudaFreeHost failed: an illegal instruction was encountered
[2026-07-01 14:55:51.058] [warning] [:] uring_reactor: cudaFreeHost failed: an illegal instruction was encountered
[2026-07-01 14:55:51.058] [warning] [:] uring_reactor: cudaFreeHost failed: an illegal instruction was encountered
[2026-07-01 14:55:51.058] [warning] [:] uring_reactor: cudaFreeHost failed: an illegal instruction was encountered
[2026-07-01 14:55:51.058] [warning] [:] uring_reactor: cudaFreeHost failed: an illegal instruction was encountered
[2026-07-01 14:55:51.058] [warning] [:] uring_reactor: cudaFreeHost failed: an illegal instruction was encountered
[2026-07-01 14:55:51.058] [warning] [:] uring_reactor: cudaFreeHost failed: an illegal instruction was encountered
[2026-07-01 14:55:51.058] [warning] [:] uring_reactor: cudaFreeHost failed: an illegal instruction was encountered
[2026-07-01 14:55:51.058] [warning] [:] uring_reactor: cudaFreeHost failed: an illegal instruction was encountered
[2026-07-01 14:55:51.058] [warning] [:] uring_reactor: cudaFreeHost failed: an illegal instruction was encountered
[2026-07-01 14:55:51.058] [warning] [:] uring_reactor: cudaFreeHost failed: an illegal instruction was encountered
[2026-07-01 14:55:51.058] [warning] [:] uring_reactor: cudaFreeHost failed: an illegal instruction was encountered
[2026-07-01 14:55:51.058] [warning] [:] uring_reactor: cudaFreeHost failed: an illegal instruction was encountered
[2026-07-01 14:55:51.058] [warning] [:] uring_reactor: cudaFreeHost failed: an illegal instruction was encountered
[2026-07-01 14:55:51.058] [warning] [:] uring_reactor: cudaFreeHost failed: an illegal instruction was encountered
[2026-07-01 14:55:51.058] [warning] [:] uring_reactor: cudaFreeHost failed: an illegal instruction was encountered
[2026-07-01 14:55:51.058] [warning] [:] uring_reactor: cudaFreeHost failed: an illegal instruction was encountered
[2026-07-01 14:55:51.058] [warning] [:] uring_reactor: cudaFreeHost failed: an illegal instruction was encountered
[2026-07-01 14:55:51.058] [warning] [:] uring_reactor: cudaFreeHost failed: an illegal instruction was encountered
[2026-07-01 14:55:51.058] [warning] [:] uring_reactor: cudaFreeHost failed: an illegal instruction was encountered
[2026-07-01 14:55:51.058] [warning] [:] uring_reactor: cudaFreeHost failed: an illegal instruction was encountered
[2026-07-01 14:55:51.058] [warning] [:] uring_reactor: cudaFreeHost failed: an illegal instruction was encountered
[2026-07-01 14:55:51.058] [warning] [:] uring_reactor: cudaFreeHost failed: an illegal instruction was encountered
[2026-07-01 14:55:51.058] [warning] [:] uring_reactor: cudaFreeHost failed: an illegal instruction was encountered
[2026-07-01 14:55:51.058] [warning] [:] uring_reactor: cudaFreeHost failed: an illegal instruction was encountered
[2026-07-01 14:55:51.058] [warning] [:] uring_reactor: cudaFreeHost failed: an illegal instruction was encountered
[2026-07-01 14:55:51.058] [warning] [:] uring_reactor: cudaFreeHost failed: an illegal instruction was encountered
[2026-07-01 14:55:51.058] [warning] [:] uring_reactor: cudaFreeHost failed: an illegal instruction was encountered
[2026-07-01 14:55:51.058] [warning] [:] uring_reactor: cudaFreeHost failed: an illegal instruction was encountered
[2026-07-01 14:55:51.058] [warning] [:] uring_reactor: cudaFreeHost failed: an illegal instruction was encountered
[2026-07-01 14:55:51.058] [warning] [:] uring_reactor: cudaFreeHost failed: an illegal instruction was encountered
[2026-07-01 14:55:51.058] [warning] [:] uring_reactor: cudaFreeHost failed: an illegal instruction was encountered
[2026-07-01 14:55:51.058] [warning] [:] uring_reactor: cudaFreeHost failed: an illegal instruction was encountered
[2026-07-01 14:55:51.058] [warning] [:] uring_reactor: cudaFreeHost failed: an illegal instruction was encountered
[2026-07-01 14:55:51.058] [warning] [:] uring_reactor: cudaFreeHost failed: an illegal instruction was encountered
[2026-07-01 14:55:51.058] [warning] [:] uring_reactor: cudaFreeHost failed: an illegal instruction was encountered
[2026-07-01 14:55:51.058] [warning] [:] uring_reactor: cudaFreeHost failed: an illegal instruction was encountered
[2026-07-01 14:55:51.058] [warning] [:] uring_reactor: cudaFreeHost failed: an illegal instruction was encountered
[2026-07-01 14:55:51.058] [warning] [:] uring_reactor: cudaFreeHost failed: an illegal instruction was encountered
[2026-07-01 14:55:51.058] [warning] [:] uring_reactor: cudaFreeHost failed: an illegal instruction was encountered
[2026-07-01 14:55:51.058] [warning] [:] uring_reactor: cudaFreeHost failed: an illegal instruction was encountered
[2026-07-01 14:55:51.058] [warning] [:] uring_reactor: cudaFreeHost failed: an illegal instruction was encountered
[2026-07-01 14:55:51.058] [warning] [:] uring_reactor: cudaFreeHost failed: an illegal instruction was encountered
[2026-07-01 14:55:51.058] [warning] [:] uring_reactor: cudaFreeHost failed: an illegal instruction was encountered
[2026-07-01 14:55:51.058] [warning] [:] uring_reactor: cudaFreeHost failed: an illegal instruction was encountered
[2026-07-01 14:55:51.058] [warning] [:] uring_reactor: cudaFreeHost failed: an illegal instruction was encountered
[2026-07-01 14:55:51.058] [warning] [:] uring_reactor: cudaFreeHost failed: an illegal instruction was encountered
[2026-07-01 14:55:51.058] [warning] [:] uring_reactor: cudaFreeHost failed: an illegal instruction was encountered
[2026-07-01 14:55:51.058] [warning] [:] uring_reactor: cudaFreeHost failed: an illegal instruction was encountered
[2026-07-01 14:55:51.058] [warning] [:] uring_reactor: cudaFreeHost failed: an illegal instruction was encountered
[2026-07-01 14:55:51.058] [warning] [:] uring_reactor: cudaFreeHost failed: an illegal instruction was encountered
[2026-07-01 14:55:51.058] [warning] [:] uring_reactor: cudaFreeHost failed: an illegal instruction was encountered
[2026-07-01 14:55:51.058] [warning] [:] uring_reactor: cudaFreeHost failed: an illegal instruction was encountered
[2026-07-01 14:55:51.058] [warning] [:] uring_reactor: cudaFreeHost failed: an illegal instruction was encountered
[2026-07-01 14:55:51.058] [warning] [:] uring_reactor: cudaFreeHost failed: an illegal instruction was encountered
[2026-07-01 14:55:51.058] [warning] [:] uring_reactor: cudaFreeHost failed: an illegal instruction was encountered
[2026-07-01 14:55:51.058] [warning] [:] uring_reactor: cudaFreeHost failed: an illegal instruction was encountered
[2026-07-01 14:55:51.058] [warning] [:] uring_reactor: cudaFreeHost failed: an illegal instruction was encountered
[2026-07-01 14:55:51.058] [warning] [:] uring_reactor: cudaFreeHost failed: an illegal instruction was encountered
[2026-07-01 14:55:51.058] [warning] [:] uring_reactor: cudaFreeHost failed: an illegal instruction was encountered
[2026-07-01 14:55:51.058] [warning] [:] uring_reactor: cudaFreeHost failed: an illegal instruction was encountered
[2026-07-01 14:55:51.058] [warning] [:] uring_reactor: cudaFreeHost failed: an illegal instruction was encountered
[2026-07-01 14:55:51.058] [warning] [:] uring_reactor: cudaFreeHost failed: an illegal instruction was encountered
[2026-07-01 14:55:51.058] [warning] [:] uring_reactor: cudaFreeHost failed: an illegal instruction was encountered
[2026-07-01 14:55:51.058] [warning] [:] uring_reactor: cudaFreeHost failed: an illegal instruction was encountered
[2026-07-01 14:55:51.058] [warning] [:] uring_reactor: cudaFreeHost failed: an illegal instruction was encountered
[2026-07-01 14:55:51.058] [warning] [:] uring_reactor: cudaFreeHost failed: an illegal instruction was encountered
[2026-07-01 14:55:51.058] [warning] [:] uring_reactor: cudaFreeHost failed: an illegal instruction was encountered
[2026-07-01 14:55:51.058] [warning] [:] uring_reactor: cudaFreeHost failed: an illegal instruction was encountered
[2026-07-01 14:55:51.058] [warning] [:] uring_reactor: cudaFreeHost failed: an illegal instruction was encountered
[2026-07-01 14:55:51.058] [warning] [:] uring_reactor: cudaFreeHost failed: an illegal instruction was encountered
[2026-07-01 14:55:51.058] [warning] [:] uring_reactor: cudaFreeHost failed: an illegal instruction was encountered
[2026-07-01 14:55:51.058] [warning] [:] uring_reactor: cudaFreeHost failed: an illegal instruction was encountered
[2026-07-01 14:55:51.058] [warning] [:] uring_reactor: cudaFreeHost failed: an illegal instruction was encountered
[2026-07-01 14:55:51.058] [warning] [:] uring_reactor: cudaFreeHost failed: an illegal instruction was encountered
[2026-07-01 14:55:51.058] [warning] [:] uring_reactor: cudaFreeHost failed: an illegal instruction was encountered
[2026-07-01 14:55:51.058] [warning] [:] uring_reactor: cudaFreeHost failed: an illegal instruction was encountered
[2026-07-01 14:55:51.058] [warning] [:] uring_reactor: cudaFreeHost failed: an illegal instruction was encountered
[2026-07-01 14:55:51.058] [warning] [:] uring_reactor: cudaFreeHost failed: an illegal instruction was encountered
[2026-07-01 14:55:51.058] [warning] [:] uring_reactor: cudaFreeHost failed: an illegal instruction was encountered
[2026-07-01 14:55:51.058] [warning] [:] uring_reactor: cudaFreeHost failed: an illegal instruction was encountered
[2026-07-01 14:55:51.058] [warning] [:] uring_reactor: cudaFreeHost failed: an illegal instruction was encountered
[2026-07-01 14:55:51.058] [warning] [:] uring_reactor: cudaFreeHost failed: an illegal instruction was encountered
[2026-07-01 14:55:51.058] [warning] [:] uring_reactor: cudaFreeHost failed: an illegal instruction was encountered
[2026-07-01 14:55:51.058] [warning] [:] uring_reactor: cudaFreeHost failed: an illegal instruction was encountered
[2026-07-01 14:55:51.058] [warning] [:] uring_reactor: cudaFreeHost failed: an illegal instruction was encountered
[2026-07-01 14:55:51.058] [warning] [:] uring_reactor: cudaFreeHost failed: an illegal instruction was encountered
[2026-07-01 14:55:51.058] [warning] [:] uring_reactor: cudaFreeHost failed: an illegal instruction was encountered
[2026-07-01 14:55:51.058] [warning] [:] uring_reactor: cudaFreeHost failed: an illegal instruction was encountered
[2026-07-01 14:55:51.058] [warning] [:] uring_reactor: cudaFreeHost failed: an illegal instruction was encountered
[2026-07-01 14:55:51.058] [warning] [:] uring_reactor: cudaFreeHost failed: an illegal instruction was encountered
[2026-07-01 14:55:51.058] [warning] [:] uring_reactor: cudaFreeHost failed: an illegal instruction was encountered
[2026-07-01 14:55:51.059] [warning] [:] uring_reactor: cudaFreeHost failed: an illegal instruction was encountered
[2026-07-01 14:55:51.059] [warning] [:] uring_reactor: cudaFreeHost failed: an illegal instruction was encountered
