[2026-07-08 03:10:15.221] [warning] [sirius_config.cpp:459] sirius_config: use_sirius_datasource was false but 2 GPUs are configured; the sirius datasource is required for multi-GPU IO routing. Overriding use_sirius_datasource to true.
[2026-07-08 03:10:15.221] [info] [sirius_context.cpp:1046] Loaded Sirius configuration from file: /home/dy1013/sirius_multi-gpu/experiment/fixed_page_runs/allq_7gb/configs/sirius_2gpu.yaml
[2026-07-08 03:10:15.226] [info] [telemetry_context.cpp:67] Telemetry context initialized (engine=siriusDB)
[2026-07-08 03:10:15.226] [info] [sirius_context.cpp:337] SiriusContext: topology summary — 2 GPU(s), 1 NUMA node(s), host='hicys76'
[2026-07-08 03:10:15.226] [info] [sirius_context.cpp:342]   GPU 0: NVIDIA RTX A5000 (numa=0, pci=00000000:16:00.0)
[2026-07-08 03:10:15.226] [info] [sirius_context.cpp:342]   GPU 1: NVIDIA RTX A5000 (numa=0, pci=00000000:34:00.0)
[2026-07-08 03:10:15.366] [warning] [sirius_context.cpp:352] SiriusContext: disk memory space is not configured; spilling GPU or HOST data to disk is disabled. If queries run out of GPU/HOST memory, downgrades to disk will not be possible.
[2026-07-08 03:10:15.366] [info] [sirius_context.cpp:364] SiriusContext: 1 host memory space(s) created for 1 NUMA node(s)
[2026-07-08 03:10:15.366] [info] [sirius_context.cpp:417] SiriusContext: P2P enabled 0 -> 1
[2026-07-08 03:10:15.366] [info] [sirius_context.cpp:417] SiriusContext: P2P enabled 1 -> 0
[2026-07-08 03:10:15.383] [info] [sirius_context.cpp:477] SiriusContext: cuDF pinned memory resource configured (NUMA-aware, max slab 8192 B, fallback node=0)
[2026-07-08 03:10:15.549] [info] [sirius_context.cpp:1007] Connection opened.
[2026-07-08 03:10:15.549] [info] [sirius_context.cpp:1020] Extension loaded: sirius
[2026-07-08 03:10:15.549] [info] [sirius_context.cpp:258] QueryEnd
[2026-07-08 03:10:15.558] [info] [:] [host_pool] HOST:0 QueryEnd allocated=0 bytes peak=0 bytes free_blocks=512
[2026-07-08 03:10:15.558] [info] [:] [gpu_pool] GPU:0 QueryEnd allocated=0 bytes peak=0 bytes reserved=0 bytes
[2026-07-08 03:10:15.558] [info] [:] [gpu_pool] GPU:1 QueryEnd allocated=0 bytes peak=0 bytes reserved=0 bytes
[2026-07-08 03:10:15.559] [info] [:] [host_pool] HOST:0 QueryBegin allocated=0 bytes peak=0 bytes free_blocks=512
[2026-07-08 03:10:15.559] [info] [:] [gpu_pool] GPU:0 QueryBegin allocated=0 bytes peak=0 bytes reserved=0 bytes
[2026-07-08 03:10:15.559] [info] [:] [gpu_pool] GPU:1 QueryBegin allocated=0 bytes peak=0 bytes reserved=0 bytes
[2026-07-08 03:10:15.559] [info] [sirius_context.cpp:242] QueryBegin: SQL: CALL pin_table('/mnt/nvme/dataset/lineitem*.parquet', tier='gpu', name='lineitem', cols=['l_orderkey'])
[2026-07-08 03:10:16.047] [info] [sirius_extension.cpp:1060] [fixed-page-cache] pin_table chunk_rr name='lineitem' chunk=0 rows=65976100 source_gpu=0 target_gpu=0
[2026-07-08 03:10:16.196] [info] [sirius_extension.cpp:1049] [fixed-page-cache] pin_table chunk_rr name='lineitem' chunk=1 rows=65958060 source_gpu=0 target_gpu=1
[2026-07-08 03:10:16.199] [info] [sirius_extension.cpp:1060] [fixed-page-cache] pin_table chunk_rr name='lineitem' chunk=2 rows=66014724 source_gpu=0 target_gpu=0
[2026-07-08 03:10:16.247] [info] [sirius_extension.cpp:1049] [fixed-page-cache] pin_table chunk_rr name='lineitem' chunk=3 rows=66014514 source_gpu=0 target_gpu=1
[2026-07-08 03:10:16.250] [info] [sirius_extension.cpp:1060] [fixed-page-cache] pin_table chunk_rr name='lineitem' chunk=4 rows=66016567 source_gpu=0 target_gpu=0
[2026-07-08 03:10:16.298] [info] [sirius_extension.cpp:1049] [fixed-page-cache] pin_table chunk_rr name='lineitem' chunk=5 rows=66014793 source_gpu=0 target_gpu=1
[2026-07-08 03:10:16.301] [info] [sirius_extension.cpp:1060] [fixed-page-cache] pin_table chunk_rr name='lineitem' chunk=6 rows=66015627 source_gpu=0 target_gpu=0
[2026-07-08 03:10:16.308] [info] [sirius_context.cpp:258] QueryEnd
[2026-07-08 03:10:16.325] [info] [:] [host_pool] HOST:0 QueryEnd allocated=2097152 bytes peak=530579456 bytes free_blocks=510
[2026-07-08 03:10:16.326] [info] [:] [gpu_pool] GPU:0 QueryEnd allocated=0 bytes peak=6945530112 bytes reserved=0 bytes
[2026-07-08 03:10:16.326] [info] [:] [gpu_pool] GPU:1 QueryEnd allocated=0 bytes peak=1608648192 bytes reserved=0 bytes
[2026-07-08 03:10:16.326] [info] [:] [host_pool] HOST:0 QueryBegin allocated=2097152 bytes peak=530579456 bytes free_blocks=510
[2026-07-08 03:10:16.326] [info] [:] [gpu_pool] GPU:0 QueryBegin allocated=0 bytes peak=6945530112 bytes reserved=0 bytes
[2026-07-08 03:10:16.326] [info] [:] [gpu_pool] GPU:1 QueryBegin allocated=0 bytes peak=1608648192 bytes reserved=0 bytes
[2026-07-08 03:10:16.326] [info] [sirius_context.cpp:242] QueryBegin: SQL: CALL unpin_table('lineitem')
[2026-07-08 03:10:16.327] [info] [sirius_context.cpp:258] QueryEnd
[2026-07-08 03:10:16.346] [info] [:] [host_pool] HOST:0 QueryEnd allocated=2097152 bytes peak=530579456 bytes free_blocks=510
[2026-07-08 03:10:16.346] [info] [:] [gpu_pool] GPU:0 QueryEnd allocated=0 bytes peak=6945530112 bytes reserved=0 bytes
[2026-07-08 03:10:16.346] [info] [:] [gpu_pool] GPU:1 QueryEnd allocated=0 bytes peak=1608648192 bytes reserved=0 bytes
[2026-07-08 03:10:16.346] [info] [:] [host_pool] HOST:0 QueryBegin allocated=2097152 bytes peak=530579456 bytes free_blocks=510
[2026-07-08 03:10:16.346] [info] [:] [gpu_pool] GPU:0 QueryBegin allocated=0 bytes peak=6945530112 bytes reserved=0 bytes
[2026-07-08 03:10:16.346] [info] [:] [gpu_pool] GPU:1 QueryBegin allocated=0 bytes peak=1608648192 bytes reserved=0 bytes
[2026-07-08 03:10:16.346] [info] [sirius_context.cpp:242] QueryBegin: SQL: CALL unpin_table('orders')
[2026-07-08 03:10:16.347] [info] [sirius_context.cpp:258] QueryEnd
[2026-07-08 03:10:16.367] [info] [:] [host_pool] HOST:0 QueryEnd allocated=2097152 bytes peak=530579456 bytes free_blocks=510
[2026-07-08 03:10:16.367] [info] [:] [gpu_pool] GPU:0 QueryEnd allocated=0 bytes peak=6945530112 bytes reserved=0 bytes
[2026-07-08 03:10:16.367] [info] [:] [gpu_pool] GPU:1 QueryEnd allocated=0 bytes peak=1608648192 bytes reserved=0 bytes
[2026-07-08 03:10:16.367] [info] [sirius_context.cpp:1013] Connection closed.
[2026-07-08 03:10:16.379] [info] [task_scheduler.cpp:295] Task request channel closed, exiting management event loop.
[2026-07-08 03:10:16.379] [info] [gpu_pipeline_executor.cpp:118] GPU Pipeline Executor: task queue interrupted, stopping manager loop
[2026-07-08 03:10:16.379] [info] [gpu_pipeline_executor.cpp:118] GPU Pipeline Executor: task queue interrupted, stopping manager loop
