[2026-07-02 02:31:01.075] [warning] [sirius_config.cpp:459] sirius_config: use_sirius_datasource was false but 4 GPUs are configured; the sirius datasource is required for multi-GPU IO routing. Overriding use_sirius_datasource to true.
[2026-07-02 02:31:01.075] [info] [sirius_context.cpp:1046] Loaded Sirius configuration from file: /home/dy1013/sirius_multi-gpu/experiment/fixed_width_page_pinned_hot_smoke_12gb_20260702/configs/sirius_4gpu.yaml
[2026-07-02 02:31:01.079] [info] [telemetry_context.cpp:67] Telemetry context initialized (engine=siriusDB)
[2026-07-02 02:31:01.079] [info] [sirius_context.cpp:337] SiriusContext: topology summary — 4 GPU(s), 1 NUMA node(s), host='hicys76'
[2026-07-02 02:31:01.079] [info] [sirius_context.cpp:342]   GPU 0: NVIDIA RTX A5000 (numa=0, pci=00000000:16:00.0)
[2026-07-02 02:31:01.079] [info] [sirius_context.cpp:342]   GPU 1: NVIDIA RTX A5000 (numa=0, pci=00000000:34:00.0)
[2026-07-02 02:31:01.079] [info] [sirius_context.cpp:342]   GPU 2: NVIDIA RTX A5000 (numa=0, pci=00000000:AC:00.0)
[2026-07-02 02:31:01.079] [info] [sirius_context.cpp:342]   GPU 3: NVIDIA RTX A5000 (numa=0, pci=00000000:CA:00.0)
[2026-07-02 02:31:01.253] [warning] [sirius_context.cpp:352] SiriusContext: disk memory space is not configured; spilling GPU or HOST data to disk is disabled. If queries run out of GPU/HOST memory, downgrades to disk will not be possible.
[2026-07-02 02:31:01.253] [info] [sirius_context.cpp:364] SiriusContext: 1 host memory space(s) created for 1 NUMA node(s)
[2026-07-02 02:31:01.255] [info] [sirius_context.cpp:417] SiriusContext: P2P enabled 0 -> 1
[2026-07-02 02:31:01.257] [info] [sirius_context.cpp:417] SiriusContext: P2P enabled 0 -> 2
[2026-07-02 02:31:01.257] [error] [sirius_context.cpp:398] SiriusContext: cudaDeviceCanAccessPeer(0,3) failed: invalid device ordinal
[2026-07-02 02:31:01.257] [info] [sirius_context.cpp:417] SiriusContext: P2P enabled 1 -> 0
[2026-07-02 02:31:01.259] [info] [sirius_context.cpp:417] SiriusContext: P2P enabled 1 -> 2
[2026-07-02 02:31:01.259] [error] [sirius_context.cpp:398] SiriusContext: cudaDeviceCanAccessPeer(1,3) failed: invalid device ordinal
[2026-07-02 02:31:01.259] [info] [sirius_context.cpp:417] SiriusContext: P2P enabled 2 -> 0
[2026-07-02 02:31:01.259] [info] [sirius_context.cpp:417] SiriusContext: P2P enabled 2 -> 1
[2026-07-02 02:31:01.259] [error] [sirius_context.cpp:398] SiriusContext: cudaDeviceCanAccessPeer(2,3) failed: invalid device ordinal
[2026-07-02 02:31:01.259] [error] [sirius_context.cpp:398] SiriusContext: cudaDeviceCanAccessPeer(3,0) failed: invalid device ordinal
[2026-07-02 02:31:01.259] [error] [sirius_context.cpp:398] SiriusContext: cudaDeviceCanAccessPeer(3,1) failed: invalid device ordinal
[2026-07-02 02:31:01.259] [error] [sirius_context.cpp:398] SiriusContext: cudaDeviceCanAccessPeer(3,2) failed: invalid device ordinal
[2026-07-02 02:31:01.277] [info] [sirius_context.cpp:477] SiriusContext: cuDF pinned memory resource configured (NUMA-aware, max slab 8192 B, fallback node=0)
[2026-07-02 02:31:01.458] [error] [:] downgrade_executor per-thread init: cudaSetDevice(3) failed: invalid device ordinal
[2026-07-02 02:31:01.458] [error] [:] downgrade_executor per-thread init: cudaSetDevice(3) failed: invalid device ordinal
[2026-07-02 02:31:01.458] [error] [:] downgrade_executor per-thread init: cudaSetDevice(3) failed: invalid device ordinal
[2026-07-02 02:31:01.458] [error] [:] downgrade_executor per-thread init: cudaSetDevice(3) failed: invalid device ordinal
[2026-07-02 02:31:01.459] [error] [:] gpu_pipeline_executor per-thread init: cudaSetDevice(3) failed: invalid device ordinal
[2026-07-02 02:31:01.459] [error] [:] gpu_pipeline_executor per-thread init: cudaSetDevice(3) failed: invalid device ordinal
[2026-07-02 02:31:01.459] [error] [:] gpu_pipeline_executor per-thread init: cudaSetDevice(3) failed: invalid device ordinal
[2026-07-02 02:31:01.460] [error] [:] gpu_pipeline_executor per-thread init: cudaSetDevice(3) failed: invalid device ordinal
[2026-07-02 02:31:01.462] [info] [sirius_context.cpp:1007] Connection opened.
[2026-07-02 02:31:01.462] [info] [sirius_context.cpp:1020] Extension loaded: sirius
[2026-07-02 02:31:01.462] [info] [sirius_context.cpp:258] QueryEnd
[2026-07-02 02:31:01.469] [info] [:] [host_pool] HOST:0 QueryEnd allocated=0 bytes peak=0 bytes free_blocks=512
[2026-07-02 02:31:01.469] [info] [:] [gpu_pool] GPU:0 QueryEnd allocated=0 bytes peak=0 bytes reserved=0 bytes
[2026-07-02 02:31:01.469] [info] [:] [gpu_pool] GPU:1 QueryEnd allocated=0 bytes peak=0 bytes reserved=0 bytes
[2026-07-02 02:31:01.469] [info] [:] [gpu_pool] GPU:2 QueryEnd allocated=0 bytes peak=0 bytes reserved=0 bytes
[2026-07-02 02:31:01.469] [info] [:] [gpu_pool] GPU:3 QueryEnd allocated=0 bytes peak=0 bytes reserved=0 bytes
[2026-07-02 02:31:01.470] [info] [:] [host_pool] HOST:0 QueryBegin allocated=0 bytes peak=0 bytes free_blocks=512
[2026-07-02 02:31:01.470] [info] [:] [gpu_pool] GPU:0 QueryBegin allocated=0 bytes peak=0 bytes reserved=0 bytes
[2026-07-02 02:31:01.470] [info] [:] [gpu_pool] GPU:1 QueryBegin allocated=0 bytes peak=0 bytes reserved=0 bytes
[2026-07-02 02:31:01.470] [info] [:] [gpu_pool] GPU:2 QueryBegin allocated=0 bytes peak=0 bytes reserved=0 bytes
[2026-07-02 02:31:01.470] [info] [:] [gpu_pool] GPU:3 QueryBegin allocated=0 bytes peak=0 bytes reserved=0 bytes
[2026-07-02 02:31:01.470] [info] [sirius_context.cpp:242] QueryBegin: SQL: CALL pin_table('/mnt/nvme/dataset/orders*.parquet', tier='gpu', name='orders', cols=['o_orderkey','o_orderpriority'])
[2026-07-02 02:31:01.829] [info] [sirius_context.cpp:258] QueryEnd
[2026-07-02 02:31:01.833] [info] [:] [host_pool] HOST:0 QueryEnd allocated=2097152 bytes peak=2097152 bytes free_blocks=510
[2026-07-02 02:31:01.833] [info] [:] [gpu_pool] GPU:0 QueryEnd allocated=0 bytes peak=0 bytes reserved=0 bytes
[2026-07-02 02:31:01.833] [info] [:] [gpu_pool] GPU:1 QueryEnd allocated=0 bytes peak=0 bytes reserved=0 bytes
[2026-07-02 02:31:01.833] [info] [:] [gpu_pool] GPU:2 QueryEnd allocated=0 bytes peak=0 bytes reserved=0 bytes
[2026-07-02 02:31:01.833] [info] [:] [gpu_pool] GPU:3 QueryEnd allocated=3097528832 bytes peak=4354490112 bytes reserved=0 bytes
[2026-07-02 02:31:01.833] [info] [:] [host_pool] HOST:0 QueryBegin allocated=2097152 bytes peak=2097152 bytes free_blocks=510
[2026-07-02 02:31:01.833] [info] [:] [gpu_pool] GPU:0 QueryBegin allocated=0 bytes peak=0 bytes reserved=0 bytes
[2026-07-02 02:31:01.833] [info] [:] [gpu_pool] GPU:1 QueryBegin allocated=0 bytes peak=0 bytes reserved=0 bytes
[2026-07-02 02:31:01.833] [info] [:] [gpu_pool] GPU:2 QueryBegin allocated=0 bytes peak=0 bytes reserved=0 bytes
[2026-07-02 02:31:01.833] [info] [:] [gpu_pool] GPU:3 QueryBegin allocated=3097528832 bytes peak=4354490112 bytes reserved=0 bytes
[2026-07-02 02:31:01.833] [info] [sirius_context.cpp:242] QueryBegin: SQL: CALL pin_table('/mnt/nvme/dataset/lineitem*.parquet', tier='gpu', name='lineitem', cols=['l_orderkey','l_shipmode','l_commitdate','l_receiptdate','l_shipdate'])
[2026-07-02 02:31:04.062] [info] [sirius_context.cpp:258] QueryEnd
[2026-07-02 02:31:04.086] [info] [:] [host_pool] HOST:0 QueryEnd allocated=2097152 bytes peak=2097152 bytes free_blocks=510
[2026-07-02 02:31:04.086] [info] [:] [gpu_pool] GPU:0 QueryEnd allocated=0 bytes peak=0 bytes reserved=0 bytes
[2026-07-02 02:31:04.086] [info] [:] [gpu_pool] GPU:1 QueryEnd allocated=0 bytes peak=0 bytes reserved=0 bytes
[2026-07-02 02:31:04.086] [info] [:] [gpu_pool] GPU:2 QueryEnd allocated=0 bytes peak=0 bytes reserved=0 bytes
[2026-07-02 02:31:04.086] [info] [:] [gpu_pool] GPU:3 QueryEnd allocated=3097528832 bytes peak=11970248960 bytes reserved=0 bytes
[2026-07-02 02:31:04.087] [info] [sirius_context.cpp:1013] Connection closed.
[2026-07-02 02:31:04.095] [info] [task_scheduler.cpp:295] Task request channel closed, exiting management event loop.
[2026-07-02 02:31:04.096] [info] [gpu_pipeline_executor.cpp:118] GPU Pipeline Executor: task queue interrupted, stopping manager loop
[2026-07-02 02:31:04.096] [info] [gpu_pipeline_executor.cpp:118] GPU Pipeline Executor: task queue interrupted, stopping manager loop
[2026-07-02 02:31:04.096] [info] [gpu_pipeline_executor.cpp:118] GPU Pipeline Executor: task queue interrupted, stopping manager loop
[2026-07-02 02:31:04.096] [info] [gpu_pipeline_executor.cpp:118] GPU Pipeline Executor: task queue interrupted, stopping manager loop
