[2026-07-08 16:45:52.127] [info] [sirius_context.cpp:957] Loaded Sirius configuration from file: /home/dy1013/sirius_multi-gpu/experiment/fixed_page_runs/tpch22_5x_7gb_ws3g/configs/sirius_1gpu.yaml
[2026-07-08 16:45:52.156] [info] [telemetry_context.cpp:78] Telemetry context initialized (engine=siriusDB)
[2026-07-08 16:45:52.156] [info] [sirius_context.cpp:296] SiriusContext: topology summary — 1 GPU(s), 1 NUMA node(s), host='hicys76'
[2026-07-08 16:45:52.156] [info] [sirius_context.cpp:301]   GPU 0: NVIDIA RTX A5000 (numa=0, pci=00000000:16:00.0)
[2026-07-08 16:45:52.283] [warning] [sirius_context.cpp:311] SiriusContext: disk memory space is not configured; spilling GPU or HOST data to disk is disabled. If queries run out of GPU/HOST memory, downgrades to disk will not be possible.
[2026-07-08 16:45:52.283] [info] [sirius_context.cpp:323] SiriusContext: 1 host memory space(s) created for 1 NUMA node(s)
[2026-07-08 16:45:52.283] [info] [sirius_context.cpp:386] SiriusContext: skipping peer-access enable loop (num_gpus=1); single-GPU host has no pairs to enable
[2026-07-08 16:45:52.304] [info] [sirius_context.cpp:436] SiriusContext: cuDF pinned memory resource configured (NUMA-aware, max slab 8192 B, fallback node=0)
[2026-07-08 16:45:52.307] [info] [sirius_context.cpp:918] Connection opened.
[2026-07-08 16:45:52.307] [info] [sirius_context.cpp:931] Extension loaded: sirius
[2026-07-08 16:45:52.307] [info] [sirius_context.cpp:217] QueryEnd
[2026-07-08 16:45:52.316] [info] [:] [host_pool] HOST:0 QueryEnd allocated=67108864 bytes peak=67108864 bytes free_blocks=448
[2026-07-08 16:45:52.316] [info] [:] [gpu_pool] GPU:0 QueryEnd allocated=0 bytes peak=0 bytes reserved=0 bytes
[2026-07-08 16:45:52.316] [info] [:] [host_pool] HOST:0 QueryBegin allocated=67108864 bytes peak=67108864 bytes free_blocks=448
[2026-07-08 16:45:52.316] [info] [:] [gpu_pool] GPU:0 QueryBegin allocated=0 bytes peak=0 bytes reserved=0 bytes
[2026-07-08 16:45:52.316] [info] [sirius_context.cpp:201] QueryBegin: SQL: CALL pin_table('/mnt/nvme/dataset/customer.parquet', tier='gpu', name='customer', cols=['c_custkey','c_mktsegment'])
[2026-07-08 16:45:52.321] [info] [parquet_gpu_ingestible.cpp:250] [coalesce-debug] parquet_batch_coalescer emit #1: 1 slice(s), acc_bytes=189450486, cap=536870912
[2026-07-08 16:45:52.394] [info] [sirius_scan_manager.cpp:1737] [fixed-page-cache] page_directory indexed table='customer' fixed_cols=1 pages=8 resident_pages=8 resident_bytes=120000000 stats_pages=8 evicted_pages=0 eviction_count=0 directory_entries=8 page_bytes=16777216 rows=15000000 owned_pages=0
[2026-07-08 16:45:52.394] [info] [sirius_context.cpp:217] QueryEnd
[2026-07-08 16:45:52.397] [info] [:] [host_pool] HOST:0 QueryEnd allocated=70254592 bytes peak=70254592 bytes free_blocks=445
[2026-07-08 16:45:52.397] [info] [:] [gpu_pool] GPU:0 QueryEnd allocated=318753536 bytes peak=540380672 bytes reserved=0 bytes
[2026-07-08 16:45:52.397] [info] [:] [host_pool] HOST:0 QueryBegin allocated=70254592 bytes peak=70254592 bytes free_blocks=445
[2026-07-08 16:45:52.397] [info] [:] [gpu_pool] GPU:0 QueryBegin allocated=318753536 bytes peak=540380672 bytes reserved=0 bytes
[2026-07-08 16:45:52.397] [info] [sirius_context.cpp:201] QueryBegin: SQL: CALL pin_table('/mnt/nvme/dataset/lineitem.parquet', tier='gpu', name='lineitem', cols=['l_discount','l_extendedprice','l_orderkey','l_shipdate'])
[2026-07-08 16:45:52.486] [info] [parquet_gpu_ingestible.cpp:250] [coalesce-debug] parquet_batch_coalescer emit #1: 1 slice(s), acc_bytes=536393008, cap=536870912
[2026-07-08 16:45:52.487] [info] [parquet_gpu_ingestible.cpp:250] [coalesce-debug] parquet_batch_coalescer emit #2: 1 slice(s), acc_bytes=534750348, cap=536870912
[2026-07-08 16:45:52.487] [info] [parquet_gpu_ingestible.cpp:250] [coalesce-debug] parquet_batch_coalescer emit #3: 1 slice(s), acc_bytes=534758520, cap=536870912
[2026-07-08 16:45:52.487] [info] [parquet_gpu_ingestible.cpp:250] [coalesce-debug] parquet_batch_coalescer emit #4: 1 slice(s), acc_bytes=534776264, cap=536870912
[2026-07-08 16:45:52.487] [info] [parquet_gpu_ingestible.cpp:250] [coalesce-debug] parquet_batch_coalescer emit #5: 1 slice(s), acc_bytes=534742540, cap=536870912
[2026-07-08 16:45:52.487] [info] [parquet_gpu_ingestible.cpp:250] [coalesce-debug] parquet_batch_coalescer emit #6: 1 slice(s), acc_bytes=534466172, cap=536870912
[2026-07-08 16:45:52.487] [info] [parquet_gpu_ingestible.cpp:250] [coalesce-debug] parquet_batch_coalescer emit #7: 1 slice(s), acc_bytes=536033184, cap=536870912
[2026-07-08 16:45:52.487] [info] [parquet_gpu_ingestible.cpp:250] [coalesce-debug] parquet_batch_coalescer emit #8: 1 slice(s), acc_bytes=536029944, cap=536870912
[2026-07-08 16:45:52.487] [info] [parquet_gpu_ingestible.cpp:250] [coalesce-debug] parquet_batch_coalescer emit #9: 1 slice(s), acc_bytes=536025264, cap=536870912
[2026-07-08 16:45:52.487] [info] [parquet_gpu_ingestible.cpp:250] [coalesce-debug] parquet_batch_coalescer emit #10: 1 slice(s), acc_bytes=536024812, cap=536870912
[2026-07-08 16:45:52.487] [info] [parquet_gpu_ingestible.cpp:250] [coalesce-debug] parquet_batch_coalescer emit #11: 1 slice(s), acc_bytes=536034204, cap=536870912
[2026-07-08 16:45:52.487] [info] [parquet_gpu_ingestible.cpp:250] [coalesce-debug] parquet_batch_coalescer emit #12: 1 slice(s), acc_bytes=536017848, cap=536870912
[2026-07-08 16:45:52.487] [info] [parquet_gpu_ingestible.cpp:250] [coalesce-debug] parquet_batch_coalescer emit #13: 1 slice(s), acc_bytes=536031252, cap=536870912
[2026-07-08 16:45:52.487] [info] [parquet_gpu_ingestible.cpp:250] [coalesce-debug] parquet_batch_coalescer emit #14: 1 slice(s), acc_bytes=536027148, cap=536870912
[2026-07-08 16:45:52.487] [info] [parquet_gpu_ingestible.cpp:250] [coalesce-debug] parquet_batch_coalescer emit #15: 1 slice(s), acc_bytes=536018280, cap=536870912
[2026-07-08 16:45:52.487] [info] [parquet_gpu_ingestible.cpp:250] [coalesce-debug] parquet_batch_coalescer emit #16: 1 slice(s), acc_bytes=536039256, cap=536870912
[2026-07-08 16:45:52.487] [info] [parquet_gpu_ingestible.cpp:250] [coalesce-debug] parquet_batch_coalescer emit #17: 1 slice(s), acc_bytes=536057752, cap=536870912
[2026-07-08 16:45:52.487] [info] [parquet_gpu_ingestible.cpp:250] [coalesce-debug] parquet_batch_coalescer emit #18: 1 slice(s), acc_bytes=536045864, cap=536870912
[2026-07-08 16:45:52.487] [info] [parquet_gpu_ingestible.cpp:250] [coalesce-debug] parquet_batch_coalescer emit #19: 1 slice(s), acc_bytes=536040264, cap=536870912
[2026-07-08 16:45:52.487] [info] [parquet_gpu_ingestible.cpp:250] [coalesce-debug] parquet_batch_coalescer emit #20: 1 slice(s), acc_bytes=536030468, cap=536870912
[2026-07-08 16:45:52.487] [info] [parquet_gpu_ingestible.cpp:250] [coalesce-debug] parquet_batch_coalescer emit #21: 1 slice(s), acc_bytes=536008604, cap=536870912
[2026-07-08 16:45:52.487] [info] [parquet_gpu_ingestible.cpp:250] [coalesce-debug] parquet_batch_coalescer emit #22: 1 slice(s), acc_bytes=536036988, cap=536870912
[2026-07-08 16:45:52.487] [info] [parquet_gpu_ingestible.cpp:250] [coalesce-debug] parquet_batch_coalescer emit #23: 1 slice(s), acc_bytes=536026204, cap=536870912
[2026-07-08 16:45:52.487] [info] [parquet_gpu_ingestible.cpp:250] [coalesce-debug] parquet_batch_coalescer emit #24: 1 slice(s), acc_bytes=536032852, cap=536870912
[2026-07-08 16:45:52.487] [info] [parquet_gpu_ingestible.cpp:250] [coalesce-debug] parquet_batch_coalescer emit #25: 1 slice(s), acc_bytes=536040520, cap=536870912
[2026-07-08 16:45:52.487] [info] [parquet_gpu_ingestible.cpp:250] [coalesce-debug] parquet_batch_coalescer emit #26: 1 slice(s), acc_bytes=536024004, cap=536870912
[2026-07-08 16:45:52.487] [info] [parquet_gpu_ingestible.cpp:250] [coalesce-debug] parquet_batch_coalescer emit #27: 1 slice(s), acc_bytes=536037108, cap=536870912
[2026-07-08 16:45:52.487] [info] [parquet_gpu_ingestible.cpp:250] [coalesce-debug] parquet_batch_coalescer emit #28: 1 slice(s), acc_bytes=536033140, cap=536870912
[2026-07-08 16:45:52.487] [info] [parquet_gpu_ingestible.cpp:250] [coalesce-debug] parquet_batch_coalescer emit #29: 1 slice(s), acc_bytes=536026176, cap=536870912
[2026-07-08 16:45:52.487] [info] [parquet_gpu_ingestible.cpp:250] [coalesce-debug] parquet_batch_coalescer emit #30: 1 slice(s), acc_bytes=536025876, cap=536870912
[2026-07-08 16:45:52.487] [info] [parquet_gpu_ingestible.cpp:250] [coalesce-debug] parquet_batch_coalescer emit #31: 1 slice(s), acc_bytes=536038136, cap=536870912
[2026-07-08 16:45:54.305] [info] [sirius_context.cpp:217] QueryEnd
[2026-07-08 16:45:54.319] [info] [:] [host_pool] HOST:0 QueryEnd allocated=71303168 bytes peak=71303168 bytes free_blocks=444
[2026-07-08 16:45:54.319] [info] [:] [gpu_pool] GPU:0 QueryEnd allocated=318753536 bytes peak=6943387648 bytes reserved=0 bytes
[2026-07-08 16:45:54.337] [info] [:] [host_pool] HOST:0 QueryBegin allocated=71303168 bytes peak=71303168 bytes free_blocks=444
[2026-07-08 16:45:54.337] [info] [:] [gpu_pool] GPU:0 QueryBegin allocated=318753536 bytes peak=6943387648 bytes reserved=0 bytes
[2026-07-08 16:45:54.337] [info] [sirius_context.cpp:201] QueryBegin: SQL: CALL unpin_table('customer')
[2026-07-08 16:45:54.338] [info] [sirius_context.cpp:217] QueryEnd
[2026-07-08 16:45:54.349] [info] [:] [host_pool] HOST:0 QueryEnd allocated=71303168 bytes peak=71303168 bytes free_blocks=444
[2026-07-08 16:45:54.349] [info] [:] [gpu_pool] GPU:0 QueryEnd allocated=0 bytes peak=6943387648 bytes reserved=0 bytes
[2026-07-08 16:45:54.349] [info] [:] [host_pool] HOST:0 QueryBegin allocated=71303168 bytes peak=71303168 bytes free_blocks=444
[2026-07-08 16:45:54.349] [info] [:] [gpu_pool] GPU:0 QueryBegin allocated=0 bytes peak=6943387648 bytes reserved=0 bytes
[2026-07-08 16:45:54.349] [info] [sirius_context.cpp:201] QueryBegin: SQL: CALL unpin_table('lineitem')
[2026-07-08 16:45:54.350] [info] [sirius_context.cpp:217] QueryEnd
[2026-07-08 16:45:54.370] [info] [:] [host_pool] HOST:0 QueryEnd allocated=71303168 bytes peak=71303168 bytes free_blocks=444
[2026-07-08 16:45:54.370] [info] [:] [gpu_pool] GPU:0 QueryEnd allocated=0 bytes peak=6943387648 bytes reserved=0 bytes
[2026-07-08 16:45:54.370] [info] [:] [host_pool] HOST:0 QueryBegin allocated=71303168 bytes peak=71303168 bytes free_blocks=444
[2026-07-08 16:45:54.370] [info] [:] [gpu_pool] GPU:0 QueryBegin allocated=0 bytes peak=6943387648 bytes reserved=0 bytes
[2026-07-08 16:45:54.370] [info] [sirius_context.cpp:201] QueryBegin: SQL: CALL unpin_table('orders')
[2026-07-08 16:45:54.371] [info] [sirius_context.cpp:217] QueryEnd
[2026-07-08 16:45:54.390] [info] [:] [host_pool] HOST:0 QueryEnd allocated=71303168 bytes peak=71303168 bytes free_blocks=444
[2026-07-08 16:45:54.390] [info] [:] [gpu_pool] GPU:0 QueryEnd allocated=0 bytes peak=6943387648 bytes reserved=0 bytes
[2026-07-08 16:45:54.390] [info] [sirius_context.cpp:924] Connection closed.
[2026-07-08 16:45:54.410] [info] [task_scheduler.cpp:368] Task request channel closed, exiting management event loop.
[2026-07-08 16:45:54.410] [info] [gpu_pipeline_executor.cpp:118] GPU Pipeline Executor: task queue interrupted, stopping manager loop
