[2026-07-01 16:02:01.702] [warning] [sirius_config.cpp:459] sirius_config: use_sirius_datasource was false but 4 GPUs are configured; the sirius datasource is required for multi-GPU IO routing. Overriding use_sirius_datasource to true.
[2026-07-01 16:02:01.702] [info] [sirius_context.cpp:1046] Loaded Sirius configuration from file: /home/dy1013/sirius_multi-gpu/experiment/automatic_motivation_latency_full_probe_real_20260701/configs/sirius_4gpu.yaml
[2026-07-01 16:02:01.707] [info] [telemetry_context.cpp:67] Telemetry context initialized (engine=siriusDB)
[2026-07-01 16:02:01.707] [info] [sirius_context.cpp:337] SiriusContext: topology summary — 4 GPU(s), 1 NUMA node(s), host='hicys76'
[2026-07-01 16:02:01.707] [info] [sirius_context.cpp:342]   GPU 0: NVIDIA RTX A5000 (numa=0, pci=00000000:16:00.0)
[2026-07-01 16:02:01.707] [info] [sirius_context.cpp:342]   GPU 1: NVIDIA RTX A5000 (numa=0, pci=00000000:34:00.0)
[2026-07-01 16:02:01.707] [info] [sirius_context.cpp:342]   GPU 2: NVIDIA RTX A5000 (numa=0, pci=00000000:AC:00.0)
[2026-07-01 16:02:01.707] [info] [sirius_context.cpp:342]   GPU 3: NVIDIA RTX A5000 (numa=0, pci=00000000:CA:00.0)
[2026-07-01 16:02:01.878] [warning] [sirius_context.cpp:352] SiriusContext: disk memory space is not configured; spilling GPU or HOST data to disk is disabled. If queries run out of GPU/HOST memory, downgrades to disk will not be possible.
[2026-07-01 16:02:01.878] [info] [sirius_context.cpp:364] SiriusContext: 1 host memory space(s) created for 1 NUMA node(s)
[2026-07-01 16:02:01.880] [info] [sirius_context.cpp:417] SiriusContext: P2P enabled 0 -> 1
[2026-07-01 16:02:01.882] [info] [sirius_context.cpp:417] SiriusContext: P2P enabled 0 -> 2
[2026-07-01 16:02:01.882] [error] [sirius_context.cpp:398] SiriusContext: cudaDeviceCanAccessPeer(0,3) failed: invalid device ordinal
[2026-07-01 16:02:01.882] [info] [sirius_context.cpp:417] SiriusContext: P2P enabled 1 -> 0
[2026-07-01 16:02:01.884] [info] [sirius_context.cpp:417] SiriusContext: P2P enabled 1 -> 2
[2026-07-01 16:02:01.884] [error] [sirius_context.cpp:398] SiriusContext: cudaDeviceCanAccessPeer(1,3) failed: invalid device ordinal
[2026-07-01 16:02:01.884] [info] [sirius_context.cpp:417] SiriusContext: P2P enabled 2 -> 0
[2026-07-01 16:02:01.884] [info] [sirius_context.cpp:417] SiriusContext: P2P enabled 2 -> 1
[2026-07-01 16:02:01.884] [error] [sirius_context.cpp:398] SiriusContext: cudaDeviceCanAccessPeer(2,3) failed: invalid device ordinal
[2026-07-01 16:02:01.884] [error] [sirius_context.cpp:398] SiriusContext: cudaDeviceCanAccessPeer(3,0) failed: invalid device ordinal
[2026-07-01 16:02:01.884] [error] [sirius_context.cpp:398] SiriusContext: cudaDeviceCanAccessPeer(3,1) failed: invalid device ordinal
[2026-07-01 16:02:01.884] [error] [sirius_context.cpp:398] SiriusContext: cudaDeviceCanAccessPeer(3,2) failed: invalid device ordinal
[2026-07-01 16:02:01.902] [info] [sirius_context.cpp:477] SiriusContext: cuDF pinned memory resource configured (NUMA-aware, max slab 8192 B, fallback node=0)
[2026-07-01 16:02:02.086] [error] [:] downgrade_executor per-thread init: cudaSetDevice(3) failed: invalid device ordinal
[2026-07-01 16:02:02.086] [error] [:] downgrade_executor per-thread init: cudaSetDevice(3) failed: invalid device ordinal
[2026-07-01 16:02:02.086] [error] [:] downgrade_executor per-thread init: cudaSetDevice(3) failed: invalid device ordinal
[2026-07-01 16:02:02.086] [error] [:] downgrade_executor per-thread init: cudaSetDevice(3) failed: invalid device ordinal
[2026-07-01 16:02:02.086] [error] [:] gpu_pipeline_executor per-thread init: cudaSetDevice(3) failed: invalid device ordinal
[2026-07-01 16:02:02.086] [error] [:] gpu_pipeline_executor per-thread init: cudaSetDevice(3) failed: invalid device ordinal
[2026-07-01 16:02:02.087] [error] [:] gpu_pipeline_executor per-thread init: cudaSetDevice(3) failed: invalid device ordinal
[2026-07-01 16:02:02.087] [error] [:] gpu_pipeline_executor per-thread init: cudaSetDevice(3) failed: invalid device ordinal
[2026-07-01 16:02:02.088] [info] [sirius_context.cpp:1007] Connection opened.
[2026-07-01 16:02:02.088] [info] [sirius_context.cpp:1020] Extension loaded: sirius
[2026-07-01 16:02:02.088] [info] [sirius_context.cpp:258] QueryEnd
[2026-07-01 16:02:02.096] [info] [:] [host_pool] HOST:0 QueryEnd allocated=0 bytes peak=0 bytes free_blocks=512
[2026-07-01 16:02:02.096] [info] [:] [gpu_pool] GPU:0 QueryEnd allocated=0 bytes peak=0 bytes reserved=0 bytes
[2026-07-01 16:02:02.096] [info] [:] [gpu_pool] GPU:1 QueryEnd allocated=0 bytes peak=0 bytes reserved=0 bytes
[2026-07-01 16:02:02.096] [info] [:] [gpu_pool] GPU:2 QueryEnd allocated=0 bytes peak=0 bytes reserved=0 bytes
[2026-07-01 16:02:02.096] [info] [:] [gpu_pool] GPU:3 QueryEnd allocated=0 bytes peak=0 bytes reserved=0 bytes
[2026-07-01 16:02:02.097] [info] [:] [host_pool] HOST:0 QueryBegin allocated=0 bytes peak=0 bytes free_blocks=512
[2026-07-01 16:02:02.097] [info] [:] [gpu_pool] GPU:0 QueryBegin allocated=0 bytes peak=0 bytes reserved=0 bytes
[2026-07-01 16:02:02.097] [info] [:] [gpu_pool] GPU:1 QueryBegin allocated=0 bytes peak=0 bytes reserved=0 bytes
[2026-07-01 16:02:02.097] [info] [:] [gpu_pool] GPU:2 QueryBegin allocated=0 bytes peak=0 bytes reserved=0 bytes
[2026-07-01 16:02:02.097] [info] [:] [gpu_pool] GPU:3 QueryBegin allocated=0 bytes peak=0 bytes reserved=0 bytes
[2026-07-01 16:02:02.097] [info] [sirius_context.cpp:242] QueryBegin: SQL: SET gpu_execution = true;
[2026-07-01 16:02:02.097] [info] [sirius_context.cpp:258] QueryEnd
[2026-07-01 16:02:02.106] [info] [:] [host_pool] HOST:0 QueryEnd allocated=0 bytes peak=0 bytes free_blocks=512
[2026-07-01 16:02:02.107] [info] [:] [gpu_pool] GPU:0 QueryEnd allocated=0 bytes peak=0 bytes reserved=0 bytes
[2026-07-01 16:02:02.107] [info] [:] [gpu_pool] GPU:1 QueryEnd allocated=0 bytes peak=0 bytes reserved=0 bytes
[2026-07-01 16:02:02.107] [info] [:] [gpu_pool] GPU:2 QueryEnd allocated=0 bytes peak=0 bytes reserved=0 bytes
[2026-07-01 16:02:02.107] [info] [:] [gpu_pool] GPU:3 QueryEnd allocated=0 bytes peak=0 bytes reserved=0 bytes
[2026-07-01 16:02:02.107] [info] [:] [host_pool] HOST:0 QueryBegin allocated=0 bytes peak=0 bytes free_blocks=512
[2026-07-01 16:02:02.107] [info] [:] [gpu_pool] GPU:0 QueryBegin allocated=0 bytes peak=0 bytes reserved=0 bytes
[2026-07-01 16:02:02.107] [info] [:] [gpu_pool] GPU:1 QueryBegin allocated=0 bytes peak=0 bytes reserved=0 bytes
[2026-07-01 16:02:02.107] [info] [:] [gpu_pool] GPU:2 QueryBegin allocated=0 bytes peak=0 bytes reserved=0 bytes
[2026-07-01 16:02:02.107] [info] [:] [gpu_pool] GPU:3 QueryBegin allocated=0 bytes peak=0 bytes reserved=0 bytes
[2026-07-01 16:02:02.107] [info] [sirius_context.cpp:242] QueryBegin: SQL: select sum(l.l_extendedprice) / 7.0 as avg_yearly from lineitem l, part p where p.p_partkey = l.l_partkey and p.p_brand = 'Brand#13' and p.p_container = 'JUMBO CAN' and l.l_quantity < ( select 0.2 * avg(l2.l_quantity) from lineitem l2 where l2.l_partkey = p.p_partkey )
[2026-07-01 16:02:02.609] [info] [sirius_context.cpp:954] Transparent execution: Sirius physical plan generated successfully
[2026-07-01 16:02:02.633] [info] [sirius_context.cpp:966] Transparent execution: physical plan replaced with GPU operator
[2026-07-01 16:02:02.633] [info] [physical_sirius_execution.cpp:96] Transparent GPU execution: executing query
[2026-07-01 16:02:02.728] [info] [sirius_engine.cpp:400] Query Plan:
=== Pipeline Overview ===
Pipeline #0: GPU_SCAN (id=39)
  Output: -> PARTITION [port: default, barrier: FULL]
Pipeline #1: PARTITION (id=41)
  Input: <- Pipeline #0 [on: PARTITION (id=41), port: default, barrier: FULL]
  Dependencies: Pipeline #0
  Output: -> CONCAT [port: default, barrier: PARTIAL]
Pipeline #2: CONCAT (id=40)
  Input: <- Pipeline #1 [on: CONCAT (id=40), port: default, barrier: PARTIAL]
  Dependencies: Pipeline #1
  Output: -> HASH_JOIN [port: build, barrier: FULL]
Pipeline #3: GPU_SCAN (id=42)
  Output: -> PARTITION [port: default, barrier: PARTIAL]
Pipeline #4: PARTITION (id=44)
  Input: <- Pipeline #3 [on: PARTITION (id=44), port: default, barrier: PARTIAL]
  Dependencies: Pipeline #3
  Output: -> CONCAT [port: default, barrier: PARTIAL]
Pipeline #5: CONCAT (id=43)
  Input: <- Pipeline #4 [on: CONCAT (id=43), port: default, barrier: PARTIAL]
  Dependencies: Pipeline #4
  Output: -> HASH_JOIN [port: default, barrier: FULL]
Pipeline #6: HASH_JOIN (id=21) -> LEFT_DELIM_JOIN (id=31)
  Input: <- Pipeline #5 [on: HASH_JOIN (id=21), port: default, barrier: FULL]
  Input: <- Pipeline #2 [on: HASH_JOIN (id=21), port: build, barrier: FULL]
  Dependencies: Pipeline #2, Pipeline #5
Pipeline #7: PARTITION (id=45)
  Input: <- Pipeline #6 [on: PARTITION (id=45), port: default, barrier: FULL]
  Dependencies: Pipeline #6
  Output: -> MERGE_GROUP_BY [port: default, barrier: FULL]
Pipeline #8: MERGE_GROUP_BY (id=46)
  Input: <- Pipeline #7 [on: MERGE_GROUP_BY (id=46), port: default, barrier: FULL]
  Dependencies: Pipeline #7
  Output: -> PARTITION [port: default, barrier: FULL]
Pipeline #9: PARTITION (id=48)
  Input: <- Pipeline #8 [on: PARTITION (id=48), port: default, barrier: FULL]
  Dependencies: Pipeline #8
  Output: -> CONCAT [port: default, barrier: PARTIAL]
Pipeline #10: CONCAT (id=47)
  Input: <- Pipeline #9 [on: CONCAT (id=47), port: default, barrier: PARTIAL]
  Dependencies: Pipeline #9
  Output: -> HASH_JOIN [port: build, barrier: FULL]
Pipeline #11: GPU_SCAN (id=49)
  Output: -> PARTITION [port: default, barrier: PARTIAL]
Pipeline #12: PARTITION (id=51)
  Input: <- Pipeline #11 [on: PARTITION (id=51), port: default, barrier: PARTIAL]
  Dependencies: Pipeline #11
  Output: -> CONCAT [port: default, barrier: PARTIAL]
Pipeline #13: CONCAT (id=50)
  Input: <- Pipeline #12 [on: CONCAT (id=50), port: default, barrier: PARTIAL]
  Dependencies: Pipeline #12
  Output: -> HASH_JOIN [port: default, barrier: FULL]
Pipeline #14: HASH_JOIN (id=24) -> PROJECTION (id=27) -> HASH_GROUP_BY (id=28)
  Input: <- Pipeline #13 [on: HASH_JOIN (id=24), port: default, barrier: FULL]
  Input: <- Pipeline #10 [on: HASH_JOIN (id=24), port: build, barrier: FULL]
  Dependencies: Pipeline #10, Pipeline #13
  Output: -> PARTITION [port: default, barrier: FULL]
Pipeline #15: PARTITION (id=52)
  Input: <- Pipeline #14 [on: PARTITION (id=52), port: default, barrier: FULL]
  Dependencies: Pipeline #14
  Output: -> MERGE_GROUP_BY [port: default, barrier: FULL]
Pipeline #16: MERGE_GROUP_BY (id=53)
  Input: <- Pipeline #15 [on: MERGE_GROUP_BY (id=53), port: default, barrier: FULL]
  Dependencies: Pipeline #15
  Output: -> PROJECTION [port: default, barrier: FULL]
Pipeline #17: PROJECTION (id=29)
  Input: <- Pipeline #16 [on: PROJECTION (id=29), port: default, barrier: FULL]
  Dependencies: Pipeline #16
  Output: -> PARTITION [port: default, barrier: FULL]
Pipeline #18: PARTITION (id=55)
  Input: <- Pipeline #17 [on: PARTITION (id=55), port: default, barrier: FULL]
  Dependencies: Pipeline #17
  Output: -> CONCAT [port: default, barrier: PARTIAL]
Pipeline #19: CONCAT (id=54)
  Input: <- Pipeline #18 [on: CONCAT (id=54), port: default, barrier: PARTIAL]
  Dependencies: Pipeline #18
  Output: -> HASH_JOIN [port: build, barrier: FULL]
Pipeline #20: PARTITION (id=57)
  Input: <- Pipeline #6 [on: PARTITION (id=57), port: default, barrier: PARTIAL]
  Dependencies: Pipeline #6
  Output: -> CONCAT [port: default, barrier: PARTIAL]
Pipeline #21: CONCAT (id=56)
  Input: <- Pipeline #20 [on: CONCAT (id=56), port: default, barrier: PARTIAL]
  Dependencies: Pipeline #20
  Output: -> HASH_JOIN [port: default, barrier: FULL]
Pipeline #22: HASH_JOIN (id=30) -> FILTER (id=34) -> PROJECTION (id=35) -> UNGROUPED_AGGREGATE (id=36)
  Input: <- Pipeline #21 [on: HASH_JOIN (id=30), port: default, barrier: FULL]
  Input: <- Pipeline #19 [on: HASH_JOIN (id=30), port: build, barrier: FULL]
  Dependencies: Pipeline #19, Pipeline #21
  Output: -> MERGE_AGGREGATE [port: default, barrier: FULL]
Pipeline #23: MERGE_AGGREGATE (id=58)
  Input: <- Pipeline #22 [on: MERGE_AGGREGATE (id=58), port: default, barrier: FULL]
  Dependencies: Pipeline #22
  Output: -> PROJECTION [port: default, barrier: FULL]
Pipeline #24: PROJECTION (id=37) -> RESULT_COLLECTOR (id=38)
  Input: <- Pipeline #23 [on: PROJECTION (id=37), port: default, barrier: FULL]
  Dependencies: Pipeline #23

=== Query Plan DAG ===
┌─────────────────────────────┐                                                                                             
│ Pipeline #24                │                                                                                             
│ RESULT_COLLECTOR (id=38)    │                                                                                             
│ PROJECTION (id=37)          │                                                                                             
│ Input(#23): FULL            │                                                                                             
└──────────────┬──────────────┘                                                                                             
               │                                                                                                            
┌─────────────────────────────┐                                                                                             
│ Pipeline #23                │                                                                                             
│ MERGE_AGGREGATE (id=58)     │                                                                                             
│ Input(#22): FULL            │                                                                                             
└──────────────┬──────────────┘                                                                                             
               │                                                                                                            
┌─────────────────────────────┐                                                                                             
│ Pipeline #22                │                                                                                             
│ UNGROUPED_AGGREGATE (id=36) │                                                                                             
│ PROJECTION (id=35)          │                                                                                             
│ FILTER (id=34)              │                                                                                             
│ HASH_JOIN (id=30)           │                                                                                             
│   type: LEFT                │                                                                                             
│ Input(#21): FULL            │                                                                                             
│ Input(#19): FULL            │                                                                                             
└──────────────┬──────────────┘                                                                                             
               ┌────────────────────────────────────────────────────────────────────────────────────────────┐               
               │                                                                                            │               
┌─────────────────────────────┐                                                              ┌─────────────────────────────┐
│ Pipeline #19                │                                                              │ Pipeline #21                │
│ CONCAT (id=54)              │                                                              │ CONCAT (id=56)              │
│ Input(#18): PARTIAL         │                                                              │ Input(#20): PARTIAL         │
└──────────────┬──────────────┘                                                              └──────────────┬──────────────┘
               │                                                                                            │               
┌─────────────────────────────┐                                                              ┌─────────────────────────────┐
│ Pipeline #18                │                                                              │ Pipeline #20                │
│ PARTITION (id=55)           │                                                              │ PARTITION (id=57)           │
│ Input(#17): FULL            │                                                              │ Input(#6): PARTIAL          │
└──────────────┬──────────────┘                                                              └──────────────┬──────────────┘
               │                                                                                            │               
┌─────────────────────────────┐                                                              ┌─────────────────────────────┐
│ Pipeline #17                │                                                              │ (-> Pipeline #6)            │
│ PROJECTION (id=29)          │                                                              │                             │
│ Input(#16): FULL            │                                                              │                             │
└──────────────┬──────────────┘                                                              └──────────────┬──────────────┘
               │                                                                                                            
┌─────────────────────────────┐                                                                                             
│ Pipeline #16                │                                                                                             
│ MERGE_GROUP_BY (id=53)      │                                                                                             
│ Input(#15): FULL            │                                                                                             
└──────────────┬──────────────┘                                                                                             
               │                                                                                                            
┌─────────────────────────────┐                                                                                             
│ Pipeline #15                │                                                                                             
│ PARTITION (id=52)           │                                                                                             
│ Input(#14): FULL            │                                                                                             
└──────────────┬──────────────┘                                                                                             
               │                                                                                                            
┌─────────────────────────────┐                                                                                             
│ Pipeline #14                │                                                                                             
│ HASH_GROUP_BY (id=28)       │                                                                                             
│ PROJECTION (id=27)          │                                                                                             
│ HASH_JOIN (id=24)           │                                                                                             
│   type: INNER               │                                                                                             
│ Input(#13): FULL            │                                                                                             
│ Input(#10): FULL            │                                                                                             
└──────────────┬──────────────┘                                                                                             
               ┌─────────────────────────────────────────────────────────────┐                                              
               │                                                             │                                              
┌─────────────────────────────┐                               ┌─────────────────────────────┐                               
│ Pipeline #10                │                               │ Pipeline #13                │                               
│ CONCAT (id=47)              │                               │ CONCAT (id=50)              │                               
│ Input(#9): PARTIAL          │                               │ Input(#12): PARTIAL         │                               
└──────────────┬──────────────┘                               └──────────────┬──────────────┘                               
               │                                                             │                                              
┌─────────────────────────────┐                               ┌─────────────────────────────┐                               
│ Pipeline #9                 │                               │ Pipeline #12                │                               
│ PARTITION (id=48)           │                               │ PARTITION (id=51)           │                               
│ Input(#8): FULL             │                               │ Input(#11): PARTIAL         │                               
└──────────────┬──────────────┘                               └──────────────┬──────────────┘                               
               │                                                             │                                              
┌─────────────────────────────┐                               ┌─────────────────────────────┐                               
│ Pipeline #8                 │                               │ Pipeline #11                │                               
│ MERGE_GROUP_BY (id=46)      │                               │ GPU_SCAN (id=49)            │                               
│ Input(#7): FULL             │                               │                             │                               
└──────────────┬──────────────┘                               └─────────────────────────────┘                               
               │                                                                                                            
┌─────────────────────────────┐                                                                                             
│ Pipeline #7                 │                                                                                             
│ PARTITION (id=45)           │                                                                                             
│ Input(#6): FULL             │                                                                                             
└──────────────┬──────────────┘                                                                                             
               │                                                                                                            
┌─────────────────────────────┐                                                                                             
│ Pipeline #6                 │                                                                                             
│ LEFT_DELIM_JOIN (id=31)     │                                                                                             
│ HASH_JOIN (id=21)           │                                                                                             
│   type: INNER               │                                                                                             
│ Input(#5): FULL             │                                                                                             
│ Input(#2): FULL             │                                                                                             
└──────────────┬──────────────┘                                                                                             
               ┌──────────────────────────────┐                                                                             
               │                              │                                                                             
┌─────────────────────────────┐┌─────────────────────────────┐                                                              
│ Pipeline #2                 ││ Pipeline #5                 │                                                              
│ CONCAT (id=40)              ││ CONCAT (id=43)              │                                                              
│ Input(#1): PARTIAL          ││ Input(#4): PARTIAL          │                                                              
└──────────────┬──────────────┘└──────────────┬──────────────┘                                                              
               │                              │                                                                             
┌─────────────────────────────┐┌─────────────────────────────┐                                                              
│ Pipeline #1                 ││ Pipeline #4                 │                                                              
│ PARTITION (id=41)           ││ PARTITION (id=44)           │                                                              
│ Input(#0): FULL             ││ Input(#3): PARTIAL          │                                                              
└──────────────┬──────────────┘└──────────────┬──────────────┘                                                              
               │                              │                                                                             
┌─────────────────────────────┐┌─────────────────────────────┐                                                              
│ Pipeline #0                 ││ Pipeline #3                 │                                                              
│ GPU_SCAN (id=39)            ││ GPU_SCAN (id=42)            │                                                              
└─────────────────────────────┘└─────────────────────────────┘                                                              

[2026-07-01 16:02:02.740] [info] [task_scheduler.cpp:367] [mgpu-audit] pipeline_task dispatched to GPU 0 task_id=0
[2026-07-01 16:02:02.740] [info] [task_scheduler.cpp:369] [locality-audit] dispatch task_id=0 preferred_device=0 actual_gpu=0
[2026-07-01 16:02:02.857] [info] [parquet_gpu_ingestible.cpp:696] [scan-audit] parquet_materialize target_gpu=0 files=/mnt/nvme/dataset/part.parquet columns=p_partkey,p_brand,p_container row_groups=0,1,2,3,4,5,6,7,8,9,10,11,12,13,14,15,16,17,18,19,20,21,22,23,24,25,26,27,28,29,30,31,32,33,34,35,36,37,38,39,40,41,42,43,44,45,46,47,48,49,50,51,52,53,54,55,56,57,58,59,60,61,62,63,64,65,66,67,68,69,70,71,72,73,74,75,76,77,78,79,80,81,82,83,84,85,86,87,88,89,90,91,92,93,94,95,96,97,98,99,100,101,102,103,104,105,106,107,108,109,110,111,112,113,114,115,116,117,118,119,120,121,122,123,124,125,126,127,128,129,130,131,132,133,134,135,136,137,138,139,140,141,142,143,144,145,146,147,148,149,150,151,152,153,154,155,156,157,158,159,160,161,162 compressed_bytes=107801290 uncompressed_bytes=160005053 column_bytes=p_partkey:80056131:160005053,p_brand:12610597:12638401,p_container:15134562:15165694 output_rows=20067 output_columns=3 split_count=1 duration_us=111742
[2026-07-01 16:02:02.857] [info] [gpu_pipeline_task.cpp:311] [stage-audit] pipeline_id=0 task_id=0 operator_id=39 operator_name=GPU_SCAN stage_kind=SCAN operator_type=94 input_type=GPU_SCAN output_type=PIPELINEABLE actual_gpu=0 pipeline_operator_count=1 input_batches=0 input_rows=0 input_columns=0 input_bytes=0 output_batches=1 output_rows=20067 output_columns=1 output_bytes=163096 byte_ratio=0.000000 row_ratio=0.000000 duration_us=116484
[2026-07-01 16:02:02.857] [info] [task_creator.cpp:352] [locality-audit] task_create operator_id=41 input_bytes=163096 local_bytes=163096 gpu_source_bytes=163096 host_source_bytes=0 disk_source_bytes=0 gpu_sources=1 host_sources=0 preferred_device=0
[2026-07-01 16:02:02.857] [info] [task_scheduler.cpp:367] [mgpu-audit] pipeline_task dispatched to GPU 0 task_id=1
[2026-07-01 16:02:02.857] [info] [task_scheduler.cpp:369] [locality-audit] dispatch task_id=1 preferred_device=0 actual_gpu=0
[2026-07-01 16:02:02.858] [info] [gpu_pipeline_task.cpp:182] [locality-audit] prepare_before pipeline_id=1 task_id=1 preferred_device=0 actual_gpu=0 target_tier=GPU target_device=0 input_bytes=163096 local_bytes=163096 remote_gpu_bytes=0 host_bytes=0 disk_bytes=0 batch_count=1
[2026-07-01 16:02:02.858] [info] [gpu_pipeline_task.cpp:182] [locality-audit] prepare_after pipeline_id=1 task_id=1 preferred_device=0 actual_gpu=0 target_tier=GPU target_device=0 input_bytes=163096 local_bytes=163096 remote_gpu_bytes=0 host_bytes=0 disk_bytes=0 batch_count=1
[2026-07-01 16:02:02.858] [info] [gpu_pipeline_task.cpp:311] [stage-audit] pipeline_id=1 task_id=1 operator_id=41 operator_name=PARTITION stage_kind=PARTITION operator_type=82 input_type=PIPELINEABLE output_type=PIPELINEABLE actual_gpu=0 pipeline_operator_count=1 input_batches=1 input_rows=20067 input_columns=1 input_bytes=163096 output_batches=1 output_rows=20067 output_columns=1 output_bytes=163096 byte_ratio=1.000000 row_ratio=1.000000 duration_us=5
[2026-07-01 16:02:02.858] [info] [task_scheduler.cpp:367] [mgpu-audit] pipeline_task dispatched to GPU 0 task_id=2
[2026-07-01 16:02:02.858] [info] [task_scheduler.cpp:369] [locality-audit] dispatch task_id=2 preferred_device=0 actual_gpu=0
[2026-07-01 16:02:02.858] [info] [gpu_pipeline_task.cpp:182] [locality-audit] prepare_before pipeline_id=2 task_id=2 preferred_device=0 actual_gpu=0 target_tier=GPU target_device=0 input_bytes=163096 local_bytes=163096 remote_gpu_bytes=0 host_bytes=0 disk_bytes=0 batch_count=1
[2026-07-01 16:02:02.858] [info] [gpu_pipeline_task.cpp:182] [locality-audit] prepare_after pipeline_id=2 task_id=2 preferred_device=0 actual_gpu=0 target_tier=GPU target_device=0 input_bytes=163096 local_bytes=163096 remote_gpu_bytes=0 host_bytes=0 disk_bytes=0 batch_count=1
[2026-07-01 16:02:02.858] [info] [gpu_pipeline_task.cpp:311] [stage-audit] pipeline_id=2 task_id=2 operator_id=40 operator_name=CONCAT stage_kind=CONCAT operator_type=83 input_type=PARTITIONED output_type=PARTITIONED actual_gpu=0 pipeline_operator_count=1 input_batches=1 input_rows=20067 input_columns=1 input_bytes=163096 output_batches=1 output_rows=20067 output_columns=1 output_bytes=163096 byte_ratio=1.000000 row_ratio=1.000000 duration_us=1
[2026-07-01 16:02:02.858] [info] [task_scheduler.cpp:367] [mgpu-audit] pipeline_task dispatched to GPU 1 task_id=3
[2026-07-01 16:02:02.858] [info] [task_scheduler.cpp:369] [locality-audit] dispatch task_id=3 preferred_device=1 actual_gpu=1
[2026-07-01 16:02:02.858] [info] [task_scheduler.cpp:367] [mgpu-audit] pipeline_task dispatched to GPU 2 task_id=4
[2026-07-01 16:02:02.858] [info] [task_scheduler.cpp:369] [locality-audit] dispatch task_id=4 preferred_device=2 actual_gpu=2
[2026-07-01 16:02:02.858] [info] [task_scheduler.cpp:367] [mgpu-audit] pipeline_task dispatched to GPU 3 task_id=5
[2026-07-01 16:02:02.858] [info] [task_scheduler.cpp:369] [locality-audit] dispatch task_id=5 preferred_device=3 actual_gpu=3
[2026-07-01 16:02:02.858] [info] [task_scheduler.cpp:367] [mgpu-audit] pipeline_task dispatched to GPU 0 task_id=6
[2026-07-01 16:02:02.858] [info] [task_scheduler.cpp:369] [locality-audit] dispatch task_id=6 preferred_device=0 actual_gpu=0
[2026-07-01 16:02:02.858] [info] [task_scheduler.cpp:367] [mgpu-audit] pipeline_task dispatched to GPU 0 task_id=10
[2026-07-01 16:02:02.858] [info] [task_scheduler.cpp:369] [locality-audit] dispatch task_id=10 preferred_device=0 actual_gpu=0
[2026-07-01 16:02:02.858] [info] [task_scheduler.cpp:367] [mgpu-audit] pipeline_task dispatched to GPU 1 task_id=7
[2026-07-01 16:02:02.858] [info] [task_scheduler.cpp:369] [locality-audit] dispatch task_id=7 preferred_device=1 actual_gpu=1
[2026-07-01 16:02:02.858] [info] [task_scheduler.cpp:367] [mgpu-audit] pipeline_task dispatched to GPU 2 task_id=8
[2026-07-01 16:02:02.858] [info] [task_scheduler.cpp:369] [locality-audit] dispatch task_id=8 preferred_device=2 actual_gpu=2
[2026-07-01 16:02:02.858] [info] [task_scheduler.cpp:367] [mgpu-audit] pipeline_task dispatched to GPU 3 task_id=9
[2026-07-01 16:02:02.858] [info] [task_scheduler.cpp:369] [locality-audit] dispatch task_id=9 preferred_device=3 actual_gpu=3
[2026-07-01 16:02:03.101] [info] [parquet_gpu_ingestible.cpp:696] [scan-audit] parquet_materialize target_gpu=3 files=/mnt/nvme/dataset/lineitem.parquet columns=l_partkey,l_quantity,l_extendedprice row_groups=518,519,520,521,522,523,524,525,526,527,528,529,530,531,532,533,534,535,536,537,538,539,540,541,542,543,544,545,546,547,548,549,550,551,552,553,554,555,556,557,558,559,560,561,562,563,564,565,566,567,568,569,570,571,572,573,574,575,576,577,578,579,580,581,582,583,584,585,586,587,588,589,590,591,592,593,594,595,596,597,598,599,600,601,602,603,604,605,606,607,608,609,610,611,612,613,614,615,616,617,618,619,620,621,622,623,624,625,626,627,628,629,630,631,632,633,634,635,636,637,638,639,640,641,642,643,644,645,646,647,648,649,650,651,652,653,654,655,656,657,658,659,660,661,662,663,664,665,666,667,668,669,670,671,672,673,674,675,676,677,678,679,680,681,682,683,684,685,686,687,688,689,690,691,692,693,694,695,696,697,698,699,700,701,702,703,704,705,706,707,708,709,710,711,712,713,714,715,716,717,718,719,720,721,722,723,724,725,726,727,728,729,730,731,732,733,734,735,736,737,738,739,740,741,742,743,744,745,746,747,748,749,750,751,752,753,754,755,756,757,758,759,760,761,762,763,764,765,766,767,768,769,770,771,772,773,774,775,776 compressed_bytes=363554880 uncompressed_bytes=535822332 column_bytes=l_partkey:174063177:255782381,l_quantity:24217577:24257570,l_extendedprice:165274126:255782381 output_rows=31971794 output_columns=3 split_count=1 duration_us=196128
[2026-07-01 16:02:03.101] [info] [gpu_pipeline_task.cpp:311] [stage-audit] pipeline_id=3 task_id=5 operator_id=42 operator_name=GPU_SCAN stage_kind=SCAN operator_type=94 input_type=GPU_SCAN output_type=PIPELINEABLE actual_gpu=0 pipeline_operator_count=1 input_batches=0 input_rows=0 input_columns=0 input_bytes=0 output_batches=1 output_rows=31971794 output_columns=3 output_bytes=779312496 byte_ratio=0.000000 row_ratio=0.000000 duration_us=242640
[2026-07-01 16:02:03.101] [info] [task_scheduler.cpp:367] [mgpu-audit] pipeline_task dispatched to GPU 3 task_id=13
[2026-07-01 16:02:03.101] [info] [task_scheduler.cpp:369] [locality-audit] dispatch task_id=13 preferred_device=3 actual_gpu=3
[2026-07-01 16:02:03.101] [info] [task_creator.cpp:352] [locality-audit] task_create operator_id=44 input_bytes=779312496 local_bytes=779312496 gpu_source_bytes=779312496 host_source_bytes=0 disk_source_bytes=0 gpu_sources=1 host_sources=0 preferred_device=3
[2026-07-01 16:02:03.567] [info] [parquet_gpu_ingestible.cpp:696] [scan-audit] parquet_materialize target_gpu=0 files=/mnt/nvme/dataset/lineitem.parquet columns=l_partkey,l_quantity,l_extendedprice row_groups=777,778,779,780,781,782,783,784,785,786,787,788,789,790,791,792,793,794,795,796,797,798,799,800,801,802,803,804,805,806,807,808,809,810,811,812,813,814,815,816,817,818,819,820,821,822,823,824,825,826,827,828,829,830,831,832,833,834,835,836,837,838,839,840,841,842,843,844,845,846,847,848,849,850,851,852,853,854,855,856,857,858,859,860,861,862,863,864,865,866,867,868,869,870,871,872,873,874,875,876,877,878,879,880,881,882,883,884,885,886,887,888,889,890,891,892,893,894,895,896,897,898,899,900,901,902,903,904,905,906,907,908,909,910,911,912,913,914,915,916,917,918,919,920,921,922,923,924,925,926,927,928,929,930,931,932,933,934,935,936,937,938,939,940,941,942,943,944,945,946,947,948,949,950,951,952,953,954,955,956,957,958,959,960,961,962,963,964,965,966,967,968,969,970,971,972,973,974,975,976,977,978,979,980,981,982,983,984,985,986,987,988,989,990,991,992,993,994,995,996,997,998,999,1000,1001,1002,1003,1004,1005,1006,1007,1008,1009,1010,1011,1012,1013,1014,1015,1016,1017,1018,1019,1020,1021,1022,1023,1024,1025,1026,1027,1028,1029,1030,1031,1032,1033 compressed_bytes=363572750 uncompressed_bytes=535861767 column_bytes=l_partkey:174079199:255809399,l_quantity:24203277:24242969,l_extendedprice:165290274:255809399 output_rows=31975179 output_columns=3 split_count=1 duration_us=659235
[2026-07-01 16:02:03.567] [info] [gpu_pipeline_task.cpp:311] [stage-audit] pipeline_id=3 task_id=6 operator_id=42 operator_name=GPU_SCAN stage_kind=SCAN operator_type=94 input_type=GPU_SCAN output_type=PIPELINEABLE actual_gpu=0 pipeline_operator_count=1 input_batches=0 input_rows=0 input_columns=0 input_bytes=0 output_batches=1 output_rows=31975179 output_columns=3 output_bytes=779395080 byte_ratio=0.000000 row_ratio=0.000000 duration_us=708573
[2026-07-01 16:02:03.567] [info] [task_scheduler.cpp:367] [mgpu-audit] pipeline_task dispatched to GPU 0 task_id=14
[2026-07-01 16:02:03.567] [info] [task_scheduler.cpp:369] [locality-audit] dispatch task_id=14 preferred_device=0 actual_gpu=0
[2026-07-01 16:02:03.567] [info] [task_creator.cpp:352] [locality-audit] task_create operator_id=44 input_bytes=779395080 local_bytes=779395080 gpu_source_bytes=779395080 host_source_bytes=0 disk_source_bytes=0 gpu_sources=1 host_sources=0 preferred_device=0
[2026-07-01 16:02:03.577] [info] [parquet_gpu_ingestible.cpp:696] [scan-audit] parquet_materialize target_gpu=2 files=/mnt/nvme/dataset/lineitem.parquet columns=l_partkey,l_quantity,l_extendedprice row_groups=259,260,261,262,263,264,265,266,267,268,269,270,271,272,273,274,275,276,277,278,279,280,281,282,283,284,285,286,287,288,289,290,291,292,293,294,295,296,297,298,299,300,301,302,303,304,305,306,307,308,309,310,311,312,313,314,315,316,317,318,319,320,321,322,323,324,325,326,327,328,329,330,331,332,333,334,335,336,337,338,339,340,341,342,343,344,345,346,347,348,349,350,351,352,353,354,355,356,357,358,359,360,361,362,363,364,365,366,367,368,369,370,371,372,373,374,375,376,377,378,379,380,381,382,383,384,385,386,387,388,389,390,391,392,393,394,395,396,397,398,399,400,401,402,403,404,405,406,407,408,409,410,411,412,413,414,415,416,417,418,419,420,421,422,423,424,425,426,427,428,429,430,431,432,433,434,435,436,437,438,439,440,441,442,443,444,445,446,447,448,449,450,451,452,453,454,455,456,457,458,459,460,461,462,463,464,465,466,467,468,469,470,471,472,473,474,475,476,477,478,479,480,481,482,483,484,485,486,487,488,489,490,491,492,493,494,495,496,497,498,499,500,501,502,503,504,505,506,507,508,509,510,511,512,513,514,515,516,517 compressed_bytes=363554122 uncompressed_bytes=535819381 column_bytes=l_partkey:174060635:255781197,l_quantity:24216992:24256987,l_extendedprice:165276495:255781197 output_rows=31971646 output_columns=3 split_count=1 duration_us=669824
[2026-07-01 16:02:03.577] [info] [gpu_pipeline_task.cpp:311] [stage-audit] pipeline_id=3 task_id=4 operator_id=42 operator_name=GPU_SCAN stage_kind=SCAN operator_type=94 input_type=GPU_SCAN output_type=PIPELINEABLE actual_gpu=2 pipeline_operator_count=1 input_batches=0 input_rows=0 input_columns=0 input_bytes=0 output_batches=1 output_rows=31971646 output_columns=3 output_bytes=779308944 byte_ratio=0.000000 row_ratio=0.000000 duration_us=719034
[2026-07-01 16:02:03.578] [info] [task_scheduler.cpp:367] [mgpu-audit] pipeline_task dispatched to GPU 2 task_id=12
[2026-07-01 16:02:03.578] [info] [task_scheduler.cpp:369] [locality-audit] dispatch task_id=12 preferred_device=2 actual_gpu=2
[2026-07-01 16:02:03.578] [info] [task_creator.cpp:352] [locality-audit] task_create operator_id=44 input_bytes=779308944 local_bytes=779308944 gpu_source_bytes=779308944 host_source_bytes=0 disk_source_bytes=0 gpu_sources=1 host_sources=0 preferred_device=2
[2026-07-01 16:02:03.604] [info] [parquet_gpu_ingestible.cpp:696] [scan-audit] parquet_materialize target_gpu=1 files=/mnt/nvme/dataset/lineitem.parquet columns=l_partkey,l_quantity,l_extendedprice row_groups=0,1,2,3,4,5,6,7,8,9,10,11,12,13,14,15,16,17,18,19,20,21,22,23,24,25,26,27,28,29,30,31,32,33,34,35,36,37,38,39,40,41,42,43,44,45,46,47,48,49,50,51,52,53,54,55,56,57,58,59,60,61,62,63,64,65,66,67,68,69,70,71,72,73,74,75,76,77,78,79,80,81,82,83,84,85,86,87,88,89,90,91,92,93,94,95,96,97,98,99,100,101,102,103,104,105,106,107,108,109,110,111,112,113,114,115,116,117,118,119,120,121,122,123,124,125,126,127,128,129,130,131,132,133,134,135,136,137,138,139,140,141,142,143,144,145,146,147,148,149,150,151,152,153,154,155,156,157,158,159,160,161,162,163,164,165,166,167,168,169,170,171,172,173,174,175,176,177,178,179,180,181,182,183,184,185,186,187,188,189,190,191,192,193,194,195,196,197,198,199,200,201,202,203,204,205,206,207,208,209,210,211,212,213,214,215,216,217,218,219,220,221,222,223,224,225,226,227,228,229,230,231,232,233,234,235,236,237,238,239,240,241,242,243,244,245,246,247,248,249,250,251,252,253,254,255,256,257,258 compressed_bytes=364200686 uncompressed_bytes=536780673 column_bytes=l_partkey:174377453:256243701,l_quantity:24253286:24293271,l_extendedprice:165569947:256243701 output_rows=32029459 output_columns=3 split_count=1 duration_us=696885
[2026-07-01 16:02:03.605] [info] [gpu_pipeline_task.cpp:311] [stage-audit] pipeline_id=3 task_id=3 operator_id=42 operator_name=GPU_SCAN stage_kind=SCAN operator_type=94 input_type=GPU_SCAN output_type=PIPELINEABLE actual_gpu=1 pipeline_operator_count=1 input_batches=0 input_rows=0 input_columns=0 input_bytes=0 output_batches=1 output_rows=32029459 output_columns=3 output_bytes=780718152 byte_ratio=0.000000 row_ratio=0.000000 duration_us=746222
[2026-07-01 16:02:03.605] [info] [task_scheduler.cpp:367] [mgpu-audit] pipeline_task dispatched to GPU 1 task_id=11
[2026-07-01 16:02:03.605] [info] [task_scheduler.cpp:369] [locality-audit] dispatch task_id=11 preferred_device=1 actual_gpu=1
[2026-07-01 16:02:03.605] [info] [task_creator.cpp:352] [locality-audit] task_create operator_id=44 input_bytes=780718152 local_bytes=780718152 gpu_source_bytes=780718152 host_source_bytes=0 disk_source_bytes=0 gpu_sources=1 host_sources=0 preferred_device=1
[2026-07-01 16:02:03.634] [info] [parquet_gpu_ingestible.cpp:696] [scan-audit] parquet_materialize target_gpu=3 files=/mnt/nvme/dataset/lineitem.parquet columns=l_partkey,l_quantity,l_extendedprice row_groups=1548,1549,1550,1551,1552,1553,1554,1555,1556,1557,1558,1559,1560,1561,1562,1563,1564,1565,1566,1567,1568,1569,1570,1571,1572,1573,1574,1575,1576,1577,1578,1579,1580,1581,1582,1583,1584,1585,1586,1587,1588,1589,1590,1591,1592,1593,1594,1595,1596,1597,1598,1599,1600,1601,1602,1603,1604,1605,1606,1607,1608,1609,1610,1611,1612,1613,1614,1615,1616,1617,1618,1619,1620,1621,1622,1623,1624,1625,1626,1627,1628,1629,1630,1631,1632,1633,1634,1635,1636,1637,1638,1639,1640,1641,1642,1643,1644,1645,1646,1647,1648,1649,1650,1651,1652,1653,1654,1655,1656,1657,1658,1659,1660,1661,1662,1663,1664,1665,1666,1667,1668,1669,1670,1671,1672,1673,1674,1675,1676,1677,1678,1679,1680,1681,1682,1683,1684,1685,1686,1687,1688,1689,1690,1691,1692,1693,1694,1695,1696,1697,1698,1699,1700,1701,1702,1703,1704,1705,1706,1707,1708,1709,1710,1711,1712,1713,1714,1715,1716,1717,1718,1719,1720,1721,1722,1723,1724,1725,1726,1727,1728,1729,1730,1731,1732,1733,1734,1735,1736,1737,1738,1739,1740,1741,1742,1743,1744,1745,1746,1747,1748,1749,1750,1751,1752,1753,1754,1755,1756,1757,1758,1759,1760,1761,1762,1763,1764,1765,1766,1767,1768,1769,1770,1771,1772,1773,1774,1775,1776,1777,1778,1779,1780,1781,1782,1783,1784,1785,1786,1787,1788,1789,1790,1791,1792,1793,1794,1795,1796,1797,1798,1799,1800,1801,1802,1803,1804 compressed_bytes=363969613 uncompressed_bytes=536453613 column_bytes=l_partkey:174268073:256092391,l_quantity:24229153:24268831,l_extendedprice:165472387:256092391 output_rows=32010553 output_columns=3 split_count=1 duration_us=490805
[2026-07-01 16:02:03.634] [info] [gpu_pipeline_task.cpp:311] [stage-audit] pipeline_id=3 task_id=9 operator_id=42 operator_name=GPU_SCAN stage_kind=SCAN operator_type=94 input_type=GPU_SCAN output_type=PIPELINEABLE actual_gpu=0 pipeline_operator_count=1 input_batches=0 input_rows=0 input_columns=0 input_bytes=0 output_batches=1 output_rows=32010553 output_columns=3 output_bytes=780257304 byte_ratio=0.000000 row_ratio=0.000000 duration_us=532903
[2026-07-01 16:02:03.634] [info] [task_creator.cpp:352] [locality-audit] task_create operator_id=44 input_bytes=780257304 local_bytes=780257304 gpu_source_bytes=780257304 host_source_bytes=0 disk_source_bytes=0 gpu_sources=1 host_sources=0 preferred_device=3
[2026-07-01 16:02:03.634] [info] [task_scheduler.cpp:367] [mgpu-audit] pipeline_task dispatched to GPU 3 task_id=17
[2026-07-01 16:02:03.634] [info] [task_scheduler.cpp:369] [locality-audit] dispatch task_id=17 preferred_device=3 actual_gpu=3
[2026-07-01 16:02:03.634] [info] [task_scheduler.cpp:367] [mgpu-audit] pipeline_task dispatched to GPU 3 task_id=21
[2026-07-01 16:02:03.634] [info] [task_scheduler.cpp:369] [locality-audit] dispatch task_id=21 preferred_device=3 actual_gpu=3
[2026-07-01 16:02:03.634] [info] [task_scheduler.cpp:367] [mgpu-audit] pipeline_task dispatched to GPU 3 task_id=22
[2026-07-01 16:02:03.634] [info] [task_scheduler.cpp:369] [locality-audit] dispatch task_id=22 preferred_device=3 actual_gpu=3
[2026-07-01 16:02:03.999] [info] [parquet_gpu_ingestible.cpp:696] [scan-audit] parquet_materialize target_gpu=2 files=/mnt/nvme/dataset/lineitem.parquet columns=l_partkey,l_quantity,l_extendedprice row_groups=1291,1292,1293,1294,1295,1296,1297,1298,1299,1300,1301,1302,1303,1304,1305,1306,1307,1308,1309,1310,1311,1312,1313,1314,1315,1316,1317,1318,1319,1320,1321,1322,1323,1324,1325,1326,1327,1328,1329,1330,1331,1332,1333,1334,1335,1336,1337,1338,1339,1340,1341,1342,1343,1344,1345,1346,1347,1348,1349,1350,1351,1352,1353,1354,1355,1356,1357,1358,1359,1360,1361,1362,1363,1364,1365,1366,1367,1368,1369,1370,1371,1372,1373,1374,1375,1376,1377,1378,1379,1380,1381,1382,1383,1384,1385,1386,1387,1388,1389,1390,1391,1392,1393,1394,1395,1396,1397,1398,1399,1400,1401,1402,1403,1404,1405,1406,1407,1408,1409,1410,1411,1412,1413,1414,1415,1416,1417,1418,1419,1420,1421,1422,1423,1424,1425,1426,1427,1428,1429,1430,1431,1432,1433,1434,1435,1436,1437,1438,1439,1440,1441,1442,1443,1444,1445,1446,1447,1448,1449,1450,1451,1452,1453,1454,1455,1456,1457,1458,1459,1460,1461,1462,1463,1464,1465,1466,1467,1468,1469,1470,1471,1472,1473,1474,1475,1476,1477,1478,1479,1480,1481,1482,1483,1484,1485,1486,1487,1488,1489,1490,1491,1492,1493,1494,1495,1496,1497,1498,1499,1500,1501,1502,1503,1504,1505,1506,1507,1508,1509,1510,1511,1512,1513,1514,1515,1516,1517,1518,1519,1520,1521,1522,1523,1524,1525,1526,1527,1528,1529,1530,1531,1532,1533,1534,1535,1536,1537,1538,1539,1540,1541,1542,1543,1544,1545,1546,1547 compressed_bytes=363975899 uncompressed_bytes=536458268 column_bytes=l_partkey:174274587:256094815,l_quantity:24228951:24268638,l_extendedprice:165472361:256094815 output_rows=32010856 output_columns=3 split_count=1 duration_us=380189
[2026-07-01 16:02:03.999] [info] [gpu_pipeline_task.cpp:311] [stage-audit] pipeline_id=3 task_id=8 operator_id=42 operator_name=GPU_SCAN stage_kind=SCAN operator_type=94 input_type=GPU_SCAN output_type=PIPELINEABLE actual_gpu=2 pipeline_operator_count=1 input_batches=0 input_rows=0 input_columns=0 input_bytes=0 output_batches=1 output_rows=32010856 output_columns=3 output_bytes=780264768 byte_ratio=0.000000 row_ratio=0.000000 duration_us=421804
[2026-07-01 16:02:03.999] [info] [task_scheduler.cpp:367] [mgpu-audit] pipeline_task dispatched to GPU 2 task_id=16
[2026-07-01 16:02:03.999] [info] [task_scheduler.cpp:369] [locality-audit] dispatch task_id=16 preferred_device=2 actual_gpu=2
[2026-07-01 16:02:03.999] [info] [task_scheduler.cpp:367] [mgpu-audit] pipeline_task dispatched to GPU 2 task_id=20
[2026-07-01 16:02:03.999] [info] [task_scheduler.cpp:369] [locality-audit] dispatch task_id=20 preferred_device=2 actual_gpu=2
[2026-07-01 16:02:03.999] [info] [task_creator.cpp:352] [locality-audit] task_create operator_id=44 input_bytes=780264768 local_bytes=780264768 gpu_source_bytes=780264768 host_source_bytes=0 disk_source_bytes=0 gpu_sources=1 host_sources=0 preferred_device=2
[2026-07-01 16:02:04.000] [info] [task_scheduler.cpp:367] [mgpu-audit] pipeline_task dispatched to GPU 2 task_id=24
[2026-07-01 16:02:04.000] [info] [task_scheduler.cpp:369] [locality-audit] dispatch task_id=24 preferred_device=2 actual_gpu=2
[2026-07-01 16:02:04.008] [info] [parquet_gpu_ingestible.cpp:696] [scan-audit] parquet_materialize target_gpu=0 files=/mnt/nvme/dataset/lineitem.parquet columns=l_partkey,l_quantity,l_extendedprice row_groups=1805,1806,1807,1808,1809,1810,1811,1812,1813,1814,1815,1816,1817,1818,1819,1820,1821,1822,1823,1824,1825,1826,1827,1828,1829,1830,1831,1832,1833,1834,1835,1836,1837,1838,1839,1840,1841,1842,1843,1844,1845,1846,1847,1848,1849,1850,1851,1852,1853,1854,1855,1856,1857,1858,1859,1860,1861,1862,1863,1864,1865,1866,1867,1868,1869,1870,1871,1872,1873,1874,1875,1876,1877,1878,1879,1880,1881,1882,1883,1884,1885,1886,1887,1888,1889,1890,1891,1892,1893,1894,1895,1896,1897,1898,1899,1900,1901,1902,1903,1904,1905,1906,1907,1908,1909,1910,1911,1912,1913,1914,1915,1916,1917,1918,1919,1920,1921,1922,1923,1924,1925,1926,1927,1928,1929,1930,1931,1932,1933,1934,1935,1936,1937,1938,1939,1940,1941,1942,1943,1944,1945,1946,1947,1948,1949,1950,1951,1952,1953,1954,1955,1956,1957,1958,1959,1960,1961,1962,1963,1964,1965,1966,1967,1968,1969,1970,1971,1972,1973,1974,1975,1976,1977,1978,1979,1980,1981,1982,1983,1984,1985,1986,1987,1988,1989,1990,1991,1992,1993,1994,1995,1996,1997,1998,1999,2000,2001,2002,2003,2004,2005,2006,2007,2008,2009,2010,2011,2012,2013,2014,2015,2016,2017,2018,2019,2020,2021,2022,2023,2024,2025,2026,2027,2028,2029,2030,2031,2032,2033,2034,2035,2036,2037,2038,2039,2040,2041,2042,2043,2044,2045,2046,2047,2048,2049,2050,2051,2052,2053,2054,2055,2056,2057,2058,2059,2060,2061 compressed_bytes=363977807 uncompressed_bytes=536469471 column_bytes=l_partkey:174274242:256100319,l_quantity:24229197:24268833,l_extendedprice:165474368:256100319 output_rows=32011544 output_columns=3 split_count=1 duration_us=398860
[2026-07-01 16:02:04.008] [info] [gpu_pipeline_task.cpp:311] [stage-audit] pipeline_id=3 task_id=10 operator_id=42 operator_name=GPU_SCAN stage_kind=SCAN operator_type=94 input_type=GPU_SCAN output_type=PIPELINEABLE actual_gpu=0 pipeline_operator_count=1 input_batches=0 input_rows=0 input_columns=0 input_bytes=0 output_batches=1 output_rows=32011544 output_columns=3 output_bytes=780281472 byte_ratio=0.000000 row_ratio=0.000000 duration_us=440904
[2026-07-01 16:02:04.008] [info] [task_creator.cpp:352] [locality-audit] task_create operator_id=44 input_bytes=780281472 local_bytes=780281472 gpu_source_bytes=780281472 host_source_bytes=0 disk_source_bytes=0 gpu_sources=1 host_sources=0 preferred_device=0
[2026-07-01 16:02:04.008] [info] [task_scheduler.cpp:367] [mgpu-audit] pipeline_task dispatched to GPU 0 task_id=18
[2026-07-01 16:02:04.008] [info] [task_scheduler.cpp:369] [locality-audit] dispatch task_id=18 preferred_device=0 actual_gpu=0
[2026-07-01 16:02:04.008] [info] [task_scheduler.cpp:367] [mgpu-audit] pipeline_task dispatched to GPU 0 task_id=23
[2026-07-01 16:02:04.008] [info] [task_scheduler.cpp:369] [locality-audit] dispatch task_id=23 preferred_device=0 actual_gpu=0
[2026-07-01 16:02:04.008] [info] [task_scheduler.cpp:367] [mgpu-audit] pipeline_task dispatched to GPU 0 task_id=28
[2026-07-01 16:02:04.008] [info] [task_scheduler.cpp:369] [locality-audit] dispatch task_id=28 preferred_device=0 actual_gpu=0
[2026-07-01 16:02:04.008] [info] [gpu_pipeline_task.cpp:182] [locality-audit] prepare_before pipeline_id=4 task_id=23 preferred_device=0 actual_gpu=0 target_tier=GPU target_device=0 input_bytes=779395080 local_bytes=779395080 remote_gpu_bytes=0 host_bytes=0 disk_bytes=0 batch_count=1
[2026-07-01 16:02:04.008] [info] [gpu_pipeline_task.cpp:182] [locality-audit] prepare_after pipeline_id=4 task_id=23 preferred_device=0 actual_gpu=0 target_tier=GPU target_device=0 input_bytes=779395080 local_bytes=779395080 remote_gpu_bytes=0 host_bytes=0 disk_bytes=0 batch_count=1
[2026-07-01 16:02:04.008] [info] [gpu_pipeline_task.cpp:311] [stage-audit] pipeline_id=4 task_id=23 operator_id=44 operator_name=PARTITION stage_kind=PARTITION operator_type=82 input_type=PIPELINEABLE output_type=PIPELINEABLE actual_gpu=0 pipeline_operator_count=1 input_batches=1 input_rows=31975179 input_columns=3 input_bytes=779395080 output_batches=1 output_rows=31975179 output_columns=3 output_bytes=779395080 byte_ratio=1.000000 row_ratio=1.000000 duration_us=7
[2026-07-01 16:02:04.008] [info] [gpu_pipeline_task.cpp:182] [locality-audit] prepare_before pipeline_id=4 task_id=28 preferred_device=0 actual_gpu=0 target_tier=GPU target_device=0 input_bytes=780281472 local_bytes=780281472 remote_gpu_bytes=0 host_bytes=0 disk_bytes=0 batch_count=1
[2026-07-01 16:02:04.008] [info] [gpu_pipeline_task.cpp:182] [locality-audit] prepare_after pipeline_id=4 task_id=28 preferred_device=0 actual_gpu=0 target_tier=GPU target_device=0 input_bytes=780281472 local_bytes=780281472 remote_gpu_bytes=0 host_bytes=0 disk_bytes=0 batch_count=1
[2026-07-01 16:02:04.008] [info] [gpu_pipeline_task.cpp:311] [stage-audit] pipeline_id=4 task_id=28 operator_id=44 operator_name=PARTITION stage_kind=PARTITION operator_type=82 input_type=PIPELINEABLE output_type=PIPELINEABLE actual_gpu=0 pipeline_operator_count=1 input_batches=1 input_rows=32011544 input_columns=3 input_bytes=780281472 output_batches=1 output_rows=32011544 output_columns=3 output_bytes=780281472 byte_ratio=1.000000 row_ratio=1.000000 duration_us=2
[2026-07-01 16:02:04.008] [info] [task_scheduler.cpp:367] [mgpu-audit] pipeline_task dispatched to GPU 0 task_id=29
[2026-07-01 16:02:04.008] [info] [task_scheduler.cpp:369] [locality-audit] dispatch task_id=29 preferred_device=0 actual_gpu=0
[2026-07-01 16:02:04.008] [info] [task_scheduler.cpp:367] [mgpu-audit] pipeline_task dispatched to GPU 0 task_id=30
[2026-07-01 16:02:04.008] [info] [task_scheduler.cpp:369] [locality-audit] dispatch task_id=30 preferred_device=0 actual_gpu=0
[2026-07-01 16:02:04.009] [info] [gpu_pipeline_task.cpp:182] [locality-audit] prepare_before pipeline_id=5 task_id=29 preferred_device=0 actual_gpu=0 target_tier=GPU target_device=0 input_bytes=779395080 local_bytes=779395080 remote_gpu_bytes=0 host_bytes=0 disk_bytes=0 batch_count=1
[2026-07-01 16:02:04.009] [info] [gpu_pipeline_task.cpp:182] [locality-audit] prepare_after pipeline_id=5 task_id=29 preferred_device=0 actual_gpu=0 target_tier=GPU target_device=0 input_bytes=779395080 local_bytes=779395080 remote_gpu_bytes=0 host_bytes=0 disk_bytes=0 batch_count=1
[2026-07-01 16:02:04.009] [info] [gpu_pipeline_task.cpp:311] [stage-audit] pipeline_id=5 task_id=29 operator_id=43 operator_name=CONCAT stage_kind=CONCAT operator_type=83 input_type=PARTITIONED output_type=PARTITIONED actual_gpu=0 pipeline_operator_count=1 input_batches=1 input_rows=31975179 input_columns=3 input_bytes=779395080 output_batches=1 output_rows=31975179 output_columns=3 output_bytes=779395080 byte_ratio=1.000000 row_ratio=1.000000 duration_us=8
[2026-07-01 16:02:04.009] [info] [gpu_pipeline_task.cpp:182] [locality-audit] prepare_before pipeline_id=5 task_id=30 preferred_device=0 actual_gpu=0 target_tier=GPU target_device=0 input_bytes=780281472 local_bytes=780281472 remote_gpu_bytes=0 host_bytes=0 disk_bytes=0 batch_count=1
[2026-07-01 16:02:04.009] [info] [gpu_pipeline_task.cpp:182] [locality-audit] prepare_after pipeline_id=5 task_id=30 preferred_device=0 actual_gpu=0 target_tier=GPU target_device=0 input_bytes=780281472 local_bytes=780281472 remote_gpu_bytes=0 host_bytes=0 disk_bytes=0 batch_count=1
[2026-07-01 16:02:04.009] [info] [gpu_pipeline_task.cpp:311] [stage-audit] pipeline_id=5 task_id=30 operator_id=43 operator_name=CONCAT stage_kind=CONCAT operator_type=83 input_type=PARTITIONED output_type=PARTITIONED actual_gpu=0 pipeline_operator_count=1 input_batches=1 input_rows=32011544 input_columns=3 input_bytes=780281472 output_batches=1 output_rows=32011544 output_columns=3 output_bytes=780281472 byte_ratio=1.000000 row_ratio=1.000000 duration_us=2
[2026-07-01 16:02:04.009] [warning] [sirius_physical_hash_join.cpp:554] In sirius_physical_hash_join:get_next_task_input_data_for_build_probe: invalid hash table build state 2 in operator 21
[2026-07-01 16:02:04.138] [info] [parquet_gpu_ingestible.cpp:696] [scan-audit] parquet_materialize target_gpu=3 files=/mnt/nvme/dataset/lineitem.parquet columns=l_partkey,l_quantity,l_extendedprice row_groups=4632,4633,4634,4635,4636,4637,4638,4639,4640,4641,4642,4643,4644,4645,4646,4647,4648,4649,4650,4651,4652,4653,4654,4655,4656,4657,4658,4659,4660,4661,4662,4663,4664,4665,4666,4667,4668,4669,4670,4671,4672,4673,4674,4675,4676,4677,4678,4679,4680,4681,4682,4683,4684,4685,4686,4687,4688,4689,4690,4691,4692,4693,4694,4695,4696,4697,4698,4699,4700,4701,4702,4703,4704,4705,4706,4707,4708,4709,4710,4711,4712,4713,4714,4715,4716,4717,4718,4719,4720,4721,4722,4723,4724,4725,4726,4727,4728,4729,4730,4731,4732,4733,4734,4735,4736,4737,4738,4739,4740,4741,4742,4743,4744,4745,4746,4747,4748,4749,4750,4751,4752,4753,4754,4755,4756,4757,4758,4759,4760,4761,4762,4763,4764,4765,4766,4767,4768,4769,4770,4771,4772,4773,4774,4775,4776,4777,4778,4779,4780,4781,4782,4783,4784,4785,4786,4787,4788,4789,4790,4791,4792,4793,4794,4795,4796,4797,4798,4799,4800,4801,4802,4803,4804,4805,4806,4807,4808,4809,4810,4811,4812,4813,4814,4815,4816,4817,4818,4819,4820,4821,4822,4823,4824 compressed_bytes=272131397 uncompressed_bytes=401095273 column_bytes=l_partkey:130296975:191475575,l_quantity:18114302:18144123,l_extendedprice:123720120:191475575 output_rows=23933699 output_columns=3 split_count=1 duration_us=489313
[2026-07-01 16:02:04.138] [info] [gpu_pipeline_task.cpp:311] [stage-audit] pipeline_id=3 task_id=21 operator_id=42 operator_name=GPU_SCAN stage_kind=SCAN operator_type=94 input_type=GPU_SCAN output_type=PIPELINEABLE actual_gpu=0 pipeline_operator_count=1 input_batches=0 input_rows=0 input_columns=0 input_bytes=0 output_batches=1 output_rows=23933699 output_columns=3 output_bytes=583384008 byte_ratio=0.000000 row_ratio=0.000000 duration_us=504102
[2026-07-01 16:02:04.138] [info] [task_creator.cpp:352] [locality-audit] task_create operator_id=44 input_bytes=583384008 local_bytes=583384008 gpu_source_bytes=583384008 host_source_bytes=0 disk_source_bytes=0 gpu_sources=1 host_sources=0 preferred_device=3
[2026-07-01 16:02:04.344] [info] [parquet_gpu_ingestible.cpp:696] [scan-audit] parquet_materialize target_gpu=1 files=/mnt/nvme/dataset/lineitem.parquet columns=l_partkey,l_quantity,l_extendedprice row_groups=1034,1035,1036,1037,1038,1039,1040,1041,1042,1043,1044,1045,1046,1047,1048,1049,1050,1051,1052,1053,1054,1055,1056,1057,1058,1059,1060,1061,1062,1063,1064,1065,1066,1067,1068,1069,1070,1071,1072,1073,1074,1075,1076,1077,1078,1079,1080,1081,1082,1083,1084,1085,1086,1087,1088,1089,1090,1091,1092,1093,1094,1095,1096,1097,1098,1099,1100,1101,1102,1103,1104,1105,1106,1107,1108,1109,1110,1111,1112,1113,1114,1115,1116,1117,1118,1119,1120,1121,1122,1123,1124,1125,1126,1127,1128,1129,1130,1131,1132,1133,1134,1135,1136,1137,1138,1139,1140,1141,1142,1143,1144,1145,1146,1147,1148,1149,1150,1151,1152,1153,1154,1155,1156,1157,1158,1159,1160,1161,1162,1163,1164,1165,1166,1167,1168,1169,1170,1171,1172,1173,1174,1175,1176,1177,1178,1179,1180,1181,1182,1183,1184,1185,1186,1187,1188,1189,1190,1191,1192,1193,1194,1195,1196,1197,1198,1199,1200,1201,1202,1203,1204,1205,1206,1207,1208,1209,1210,1211,1212,1213,1214,1215,1216,1217,1218,1219,1220,1221,1222,1223,1224,1225,1226,1227,1228,1229,1230,1231,1232,1233,1234,1235,1236,1237,1238,1239,1240,1241,1242,1243,1244,1245,1246,1247,1248,1249,1250,1251,1252,1253,1254,1255,1256,1257,1258,1259,1260,1261,1262,1263,1264,1265,1266,1267,1268,1269,1270,1271,1272,1273,1274,1275,1276,1277,1278,1279,1280,1281,1282,1283,1284,1285,1286,1287,1288,1289,1290 compressed_bytes=363983095 uncompressed_bytes=536466187 column_bytes=l_partkey:174276832:256098679,l_quantity:24229206:24268829,l_extendedprice:165477057:256098679 output_rows=32011339 output_columns=3 split_count=1 duration_us=676629
[2026-07-01 16:02:04.344] [info] [gpu_pipeline_task.cpp:311] [stage-audit] pipeline_id=3 task_id=7 operator_id=42 operator_name=GPU_SCAN stage_kind=SCAN operator_type=94 input_type=GPU_SCAN output_type=PIPELINEABLE actual_gpu=1 pipeline_operator_count=1 input_batches=0 input_rows=0 input_columns=0 input_bytes=0 output_batches=1 output_rows=32011339 output_columns=3 output_bytes=780276552 byte_ratio=0.000000 row_ratio=0.000000 duration_us=739458
[2026-07-01 16:02:04.344] [info] [task_creator.cpp:352] [locality-audit] task_create operator_id=44 input_bytes=780276552 local_bytes=780276552 gpu_source_bytes=780276552 host_source_bytes=0 disk_source_bytes=0 gpu_sources=1 host_sources=0 preferred_device=1
[2026-07-01 16:02:04.344] [info] [task_scheduler.cpp:367] [mgpu-audit] pipeline_task dispatched to GPU 1 task_id=15
[2026-07-01 16:02:04.344] [info] [task_scheduler.cpp:369] [locality-audit] dispatch task_id=15 preferred_device=1 actual_gpu=1
[2026-07-01 16:02:04.344] [info] [task_scheduler.cpp:367] [mgpu-audit] pipeline_task dispatched to GPU 1 task_id=19
[2026-07-01 16:02:04.344] [info] [task_scheduler.cpp:369] [locality-audit] dispatch task_id=19 preferred_device=1 actual_gpu=1
[2026-07-01 16:02:04.344] [info] [task_scheduler.cpp:367] [mgpu-audit] pipeline_task dispatched to GPU 1 task_id=25
[2026-07-01 16:02:04.344] [info] [task_scheduler.cpp:369] [locality-audit] dispatch task_id=25 preferred_device=1 actual_gpu=1
[2026-07-01 16:02:04.344] [info] [gpu_pipeline_task.cpp:182] [locality-audit] prepare_before pipeline_id=4 task_id=25 preferred_device=1 actual_gpu=1 target_tier=GPU target_device=1 input_bytes=780718152 local_bytes=780718152 remote_gpu_bytes=0 host_bytes=0 disk_bytes=0 batch_count=1
[2026-07-01 16:02:04.344] [info] [gpu_pipeline_task.cpp:182] [locality-audit] prepare_after pipeline_id=4 task_id=25 preferred_device=1 actual_gpu=1 target_tier=GPU target_device=1 input_bytes=780718152 local_bytes=780718152 remote_gpu_bytes=0 host_bytes=0 disk_bytes=0 batch_count=1
[2026-07-01 16:02:04.344] [info] [gpu_pipeline_task.cpp:311] [stage-audit] pipeline_id=4 task_id=25 operator_id=44 operator_name=PARTITION stage_kind=PARTITION operator_type=82 input_type=PIPELINEABLE output_type=PIPELINEABLE actual_gpu=1 pipeline_operator_count=1 input_batches=1 input_rows=32029459 input_columns=3 input_bytes=780718152 output_batches=1 output_rows=32029459 output_columns=3 output_bytes=780718152 byte_ratio=1.000000 row_ratio=1.000000 duration_us=8
[2026-07-01 16:02:04.345] [info] [task_scheduler.cpp:367] [mgpu-audit] pipeline_task dispatched to GPU 1 task_id=31
[2026-07-01 16:02:04.345] [info] [task_scheduler.cpp:369] [locality-audit] dispatch task_id=31 preferred_device=1 actual_gpu=1
[2026-07-01 16:02:04.519] [info] [parquet_gpu_ingestible.cpp:696] [scan-audit] parquet_materialize target_gpu=3 files=/mnt/nvme/dataset/lineitem.parquet columns=l_partkey,l_quantity,l_extendedprice row_groups=2576,2577,2578,2579,2580,2581,2582,2583,2584,2585,2586,2587,2588,2589,2590,2591,2592,2593,2594,2595,2596,2597,2598,2599,2600,2601,2602,2603,2604,2605,2606,2607,2608,2609,2610,2611,2612,2613,2614,2615,2616,2617,2618,2619,2620,2621,2622,2623,2624,2625,2626,2627,2628,2629,2630,2631,2632,2633,2634,2635,2636,2637,2638,2639,2640,2641,2642,2643,2644,2645,2646,2647,2648,2649,2650,2651,2652,2653,2654,2655,2656,2657,2658,2659,2660,2661,2662,2663,2664,2665,2666,2667,2668,2669,2670,2671,2672,2673,2674,2675,2676,2677,2678,2679,2680,2681,2682,2683,2684,2685,2686,2687,2688,2689,2690,2691,2692,2693,2694,2695,2696,2697,2698,2699,2700,2701,2702,2703,2704,2705,2706,2707,2708,2709,2710,2711,2712,2713,2714,2715,2716,2717,2718,2719,2720,2721,2722,2723,2724,2725,2726,2727,2728,2729,2730,2731,2732,2733,2734,2735,2736,2737,2738,2739,2740,2741,2742,2743,2744,2745,2746,2747,2748,2749,2750,2751,2752,2753,2754,2755,2756,2757,2758,2759,2760,2761,2762,2763,2764,2765,2766,2767,2768,2769,2770,2771,2772,2773,2774,2775,2776,2777,2778,2779,2780,2781,2782,2783,2784,2785,2786,2787,2788,2789,2790,2791,2792,2793,2794,2795,2796,2797,2798,2799,2800,2801,2802,2803,2804,2805,2806,2807,2808,2809,2810,2811,2812,2813,2814,2815,2816,2817,2818,2819,2820,2821,2822,2823,2824,2825,2826,2827,2828,2829,2830,2831,2832 compressed_bytes=363984979 uncompressed_bytes=536471055 column_bytes=l_partkey:174276560:256101111,l_quantity:24229241:24268833,l_extendedprice:165479178:256101111 output_rows=32011643 output_columns=3 split_count=1 duration_us=840727
[2026-07-01 16:02:04.519] [info] [gpu_pipeline_task.cpp:311] [stage-audit] pipeline_id=3 task_id=13 operator_id=42 operator_name=GPU_SCAN stage_kind=SCAN operator_type=94 input_type=GPU_SCAN output_type=PIPELINEABLE actual_gpu=0 pipeline_operator_count=1 input_batches=0 input_rows=0 input_columns=0 input_bytes=0 output_batches=1 output_rows=32011643 output_columns=3 output_bytes=780283848 byte_ratio=0.000000 row_ratio=0.000000 duration_us=885141
[2026-07-01 16:02:04.519] [info] [task_creator.cpp:352] [locality-audit] task_create operator_id=44 input_bytes=780283848 local_bytes=780283848 gpu_source_bytes=780283848 host_source_bytes=0 disk_source_bytes=0 gpu_sources=1 host_sources=0 preferred_device=3
[2026-07-01 16:02:04.519] [info] [gpu_pipeline_task.cpp:182] [locality-audit] prepare_before pipeline_id=4 task_id=22 preferred_device=3 actual_gpu=0 target_tier=GPU target_device=3 input_bytes=779312496 local_bytes=779312496 remote_gpu_bytes=0 host_bytes=0 disk_bytes=0 batch_count=1
[2026-07-01 16:02:04.519] [info] [task_scheduler.cpp:367] [mgpu-audit] pipeline_task dispatched to GPU 3 task_id=26
[2026-07-01 16:02:04.519] [info] [task_scheduler.cpp:369] [locality-audit] dispatch task_id=26 preferred_device=3 actual_gpu=3
[2026-07-01 16:02:04.519] [info] [gpu_pipeline_task.cpp:182] [locality-audit] prepare_after pipeline_id=4 task_id=22 preferred_device=3 actual_gpu=0 target_tier=GPU target_device=3 input_bytes=779312496 local_bytes=779312496 remote_gpu_bytes=0 host_bytes=0 disk_bytes=0 batch_count=1
[2026-07-01 16:02:04.519] [info] [task_scheduler.cpp:367] [mgpu-audit] pipeline_task dispatched to GPU 3 task_id=32
[2026-07-01 16:02:04.519] [info] [task_scheduler.cpp:369] [locality-audit] dispatch task_id=32 preferred_device=3 actual_gpu=3
[2026-07-01 16:02:04.519] [info] [gpu_pipeline_task.cpp:311] [stage-audit] pipeline_id=4 task_id=22 operator_id=44 operator_name=PARTITION stage_kind=PARTITION operator_type=82 input_type=PIPELINEABLE output_type=PIPELINEABLE actual_gpu=0 pipeline_operator_count=1 input_batches=1 input_rows=31971794 input_columns=3 input_bytes=779312496 output_batches=1 output_rows=31971794 output_columns=3 output_bytes=779312496 byte_ratio=1.000000 row_ratio=1.000000 duration_us=8
[2026-07-01 16:02:04.519] [info] [gpu_pipeline_task.cpp:182] [locality-audit] prepare_before pipeline_id=4 task_id=32 preferred_device=3 actual_gpu=0 target_tier=GPU target_device=3 input_bytes=583384008 local_bytes=583384008 remote_gpu_bytes=0 host_bytes=0 disk_bytes=0 batch_count=1
[2026-07-01 16:02:04.519] [info] [gpu_pipeline_task.cpp:182] [locality-audit] prepare_before pipeline_id=4 task_id=26 preferred_device=3 actual_gpu=0 target_tier=GPU target_device=3 input_bytes=780257304 local_bytes=780257304 remote_gpu_bytes=0 host_bytes=0 disk_bytes=0 batch_count=1
[2026-07-01 16:02:04.520] [info] [gpu_pipeline_task.cpp:182] [locality-audit] prepare_after pipeline_id=4 task_id=32 preferred_device=3 actual_gpu=0 target_tier=GPU target_device=3 input_bytes=583384008 local_bytes=583384008 remote_gpu_bytes=0 host_bytes=0 disk_bytes=0 batch_count=1
[2026-07-01 16:02:04.520] [info] [gpu_pipeline_task.cpp:311] [stage-audit] pipeline_id=4 task_id=32 operator_id=44 operator_name=PARTITION stage_kind=PARTITION operator_type=82 input_type=PIPELINEABLE output_type=PIPELINEABLE actual_gpu=0 pipeline_operator_count=1 input_batches=1 input_rows=23933699 input_columns=3 input_bytes=583384008 output_batches=1 output_rows=23933699 output_columns=3 output_bytes=583384008 byte_ratio=1.000000 row_ratio=1.000000 duration_us=1
[2026-07-01 16:02:04.520] [info] [task_scheduler.cpp:367] [mgpu-audit] pipeline_task dispatched to GPU 3 task_id=34
[2026-07-01 16:02:04.520] [info] [gpu_pipeline_task.cpp:182] [locality-audit] prepare_after pipeline_id=4 task_id=26 preferred_device=3 actual_gpu=0 target_tier=GPU target_device=3 input_bytes=780257304 local_bytes=780257304 remote_gpu_bytes=0 host_bytes=0 disk_bytes=0 batch_count=1
[2026-07-01 16:02:04.520] [info] [task_scheduler.cpp:369] [locality-audit] dispatch task_id=34 preferred_device=3 actual_gpu=3
[2026-07-01 16:02:04.520] [info] [task_scheduler.cpp:367] [mgpu-audit] pipeline_task dispatched to GPU 0 task_id=35
[2026-07-01 16:02:04.520] [info] [task_scheduler.cpp:369] [locality-audit] dispatch task_id=35 preferred_device=0 actual_gpu=0
[2026-07-01 16:02:04.520] [info] [gpu_pipeline_task.cpp:311] [stage-audit] pipeline_id=4 task_id=26 operator_id=44 operator_name=PARTITION stage_kind=PARTITION operator_type=82 input_type=PIPELINEABLE output_type=PIPELINEABLE actual_gpu=0 pipeline_operator_count=1 input_batches=1 input_rows=32010553 input_columns=3 input_bytes=780257304 output_batches=1 output_rows=32010553 output_columns=3 output_bytes=780257304 byte_ratio=1.000000 row_ratio=1.000000 duration_us=6
[2026-07-01 16:02:04.520] [info] [gpu_pipeline_task.cpp:182] [locality-audit] prepare_before pipeline_id=4 task_id=34 preferred_device=3 actual_gpu=0 target_tier=GPU target_device=3 input_bytes=780283848 local_bytes=780283848 remote_gpu_bytes=0 host_bytes=0 disk_bytes=0 batch_count=1
[2026-07-01 16:02:04.520] [info] [gpu_pipeline_task.cpp:182] [locality-audit] prepare_after pipeline_id=4 task_id=34 preferred_device=3 actual_gpu=0 target_tier=GPU target_device=3 input_bytes=780283848 local_bytes=780283848 remote_gpu_bytes=0 host_bytes=0 disk_bytes=0 batch_count=1
[2026-07-01 16:02:04.520] [info] [gpu_pipeline_task.cpp:311] [stage-audit] pipeline_id=4 task_id=34 operator_id=44 operator_name=PARTITION stage_kind=PARTITION operator_type=82 input_type=PIPELINEABLE output_type=PIPELINEABLE actual_gpu=0 pipeline_operator_count=1 input_batches=1 input_rows=32011643 input_columns=3 input_bytes=780283848 output_batches=1 output_rows=32011643 output_columns=3 output_bytes=780283848 byte_ratio=1.000000 row_ratio=1.000000 duration_us=5
[2026-07-01 16:02:04.520] [info] [task_scheduler.cpp:367] [mgpu-audit] pipeline_task dispatched to GPU 0 task_id=36
[2026-07-01 16:02:04.520] [info] [task_scheduler.cpp:369] [locality-audit] dispatch task_id=36 preferred_device=0 actual_gpu=0
[2026-07-01 16:02:04.520] [info] [gpu_pipeline_task.cpp:182] [locality-audit] prepare_before pipeline_id=5 task_id=35 preferred_device=0 actual_gpu=0 target_tier=GPU target_device=0 input_bytes=780718152 local_bytes=0 remote_gpu_bytes=780718152 host_bytes=0 disk_bytes=0 batch_count=1
[2026-07-01 16:02:04.520] [info] [gpu_pipeline_task.cpp:182] [locality-audit] prepare_before pipeline_id=5 task_id=36 preferred_device=0 actual_gpu=0 target_tier=GPU target_device=0 input_bytes=779312496 local_bytes=0 remote_gpu_bytes=779312496 host_bytes=0 disk_bytes=0 batch_count=1
[2026-07-01 16:02:04.918] [error] [sirius_physical_operator.cpp:103] pipelineable_operator_data: Unknown error at batch 4 preparing for processing, state: 0: CUDA error at: /home/dy1013/sirius_multi-gpu/cucascade/src/data/representation_converter.cpp:703: cudaErrorIllegalAddress an illegal memory access was encountered
[2026-07-01 16:02:04.918] [error] [gpu_pipeline_task.cpp:1048] Unknown error in prepare_for_processing for pipeline 5: CUDA error at: /home/dy1013/sirius_multi-gpu/cucascade/src/data/representation_converter.cpp:703: cudaErrorIllegalAddress an illegal memory access was encountered
[2026-07-01 16:02:04.918] [error] [gpu_pipeline_executor.cpp:400] GPU Pipeline Executor: Exception during task execution: CUDA error at: /home/dy1013/sirius_multi-gpu/cucascade/src/data/representation_converter.cpp:703: cudaErrorIllegalAddress an illegal memory access was encountered
[2026-07-01 16:02:04.919] [error] [sirius_physical_operator.cpp:103] pipelineable_operator_data: Unknown error at batch 1 preparing for processing, state: 0: CUDA error at: /home/dy1013/sirius_multi-gpu/cucascade/src/data/representation_converter.cpp:703: cudaErrorIllegalAddress an illegal memory access was encountered
[2026-07-01 16:02:04.919] [error] [gpu_pipeline_task.cpp:1048] Unknown error in prepare_for_processing for pipeline 5: CUDA error at: /home/dy1013/sirius_multi-gpu/cucascade/src/data/representation_converter.cpp:703: cudaErrorIllegalAddress an illegal memory access was encountered
[2026-07-01 16:02:04.919] [error] [gpu_pipeline_executor.cpp:400] GPU Pipeline Executor: Exception during task execution: CUDA error at: /home/dy1013/sirius_multi-gpu/cucascade/src/data/representation_converter.cpp:703: cudaErrorIllegalAddress an illegal memory access was encountered
[2026-07-01 16:02:04.919] [error] [gpu_pipeline_executor.cpp:400] GPU Pipeline Executor: Exception during task execution: after dispatching exclusive_scan_by_key kernel: cudaErrorIllegalAddress: an illegal memory access was encountered
[2026-07-01 16:02:04.920] [error] [gpu_pipeline_executor.cpp:400] GPU Pipeline Executor: Exception during task execution: uring_reactor: cudaMemcpyAsync failed: an illegal memory access was encountered
[2026-07-01 16:02:04.920] [info] [gpu_pipeline_task.cpp:182] [locality-audit] prepare_before pipeline_id=4 task_id=24 preferred_device=2 actual_gpu=2 target_tier=GPU target_device=2 input_bytes=779308944 local_bytes=779308944 remote_gpu_bytes=0 host_bytes=0 disk_bytes=0 batch_count=1
[2026-07-01 16:02:04.920] [error] [gpu_pipeline_task.cpp:1048] Unknown error in prepare_for_processing for pipeline 4: CUDA error at: /tmp/conda-bld-output/bld/rattler-build_librmm/work/cpp/src/cuda_stream_view.cpp:45: cudaErrorIllegalAddress an illegal memory access was encountered
[2026-07-01 16:02:04.920] [error] [gpu_pipeline_executor.cpp:400] GPU Pipeline Executor: Exception during task execution: CUDA error at: /tmp/conda-bld-output/bld/rattler-build_librmm/work/cpp/src/cuda_stream_view.cpp:45: cudaErrorIllegalAddress an illegal memory access was encountered
[2026-07-01 16:02:04.923] [error] [sirius_engine.cpp:178] Error executing query: CUDA error at: /home/dy1013/sirius_multi-gpu/cucascade/src/data/representation_converter.cpp:703: cudaErrorIllegalAddress an illegal memory access was encountered
[2026-07-01 16:02:04.923] [info] [task_scheduler.cpp:189] task_scheduler: draining after error
[2026-07-01 16:02:04.924] [info] [gpu_pipeline_executor.cpp:118] GPU Pipeline Executor: task queue interrupted, stopping manager loop
[2026-07-01 16:02:04.924] [info] [gpu_pipeline_executor.cpp:118] GPU Pipeline Executor: task queue interrupted, stopping manager loop
[2026-07-01 16:02:04.957] [error] [gpu_pipeline_executor.cpp:400] GPU Pipeline Executor: Exception during task execution: uring_reactor: cudaMemcpyAsync failed: an illegal memory access was encountered
[2026-07-01 16:02:05.051] [error] [gpu_pipeline_executor.cpp:400] GPU Pipeline Executor: Exception during task execution: uring_reactor: cudaMemcpyAsync failed: an illegal memory access was encountered
[2026-07-01 16:02:05.128] [error] [gpu_pipeline_executor.cpp:400] GPU Pipeline Executor: Exception during task execution: uring_reactor: cudaMemcpyAsync failed: an illegal memory access was encountered
[2026-07-01 16:02:05.128] [info] [gpu_pipeline_task.cpp:182] [locality-audit] prepare_before pipeline_id=6 task_id=31 preferred_device=1 actual_gpu=1 target_tier=GPU target_device=1 input_bytes=779558176 local_bytes=0 remote_gpu_bytes=779558176 host_bytes=0 disk_bytes=0 batch_count=2
[2026-07-01 16:02:05.128] [error] [sirius_physical_operator.cpp:103] pipelineable_operator_data: Unknown error at batch 2 preparing for processing, state: 0: CUDA error at: /tmp/conda-bld-output/bld/rattler-build_librmm/work/cpp/src/cuda_stream_view.cpp:45: cudaErrorIllegalAddress an illegal memory access was encountered
[2026-07-01 16:02:05.128] [error] [gpu_pipeline_task.cpp:1048] Unknown error in prepare_for_processing for pipeline 6: CUDA error at: /tmp/conda-bld-output/bld/rattler-build_librmm/work/cpp/src/cuda_stream_view.cpp:45: cudaErrorIllegalAddress an illegal memory access was encountered
[2026-07-01 16:02:05.128] [error] [gpu_pipeline_executor.cpp:400] GPU Pipeline Executor: Exception during task execution: CUDA error at: /tmp/conda-bld-output/bld/rattler-build_librmm/work/cpp/src/cuda_stream_view.cpp:45: cudaErrorIllegalAddress an illegal memory access was encountered
[2026-07-01 16:02:05.212] [error] [gpu_pipeline_executor.cpp:400] GPU Pipeline Executor: Exception during task execution: uring_reactor: cudaMemcpyAsync failed: an illegal memory access was encountered
[2026-07-01 16:02:05.212] [info] [gpu_pipeline_executor.cpp:118] GPU Pipeline Executor: task queue interrupted, stopping manager loop
[2026-07-01 16:02:05.401] [error] [gpu_pipeline_executor.cpp:400] GPU Pipeline Executor: Exception during task execution: uring_reactor: cudaMemcpyAsync failed: an illegal memory access was encountered
[2026-07-01 16:02:05.401] [error] [gpu_pipeline_executor.cpp:400] GPU Pipeline Executor: Exception during task execution: uring_reactor: cudaMemcpyAsync failed: an illegal memory access was encountered
[2026-07-01 16:02:05.401] [info] [gpu_pipeline_executor.cpp:118] GPU Pipeline Executor: task queue interrupted, stopping manager loop
