query set: /home/dy1013/sirius_multi-gpu/test/tpch_performance/clickbench_queries.py
column set: clickbench_pin_columns: 43 queries, 20 fixed-width columns
skipping q1, q5, q6, q24, q29, q30 (37 queries per execution)
explicit order: q23,q22,q21,q28,q34,q35,q32,q14,q25,q33,q19,q26,q27,q18,q15,q17,q13,q31,q12,q40,q11,q38,q10,q37,q9,q39,q20,q41,q4,q36,q16,q42,q3,q43,q2,q7,q8
reordered: q25,q27,q19,q23,q14,q18,q17,q11,q20,q4,q16,q9,q10,q3,q2,q8,q40,q28,q38,q37,q7,q43,q39,q41,q42,q32,q33,q36,q31,q15,q22,q21,q34,q35,q26,q13,q12
[celebi_fixed_variable] exec=1/3 pos=1/37 q25 done
[celebi_fixed_variable] exec=1/3 pos=2/37 q27 done
[celebi_fixed_variable] exec=1/3 pos=3/37 q19 done
[celebi_fixed_variable] exec=1/3 pos=4/37 q23 done
[celebi_fixed_variable] exec=1/3 pos=5/37 q14 done
[celebi_fixed_variable] exec=1/3 pos=6/37 q18 done
[celebi_fixed_variable] exec=1/3 pos=7/37 q17 done
[celebi_fixed_variable] exec=1/3 pos=8/37 q11 done
[celebi_fixed_variable] exec=1/3 pos=9/37 q20 done
[celebi_fixed_variable] exec=1/3 pos=10/37 q4 done
[celebi_fixed_variable] exec=1/3 pos=11/37 q16 done
[celebi_fixed_variable] exec=1/3 pos=12/37 q9 done
[celebi_fixed_variable] exec=1/3 pos=13/37 q10 done
[celebi_fixed_variable] exec=1/3 pos=14/37 q3 done
[celebi_fixed_variable] exec=1/3 pos=15/37 q2 done
[celebi_fixed_variable] exec=1/3 pos=16/37 q8 done
[celebi_fixed_variable] exec=1/3 pos=17/37 q40 done
[celebi_fixed_variable] exec=1/3 pos=18/37 q28 done
[celebi_fixed_variable] exec=1/3 pos=19/37 q38 done
[celebi_fixed_variable] exec=1/3 pos=20/37 q37 done
[celebi_fixed_variable] exec=1/3 pos=21/37 q7 done
[celebi_fixed_variable] exec=1/3 pos=22/37 q43 done
[celebi_fixed_variable] exec=1/3 pos=23/37 q39 done
[celebi_fixed_variable] exec=1/3 pos=24/37 q41 done
[celebi_fixed_variable] exec=1/3 pos=25/37 q42 done
[celebi_fixed_variable] exec=1/3 pos=26/37 q32 done
[celebi_fixed_variable] exec=1/3 pos=27/37 q33 done
[celebi_fixed_variable] exec=1/3 pos=28/37 q36 done
[celebi_fixed_variable] exec=1/3 pos=29/37 q31 done
[celebi_fixed_variable] exec=1/3 pos=30/37 q15 done
[celebi_fixed_variable] exec=1/3 pos=31/37 q22 done
[celebi_fixed_variable] exec=1/3 pos=32/37 q21 done
[celebi_fixed_variable] exec=1/3 pos=33/37 q34 done
[celebi_fixed_variable] exec=1/3 pos=34/37 q35 done
[celebi_fixed_variable] exec=1/3 pos=35/37 q26 done
[celebi_fixed_variable] exec=1/3 pos=36/37 q13 done
[celebi_fixed_variable] exec=1/3 pos=37/37 q12 done
[celebi_fixed_variable] exec=2/3 pos=1/37 q25 done
[celebi_fixed_variable] exec=2/3 pos=2/37 q27 done
[celebi_fixed_variable] exec=2/3 pos=3/37 q19 done
[celebi_fixed_variable] exec=2/3 pos=4/37 q23 done
[celebi_fixed_variable] exec=2/3 pos=5/37 q14 done
[celebi_fixed_variable] exec=2/3 pos=6/37 q18 done
[celebi_fixed_variable] exec=2/3 pos=7/37 q17 done
[celebi_fixed_variable] exec=2/3 pos=8/37 q11 done
[celebi_fixed_variable] exec=2/3 pos=9/37 q20 done
[celebi_fixed_variable] exec=2/3 pos=10/37 q4 done
[celebi_fixed_variable] exec=2/3 pos=11/37 q16 done
[celebi_fixed_variable] exec=2/3 pos=12/37 q9 done
[celebi_fixed_variable] exec=2/3 pos=13/37 q10 done
[celebi_fixed_variable] exec=2/3 pos=14/37 q3 done
[celebi_fixed_variable] exec=2/3 pos=15/37 q2 done
[celebi_fixed_variable] exec=2/3 pos=16/37 q8 done
[celebi_fixed_variable] exec=2/3 pos=17/37 q40 done
[celebi_fixed_variable] exec=2/3 pos=18/37 q28 done
[celebi_fixed_variable] exec=2/3 pos=19/37 q38 done
[celebi_fixed_variable] exec=2/3 pos=20/37 q37 done
[celebi_fixed_variable] exec=2/3 pos=21/37 q7 done
[celebi_fixed_variable] exec=2/3 pos=22/37 q43 done
[celebi_fixed_variable] exec=2/3 pos=23/37 q39 done
[celebi_fixed_variable] exec=2/3 pos=24/37 q41 done
[celebi_fixed_variable] exec=2/3 pos=25/37 q42 done
[celebi_fixed_variable] exec=2/3 pos=26/37 q32 done
[celebi_fixed_variable] exec=2/3 pos=27/37 q33 done
[celebi_fixed_variable] exec=2/3 pos=28/37 q36 done
[celebi_fixed_variable] exec=2/3 pos=29/37 q31 done
[celebi_fixed_variable] exec=2/3 pos=30/37 q15 done
[celebi_fixed_variable] exec=2/3 pos=31/37 q22 done
[celebi_fixed_variable] exec=2/3 pos=32/37 q21 done
[celebi_fixed_variable] exec=2/3 pos=33/37 q34 done
[celebi_fixed_variable] exec=2/3 pos=34/37 q35 done
[celebi_fixed_variable] exec=2/3 pos=35/37 q26 done
[celebi_fixed_variable] exec=2/3 pos=36/37 q13 done
[celebi_fixed_variable] exec=2/3 pos=37/37 q12 done
[celebi_fixed_variable] exec=3/3 pos=1/37 q25 done
[celebi_fixed_variable] exec=3/3 pos=2/37 q27 done
[celebi_fixed_variable] exec=3/3 pos=3/37 q19 done
[celebi_fixed_variable] exec=3/3 pos=4/37 q23 done
[celebi_fixed_variable] exec=3/3 pos=5/37 q14 done
[celebi_fixed_variable] exec=3/3 pos=6/37 q18 done
[celebi_fixed_variable] exec=3/3 pos=7/37 q17 done
[celebi_fixed_variable] exec=3/3 pos=8/37 q11 done
[celebi_fixed_variable] exec=3/3 pos=9/37 q20 done
[celebi_fixed_variable] exec=3/3 pos=10/37 q4 done
[celebi_fixed_variable] exec=3/3 pos=11/37 q16 done
[celebi_fixed_variable] exec=3/3 pos=12/37 q9 done
[celebi_fixed_variable] exec=3/3 pos=13/37 q10 done
[celebi_fixed_variable] exec=3/3 pos=14/37 q3 done
[celebi_fixed_variable] exec=3/3 pos=15/37 q2 done
[celebi_fixed_variable] exec=3/3 pos=16/37 q8 done
[celebi_fixed_variable] exec=3/3 pos=17/37 q40 done
[celebi_fixed_variable] exec=3/3 pos=18/37 q28 done
[celebi_fixed_variable] exec=3/3 pos=19/37 q38 done
[celebi_fixed_variable] exec=3/3 pos=20/37 q37 done
[celebi_fixed_variable] exec=3/3 pos=21/37 q7 done
[celebi_fixed_variable] exec=3/3 pos=22/37 q43 done
[celebi_fixed_variable] exec=3/3 pos=23/37 q39 done
[celebi_fixed_variable] exec=3/3 pos=24/37 q41 done
[celebi_fixed_variable] exec=3/3 pos=25/37 q42 done
[celebi_fixed_variable] exec=3/3 pos=26/37 q32 done
[celebi_fixed_variable] exec=3/3 pos=27/37 q33 done
[celebi_fixed_variable] exec=3/3 pos=28/37 q36 done
[celebi_fixed_variable] exec=3/3 pos=29/37 q31 done
[celebi_fixed_variable] exec=3/3 pos=30/37 q15 done
[celebi_fixed_variable] exec=3/3 pos=31/37 q22 done
[celebi_fixed_variable] exec=3/3 pos=32/37 q21 done
[celebi_fixed_variable] exec=3/3 pos=33/37 q34 done
[celebi_fixed_variable] exec=3/3 pos=34/37 q35 done
[celebi_fixed_variable] exec=3/3 pos=35/37 q26 done
[celebi_fixed_variable] exec=3/3 pos=36/37 q13 done
[celebi_fixed_variable] exec=3/3 pos=37/37 q12 done
