[2026-06-22 04:29:17.936] [warning] [sirius_config.cpp:459] sirius_config: use_sirius_datasource was false but 2 GPUs are configured; the sirius datasource is required for multi-GPU IO routing. Overriding use_sirius_datasource to true.
[2026-06-22 04:29:17.937] [info] [sirius_context.cpp:1046] Loaded Sirius configuration from file: /home/dy1013/sirius_multi-gpu/locality_baseline_runs/20260622_042908/configs/sirius_mgpu2.yaml
[2026-06-22 04:29:17.944] [info] [telemetry_context.cpp:67] Telemetry context initialized (engine=siriusDB)
[2026-06-22 04:29:17.944] [info] [sirius_context.cpp:337] SiriusContext: topology summary — 2 GPU(s), 1 NUMA node(s), host='hicys76'
[2026-06-22 04:29:17.944] [info] [sirius_context.cpp:342]   GPU 0: NVIDIA RTX A5000 (numa=0, pci=00000000:16:00.0)
[2026-06-22 04:29:17.944] [info] [sirius_context.cpp:342]   GPU 1: NVIDIA RTX A5000 (numa=0, pci=00000000:34:00.0)
[2026-06-22 04:29:18.119] [warning] [sirius_context.cpp:352] SiriusContext: disk memory space is not configured; spilling GPU or HOST data to disk is disabled. If queries run out of GPU/HOST memory, downgrades to disk will not be possible.
[2026-06-22 04:29:18.119] [info] [sirius_context.cpp:364] SiriusContext: 1 host memory space(s) created for 1 NUMA node(s)
[2026-06-22 04:29:18.121] [info] [sirius_context.cpp:417] SiriusContext: P2P enabled 0 -> 1
[2026-06-22 04:29:18.121] [info] [sirius_context.cpp:417] SiriusContext: P2P enabled 1 -> 0
[2026-06-22 04:29:18.144] [info] [sirius_context.cpp:477] SiriusContext: cuDF pinned memory resource configured (NUMA-aware, max slab 8192 B, fallback node=0)
[2026-06-22 04:29:18.377] [info] [sirius_context.cpp:1007] Connection opened.
[2026-06-22 04:29:18.377] [info] [sirius_context.cpp:1020] Extension loaded: sirius
[2026-06-22 04:29:18.377] [info] [sirius_context.cpp:258] QueryEnd
[2026-06-22 04:29:18.385] [info] [:] [host_pool] HOST:0 QueryEnd allocated=0 bytes peak=0 bytes free_blocks=512
[2026-06-22 04:29:18.385] [info] [:] [gpu_pool] GPU:0 QueryEnd allocated=0 bytes peak=0 bytes reserved=0 bytes
[2026-06-22 04:29:18.385] [info] [:] [gpu_pool] GPU:1 QueryEnd allocated=0 bytes peak=0 bytes reserved=0 bytes
[2026-06-22 04:29:18.385] [info] [:] [host_pool] HOST:0 QueryBegin allocated=0 bytes peak=0 bytes free_blocks=512
[2026-06-22 04:29:18.385] [info] [:] [gpu_pool] GPU:0 QueryBegin allocated=0 bytes peak=0 bytes reserved=0 bytes
[2026-06-22 04:29:18.385] [info] [:] [gpu_pool] GPU:1 QueryBegin allocated=0 bytes peak=0 bytes reserved=0 bytes
[2026-06-22 04:29:18.385] [info] [sirius_context.cpp:242] QueryBegin: SQL: SET gpu_execution = true;
[2026-06-22 04:29:18.386] [info] [sirius_context.cpp:258] QueryEnd
[2026-06-22 04:29:18.395] [info] [:] [host_pool] HOST:0 QueryEnd allocated=0 bytes peak=0 bytes free_blocks=512
[2026-06-22 04:29:18.395] [info] [:] [gpu_pool] GPU:0 QueryEnd allocated=0 bytes peak=0 bytes reserved=0 bytes
[2026-06-22 04:29:18.395] [info] [:] [gpu_pool] GPU:1 QueryEnd allocated=0 bytes peak=0 bytes reserved=0 bytes
[2026-06-22 04:29:18.396] [info] [:] [host_pool] HOST:0 QueryBegin allocated=0 bytes peak=0 bytes free_blocks=512
[2026-06-22 04:29:18.396] [info] [:] [gpu_pool] GPU:0 QueryBegin allocated=0 bytes peak=0 bytes reserved=0 bytes
[2026-06-22 04:29:18.396] [info] [:] [gpu_pool] GPU:1 QueryBegin allocated=0 bytes peak=0 bytes reserved=0 bytes
[2026-06-22 04:29:18.396] [info] [sirius_context.cpp:242] QueryBegin: SQL: select sum(l_extendedprice * l_discount) as revenue from lineitem where l_shipdate >= date '1997-01-01' and l_shipdate < date '1998-01-01' and l_discount between 0.03 - 0.01 and 0.03 + 0.01 and l_quantity < 24
[2026-06-22 04:29:18.689] [info] [sirius_context.cpp:954] Transparent execution: Sirius physical plan generated successfully
[2026-06-22 04:29:18.701] [info] [sirius_context.cpp:966] Transparent execution: physical plan replaced with GPU operator
[2026-06-22 04:29:18.701] [info] [physical_sirius_execution.cpp:96] Transparent GPU execution: executing query
[2026-06-22 04:29:18.756] [info] [sirius_engine.cpp:400] Query Plan:
=== Pipeline Overview ===
Pipeline #0: GPU_SCAN (id=7) -> PROJECTION (id=4) -> UNGROUPED_AGGREGATE (id=5)
  Output: -> MERGE_AGGREGATE [port: default, barrier: FULL]
Pipeline #1: MERGE_AGGREGATE (id=8)
  Input: <- Pipeline #0 [on: MERGE_AGGREGATE (id=8), port: default, barrier: FULL]
  Dependencies: Pipeline #0
  Output: -> RESULT_COLLECTOR [port: default, barrier: FULL]
Pipeline #2: RESULT_COLLECTOR (id=6)
  Input: <- Pipeline #1 [on: RESULT_COLLECTOR (id=6), port: default, barrier: FULL]
  Dependencies: Pipeline #1

=== Query Plan DAG ===
┌────────────────────────────┐
│ Pipeline #2                │
│ RESULT_COLLECTOR (id=6)    │
│ Input(#1): FULL            │
└─────────────┬──────────────┘
              │               
┌────────────────────────────┐
│ Pipeline #1                │
│ MERGE_AGGREGATE (id=8)     │
│ Input(#0): FULL            │
└─────────────┬──────────────┘
              │               
┌────────────────────────────┐
│ Pipeline #0                │
│ UNGROUPED_AGGREGATE (id=5) │
│ PROJECTION (id=4)          │
│ GPU_SCAN (id=7)            │
└────────────────────────────┘

[2026-06-22 04:29:18.921] [info] [task_scheduler.cpp:366] [mgpu-audit] pipeline_task dispatched to GPU 1 task_id=1
[2026-06-22 04:29:18.921] [info] [task_scheduler.cpp:368] [locality-audit] dispatch task_id=1 preferred_device=1 actual_gpu=1
[2026-06-22 04:29:18.921] [info] [task_scheduler.cpp:366] [mgpu-audit] pipeline_task dispatched to GPU 0 task_id=0
[2026-06-22 04:29:18.921] [info] [task_scheduler.cpp:368] [locality-audit] dispatch task_id=0 preferred_device=0 actual_gpu=0
[2026-06-22 04:29:18.921] [info] [task_scheduler.cpp:366] [mgpu-audit] pipeline_task dispatched to GPU 0 task_id=2
[2026-06-22 04:29:18.921] [info] [task_scheduler.cpp:368] [locality-audit] dispatch task_id=2 preferred_device=0 actual_gpu=0
[2026-06-22 04:29:18.922] [info] [task_scheduler.cpp:366] [mgpu-audit] pipeline_task dispatched to GPU 1 task_id=3
[2026-06-22 04:29:18.922] [info] [task_scheduler.cpp:368] [locality-audit] dispatch task_id=3 preferred_device=1 actual_gpu=1
[2026-06-22 04:29:19.535] [info] [task_scheduler.cpp:366] [mgpu-audit] pipeline_task dispatched to GPU 1 task_id=5
[2026-06-22 04:29:19.535] [info] [task_scheduler.cpp:368] [locality-audit] dispatch task_id=5 preferred_device=1 actual_gpu=1
[2026-06-22 04:29:19.543] [info] [task_scheduler.cpp:366] [mgpu-audit] pipeline_task dispatched to GPU 0 task_id=4
[2026-06-22 04:29:19.543] [info] [task_scheduler.cpp:368] [locality-audit] dispatch task_id=4 preferred_device=0 actual_gpu=0
[2026-06-22 04:29:19.896] [info] [task_scheduler.cpp:366] [mgpu-audit] pipeline_task dispatched to GPU 1 task_id=7
[2026-06-22 04:29:19.896] [info] [task_scheduler.cpp:368] [locality-audit] dispatch task_id=7 preferred_device=1 actual_gpu=1
[2026-06-22 04:29:20.064] [info] [task_scheduler.cpp:366] [mgpu-audit] pipeline_task dispatched to GPU 0 task_id=6
[2026-06-22 04:29:20.064] [info] [task_scheduler.cpp:368] [locality-audit] dispatch task_id=6 preferred_device=0 actual_gpu=0
[2026-06-22 04:29:20.366] [info] [task_scheduler.cpp:366] [mgpu-audit] pipeline_task dispatched to GPU 1 task_id=9
[2026-06-22 04:29:20.366] [info] [task_scheduler.cpp:368] [locality-audit] dispatch task_id=9 preferred_device=1 actual_gpu=1
[2026-06-22 04:29:20.445] [info] [task_scheduler.cpp:366] [mgpu-audit] pipeline_task dispatched to GPU 0 task_id=8
[2026-06-22 04:29:20.445] [info] [task_scheduler.cpp:368] [locality-audit] dispatch task_id=8 preferred_device=0 actual_gpu=0
[2026-06-22 04:29:21.197] [info] [task_creator.cpp:351] [locality-audit] task_create operator_id=8 input_bytes=160 local_bytes=64 gpu_source_bytes=128 host_source_bytes=32 disk_source_bytes=0 gpu_sources=2 host_sources=1 preferred_device=0
[2026-06-22 04:29:21.197] [info] [task_scheduler.cpp:366] [mgpu-audit] pipeline_task dispatched to GPU 0 task_id=10
[2026-06-22 04:29:21.197] [info] [task_scheduler.cpp:368] [locality-audit] dispatch task_id=10 preferred_device=0 actual_gpu=0
[2026-06-22 04:29:21.198] [info] [gpu_pipeline_task.cpp:173] [locality-audit] prepare_before pipeline_id=1 task_id=10 preferred_device=0 actual_gpu=0 target_tier=GPU target_device=0 input_bytes=160 local_bytes=64 remote_gpu_bytes=64 host_bytes=32 disk_bytes=0 batch_count=10
[2026-06-22 04:29:21.200] [info] [gpu_pipeline_task.cpp:173] [locality-audit] prepare_after pipeline_id=1 task_id=10 preferred_device=0 actual_gpu=0 target_tier=GPU target_device=0 input_bytes=160 local_bytes=160 remote_gpu_bytes=0 host_bytes=0 disk_bytes=0 batch_count=10
[2026-06-22 04:29:21.203] [info] [task_creator.cpp:351] [locality-audit] task_create operator_id=6 input_bytes=16 local_bytes=16 gpu_source_bytes=16 host_source_bytes=0 disk_source_bytes=0 gpu_sources=1 host_sources=0 preferred_device=0
[2026-06-22 04:29:21.203] [info] [task_scheduler.cpp:366] [mgpu-audit] pipeline_task dispatched to GPU 0 task_id=11
[2026-06-22 04:29:21.203] [info] [task_scheduler.cpp:368] [locality-audit] dispatch task_id=11 preferred_device=0 actual_gpu=0
[2026-06-22 04:29:21.204] [info] [gpu_pipeline_task.cpp:173] [locality-audit] prepare_before pipeline_id=2 task_id=11 preferred_device=0 actual_gpu=0 target_tier=GPU target_device=0 input_bytes=16 local_bytes=16 remote_gpu_bytes=0 host_bytes=0 disk_bytes=0 batch_count=1
[2026-06-22 04:29:21.204] [info] [gpu_pipeline_task.cpp:173] [locality-audit] prepare_after pipeline_id=2 task_id=11 preferred_device=0 actual_gpu=0 target_tier=GPU target_device=0 input_bytes=16 local_bytes=16 remote_gpu_bytes=0 host_bytes=0 disk_bytes=0 batch_count=1
[2026-06-22 04:29:21.224] [info] [gpu_pipeline_executor.cpp:118] GPU Pipeline Executor: task queue interrupted, stopping manager loop
[2026-06-22 04:29:21.225] [info] [gpu_pipeline_executor.cpp:118] GPU Pipeline Executor: task queue interrupted, stopping manager loop
[2026-06-22 04:29:21.241] [info] [physical_sirius_execution.cpp:160] Transparent GPU execution: query completed
[2026-06-22 04:29:21.261] [info] [sirius_context.cpp:258] QueryEnd
[2026-06-22 04:29:21.277] [info] [:] [host_pool] HOST:0 QueryEnd allocated=5242880 bytes peak=8388608 bytes free_blocks=507
[2026-06-22 04:29:21.277] [info] [:] [gpu_pool] GPU:0 QueryEnd allocated=0 bytes peak=3200000000 bytes reserved=0 bytes
[2026-06-22 04:29:21.277] [info] [:] [gpu_pool] GPU:1 QueryEnd allocated=0 bytes peak=3200000000 bytes reserved=0 bytes
[2026-06-22 04:29:21.278] [info] [:] [host_pool] HOST:0 QueryBegin allocated=5242880 bytes peak=8388608 bytes free_blocks=507
[2026-06-22 04:29:21.278] [info] [:] [gpu_pool] GPU:0 QueryBegin allocated=0 bytes peak=3200000000 bytes reserved=0 bytes
[2026-06-22 04:29:21.278] [info] [:] [gpu_pool] GPU:1 QueryBegin allocated=0 bytes peak=3200000000 bytes reserved=0 bytes
[2026-06-22 04:29:21.278] [info] [sirius_context.cpp:242] QueryBegin: SQL: SET gpu_execution = true;
[2026-06-22 04:29:21.279] [info] [sirius_context.cpp:258] QueryEnd
[2026-06-22 04:29:21.297] [info] [:] [host_pool] HOST:0 QueryEnd allocated=5242880 bytes peak=8388608 bytes free_blocks=507
[2026-06-22 04:29:21.297] [info] [:] [gpu_pool] GPU:0 QueryEnd allocated=0 bytes peak=3200000000 bytes reserved=0 bytes
[2026-06-22 04:29:21.297] [info] [:] [gpu_pool] GPU:1 QueryEnd allocated=0 bytes peak=3200000000 bytes reserved=0 bytes
[2026-06-22 04:29:21.298] [info] [:] [host_pool] HOST:0 QueryBegin allocated=5242880 bytes peak=8388608 bytes free_blocks=507
[2026-06-22 04:29:21.298] [info] [:] [gpu_pool] GPU:0 QueryBegin allocated=0 bytes peak=3200000000 bytes reserved=0 bytes
[2026-06-22 04:29:21.298] [info] [:] [gpu_pool] GPU:1 QueryBegin allocated=0 bytes peak=3200000000 bytes reserved=0 bytes
[2026-06-22 04:29:21.298] [info] [sirius_context.cpp:242] QueryBegin: SQL: select sum(l_extendedprice * l_discount) as revenue from lineitem where l_shipdate >= date '1997-01-01' and l_shipdate < date '1998-01-01' and l_discount between 0.03 - 0.01 and 0.03 + 0.01 and l_quantity < 24
[2026-06-22 04:29:21.539] [info] [sirius_context.cpp:954] Transparent execution: Sirius physical plan generated successfully
[2026-06-22 04:29:21.560] [info] [sirius_context.cpp:966] Transparent execution: physical plan replaced with GPU operator
[2026-06-22 04:29:21.560] [info] [physical_sirius_execution.cpp:96] Transparent GPU execution: executing query
[2026-06-22 04:29:21.605] [info] [sirius_engine.cpp:400] Query Plan:
=== Pipeline Overview ===
Pipeline #0: GPU_SCAN (id=7) -> PROJECTION (id=4) -> UNGROUPED_AGGREGATE (id=5)
  Output: -> MERGE_AGGREGATE [port: default, barrier: FULL]
Pipeline #1: MERGE_AGGREGATE (id=8)
  Input: <- Pipeline #0 [on: MERGE_AGGREGATE (id=8), port: default, barrier: FULL]
  Dependencies: Pipeline #0
  Output: -> RESULT_COLLECTOR [port: default, barrier: FULL]
Pipeline #2: RESULT_COLLECTOR (id=6)
  Input: <- Pipeline #1 [on: RESULT_COLLECTOR (id=6), port: default, barrier: FULL]
  Dependencies: Pipeline #1

=== Query Plan DAG ===
┌────────────────────────────┐
│ Pipeline #2                │
│ RESULT_COLLECTOR (id=6)    │
│ Input(#1): FULL            │
└─────────────┬──────────────┘
              │               
┌────────────────────────────┐
│ Pipeline #1                │
│ MERGE_AGGREGATE (id=8)     │
│ Input(#0): FULL            │
└─────────────┬──────────────┘
              │               
┌────────────────────────────┐
│ Pipeline #0                │
│ UNGROUPED_AGGREGATE (id=5) │
│ PROJECTION (id=4)          │
│ GPU_SCAN (id=7)            │
└────────────────────────────┘

[2026-06-22 04:29:21.753] [info] [task_scheduler.cpp:366] [mgpu-audit] pipeline_task dispatched to GPU 1 task_id=13
[2026-06-22 04:29:21.753] [info] [task_scheduler.cpp:368] [locality-audit] dispatch task_id=13 preferred_device=1 actual_gpu=1
[2026-06-22 04:29:21.753] [info] [task_scheduler.cpp:366] [mgpu-audit] pipeline_task dispatched to GPU 0 task_id=12
[2026-06-22 04:29:21.753] [info] [task_scheduler.cpp:368] [locality-audit] dispatch task_id=12 preferred_device=0 actual_gpu=0
[2026-06-22 04:29:21.753] [info] [task_scheduler.cpp:366] [mgpu-audit] pipeline_task dispatched to GPU 1 task_id=15
[2026-06-22 04:29:21.753] [info] [task_scheduler.cpp:368] [locality-audit] dispatch task_id=15 preferred_device=1 actual_gpu=1
[2026-06-22 04:29:21.753] [info] [task_scheduler.cpp:366] [mgpu-audit] pipeline_task dispatched to GPU 0 task_id=14
[2026-06-22 04:29:21.753] [info] [task_scheduler.cpp:368] [locality-audit] dispatch task_id=14 preferred_device=0 actual_gpu=0
[2026-06-22 04:29:21.753] [info] [task_scheduler.cpp:366] [mgpu-audit] pipeline_task dispatched to GPU 0 task_id=16
[2026-06-22 04:29:21.753] [info] [task_scheduler.cpp:368] [locality-audit] dispatch task_id=16 preferred_device=0 actual_gpu=0
[2026-06-22 04:29:21.753] [info] [task_scheduler.cpp:366] [mgpu-audit] pipeline_task dispatched to GPU 1 task_id=17
[2026-06-22 04:29:21.753] [info] [task_scheduler.cpp:368] [locality-audit] dispatch task_id=17 preferred_device=1 actual_gpu=1
[2026-06-22 04:29:22.117] [info] [task_scheduler.cpp:366] [mgpu-audit] pipeline_task dispatched to GPU 0 task_id=18
[2026-06-22 04:29:22.117] [info] [task_scheduler.cpp:368] [locality-audit] dispatch task_id=18 preferred_device=0 actual_gpu=0
[2026-06-22 04:29:22.286] [info] [task_scheduler.cpp:366] [mgpu-audit] pipeline_task dispatched to GPU 1 task_id=19
[2026-06-22 04:29:22.286] [info] [task_scheduler.cpp:368] [locality-audit] dispatch task_id=19 preferred_device=1 actual_gpu=1
[2026-06-22 04:29:22.500] [info] [task_scheduler.cpp:366] [mgpu-audit] pipeline_task dispatched to GPU 0 task_id=20
[2026-06-22 04:29:22.500] [info] [task_scheduler.cpp:368] [locality-audit] dispatch task_id=20 preferred_device=0 actual_gpu=0
[2026-06-22 04:29:22.663] [info] [task_scheduler.cpp:366] [mgpu-audit] pipeline_task dispatched to GPU 1 task_id=21
[2026-06-22 04:29:22.663] [info] [task_scheduler.cpp:368] [locality-audit] dispatch task_id=21 preferred_device=1 actual_gpu=1
[2026-06-22 04:29:23.763] [info] [task_creator.cpp:351] [locality-audit] task_create operator_id=8 input_bytes=160 local_bytes=64 gpu_source_bytes=128 host_source_bytes=32 disk_source_bytes=0 gpu_sources=2 host_sources=1 preferred_device=1
[2026-06-22 04:29:23.763] [info] [task_scheduler.cpp:366] [mgpu-audit] pipeline_task dispatched to GPU 1 task_id=22
[2026-06-22 04:29:23.763] [info] [task_scheduler.cpp:368] [locality-audit] dispatch task_id=22 preferred_device=1 actual_gpu=1
[2026-06-22 04:29:23.764] [info] [gpu_pipeline_task.cpp:173] [locality-audit] prepare_before pipeline_id=1 task_id=22 preferred_device=1 actual_gpu=1 target_tier=GPU target_device=1 input_bytes=160 local_bytes=64 remote_gpu_bytes=64 host_bytes=32 disk_bytes=0 batch_count=10
[2026-06-22 04:29:23.764] [info] [gpu_pipeline_task.cpp:173] [locality-audit] prepare_after pipeline_id=1 task_id=22 preferred_device=1 actual_gpu=1 target_tier=GPU target_device=1 input_bytes=160 local_bytes=160 remote_gpu_bytes=0 host_bytes=0 disk_bytes=0 batch_count=10
[2026-06-22 04:29:23.766] [info] [task_creator.cpp:351] [locality-audit] task_create operator_id=6 input_bytes=16 local_bytes=16 gpu_source_bytes=16 host_source_bytes=0 disk_source_bytes=0 gpu_sources=1 host_sources=0 preferred_device=1
[2026-06-22 04:29:23.767] [info] [task_scheduler.cpp:366] [mgpu-audit] pipeline_task dispatched to GPU 1 task_id=23
[2026-06-22 04:29:23.767] [info] [task_scheduler.cpp:368] [locality-audit] dispatch task_id=23 preferred_device=1 actual_gpu=1
[2026-06-22 04:29:23.767] [info] [gpu_pipeline_task.cpp:173] [locality-audit] prepare_before pipeline_id=2 task_id=23 preferred_device=1 actual_gpu=1 target_tier=GPU target_device=1 input_bytes=16 local_bytes=16 remote_gpu_bytes=0 host_bytes=0 disk_bytes=0 batch_count=1
[2026-06-22 04:29:23.767] [info] [gpu_pipeline_task.cpp:173] [locality-audit] prepare_after pipeline_id=2 task_id=23 preferred_device=1 actual_gpu=1 target_tier=GPU target_device=1 input_bytes=16 local_bytes=16 remote_gpu_bytes=0 host_bytes=0 disk_bytes=0 batch_count=1
[2026-06-22 04:29:23.788] [info] [gpu_pipeline_executor.cpp:118] GPU Pipeline Executor: task queue interrupted, stopping manager loop
[2026-06-22 04:29:23.788] [info] [gpu_pipeline_executor.cpp:118] GPU Pipeline Executor: task queue interrupted, stopping manager loop
[2026-06-22 04:29:23.804] [info] [physical_sirius_execution.cpp:160] Transparent GPU execution: query completed
[2026-06-22 04:29:23.825] [info] [sirius_context.cpp:258] QueryEnd
[2026-06-22 04:29:23.842] [info] [:] [host_pool] HOST:0 QueryEnd allocated=5242880 bytes peak=8388608 bytes free_blocks=507
[2026-06-22 04:29:23.842] [info] [:] [gpu_pool] GPU:0 QueryEnd allocated=0 bytes peak=3200000000 bytes reserved=0 bytes
[2026-06-22 04:29:23.842] [info] [:] [gpu_pool] GPU:1 QueryEnd allocated=0 bytes peak=3200000000 bytes reserved=0 bytes
[2026-06-22 04:29:23.842] [info] [sirius_context.cpp:1013] Connection closed.
[2026-06-22 04:29:23.849] [info] [task_scheduler.cpp:295] Task request channel closed, exiting management event loop.
[2026-06-22 04:29:23.849] [info] [gpu_pipeline_executor.cpp:118] GPU Pipeline Executor: task queue interrupted, stopping manager loop
[2026-06-22 04:29:23.850] [info] [gpu_pipeline_executor.cpp:118] GPU Pipeline Executor: task queue interrupted, stopping manager loop
