[2026-07-09 04:25:05.258] [info] [sirius_context.cpp:957] Loaded Sirius configuration from file: /home/dy1013/sirius_multi-gpu/experiment/fixed_page_runs/allq_5x_7gb_fixed/configs/sirius_2gpu.yaml
[2026-07-09 04:25:05.263] [info] [telemetry_context.cpp:78] Telemetry context initialized (engine=siriusDB)
[2026-07-09 04:25:05.263] [info] [sirius_context.cpp:296] SiriusContext: topology summary — 2 GPU(s), 1 NUMA node(s), host='hicys76'
[2026-07-09 04:25:05.263] [info] [sirius_context.cpp:301]   GPU 0: NVIDIA RTX A5000 (numa=0, pci=00000000:AC:00.0)
[2026-07-09 04:25:05.263] [info] [sirius_context.cpp:301]   GPU 1: NVIDIA RTX A5000 (numa=0, pci=00000000:CA:00.0)
[2026-07-09 04:25:05.414] [warning] [sirius_context.cpp:311] SiriusContext: disk memory space is not configured; spilling GPU or HOST data to disk is disabled. If queries run out of GPU/HOST memory, downgrades to disk will not be possible.
[2026-07-09 04:25:05.414] [info] [sirius_context.cpp:323] SiriusContext: 1 host memory space(s) created for 1 NUMA node(s)
[2026-07-09 04:25:05.416] [info] [sirius_context.cpp:376] SiriusContext: P2P enabled 0 -> 1
[2026-07-09 04:25:05.416] [info] [sirius_context.cpp:376] SiriusContext: P2P enabled 1 -> 0
[2026-07-09 04:25:05.434] [info] [sirius_context.cpp:436] SiriusContext: cuDF pinned memory resource configured (NUMA-aware, max slab 8192 B, fallback node=0)
[2026-07-09 04:25:05.437] [info] [sirius_context.cpp:918] Connection opened.
[2026-07-09 04:25:05.437] [info] [sirius_context.cpp:931] Extension loaded: sirius
[2026-07-09 04:25:05.438] [info] [sirius_context.cpp:217] QueryEnd
[2026-07-09 04:25:05.446] [info] [:] [host_pool] HOST:0 QueryEnd allocated=67108864 bytes peak=67108864 bytes free_blocks=448
[2026-07-09 04:25:05.446] [info] [:] [gpu_pool] GPU:0 QueryEnd allocated=0 bytes peak=0 bytes reserved=0 bytes
[2026-07-09 04:25:05.446] [info] [:] [gpu_pool] GPU:1 QueryEnd allocated=0 bytes peak=0 bytes reserved=0 bytes
[2026-07-09 04:25:05.447] [info] [:] [host_pool] HOST:0 QueryBegin allocated=67108864 bytes peak=67108864 bytes free_blocks=448
[2026-07-09 04:25:05.447] [info] [:] [gpu_pool] GPU:0 QueryBegin allocated=0 bytes peak=0 bytes reserved=0 bytes
[2026-07-09 04:25:05.447] [info] [:] [gpu_pool] GPU:1 QueryBegin allocated=0 bytes peak=0 bytes reserved=0 bytes
[2026-07-09 04:25:05.447] [info] [sirius_context.cpp:201] QueryBegin: SQL: CALL pin_table('/mnt/nvme/dataset/customer.parquet', tier='gpu', name='customer', cols=['c_custkey','c_nationkey'])
[2026-07-09 04:25:05.451] [info] [parquet_gpu_ingestible.cpp:250] [coalesce-debug] parquet_batch_coalescer emit #1: 1 slice(s), acc_bytes=183749950, cap=536870912
[2026-07-09 04:25:05.522] [info] [sirius_scan_manager.cpp:1737] [fixed-page-cache] page_directory indexed table='customer' fixed_cols=2 pages=12 resident_pages=12 resident_bytes=180000000 stats_pages=12 evicted_pages=0 eviction_count=0 directory_entries=12 page_bytes=16777216 rows=15000000 owned_pages=0
[2026-07-09 04:25:05.522] [info] [sirius_context.cpp:217] QueryEnd
[2026-07-09 04:25:05.527] [info] [:] [host_pool] HOST:0 QueryEnd allocated=70254592 bytes peak=70254592 bytes free_blocks=445
[2026-07-09 04:25:05.527] [info] [:] [gpu_pool] GPU:0 QueryEnd allocated=183750400 bytes peak=412872192 bytes reserved=0 bytes
[2026-07-09 04:25:05.527] [info] [:] [gpu_pool] GPU:1 QueryEnd allocated=0 bytes peak=0 bytes reserved=0 bytes
[2026-07-09 04:25:05.527] [info] [:] [host_pool] HOST:0 QueryBegin allocated=70254592 bytes peak=70254592 bytes free_blocks=445
[2026-07-09 04:25:05.527] [info] [:] [gpu_pool] GPU:0 QueryBegin allocated=183750400 bytes peak=412872192 bytes reserved=0 bytes
[2026-07-09 04:25:05.527] [info] [:] [gpu_pool] GPU:1 QueryBegin allocated=0 bytes peak=0 bytes reserved=0 bytes
[2026-07-09 04:25:05.527] [info] [sirius_context.cpp:201] QueryBegin: SQL: CALL pin_table('/mnt/nvme/dataset/lineitem.parquet', tier='gpu', name='lineitem', cols=['l_discount','l_extendedprice','l_orderkey','l_shipdate','l_suppkey'])
[2026-07-09 04:25:05.615] [info] [parquet_gpu_ingestible.cpp:250] [coalesce-debug] parquet_batch_coalescer emit #1: 1 slice(s), acc_bytes=535589043, cap=536870912
[2026-07-09 04:25:05.615] [info] [parquet_gpu_ingestible.cpp:250] [coalesce-debug] parquet_batch_coalescer emit #2: 1 slice(s), acc_bytes=533488620, cap=536870912
[2026-07-09 04:25:05.615] [info] [parquet_gpu_ingestible.cpp:250] [coalesce-debug] parquet_batch_coalescer emit #3: 1 slice(s), acc_bytes=533485380, cap=536870912
[2026-07-09 04:25:05.615] [info] [parquet_gpu_ingestible.cpp:250] [coalesce-debug] parquet_batch_coalescer emit #4: 1 slice(s), acc_bytes=533494320, cap=536870912
[2026-07-09 04:25:05.615] [info] [parquet_gpu_ingestible.cpp:250] [coalesce-debug] parquet_batch_coalescer emit #5: 1 slice(s), acc_bytes=533504014, cap=536870912
[2026-07-09 04:25:05.615] [info] [parquet_gpu_ingestible.cpp:250] [coalesce-debug] parquet_batch_coalescer emit #6: 1 slice(s), acc_bytes=533491369, cap=536870912
[2026-07-09 04:25:05.615] [info] [parquet_gpu_ingestible.cpp:250] [coalesce-debug] parquet_batch_coalescer emit #7: 1 slice(s), acc_bytes=534150367, cap=536870912
[2026-07-09 04:25:05.615] [info] [parquet_gpu_ingestible.cpp:250] [coalesce-debug] parquet_batch_coalescer emit #8: 1 slice(s), acc_bytes=533741442, cap=536870912
[2026-07-09 04:25:05.615] [info] [parquet_gpu_ingestible.cpp:250] [coalesce-debug] parquet_batch_coalescer emit #9: 1 slice(s), acc_bytes=533780915, cap=536870912
[2026-07-09 04:25:05.615] [info] [parquet_gpu_ingestible.cpp:250] [coalesce-debug] parquet_batch_coalescer emit #10: 1 slice(s), acc_bytes=533736964, cap=536870912
[2026-07-09 04:25:05.615] [info] [parquet_gpu_ingestible.cpp:250] [coalesce-debug] parquet_batch_coalescer emit #11: 1 slice(s), acc_bytes=533734282, cap=536870912
[2026-07-09 04:25:05.615] [info] [parquet_gpu_ingestible.cpp:250] [coalesce-debug] parquet_batch_coalescer emit #12: 1 slice(s), acc_bytes=533731372, cap=536870912
[2026-07-09 04:25:05.615] [info] [parquet_gpu_ingestible.cpp:250] [coalesce-debug] parquet_batch_coalescer emit #13: 1 slice(s), acc_bytes=533743314, cap=536870912
[2026-07-09 04:25:05.615] [info] [parquet_gpu_ingestible.cpp:250] [coalesce-debug] parquet_batch_coalescer emit #14: 1 slice(s), acc_bytes=533749323, cap=536870912
[2026-07-09 04:25:05.615] [info] [parquet_gpu_ingestible.cpp:250] [coalesce-debug] parquet_batch_coalescer emit #15: 1 slice(s), acc_bytes=533716846, cap=536870912
[2026-07-09 04:25:05.615] [info] [parquet_gpu_ingestible.cpp:250] [coalesce-debug] parquet_batch_coalescer emit #16: 1 slice(s), acc_bytes=533741169, cap=536870912
[2026-07-09 04:25:05.615] [info] [parquet_gpu_ingestible.cpp:250] [coalesce-debug] parquet_batch_coalescer emit #17: 1 slice(s), acc_bytes=533738404, cap=536870912
[2026-07-09 04:25:05.615] [info] [parquet_gpu_ingestible.cpp:250] [coalesce-debug] parquet_batch_coalescer emit #18: 1 slice(s), acc_bytes=533740923, cap=536870912
[2026-07-09 04:25:05.615] [info] [parquet_gpu_ingestible.cpp:250] [coalesce-debug] parquet_batch_coalescer emit #19: 1 slice(s), acc_bytes=533729290, cap=536870912
[2026-07-09 04:25:05.615] [info] [parquet_gpu_ingestible.cpp:250] [coalesce-debug] parquet_batch_coalescer emit #20: 1 slice(s), acc_bytes=533760441, cap=536870912
[2026-07-09 04:25:05.615] [info] [parquet_gpu_ingestible.cpp:250] [coalesce-debug] parquet_batch_coalescer emit #21: 1 slice(s), acc_bytes=533742321, cap=536870912
[2026-07-09 04:25:05.615] [info] [parquet_gpu_ingestible.cpp:250] [coalesce-debug] parquet_batch_coalescer emit #22: 1 slice(s), acc_bytes=533775142, cap=536870912
[2026-07-09 04:25:05.615] [info] [parquet_gpu_ingestible.cpp:250] [coalesce-debug] parquet_batch_coalescer emit #23: 1 slice(s), acc_bytes=533750854, cap=536870912
[2026-07-09 04:25:05.615] [info] [parquet_gpu_ingestible.cpp:250] [coalesce-debug] parquet_batch_coalescer emit #24: 1 slice(s), acc_bytes=533753435, cap=536870912
[2026-07-09 04:25:05.615] [info] [parquet_gpu_ingestible.cpp:250] [coalesce-debug] parquet_batch_coalescer emit #25: 1 slice(s), acc_bytes=533738980, cap=536870912
[2026-07-09 04:25:05.615] [info] [parquet_gpu_ingestible.cpp:250] [coalesce-debug] parquet_batch_coalescer emit #26: 1 slice(s), acc_bytes=533734143, cap=536870912
[2026-07-09 04:25:05.615] [info] [parquet_gpu_ingestible.cpp:250] [coalesce-debug] parquet_batch_coalescer emit #27: 1 slice(s), acc_bytes=533728061, cap=536870912
[2026-07-09 04:25:05.615] [info] [parquet_gpu_ingestible.cpp:250] [coalesce-debug] parquet_batch_coalescer emit #28: 1 slice(s), acc_bytes=533744712, cap=536870912
[2026-07-09 04:25:05.615] [info] [parquet_gpu_ingestible.cpp:250] [coalesce-debug] parquet_batch_coalescer emit #29: 1 slice(s), acc_bytes=533738568, cap=536870912
[2026-07-09 04:25:05.615] [info] [parquet_gpu_ingestible.cpp:250] [coalesce-debug] parquet_batch_coalescer emit #30: 1 slice(s), acc_bytes=533738903, cap=536870912
[2026-07-09 04:25:05.615] [info] [parquet_gpu_ingestible.cpp:250] [coalesce-debug] parquet_batch_coalescer emit #31: 1 slice(s), acc_bytes=533750052, cap=536870912
[2026-07-09 04:25:05.615] [info] [parquet_gpu_ingestible.cpp:250] [coalesce-debug] parquet_batch_coalescer emit #32: 1 slice(s), acc_bytes=533757018, cap=536870912
[2026-07-09 04:25:05.615] [info] [parquet_gpu_ingestible.cpp:250] [coalesce-debug] parquet_batch_coalescer emit #33: 1 slice(s), acc_bytes=533732066, cap=536870912
[2026-07-09 04:25:05.615] [info] [parquet_gpu_ingestible.cpp:250] [coalesce-debug] parquet_batch_coalescer emit #34: 1 slice(s), acc_bytes=533739915, cap=536870912
[2026-07-09 04:25:05.615] [info] [parquet_gpu_ingestible.cpp:250] [coalesce-debug] parquet_batch_coalescer emit #35: 1 slice(s), acc_bytes=533748187, cap=536870912
[2026-07-09 04:25:05.615] [info] [parquet_gpu_ingestible.cpp:250] [coalesce-debug] parquet_batch_coalescer emit #36: 1 slice(s), acc_bytes=533746264, cap=536870912
[2026-07-09 04:25:05.615] [info] [parquet_gpu_ingestible.cpp:250] [coalesce-debug] parquet_batch_coalescer emit #37: 1 slice(s), acc_bytes=533734225, cap=536870912
[2026-07-09 04:25:05.615] [info] [parquet_gpu_ingestible.cpp:250] [coalesce-debug] parquet_batch_coalescer emit #38: 1 slice(s), acc_bytes=533734857, cap=536870912
[2026-07-09 04:25:05.615] [info] [parquet_gpu_ingestible.cpp:250] [coalesce-debug] parquet_batch_coalescer emit #39: 1 slice(s), acc_bytes=533748104, cap=536870912
[2026-07-09 04:25:05.615] [info] [parquet_gpu_ingestible.cpp:250] [coalesce-debug] parquet_batch_coalescer emit #40: 1 slice(s), acc_bytes=533750639, cap=536870912
[2026-07-09 04:25:05.615] [info] [parquet_gpu_ingestible.cpp:250] [coalesce-debug] parquet_batch_coalescer emit #41: 1 slice(s), acc_bytes=533737119, cap=536870912
[2026-07-09 04:25:09.645] [info] [sirius_context.cpp:217] QueryEnd
[2026-07-09 04:25:09.652] [info] [:] [host_pool] HOST:0 QueryEnd allocated=71303168 bytes peak=71303168 bytes free_blocks=444
[2026-07-09 04:25:09.652] [info] [:] [gpu_pool] GPU:0 QueryEnd allocated=183750400 bytes peak=6947438592 bytes reserved=0 bytes
[2026-07-09 04:25:09.652] [info] [:] [gpu_pool] GPU:1 QueryEnd allocated=0 bytes peak=6524432384 bytes reserved=0 bytes
[2026-07-09 04:25:09.662] [info] [:] [host_pool] HOST:0 QueryBegin allocated=71303168 bytes peak=71303168 bytes free_blocks=444
[2026-07-09 04:25:09.662] [info] [:] [gpu_pool] GPU:0 QueryBegin allocated=183750400 bytes peak=6947438592 bytes reserved=0 bytes
[2026-07-09 04:25:09.662] [info] [:] [gpu_pool] GPU:1 QueryBegin allocated=0 bytes peak=6524432384 bytes reserved=0 bytes
[2026-07-09 04:25:09.662] [info] [sirius_context.cpp:201] QueryBegin: SQL: CALL unpin_table('customer')
[2026-07-09 04:25:09.665] [info] [sirius_context.cpp:217] QueryEnd
[2026-07-09 04:25:09.673] [info] [:] [host_pool] HOST:0 QueryEnd allocated=71303168 bytes peak=71303168 bytes free_blocks=444
[2026-07-09 04:25:09.673] [info] [:] [gpu_pool] GPU:0 QueryEnd allocated=0 bytes peak=6947438592 bytes reserved=0 bytes
[2026-07-09 04:25:09.673] [info] [:] [gpu_pool] GPU:1 QueryEnd allocated=0 bytes peak=6524432384 bytes reserved=0 bytes
[2026-07-09 04:25:09.678] [info] [:] [host_pool] HOST:0 QueryBegin allocated=71303168 bytes peak=71303168 bytes free_blocks=444
[2026-07-09 04:25:09.678] [info] [:] [gpu_pool] GPU:0 QueryBegin allocated=0 bytes peak=6947438592 bytes reserved=0 bytes
[2026-07-09 04:25:09.678] [info] [:] [gpu_pool] GPU:1 QueryBegin allocated=0 bytes peak=6524432384 bytes reserved=0 bytes
[2026-07-09 04:25:09.678] [info] [sirius_context.cpp:201] QueryBegin: SQL: CALL unpin_table('lineitem')
[2026-07-09 04:25:09.679] [info] [sirius_context.cpp:217] QueryEnd
[2026-07-09 04:25:09.693] [info] [:] [host_pool] HOST:0 QueryEnd allocated=71303168 bytes peak=71303168 bytes free_blocks=444
[2026-07-09 04:25:09.693] [info] [:] [gpu_pool] GPU:0 QueryEnd allocated=0 bytes peak=6947438592 bytes reserved=0 bytes
[2026-07-09 04:25:09.693] [info] [:] [gpu_pool] GPU:1 QueryEnd allocated=0 bytes peak=6524432384 bytes reserved=0 bytes
[2026-07-09 04:25:09.693] [info] [:] [host_pool] HOST:0 QueryBegin allocated=71303168 bytes peak=71303168 bytes free_blocks=444
[2026-07-09 04:25:09.693] [info] [:] [gpu_pool] GPU:0 QueryBegin allocated=0 bytes peak=6947438592 bytes reserved=0 bytes
[2026-07-09 04:25:09.693] [info] [:] [gpu_pool] GPU:1 QueryBegin allocated=0 bytes peak=6524432384 bytes reserved=0 bytes
[2026-07-09 04:25:09.693] [info] [sirius_context.cpp:201] QueryBegin: SQL: CALL unpin_table('nation')
[2026-07-09 04:25:09.694] [info] [sirius_context.cpp:217] QueryEnd
[2026-07-09 04:25:09.703] [info] [:] [host_pool] HOST:0 QueryEnd allocated=71303168 bytes peak=71303168 bytes free_blocks=444
[2026-07-09 04:25:09.703] [info] [:] [gpu_pool] GPU:0 QueryEnd allocated=0 bytes peak=6947438592 bytes reserved=0 bytes
[2026-07-09 04:25:09.703] [info] [:] [gpu_pool] GPU:1 QueryEnd allocated=0 bytes peak=6524432384 bytes reserved=0 bytes
[2026-07-09 04:25:09.703] [info] [:] [host_pool] HOST:0 QueryBegin allocated=71303168 bytes peak=71303168 bytes free_blocks=444
[2026-07-09 04:25:09.703] [info] [:] [gpu_pool] GPU:0 QueryBegin allocated=0 bytes peak=6947438592 bytes reserved=0 bytes
[2026-07-09 04:25:09.703] [info] [:] [gpu_pool] GPU:1 QueryBegin allocated=0 bytes peak=6524432384 bytes reserved=0 bytes
[2026-07-09 04:25:09.703] [info] [sirius_context.cpp:201] QueryBegin: SQL: CALL unpin_table('orders')
[2026-07-09 04:25:09.704] [info] [sirius_context.cpp:217] QueryEnd
[2026-07-09 04:25:09.713] [info] [:] [host_pool] HOST:0 QueryEnd allocated=71303168 bytes peak=71303168 bytes free_blocks=444
[2026-07-09 04:25:09.713] [info] [:] [gpu_pool] GPU:0 QueryEnd allocated=0 bytes peak=6947438592 bytes reserved=0 bytes
[2026-07-09 04:25:09.713] [info] [:] [gpu_pool] GPU:1 QueryEnd allocated=0 bytes peak=6524432384 bytes reserved=0 bytes
[2026-07-09 04:25:09.714] [info] [:] [host_pool] HOST:0 QueryBegin allocated=71303168 bytes peak=71303168 bytes free_blocks=444
[2026-07-09 04:25:09.714] [info] [:] [gpu_pool] GPU:0 QueryBegin allocated=0 bytes peak=6947438592 bytes reserved=0 bytes
[2026-07-09 04:25:09.714] [info] [:] [gpu_pool] GPU:1 QueryBegin allocated=0 bytes peak=6524432384 bytes reserved=0 bytes
[2026-07-09 04:25:09.714] [info] [sirius_context.cpp:201] QueryBegin: SQL: CALL unpin_table('supplier')
[2026-07-09 04:25:09.714] [info] [sirius_context.cpp:217] QueryEnd
[2026-07-09 04:25:09.724] [info] [:] [host_pool] HOST:0 QueryEnd allocated=71303168 bytes peak=71303168 bytes free_blocks=444
[2026-07-09 04:25:09.724] [info] [:] [gpu_pool] GPU:0 QueryEnd allocated=0 bytes peak=6947438592 bytes reserved=0 bytes
[2026-07-09 04:25:09.724] [info] [:] [gpu_pool] GPU:1 QueryEnd allocated=0 bytes peak=6524432384 bytes reserved=0 bytes
[2026-07-09 04:25:09.724] [info] [sirius_context.cpp:924] Connection closed.
[2026-07-09 04:25:09.743] [info] [task_scheduler.cpp:368] Task request channel closed, exiting management event loop.
[2026-07-09 04:25:09.743] [info] [gpu_pipeline_executor.cpp:118] GPU Pipeline Executor: task queue interrupted, stopping manager loop
[2026-07-09 04:25:09.743] [info] [gpu_pipeline_executor.cpp:118] GPU Pipeline Executor: task queue interrupted, stopping manager loop
