[2026-07-08 03:15:41.683] [warning] [sirius_config.cpp:459] sirius_config: use_sirius_datasource was false but 2 GPUs are configured; the sirius datasource is required for multi-GPU IO routing. Overriding use_sirius_datasource to true.
[2026-07-08 03:15:41.683] [info] [sirius_context.cpp:1046] Loaded Sirius configuration from file: /home/dy1013/sirius_multi-gpu/experiment/fixed_page_runs/allq_7gb/configs/sirius_2gpu.yaml
[2026-07-08 03:15:41.688] [info] [telemetry_context.cpp:67] Telemetry context initialized (engine=siriusDB)
[2026-07-08 03:15:41.688] [info] [sirius_context.cpp:337] SiriusContext: topology summary — 2 GPU(s), 1 NUMA node(s), host='hicys76'
[2026-07-08 03:15:41.688] [info] [sirius_context.cpp:342]   GPU 0: NVIDIA RTX A5000 (numa=0, pci=00000000:16:00.0)
[2026-07-08 03:15:41.688] [info] [sirius_context.cpp:342]   GPU 1: NVIDIA RTX A5000 (numa=0, pci=00000000:34:00.0)
[2026-07-08 03:15:41.830] [warning] [sirius_context.cpp:352] SiriusContext: disk memory space is not configured; spilling GPU or HOST data to disk is disabled. If queries run out of GPU/HOST memory, downgrades to disk will not be possible.
[2026-07-08 03:15:41.830] [info] [sirius_context.cpp:364] SiriusContext: 1 host memory space(s) created for 1 NUMA node(s)
[2026-07-08 03:15:41.831] [info] [sirius_context.cpp:417] SiriusContext: P2P enabled 0 -> 1
[2026-07-08 03:15:41.831] [info] [sirius_context.cpp:417] SiriusContext: P2P enabled 1 -> 0
[2026-07-08 03:15:41.847] [info] [sirius_context.cpp:477] SiriusContext: cuDF pinned memory resource configured (NUMA-aware, max slab 8192 B, fallback node=0)
[2026-07-08 03:15:42.011] [info] [sirius_context.cpp:1007] Connection opened.
[2026-07-08 03:15:42.011] [info] [sirius_context.cpp:1020] Extension loaded: sirius
[2026-07-08 03:15:42.011] [info] [sirius_context.cpp:258] QueryEnd
[2026-07-08 03:15:42.020] [info] [:] [host_pool] HOST:0 QueryEnd allocated=0 bytes peak=0 bytes free_blocks=512
[2026-07-08 03:15:42.020] [info] [:] [gpu_pool] GPU:0 QueryEnd allocated=0 bytes peak=0 bytes reserved=0 bytes
[2026-07-08 03:15:42.020] [info] [:] [gpu_pool] GPU:1 QueryEnd allocated=0 bytes peak=0 bytes reserved=0 bytes
[2026-07-08 03:15:42.021] [info] [:] [host_pool] HOST:0 QueryBegin allocated=0 bytes peak=0 bytes free_blocks=512
[2026-07-08 03:15:42.021] [info] [:] [gpu_pool] GPU:0 QueryBegin allocated=0 bytes peak=0 bytes reserved=0 bytes
[2026-07-08 03:15:42.021] [info] [:] [gpu_pool] GPU:1 QueryBegin allocated=0 bytes peak=0 bytes reserved=0 bytes
[2026-07-08 03:15:42.021] [info] [sirius_context.cpp:242] QueryBegin: SQL: SET gpu_execution = true;
[2026-07-08 03:15:42.022] [info] [sirius_context.cpp:258] QueryEnd
[2026-07-08 03:15:42.030] [info] [:] [host_pool] HOST:0 QueryEnd allocated=0 bytes peak=0 bytes free_blocks=512
[2026-07-08 03:15:42.030] [info] [:] [gpu_pool] GPU:0 QueryEnd allocated=0 bytes peak=0 bytes reserved=0 bytes
[2026-07-08 03:15:42.030] [info] [:] [gpu_pool] GPU:1 QueryEnd allocated=0 bytes peak=0 bytes reserved=0 bytes
[2026-07-08 03:15:42.030] [info] [:] [host_pool] HOST:0 QueryBegin allocated=0 bytes peak=0 bytes free_blocks=512
[2026-07-08 03:15:42.030] [info] [:] [gpu_pool] GPU:0 QueryBegin allocated=0 bytes peak=0 bytes reserved=0 bytes
[2026-07-08 03:15:42.030] [info] [:] [gpu_pool] GPU:1 QueryBegin allocated=0 bytes peak=0 bytes reserved=0 bytes
[2026-07-08 03:15:42.030] [info] [sirius_context.cpp:242] QueryBegin: SQL: select ps.ps_partkey, sum(ps.ps_supplycost * ps.ps_availqty) as value from partsupp ps, supplier s, nation n where ps.ps_suppkey = s.s_suppkey and s.s_nationkey = n.n_nationkey and n.n_name = 'GERMANY' group by ps.ps_partkey having sum(ps.ps_supplycost * ps.ps_availqty) > ( select sum(ps.ps_supplycost * ps.ps_availqty) * 0.0001000000 from partsupp ps, supplier s, nation n where ps.ps_suppkey = s.s_suppkey and s.s_nationkey = n.n_nationkey and n.n_name = 'GERMANY' ) order by value desc
[2026-07-08 03:15:42.062] [info] [sirius_context.cpp:954] Transparent execution: Sirius physical plan generated successfully
[2026-07-08 03:15:42.063] [info] [sirius_context.cpp:966] Transparent execution: physical plan replaced with GPU operator
[2026-07-08 03:15:42.063] [info] [physical_sirius_execution.cpp:96] Transparent GPU execution: executing query
[2026-07-08 03:15:42.067] [info] [sirius_engine.cpp:400] Query Plan:
=== Pipeline Overview ===
Pipeline #0: GPU_SCAN (id=41)
  Output: -> PARTITION [port: default, barrier: FULL]
Pipeline #1: PARTITION (id=43)
  Input: <- Pipeline #0 [on: PARTITION (id=43), port: default, barrier: FULL]
  Dependencies: Pipeline #0
  Output: -> CONCAT [port: default, barrier: PARTIAL]
Pipeline #2: CONCAT (id=42)
  Input: <- Pipeline #1 [on: CONCAT (id=42), port: default, barrier: PARTIAL]
  Dependencies: Pipeline #1
  Output: -> HASH_JOIN [port: build, barrier: FULL]
Pipeline #3: GPU_SCAN (id=44)
  Output: -> PARTITION [port: default, barrier: PARTIAL]
Pipeline #4: PARTITION (id=46)
  Input: <- Pipeline #3 [on: PARTITION (id=46), port: default, barrier: PARTIAL]
  Dependencies: Pipeline #3
  Output: -> CONCAT [port: default, barrier: PARTIAL]
Pipeline #5: CONCAT (id=45)
  Input: <- Pipeline #4 [on: CONCAT (id=45), port: default, barrier: PARTIAL]
  Dependencies: Pipeline #4
  Output: -> HASH_JOIN [port: default, barrier: FULL]
Pipeline #6: HASH_JOIN (id=22) -> CTE (id=37)
  Input: <- Pipeline #5 [on: HASH_JOIN (id=22), port: default, barrier: FULL]
  Input: <- Pipeline #2 [on: HASH_JOIN (id=22), port: build, barrier: FULL]
  Dependencies: Pipeline #2, Pipeline #5
  Output: -> PARTITION [port: default, barrier: FULL]
  Output: -> PARTITION [port: default, barrier: FULL]
Pipeline #7: PARTITION (id=48)
  Input: <- Pipeline #6 [on: PARTITION (id=48), port: default, barrier: FULL]
  Dependencies: Pipeline #6
  Output: -> CONCAT [port: default, barrier: PARTIAL]
Pipeline #8: CONCAT (id=47)
  Input: <- Pipeline #7 [on: CONCAT (id=47), port: default, barrier: PARTIAL]
  Dependencies: Pipeline #7
  Output: -> HASH_JOIN [port: build, barrier: FULL]
Pipeline #9: GPU_SCAN (id=49)
  Output: -> PARTITION [port: default, barrier: PARTIAL]
Pipeline #10: PARTITION (id=51)
  Input: <- Pipeline #9 [on: PARTITION (id=51), port: default, barrier: PARTIAL]
  Dependencies: Pipeline #9
  Output: -> CONCAT [port: default, barrier: PARTIAL]
Pipeline #11: CONCAT (id=50)
  Input: <- Pipeline #10 [on: CONCAT (id=50), port: default, barrier: PARTIAL]
  Dependencies: Pipeline #10
  Output: -> HASH_JOIN [port: default, barrier: FULL]
Pipeline #12: HASH_JOIN (id=25) -> PROJECTION (id=26) -> HASH_GROUP_BY (id=27)
  Input: <- Pipeline #11 [on: HASH_JOIN (id=25), port: default, barrier: FULL]
  Input: <- Pipeline #8 [on: HASH_JOIN (id=25), port: build, barrier: FULL]
  Dependencies: Pipeline #8, Pipeline #11
  Output: -> PARTITION [port: default, barrier: FULL]
Pipeline #13: PARTITION (id=52)
  Input: <- Pipeline #12 [on: PARTITION (id=52), port: default, barrier: FULL]
  Dependencies: Pipeline #12
  Output: -> MERGE_GROUP_BY [port: default, barrier: FULL]
Pipeline #14: MERGE_GROUP_BY (id=53)
  Input: <- Pipeline #13 [on: MERGE_GROUP_BY (id=53), port: default, barrier: FULL]
  Dependencies: Pipeline #13
  Output: -> PARTITION [port: default, barrier: FULL]
Pipeline #15: PARTITION (id=55)
  Input: <- Pipeline #6 [on: PARTITION (id=55), port: default, barrier: FULL]
  Dependencies: Pipeline #6
  Output: -> CONCAT [port: default, barrier: PARTIAL]
Pipeline #16: CONCAT (id=54)
  Input: <- Pipeline #15 [on: CONCAT (id=54), port: default, barrier: PARTIAL]
  Dependencies: Pipeline #15
  Output: -> HASH_JOIN [port: build, barrier: FULL]
Pipeline #17: GPU_SCAN (id=56)
  Output: -> PARTITION [port: default, barrier: PARTIAL]
Pipeline #18: PARTITION (id=58)
  Input: <- Pipeline #17 [on: PARTITION (id=58), port: default, barrier: PARTIAL]
  Dependencies: Pipeline #17
  Output: -> CONCAT [port: default, barrier: PARTIAL]
Pipeline #19: CONCAT (id=57)
  Input: <- Pipeline #18 [on: CONCAT (id=57), port: default, barrier: PARTIAL]
  Dependencies: Pipeline #18
  Output: -> HASH_JOIN [port: default, barrier: FULL]
Pipeline #20: HASH_JOIN (id=30) -> PROJECTION (id=31) -> UNGROUPED_AGGREGATE (id=32)
  Input: <- Pipeline #19 [on: HASH_JOIN (id=30), port: default, barrier: FULL]
  Input: <- Pipeline #16 [on: HASH_JOIN (id=30), port: build, barrier: FULL]
  Dependencies: Pipeline #16, Pipeline #19
  Output: -> MERGE_AGGREGATE [port: default, barrier: FULL]
Pipeline #21: MERGE_AGGREGATE (id=59)
  Input: <- Pipeline #20 [on: MERGE_AGGREGATE (id=59), port: default, barrier: FULL]
  Dependencies: Pipeline #20
  Output: -> PROJECTION [port: default, barrier: FULL]
Pipeline #22: PROJECTION (id=33) -> UNGROUPED_AGGREGATE (id=34)
  Input: <- Pipeline #21 [on: PROJECTION (id=33), port: default, barrier: FULL]
  Dependencies: Pipeline #21
  Output: -> MERGE_AGGREGATE [port: default, barrier: FULL]
Pipeline #23: MERGE_AGGREGATE (id=60)
  Input: <- Pipeline #22 [on: MERGE_AGGREGATE (id=60), port: default, barrier: FULL]
  Dependencies: Pipeline #22
  Output: -> PROJECTION [port: default, barrier: FULL]
Pipeline #24: PROJECTION (id=35)
  Input: <- Pipeline #23 [on: PROJECTION (id=35), port: default, barrier: FULL]
  Dependencies: Pipeline #23
  Output: -> PARTITION [port: default, barrier: FULL]
Pipeline #25: PARTITION (id=62)
  Input: <- Pipeline #24 [on: PARTITION (id=62), port: default, barrier: FULL]
  Dependencies: Pipeline #24
  Output: -> CONCAT [port: default, barrier: PARTIAL]
Pipeline #26: CONCAT (id=61)
  Input: <- Pipeline #25 [on: CONCAT (id=61), port: default, barrier: PARTIAL]
  Dependencies: Pipeline #25
  Output: -> NESTED_LOOP_JOIN [port: build, barrier: FULL]
Pipeline #27: PARTITION (id=64)
  Input: <- Pipeline #14 [on: PARTITION (id=64), port: default, barrier: FULL]
  Dependencies: Pipeline #14
  Output: -> CONCAT [port: default, barrier: PARTIAL]
Pipeline #28: CONCAT (id=63)
  Input: <- Pipeline #27 [on: CONCAT (id=63), port: default, barrier: PARTIAL]
  Dependencies: Pipeline #27
  Output: -> NESTED_LOOP_JOIN [port: default, barrier: FULL]
Pipeline #29: NESTED_LOOP_JOIN (id=36) -> PROJECTION (id=38) -> ORDER_BY (id=39)
  Input: <- Pipeline #28 [on: NESTED_LOOP_JOIN (id=36), port: default, barrier: FULL]
  Input: <- Pipeline #26 [on: NESTED_LOOP_JOIN (id=36), port: build, barrier: FULL]
  Dependencies: Pipeline #26, Pipeline #28
  Output: -> SORT_SAMPLE [port: default, barrier: PIPELINE]
Pipeline #30: SORT_SAMPLE (id=65) -> SORT_PARTITION (id=66)
  Input: <- Pipeline #29 [on: SORT_SAMPLE (id=65), port: default, barrier: PIPELINE]
  Dependencies: Pipeline #29
  Output: -> MERGE_SORT [port: default, barrier: FULL]
Pipeline #31: MERGE_SORT (id=67)
  Input: <- Pipeline #30 [on: MERGE_SORT (id=67), port: default, barrier: FULL]
  Dependencies: Pipeline #30
  Output: -> RESULT_COLLECTOR [port: default, barrier: FULL]
Pipeline #32: RESULT_COLLECTOR (id=40)
  Input: <- Pipeline #31 [on: RESULT_COLLECTOR (id=40), port: default, barrier: FULL]
  Dependencies: Pipeline #31

=== Query Plan DAG ===
┌─────────────────────────────┐                                                                                                                            
│ Pipeline #32                │                                                                                                                            
│ RESULT_COLLECTOR (id=40)    │                                                                                                                            
│ Input(#31): FULL            │                                                                                                                            
└──────────────┬──────────────┘                                                                                                                            
               │                                                                                                                                           
┌─────────────────────────────┐                                                                                                                            
│ Pipeline #31                │                                                                                                                            
│ MERGE_SORT (id=67)          │                                                                                                                            
│ Input(#30): FULL            │                                                                                                                            
└──────────────┬──────────────┘                                                                                                                            
               │                                                                                                                                           
┌─────────────────────────────┐                                                                                                                            
│ Pipeline #30                │                                                                                                                            
│ SORT_PARTITION (id=66)      │                                                                                                                            
│ SORT_SAMPLE (id=65)         │                                                                                                                            
│ Input(#29): PIPELINE        │                                                                                                                            
└──────────────┬──────────────┘                                                                                                                            
               │                                                                                                                                           
┌─────────────────────────────┐                                                                                                                            
│ Pipeline #29                │                                                                                                                            
│ ORDER_BY (id=39)            │                                                                                                                            
│ PROJECTION (id=38)          │                                                                                                                            
│ NESTED_LOOP_JOIN (id=36)    │                                                                                                                            
│   type: INNER               │                                                                                                                            
│ Input(#28): FULL            │                                                                                                                            
│ Input(#26): FULL            │                                                                                                                            
└──────────────┬──────────────┘                                                                                                                            
               ┌────────────────────────────────────────────────────────────────────────────────────────────┐                                              
               │                                                                                            │                                              
┌─────────────────────────────┐                                                              ┌─────────────────────────────┐                               
│ Pipeline #26                │                                                              │ Pipeline #28                │                               
│ CONCAT (id=61)              │                                                              │ CONCAT (id=63)              │                               
│ Input(#25): PARTIAL         │                                                              │ Input(#27): PARTIAL         │                               
└──────────────┬──────────────┘                                                              └──────────────┬──────────────┘                               
               │                                                                                            │                                              
┌─────────────────────────────┐                                                              ┌─────────────────────────────┐                               
│ Pipeline #25                │                                                              │ Pipeline #27                │                               
│ PARTITION (id=62)           │                                                              │ PARTITION (id=64)           │                               
│ Input(#24): FULL            │                                                              │ Input(#14): FULL            │                               
└──────────────┬──────────────┘                                                              └──────────────┬──────────────┘                               
               │                                                                                            │                                              
┌─────────────────────────────┐                                                              ┌─────────────────────────────┐                               
│ Pipeline #24                │                                                              │ Pipeline #14                │                               
│ PROJECTION (id=35)          │                                                              │ MERGE_GROUP_BY (id=53)      │                               
│ Input(#23): FULL            │                                                              │ Input(#13): FULL            │                               
└──────────────┬──────────────┘                                                              └──────────────┬──────────────┘                               
               │                                                                                            │                                              
┌─────────────────────────────┐                                                              ┌─────────────────────────────┐                               
│ Pipeline #23                │                                                              │ Pipeline #13                │                               
│ MERGE_AGGREGATE (id=60)     │                                                              │ PARTITION (id=52)           │                               
│ Input(#22): FULL            │                                                              │ Input(#12): FULL            │                               
└──────────────┬──────────────┘                                                              └──────────────┬──────────────┘                               
               │                                                                                            │                                              
┌─────────────────────────────┐                                                              ┌─────────────────────────────┐                               
│ Pipeline #22                │                                                              │ Pipeline #12                │                               
│ UNGROUPED_AGGREGATE (id=34) │                                                              │ HASH_GROUP_BY (id=27)       │                               
│ PROJECTION (id=33)          │                                                              │ PROJECTION (id=26)          │                               
│ Input(#21): FULL            │                                                              │ HASH_JOIN (id=25)           │                               
│                             │                                                              │   type: INNER               │                               
│                             │                                                              │ Input(#11): FULL            │                               
│                             │                                                              │ Input(#8): FULL             │                               
└──────────────┬──────────────┘                                                              └──────────────┬──────────────┘                               
               │                                                                                            ┌──────────────────────────────┐               
               │                                                                                            │                              │               
┌─────────────────────────────┐                                                              ┌─────────────────────────────┐┌─────────────────────────────┐
│ Pipeline #21                │                                                              │ Pipeline #8                 ││ Pipeline #11                │
│ MERGE_AGGREGATE (id=59)     │                                                              │ CONCAT (id=47)              ││ CONCAT (id=50)              │
│ Input(#20): FULL            │                                                              │ Input(#7): PARTIAL          ││ Input(#10): PARTIAL         │
└──────────────┬──────────────┘                                                              └──────────────┬──────────────┘└──────────────┬──────────────┘
               │                                                                                            │                              │               
┌─────────────────────────────┐                                                              ┌─────────────────────────────┐┌─────────────────────────────┐
│ Pipeline #20                │                                                              │ Pipeline #7                 ││ Pipeline #10                │
│ UNGROUPED_AGGREGATE (id=32) │                                                              │ PARTITION (id=48)           ││ PARTITION (id=51)           │
│ PROJECTION (id=31)          │                                                              │ Input(#6): FULL             ││ Input(#9): PARTIAL          │
│ HASH_JOIN (id=30)           │                                                              │                             ││                             │
│   type: INNER               │                                                              │                             ││                             │
│ Input(#19): FULL            │                                                              │                             ││                             │
│ Input(#16): FULL            │                                                              │                             ││                             │
└──────────────┬──────────────┘                                                              └──────────────┬──────────────┘└──────────────┬──────────────┘
               ┌─────────────────────────────────────────────────────────────┐                              │                              │               
               │                                                             │                              │                              │               
┌─────────────────────────────┐                               ┌─────────────────────────────┐┌─────────────────────────────┐┌─────────────────────────────┐
│ Pipeline #16                │                               │ Pipeline #19                ││ (-> Pipeline #6)            ││ Pipeline #9                 │
│ CONCAT (id=54)              │                               │ CONCAT (id=57)              ││                             ││ GPU_SCAN (id=49)            │
│ Input(#15): PARTIAL         │                               │ Input(#18): PARTIAL         ││                             ││                             │
└──────────────┬──────────────┘                               └──────────────┬──────────────┘└──────────────┬──────────────┘└─────────────────────────────┘
               │                                                             │                                                                             
┌─────────────────────────────┐                               ┌─────────────────────────────┐                                                              
│ Pipeline #15                │                               │ Pipeline #18                │                                                              
│ PARTITION (id=55)           │                               │ PARTITION (id=58)           │                                                              
│ Input(#6): FULL             │                               │ Input(#17): PARTIAL         │                                                              
└──────────────┬──────────────┘                               └──────────────┬──────────────┘                                                              
               │                                                             │                                                                             
┌─────────────────────────────┐                               ┌─────────────────────────────┐                                                              
│ Pipeline #6                 │                               │ Pipeline #17                │                                                              
│ CTE (id=37)                 │                               │ GPU_SCAN (id=56)            │                                                              
│ HASH_JOIN (id=22)           │                               │                             │                                                              
│   type: INNER               │                               │                             │                                                              
│ Input(#5): FULL             │                               │                             │                                                              
│ Input(#2): FULL             │                               │                             │                                                              
└──────────────┬──────────────┘                               └─────────────────────────────┘                                                              
               ┌──────────────────────────────┐                                                                                                            
               │                              │                                                                                                            
┌─────────────────────────────┐┌─────────────────────────────┐                                                                                             
│ Pipeline #2                 ││ Pipeline #5                 │                                                                                             
│ CONCAT (id=42)              ││ CONCAT (id=45)              │                                                                                             
│ Input(#1): PARTIAL          ││ Input(#4): PARTIAL          │                                                                                             
└──────────────┬──────────────┘└──────────────┬──────────────┘                                                                                             
               │                              │                                                                                                            
┌─────────────────────────────┐┌─────────────────────────────┐                                                                                             
│ Pipeline #1                 ││ Pipeline #4                 │                                                                                             
│ PARTITION (id=43)           ││ PARTITION (id=46)           │                                                                                             
│ Input(#0): FULL             ││ Input(#3): PARTIAL          │                                                                                             
└──────────────┬──────────────┘└──────────────┬──────────────┘                                                                                             
               │                              │                                                                                                            
┌─────────────────────────────┐┌─────────────────────────────┐                                                                                             
│ Pipeline #0                 ││ Pipeline #3                 │                                                                                             
│ GPU_SCAN (id=41)            ││ GPU_SCAN (id=44)            │                                                                                             
└─────────────────────────────┘└─────────────────────────────┘                                                                                             

[2026-07-08 03:15:42.073] [info] [task_scheduler.cpp:367] [mgpu-audit] pipeline_task dispatched to GPU 1 task_id=0
[2026-07-08 03:15:42.073] [info] [task_scheduler.cpp:369] [locality-audit] dispatch task_id=0 preferred_device=1 actual_gpu=1
[2026-07-08 03:15:42.076] [warning] [:] uring_reactor: device short read, retrying tail. slot=0 file_off=0 io_size=4096 bytes_read=2437 this_rd=2437
[2026-07-08 03:15:42.108] [info] [parquet_gpu_ingestible.cpp:2539] [scan-audit] parquet_materialize target_gpu=1 files=/mnt/nvme/dataset/nation.parquet columns=n_nationkey,n_name row_groups=0 compressed_bytes=398 uncompressed_bytes=125 column_bytes=n_nationkey:125:125,n_name:273:302 output_rows=1 output_columns=2 split_count=1 duration_us=34736
[2026-07-08 03:15:42.108] [info] [parquet_gpu_ingestible.cpp:2642] [fixed-page-cache] stage_timing stage=inline_assembly target_gpu=1 input_rows=1 output_rows=1 input_columns=2 output_columns=1 duration_us=3
[2026-07-08 03:15:42.108] [info] [gpu_pipeline_task.cpp:313] [stage-audit] pipeline_id=0 task_id=0 operator_id=41 operator_name=GPU_SCAN stage_kind=SCAN operator_type=94 input_type=GPU_SCAN output_type=PIPELINEABLE actual_gpu=1 pipeline_operator_count=1 input_batches=0 input_rows=0 input_columns=0 input_bytes=0 output_batches=1 output_rows=1 output_columns=1 output_bytes=68 byte_ratio=0.000000 row_ratio=0.000000 duration_us=34997
[2026-07-08 03:15:42.108] [info] [task_creator.cpp:352] [locality-audit] task_create operator_id=43 input_bytes=68 local_bytes=68 gpu_source_bytes=68 host_source_bytes=0 disk_source_bytes=0 gpu_sources=1 host_sources=0 preferred_device=1
[2026-07-08 03:15:42.108] [info] [task_scheduler.cpp:367] [mgpu-audit] pipeline_task dispatched to GPU 1 task_id=1
[2026-07-08 03:15:42.108] [info] [task_scheduler.cpp:369] [locality-audit] dispatch task_id=1 preferred_device=1 actual_gpu=1
[2026-07-08 03:15:42.108] [info] [gpu_pipeline_task.cpp:184] [locality-audit] prepare_before pipeline_id=1 task_id=1 preferred_device=1 actual_gpu=1 target_tier=GPU target_device=1 input_bytes=68 local_bytes=68 remote_gpu_bytes=0 host_bytes=0 disk_bytes=0 batch_count=1
[2026-07-08 03:15:42.108] [info] [gpu_pipeline_task.cpp:184] [locality-audit] prepare_after pipeline_id=1 task_id=1 preferred_device=1 actual_gpu=1 target_tier=GPU target_device=1 input_bytes=68 local_bytes=68 remote_gpu_bytes=0 host_bytes=0 disk_bytes=0 batch_count=1
[2026-07-08 03:15:42.108] [info] [gpu_pipeline_task.cpp:313] [stage-audit] pipeline_id=1 task_id=1 operator_id=43 operator_name=PARTITION stage_kind=PARTITION operator_type=82 input_type=PIPELINEABLE output_type=PIPELINEABLE actual_gpu=1 pipeline_operator_count=1 input_batches=1 input_rows=1 input_columns=1 input_bytes=68 output_batches=1 output_rows=1 output_columns=1 output_bytes=68 byte_ratio=1.000000 row_ratio=1.000000 duration_us=8
[2026-07-08 03:15:42.109] [info] [task_scheduler.cpp:367] [mgpu-audit] pipeline_task dispatched to GPU 0 task_id=2
[2026-07-08 03:15:42.109] [info] [task_scheduler.cpp:369] [locality-audit] dispatch task_id=2 preferred_device=0 actual_gpu=0
[2026-07-08 03:15:42.109] [info] [gpu_pipeline_task.cpp:184] [locality-audit] prepare_before pipeline_id=2 task_id=2 preferred_device=0 actual_gpu=0 target_tier=GPU target_device=0 input_bytes=68 local_bytes=0 remote_gpu_bytes=68 host_bytes=0 disk_bytes=0 batch_count=1
[2026-07-08 03:15:42.210] [info] [gpu_pipeline_task.cpp:184] [locality-audit] prepare_after pipeline_id=2 task_id=2 preferred_device=0 actual_gpu=0 target_tier=GPU target_device=0 input_bytes=68 local_bytes=68 remote_gpu_bytes=0 host_bytes=0 disk_bytes=0 batch_count=1
[2026-07-08 03:15:42.210] [info] [gpu_pipeline_task.cpp:313] [stage-audit] pipeline_id=2 task_id=2 operator_id=42 operator_name=CONCAT stage_kind=CONCAT operator_type=83 input_type=PARTITIONED output_type=PARTITIONED actual_gpu=0 pipeline_operator_count=1 input_batches=1 input_rows=1 input_columns=1 input_bytes=68 output_batches=1 output_rows=1 output_columns=1 output_bytes=68 byte_ratio=1.000000 row_ratio=1.000000 duration_us=2
[2026-07-08 03:15:42.210] [info] [task_scheduler.cpp:367] [mgpu-audit] pipeline_task dispatched to GPU 0 task_id=3
[2026-07-08 03:15:42.210] [info] [task_scheduler.cpp:369] [locality-audit] dispatch task_id=3 preferred_device=0 actual_gpu=0
[2026-07-08 03:15:42.230] [info] [parquet_gpu_ingestible.cpp:2539] [scan-audit] parquet_materialize target_gpu=0 files=/mnt/nvme/dataset/supplier.parquet columns=s_suppkey,s_nationkey row_groups=0,1,2,3,4,5,6,7,8 compressed_bytes=4634103 uncompressed_bytes=8630951 column_bytes=s_suppkey:4003346:8000279,s_nationkey:630757:630672 output_rows=1000000 output_columns=2 split_count=1 duration_us=19541
[2026-07-08 03:15:42.230] [info] [gpu_pipeline_task.cpp:313] [stage-audit] pipeline_id=3 task_id=3 operator_id=44 operator_name=GPU_SCAN stage_kind=SCAN operator_type=94 input_type=GPU_SCAN output_type=PIPELINEABLE actual_gpu=0 pipeline_operator_count=1 input_batches=0 input_rows=0 input_columns=0 input_bytes=0 output_batches=1 output_rows=1000000 output_columns=2 output_bytes=12250112 byte_ratio=0.000000 row_ratio=0.000000 duration_us=19696
[2026-07-08 03:15:42.230] [info] [task_creator.cpp:352] [locality-audit] task_create operator_id=46 input_bytes=12250112 local_bytes=12250112 gpu_source_bytes=12250112 host_source_bytes=0 disk_source_bytes=0 gpu_sources=1 host_sources=0 preferred_device=0
[2026-07-08 03:15:42.230] [info] [task_scheduler.cpp:367] [mgpu-audit] pipeline_task dispatched to GPU 0 task_id=4
[2026-07-08 03:15:42.230] [info] [task_scheduler.cpp:369] [locality-audit] dispatch task_id=4 preferred_device=0 actual_gpu=0
[2026-07-08 03:15:42.230] [info] [gpu_pipeline_task.cpp:184] [locality-audit] prepare_before pipeline_id=4 task_id=4 preferred_device=0 actual_gpu=0 target_tier=GPU target_device=0 input_bytes=12250112 local_bytes=12250112 remote_gpu_bytes=0 host_bytes=0 disk_bytes=0 batch_count=1
[2026-07-08 03:15:42.230] [info] [gpu_pipeline_task.cpp:184] [locality-audit] prepare_after pipeline_id=4 task_id=4 preferred_device=0 actual_gpu=0 target_tier=GPU target_device=0 input_bytes=12250112 local_bytes=12250112 remote_gpu_bytes=0 host_bytes=0 disk_bytes=0 batch_count=1
[2026-07-08 03:15:42.231] [info] [gpu_pipeline_task.cpp:313] [stage-audit] pipeline_id=4 task_id=4 operator_id=46 operator_name=PARTITION stage_kind=PARTITION operator_type=82 input_type=PIPELINEABLE output_type=PIPELINEABLE actual_gpu=0 pipeline_operator_count=1 input_batches=1 input_rows=1000000 input_columns=2 input_bytes=12250112 output_batches=1 output_rows=1000000 output_columns=2 output_bytes=12250112 byte_ratio=1.000000 row_ratio=1.000000 duration_us=8
[2026-07-08 03:15:42.231] [info] [task_scheduler.cpp:367] [mgpu-audit] pipeline_task dispatched to GPU 0 task_id=5
[2026-07-08 03:15:42.231] [info] [task_scheduler.cpp:369] [locality-audit] dispatch task_id=5 preferred_device=0 actual_gpu=0
[2026-07-08 03:15:42.231] [info] [gpu_pipeline_task.cpp:184] [locality-audit] prepare_before pipeline_id=5 task_id=5 preferred_device=0 actual_gpu=0 target_tier=GPU target_device=0 input_bytes=12250112 local_bytes=12250112 remote_gpu_bytes=0 host_bytes=0 disk_bytes=0 batch_count=1
[2026-07-08 03:15:42.231] [info] [gpu_pipeline_task.cpp:184] [locality-audit] prepare_after pipeline_id=5 task_id=5 preferred_device=0 actual_gpu=0 target_tier=GPU target_device=0 input_bytes=12250112 local_bytes=12250112 remote_gpu_bytes=0 host_bytes=0 disk_bytes=0 batch_count=1
[2026-07-08 03:15:42.231] [info] [gpu_pipeline_task.cpp:313] [stage-audit] pipeline_id=5 task_id=5 operator_id=45 operator_name=CONCAT stage_kind=CONCAT operator_type=83 input_type=PARTITIONED output_type=PARTITIONED actual_gpu=0 pipeline_operator_count=1 input_batches=1 input_rows=1000000 input_columns=2 input_bytes=12250112 output_batches=1 output_rows=1000000 output_columns=2 output_bytes=12250112 byte_ratio=1.000000 row_ratio=1.000000 duration_us=10
[2026-07-08 03:15:42.231] [info] [task_scheduler.cpp:367] [mgpu-audit] pipeline_task dispatched to GPU 0 task_id=6
[2026-07-08 03:15:42.231] [info] [task_scheduler.cpp:369] [locality-audit] dispatch task_id=6 preferred_device=0 actual_gpu=0
[2026-07-08 03:15:42.231] [info] [gpu_pipeline_task.cpp:184] [locality-audit] prepare_before pipeline_id=6 task_id=6 preferred_device=0 actual_gpu=0 target_tier=GPU target_device=0 input_bytes=12250180 local_bytes=12250180 remote_gpu_bytes=0 host_bytes=0 disk_bytes=0 batch_count=2
[2026-07-08 03:15:42.231] [info] [gpu_pipeline_task.cpp:184] [locality-audit] prepare_after pipeline_id=6 task_id=6 preferred_device=0 actual_gpu=0 target_tier=GPU target_device=0 input_bytes=12250180 local_bytes=12250180 remote_gpu_bytes=0 host_bytes=0 disk_bytes=0 batch_count=2
[2026-07-08 03:15:42.237] [info] [gpu_pipeline_task.cpp:313] [stage-audit] pipeline_id=6 task_id=6 operator_id=22 operator_name=HASH_JOIN stage_kind=JOIN operator_type=33 input_type=PARTITIONED output_type=PIPELINEABLE actual_gpu=0 pipeline_operator_count=2 input_batches=2 input_rows=1000001 input_columns=3 input_bytes=12250180 output_batches=1 output_rows=40045 output_columns=3 output_bytes=655888 byte_ratio=0.053541 row_ratio=0.040045 duration_us=6176
[2026-07-08 03:15:42.237] [info] [gpu_pipeline_task.cpp:313] [stage-audit] pipeline_id=6 task_id=6 operator_id=37 operator_name=CTE stage_kind=CTE operator_type=44 input_type=PIPELINEABLE output_type=PIPELINEABLE actual_gpu=0 pipeline_operator_count=2 input_batches=1 input_rows=40045 input_columns=3 input_bytes=655888 output_batches=1 output_rows=40045 output_columns=3 output_bytes=655888 byte_ratio=1.000000 row_ratio=1.000000 duration_us=1
[2026-07-08 03:15:42.237] [info] [task_creator.cpp:352] [locality-audit] task_create operator_id=48 input_bytes=655888 local_bytes=655888 gpu_source_bytes=655888 host_source_bytes=0 disk_source_bytes=0 gpu_sources=1 host_sources=0 preferred_device=0
[2026-07-08 03:15:42.237] [info] [task_creator.cpp:352] [locality-audit] task_create operator_id=55 input_bytes=655888 local_bytes=655888 gpu_source_bytes=655888 host_source_bytes=0 disk_source_bytes=0 gpu_sources=1 host_sources=0 preferred_device=0
[2026-07-08 03:15:42.237] [info] [task_scheduler.cpp:367] [mgpu-audit] pipeline_task dispatched to GPU 0 task_id=7
[2026-07-08 03:15:42.238] [info] [task_scheduler.cpp:369] [locality-audit] dispatch task_id=7 preferred_device=0 actual_gpu=0
[2026-07-08 03:15:42.238] [info] [task_scheduler.cpp:367] [mgpu-audit] pipeline_task dispatched to GPU 0 task_id=8
[2026-07-08 03:15:42.238] [info] [task_scheduler.cpp:369] [locality-audit] dispatch task_id=8 preferred_device=0 actual_gpu=0
[2026-07-08 03:15:42.238] [info] [gpu_pipeline_task.cpp:184] [locality-audit] prepare_before pipeline_id=7 task_id=7 preferred_device=0 actual_gpu=0 target_tier=GPU target_device=0 input_bytes=655888 local_bytes=655888 remote_gpu_bytes=0 host_bytes=0 disk_bytes=0 batch_count=1
[2026-07-08 03:15:42.238] [info] [gpu_pipeline_task.cpp:184] [locality-audit] prepare_after pipeline_id=7 task_id=7 preferred_device=0 actual_gpu=0 target_tier=GPU target_device=0 input_bytes=655888 local_bytes=655888 remote_gpu_bytes=0 host_bytes=0 disk_bytes=0 batch_count=1
[2026-07-08 03:15:42.238] [info] [gpu_pipeline_task.cpp:313] [stage-audit] pipeline_id=7 task_id=7 operator_id=48 operator_name=PARTITION stage_kind=PARTITION operator_type=82 input_type=PIPELINEABLE output_type=PIPELINEABLE actual_gpu=0 pipeline_operator_count=1 input_batches=1 input_rows=40045 input_columns=3 input_bytes=655888 output_batches=1 output_rows=40045 output_columns=3 output_bytes=655888 byte_ratio=1.000000 row_ratio=1.000000 duration_us=2
[2026-07-08 03:15:42.238] [info] [gpu_pipeline_task.cpp:184] [locality-audit] prepare_before pipeline_id=15 task_id=8 preferred_device=0 actual_gpu=0 target_tier=GPU target_device=0 input_bytes=655888 local_bytes=655888 remote_gpu_bytes=0 host_bytes=0 disk_bytes=0 batch_count=1
[2026-07-08 03:15:42.238] [info] [gpu_pipeline_task.cpp:184] [locality-audit] prepare_after pipeline_id=15 task_id=8 preferred_device=0 actual_gpu=0 target_tier=GPU target_device=0 input_bytes=655888 local_bytes=655888 remote_gpu_bytes=0 host_bytes=0 disk_bytes=0 batch_count=1
[2026-07-08 03:15:42.238] [info] [gpu_pipeline_task.cpp:313] [stage-audit] pipeline_id=15 task_id=8 operator_id=55 operator_name=PARTITION stage_kind=PARTITION operator_type=82 input_type=PIPELINEABLE output_type=PIPELINEABLE actual_gpu=0 pipeline_operator_count=1 input_batches=1 input_rows=40045 input_columns=3 input_bytes=655888 output_batches=1 output_rows=40045 output_columns=3 output_bytes=655888 byte_ratio=1.000000 row_ratio=1.000000 duration_us=0
[2026-07-08 03:15:42.238] [info] [task_scheduler.cpp:367] [mgpu-audit] pipeline_task dispatched to GPU 0 task_id=10
[2026-07-08 03:15:42.238] [info] [task_scheduler.cpp:369] [locality-audit] dispatch task_id=10 preferred_device=0 actual_gpu=0
[2026-07-08 03:15:42.238] [info] [task_scheduler.cpp:367] [mgpu-audit] pipeline_task dispatched to GPU 0 task_id=9
[2026-07-08 03:15:42.238] [info] [task_scheduler.cpp:369] [locality-audit] dispatch task_id=9 preferred_device=0 actual_gpu=0
[2026-07-08 03:15:42.238] [info] [gpu_pipeline_task.cpp:184] [locality-audit] prepare_before pipeline_id=16 task_id=10 preferred_device=0 actual_gpu=0 target_tier=GPU target_device=0 input_bytes=655888 local_bytes=655888 remote_gpu_bytes=0 host_bytes=0 disk_bytes=0 batch_count=1
[2026-07-08 03:15:42.238] [info] [gpu_pipeline_task.cpp:184] [locality-audit] prepare_after pipeline_id=16 task_id=10 preferred_device=0 actual_gpu=0 target_tier=GPU target_device=0 input_bytes=655888 local_bytes=655888 remote_gpu_bytes=0 host_bytes=0 disk_bytes=0 batch_count=1
[2026-07-08 03:15:42.238] [info] [gpu_pipeline_task.cpp:184] [locality-audit] prepare_before pipeline_id=8 task_id=9 preferred_device=0 actual_gpu=0 target_tier=GPU target_device=0 input_bytes=655888 local_bytes=655888 remote_gpu_bytes=0 host_bytes=0 disk_bytes=0 batch_count=1
[2026-07-08 03:15:42.238] [info] [gpu_pipeline_task.cpp:184] [locality-audit] prepare_after pipeline_id=8 task_id=9 preferred_device=0 actual_gpu=0 target_tier=GPU target_device=0 input_bytes=655888 local_bytes=655888 remote_gpu_bytes=0 host_bytes=0 disk_bytes=0 batch_count=1
[2026-07-08 03:15:42.238] [info] [gpu_pipeline_task.cpp:313] [stage-audit] pipeline_id=16 task_id=10 operator_id=54 operator_name=CONCAT stage_kind=CONCAT operator_type=83 input_type=PARTITIONED output_type=PARTITIONED actual_gpu=0 pipeline_operator_count=1 input_batches=1 input_rows=40045 input_columns=3 input_bytes=655888 output_batches=1 output_rows=40045 output_columns=3 output_bytes=655888 byte_ratio=1.000000 row_ratio=1.000000 duration_us=2
[2026-07-08 03:15:42.238] [info] [gpu_pipeline_task.cpp:313] [stage-audit] pipeline_id=8 task_id=9 operator_id=47 operator_name=CONCAT stage_kind=CONCAT operator_type=83 input_type=PARTITIONED output_type=PARTITIONED actual_gpu=0 pipeline_operator_count=1 input_batches=1 input_rows=40045 input_columns=3 input_bytes=655888 output_batches=1 output_rows=40045 output_columns=3 output_bytes=655888 byte_ratio=1.000000 row_ratio=1.000000 duration_us=1
[2026-07-08 03:15:42.238] [info] [task_scheduler.cpp:367] [mgpu-audit] pipeline_task dispatched to GPU 1 task_id=12
[2026-07-08 03:15:42.238] [info] [task_scheduler.cpp:369] [locality-audit] dispatch task_id=12 preferred_device=1 actual_gpu=1
[2026-07-08 03:15:42.238] [info] [task_scheduler.cpp:367] [mgpu-audit] pipeline_task dispatched to GPU 0 task_id=11
[2026-07-08 03:15:42.238] [info] [task_scheduler.cpp:369] [locality-audit] dispatch task_id=11 preferred_device=0 actual_gpu=0
[2026-07-08 03:15:42.238] [info] [task_scheduler.cpp:367] [mgpu-audit] pipeline_task dispatched to GPU 1 task_id=15
[2026-07-08 03:15:42.238] [info] [task_scheduler.cpp:369] [locality-audit] dispatch task_id=15 preferred_device=1 actual_gpu=1
[2026-07-08 03:15:42.238] [info] [task_scheduler.cpp:367] [mgpu-audit] pipeline_task dispatched to GPU 0 task_id=14
[2026-07-08 03:15:42.238] [info] [task_scheduler.cpp:369] [locality-audit] dispatch task_id=14 preferred_device=0 actual_gpu=0
[2026-07-08 03:15:42.504] [info] [parquet_gpu_ingestible.cpp:2539] [scan-audit] parquet_materialize target_gpu=1 files=/mnt/nvme/dataset/partsupp.parquet columns=ps_suppkey,ps_availqty,ps_supplycost row_groups=236,237,238,239,240,241,242,243,244,245,246,247,248,249,250,251,252,253,254,255,256,257,258,259,260,261,262,263,264,265,266,267,268,269,270,271,272,273,274,275,276,277,278,279,280,281,282,283,284,285,286,287,288,289,290,291,292,293,294,295,296,297,298,299,300,301,302,303,304,305,306,307,308,309,310,311,312,313,314,315,316,317,318,319,320,321,322,323,324,325,326,327,328,329,330,331,332,333,334,335,336,337,338,339,340,341,342,343,344,345,346,347,348,349,350,351,352,353,354,355,356,357,358,359,360,361,362,363,364,365,366,367,368,369,370,371,372,373,374,375,376,377,378,379,380,381,382,383,384,385,386,387,388,389,390,391,392,393,394,395,396,397,398,399,400,401,402,403,404,405,406,407,408,409,410,411,412,413,414,415,416,417,418,419,420,421,422,423,424,425,426,427,428,429,430,431,432,433,434,435,436,437,438,439,440,441,442,443,444,445,446,447,448,449,450,451,452,453,454,455,456,457,458,459,460,461,462,463,464,465,466,467,468,469,470,471 compressed_bytes=307635741 uncompressed_bytes=535443502 column_bytes=ps_suppkey:116551980:232753300,ps_availqty:60522773:69936902,ps_supplycost:130560988:232753300 output_rows=29093248 output_columns=3 split_count=1 duration_us=260540
[2026-07-08 03:15:42.504] [info] [gpu_pipeline_task.cpp:313] [stage-audit] pipeline_id=17 task_id=12 operator_id=56 operator_name=GPU_SCAN stage_kind=SCAN operator_type=94 input_type=GPU_SCAN output_type=PIPELINEABLE actual_gpu=1 pipeline_operator_count=1 input_batches=0 input_rows=0 input_columns=0 input_bytes=0 output_batches=1 output_rows=29093248 output_columns=3 output_bytes=709147968 byte_ratio=0.000000 row_ratio=0.000000 duration_us=265994
[2026-07-08 03:15:42.504] [info] [task_scheduler.cpp:367] [mgpu-audit] pipeline_task dispatched to GPU 1 task_id=17
[2026-07-08 03:15:42.504] [info] [task_scheduler.cpp:369] [locality-audit] dispatch task_id=17 preferred_device=1 actual_gpu=1
[2026-07-08 03:15:42.504] [info] [task_creator.cpp:352] [locality-audit] task_create operator_id=58 input_bytes=709147968 local_bytes=709147968 gpu_source_bytes=709147968 host_source_bytes=0 disk_source_bytes=0 gpu_sources=1 host_sources=0 preferred_device=1
[2026-07-08 03:15:42.509] [info] [parquet_gpu_ingestible.cpp:2539] [scan-audit] parquet_materialize target_gpu=0 files=/mnt/nvme/dataset/partsupp.parquet columns=ps_suppkey,ps_availqty,ps_supplycost row_groups=0,1,2,3,4,5,6,7,8,9,10,11,12,13,14,15,16,17,18,19,20,21,22,23,24,25,26,27,28,29,30,31,32,33,34,35,36,37,38,39,40,41,42,43,44,45,46,47,48,49,50,51,52,53,54,55,56,57,58,59,60,61,62,63,64,65,66,67,68,69,70,71,72,73,74,75,76,77,78,79,80,81,82,83,84,85,86,87,88,89,90,91,92,93,94,95,96,97,98,99,100,101,102,103,104,105,106,107,108,109,110,111,112,113,114,115,116,117,118,119,120,121,122,123,124,125,126,127,128,129,130,131,132,133,134,135,136,137,138,139,140,141,142,143,144,145,146,147,148,149,150,151,152,153,154,155,156,157,158,159,160,161,162,163,164,165,166,167,168,169,170,171,172,173,174,175,176,177,178,179,180,181,182,183,184,185,186,187,188,189,190,191,192,193,194,195,196,197,198,199,200,201,202,203,204,205,206,207,208,209,210,211,212,213,214,215,216,217,218,219,220,221,222,223,224,225,226,227,228,229,230,231,232,233,234,235 compressed_bytes=307736573 uncompressed_bytes=535621371 column_bytes=ps_suppkey:116592405:232833932,ps_availqty:60539280:69953507,ps_supplycost:130604888:232833932 output_rows=29103327 output_columns=3 split_count=1 duration_us=265292
[2026-07-08 03:15:42.509] [info] [gpu_pipeline_task.cpp:313] [stage-audit] pipeline_id=17 task_id=11 operator_id=56 operator_name=GPU_SCAN stage_kind=SCAN operator_type=94 input_type=GPU_SCAN output_type=PIPELINEABLE actual_gpu=0 pipeline_operator_count=1 input_batches=0 input_rows=0 input_columns=0 input_bytes=0 output_batches=1 output_rows=29103327 output_columns=3 output_bytes=709393704 byte_ratio=0.000000 row_ratio=0.000000 duration_us=270796
[2026-07-08 03:15:42.509] [info] [task_scheduler.cpp:367] [mgpu-audit] pipeline_task dispatched to GPU 0 task_id=13
[2026-07-08 03:15:42.509] [info] [task_scheduler.cpp:369] [locality-audit] dispatch task_id=13 preferred_device=0 actual_gpu=0
[2026-07-08 03:15:42.509] [info] [task_creator.cpp:352] [locality-audit] task_create operator_id=58 input_bytes=709393704 local_bytes=709393704 gpu_source_bytes=709393704 host_source_bytes=0 disk_source_bytes=0 gpu_sources=1 host_sources=0 preferred_device=0
[2026-07-08 03:15:42.633] [info] [parquet_gpu_ingestible.cpp:2539] [scan-audit] parquet_materialize target_gpu=1 files=/mnt/nvme/dataset/partsupp.parquet columns=ps_partkey,ps_suppkey,ps_availqty,ps_supplycost row_groups=164,165,166,167,168,169,170,171,172,173,174,175,176,177,178,179,180,181,182,183,184,185,186,187,188,189,190,191,192,193,194,195,196,197,198,199,200,201,202,203,204,205,206,207,208,209,210,211,212,213,214,215,216,217,218,219,220,221,222,223,224,225,226,227,228,229,230,231,232,233,234,235,236,237,238,239,240,241,242,243,244,245,246,247,248,249,250,251,252,253,254,255,256,257,258,259,260,261,262,263,264,265,266,267,268,269,270,271,272,273,274,275,276,277,278,279,280,281,282,283,284,285,286,287,288,289,290,291,292,293,294,295,296,297,298,299,300,301,302,303,304,305,306,307,308,309,310,311,312,313,314,315,316,317,318,319,320,321,322,323,324,325,326,327 compressed_bytes=249355463 uncompressed_bytes=534090578 column_bytes=ps_partkey:35473729:161824564,ps_suppkey:81034262:161824564,ps_availqty:42074859:48616886,ps_supplycost:90772613:161824564 output_rows=20227435 output_columns=4 split_count=1 duration_us=125126
[2026-07-08 03:15:42.633] [info] [gpu_pipeline_task.cpp:313] [stage-audit] pipeline_id=9 task_id=15 operator_id=49 operator_name=GPU_SCAN stage_kind=SCAN operator_type=94 input_type=GPU_SCAN output_type=PIPELINEABLE actual_gpu=1 pipeline_operator_count=1 input_batches=0 input_rows=0 input_columns=0 input_bytes=0 output_batches=1 output_rows=20227435 output_columns=4 output_bytes=657391712 byte_ratio=0.000000 row_ratio=0.000000 duration_us=129021
[2026-07-08 03:15:42.633] [info] [task_creator.cpp:352] [locality-audit] task_create operator_id=51 input_bytes=657391712 local_bytes=657391712 gpu_source_bytes=657391712 host_source_bytes=0 disk_source_bytes=0 gpu_sources=1 host_sources=0 preferred_device=1
[2026-07-08 03:15:42.633] [info] [task_scheduler.cpp:367] [mgpu-audit] pipeline_task dispatched to GPU 1 task_id=18
[2026-07-08 03:15:42.633] [info] [task_scheduler.cpp:369] [locality-audit] dispatch task_id=18 preferred_device=1 actual_gpu=1
[2026-07-08 03:15:42.719] [info] [parquet_gpu_ingestible.cpp:2539] [scan-audit] parquet_materialize target_gpu=0 files=/mnt/nvme/dataset/partsupp.parquet columns=ps_suppkey,ps_availqty,ps_supplycost row_groups=472,473,474,475,476,477,478,479,480,481,482,483,484,485,486,487,488,489,490,491,492,493,494,495,496,497,498,499,500,501,502,503,504,505,506,507,508,509,510,511,512,513,514,515,516,517,518,519,520,521,522,523,524,525,526,527,528,529,530,531,532,533,534,535,536,537,538,539,540,541,542,543,544,545,546,547,548,549,550,551,552,553,554,555,556,557,558,559,560,561,562,563,564,565,566,567,568,569,570,571,572,573,574,575,576,577,578,579,580,581,582,583,584,585,586,587,588,589,590,591,592,593,594,595,596,597,598,599,600,601,602,603,604,605,606,607,608,609,610,611,612,613,614,615,616,617,618,619,620,621,622,623,624,625,626,627,628,629,630,631,632,633,634,635,636,637,638,639,640,641,642,643,644,645,646,647,648,649 compressed_bytes=230567301 uncompressed_bytes=401333107 column_bytes=ps_suppkey:87347992:174432916,ps_availqty:45373852:52467275,ps_supplycost:97845457:174432916 output_rows=21803425 output_columns=3 split_count=1 duration_us=206053
[2026-07-08 03:15:42.719] [info] [gpu_pipeline_task.cpp:313] [stage-audit] pipeline_id=17 task_id=14 operator_id=56 operator_name=GPU_SCAN stage_kind=SCAN operator_type=94 input_type=GPU_SCAN output_type=PIPELINEABLE actual_gpu=0 pipeline_operator_count=1 input_batches=0 input_rows=0 input_columns=0 input_bytes=0 output_batches=1 output_rows=21803425 output_columns=3 output_bytes=531458520 byte_ratio=0.000000 row_ratio=0.000000 duration_us=210084
[2026-07-08 03:15:42.720] [info] [task_creator.cpp:352] [locality-audit] task_create operator_id=58 input_bytes=531458520 local_bytes=531458520 gpu_source_bytes=531458520 host_source_bytes=0 disk_source_bytes=0 gpu_sources=1 host_sources=0 preferred_device=0
[2026-07-08 03:15:42.720] [info] [task_scheduler.cpp:367] [mgpu-audit] pipeline_task dispatched to GPU 0 task_id=16
[2026-07-08 03:15:42.720] [info] [task_scheduler.cpp:369] [locality-audit] dispatch task_id=16 preferred_device=0 actual_gpu=0
[2026-07-08 03:15:42.839] [info] [parquet_gpu_ingestible.cpp:2539] [scan-audit] parquet_materialize target_gpu=1 files=/mnt/nvme/dataset/partsupp.parquet columns=ps_partkey,ps_suppkey,ps_availqty,ps_supplycost row_groups=492,493,494,495,496,497,498,499,500,501,502,503,504,505,506,507,508,509,510,511,512,513,514,515,516,517,518,519,520,521,522,523,524,525,526,527,528,529,530,531,532,533,534,535,536,537,538,539,540,541,542,543,544,545,546,547,548,549,550,551,552,553,554,555,556,557,558,559,560,561,562,563,564,565,566,567,568,569,570,571,572,573,574,575,576,577,578,579,580,581,582,583,584,585,586,587,588,589,590,591,592,593,594,595,596,597,598,599,600,601,602,603,604,605,606,607,608,609,610,611,612,613,614,615,616,617,618,619,620,621,622,623,624,625,626,627,628,629,630,631,632,633,634,635,636,637,638,639,640,641,642,643,644,645,646,647,648,649 compressed_bytes=238422943 uncompressed_bytes=510669628 column_bytes=ps_partkey:33924519:154709776,ps_suppkey:77471563:154709776,ps_availqty:40244698:46540300,ps_supplycost:86782163:154709776 output_rows=19338110 output_columns=4 split_count=1 duration_us=203546
[2026-07-08 03:15:42.839] [info] [gpu_pipeline_task.cpp:313] [stage-audit] pipeline_id=9 task_id=17 operator_id=49 operator_name=GPU_SCAN stage_kind=SCAN operator_type=94 input_type=GPU_SCAN output_type=PIPELINEABLE actual_gpu=1 pipeline_operator_count=1 input_batches=0 input_rows=0 input_columns=0 input_bytes=0 output_batches=1 output_rows=19338110 output_columns=4 output_bytes=628488640 byte_ratio=0.000000 row_ratio=0.000000 duration_us=205795
[2026-07-08 03:15:42.839] [info] [task_creator.cpp:352] [locality-audit] task_create operator_id=51 input_bytes=628488640 local_bytes=628488640 gpu_source_bytes=628488640 host_source_bytes=0 disk_source_bytes=0 gpu_sources=1 host_sources=0 preferred_device=1
[2026-07-08 03:15:42.839] [info] [task_scheduler.cpp:367] [mgpu-audit] pipeline_task dispatched to GPU 1 task_id=20
[2026-07-08 03:15:42.839] [info] [task_scheduler.cpp:369] [locality-audit] dispatch task_id=20 preferred_device=1 actual_gpu=1
[2026-07-08 03:15:42.839] [info] [task_scheduler.cpp:367] [mgpu-audit] pipeline_task dispatched to GPU 1 task_id=22
[2026-07-08 03:15:42.839] [info] [task_scheduler.cpp:369] [locality-audit] dispatch task_id=22 preferred_device=1 actual_gpu=1
[2026-07-08 03:15:42.839] [info] [gpu_pipeline_task.cpp:184] [locality-audit] prepare_before pipeline_id=18 task_id=18 preferred_device=1 actual_gpu=1 target_tier=GPU target_device=1 input_bytes=709147968 local_bytes=709147968 remote_gpu_bytes=0 host_bytes=0 disk_bytes=0 batch_count=1
[2026-07-08 03:15:42.840] [info] [gpu_pipeline_task.cpp:184] [locality-audit] prepare_after pipeline_id=18 task_id=18 preferred_device=1 actual_gpu=1 target_tier=GPU target_device=1 input_bytes=709147968 local_bytes=709147968 remote_gpu_bytes=0 host_bytes=0 disk_bytes=0 batch_count=1
[2026-07-08 03:15:42.840] [info] [gpu_pipeline_task.cpp:184] [locality-audit] prepare_before pipeline_id=10 task_id=20 preferred_device=1 actual_gpu=1 target_tier=GPU target_device=1 input_bytes=657391712 local_bytes=657391712 remote_gpu_bytes=0 host_bytes=0 disk_bytes=0 batch_count=1
[2026-07-08 03:15:42.840] [info] [gpu_pipeline_task.cpp:313] [stage-audit] pipeline_id=18 task_id=18 operator_id=58 operator_name=PARTITION stage_kind=PARTITION operator_type=82 input_type=PIPELINEABLE output_type=PIPELINEABLE actual_gpu=1 pipeline_operator_count=1 input_batches=1 input_rows=29093248 input_columns=3 input_bytes=709147968 output_batches=1 output_rows=29093248 output_columns=3 output_bytes=709147968 byte_ratio=1.000000 row_ratio=1.000000 duration_us=9
[2026-07-08 03:15:42.840] [info] [gpu_pipeline_task.cpp:184] [locality-audit] prepare_after pipeline_id=10 task_id=20 preferred_device=1 actual_gpu=1 target_tier=GPU target_device=1 input_bytes=657391712 local_bytes=657391712 remote_gpu_bytes=0 host_bytes=0 disk_bytes=0 batch_count=1
[2026-07-08 03:15:42.840] [info] [gpu_pipeline_task.cpp:184] [locality-audit] prepare_before pipeline_id=10 task_id=22 preferred_device=1 actual_gpu=1 target_tier=GPU target_device=1 input_bytes=628488640 local_bytes=628488640 remote_gpu_bytes=0 host_bytes=0 disk_bytes=0 batch_count=1
[2026-07-08 03:15:42.840] [info] [gpu_pipeline_task.cpp:184] [locality-audit] prepare_after pipeline_id=10 task_id=22 preferred_device=1 actual_gpu=1 target_tier=GPU target_device=1 input_bytes=628488640 local_bytes=628488640 remote_gpu_bytes=0 host_bytes=0 disk_bytes=0 batch_count=1
[2026-07-08 03:15:42.840] [info] [gpu_pipeline_task.cpp:313] [stage-audit] pipeline_id=10 task_id=20 operator_id=51 operator_name=PARTITION stage_kind=PARTITION operator_type=82 input_type=PIPELINEABLE output_type=PIPELINEABLE actual_gpu=1 pipeline_operator_count=1 input_batches=1 input_rows=20227435 input_columns=4 input_bytes=657391712 output_batches=1 output_rows=20227435 output_columns=4 output_bytes=657391712 byte_ratio=1.000000 row_ratio=1.000000 duration_us=8
[2026-07-08 03:15:42.840] [info] [gpu_pipeline_task.cpp:313] [stage-audit] pipeline_id=10 task_id=22 operator_id=51 operator_name=PARTITION stage_kind=PARTITION operator_type=82 input_type=PIPELINEABLE output_type=PIPELINEABLE actual_gpu=1 pipeline_operator_count=1 input_batches=1 input_rows=19338110 input_columns=4 input_bytes=628488640 output_batches=1 output_rows=19338110 output_columns=4 output_bytes=628488640 byte_ratio=1.000000 row_ratio=1.000000 duration_us=4
[2026-07-08 03:15:42.902] [info] [parquet_gpu_ingestible.cpp:2539] [scan-audit] parquet_materialize target_gpu=0 files=/mnt/nvme/dataset/partsupp.parquet columns=ps_partkey,ps_suppkey,ps_availqty,ps_supplycost row_groups=0,1,2,3,4,5,6,7,8,9,10,11,12,13,14,15,16,17,18,19,20,21,22,23,24,25,26,27,28,29,30,31,32,33,34,35,36,37,38,39,40,41,42,43,44,45,46,47,48,49,50,51,52,53,54,55,56,57,58,59,60,61,62,63,64,65,66,67,68,69,70,71,72,73,74,75,76,77,78,79,80,81,82,83,84,85,86,87,88,89,90,91,92,93,94,95,96,97,98,99,100,101,102,103,104,105,106,107,108,109,110,111,112,113,114,115,116,117,118,119,120,121,122,123,124,125,126,127,128,129,130,131,132,133,134,135,136,137,138,139,140,141,142,143,144,145,146,147,148,149,150,151,152,153,154,155,156,157,158,159,160,161,162,163 compressed_bytes=249301208 uncompressed_bytes=533973768 column_bytes=ps_partkey:35464467:161788332,ps_suppkey:81016218:161788332,ps_availqty:42066730:48608772,ps_supplycost:90753793:161788332 output_rows=20222906 output_columns=4 split_count=1 duration_us=179451
[2026-07-08 03:15:42.902] [info] [gpu_pipeline_task.cpp:313] [stage-audit] pipeline_id=9 task_id=13 operator_id=49 operator_name=GPU_SCAN stage_kind=SCAN operator_type=94 input_type=GPU_SCAN output_type=PIPELINEABLE actual_gpu=0 pipeline_operator_count=1 input_batches=0 input_rows=0 input_columns=0 input_bytes=0 output_batches=1 output_rows=20222906 output_columns=4 output_bytes=657244480 byte_ratio=0.000000 row_ratio=0.000000 duration_us=182219
[2026-07-08 03:15:42.902] [info] [task_creator.cpp:352] [locality-audit] task_create operator_id=51 input_bytes=657244480 local_bytes=657244480 gpu_source_bytes=657244480 host_source_bytes=0 disk_source_bytes=0 gpu_sources=1 host_sources=0 preferred_device=0
[2026-07-08 03:15:42.902] [info] [task_scheduler.cpp:367] [mgpu-audit] pipeline_task dispatched to GPU 0 task_id=19
[2026-07-08 03:15:42.902] [info] [task_scheduler.cpp:369] [locality-audit] dispatch task_id=19 preferred_device=0 actual_gpu=0
[2026-07-08 03:15:42.902] [info] [task_scheduler.cpp:367] [mgpu-audit] pipeline_task dispatched to GPU 0 task_id=21
[2026-07-08 03:15:42.902] [info] [task_scheduler.cpp:369] [locality-audit] dispatch task_id=21 preferred_device=0 actual_gpu=0
[2026-07-08 03:15:42.902] [info] [task_scheduler.cpp:367] [mgpu-audit] pipeline_task dispatched to GPU 0 task_id=23
[2026-07-08 03:15:42.902] [info] [task_scheduler.cpp:369] [locality-audit] dispatch task_id=23 preferred_device=0 actual_gpu=0
[2026-07-08 03:15:42.902] [info] [gpu_pipeline_task.cpp:184] [locality-audit] prepare_before pipeline_id=18 task_id=19 preferred_device=0 actual_gpu=0 target_tier=GPU target_device=0 input_bytes=709393704 local_bytes=709393704 remote_gpu_bytes=0 host_bytes=0 disk_bytes=0 batch_count=1
[2026-07-08 03:15:42.902] [info] [gpu_pipeline_task.cpp:184] [locality-audit] prepare_after pipeline_id=18 task_id=19 preferred_device=0 actual_gpu=0 target_tier=GPU target_device=0 input_bytes=709393704 local_bytes=709393704 remote_gpu_bytes=0 host_bytes=0 disk_bytes=0 batch_count=1
[2026-07-08 03:15:42.902] [info] [gpu_pipeline_task.cpp:184] [locality-audit] prepare_before pipeline_id=18 task_id=21 preferred_device=0 actual_gpu=0 target_tier=GPU target_device=0 input_bytes=531458520 local_bytes=531458520 remote_gpu_bytes=0 host_bytes=0 disk_bytes=0 batch_count=1
[2026-07-08 03:15:42.902] [info] [gpu_pipeline_task.cpp:313] [stage-audit] pipeline_id=18 task_id=19 operator_id=58 operator_name=PARTITION stage_kind=PARTITION operator_type=82 input_type=PIPELINEABLE output_type=PIPELINEABLE actual_gpu=0 pipeline_operator_count=1 input_batches=1 input_rows=29103327 input_columns=3 input_bytes=709393704 output_batches=1 output_rows=29103327 output_columns=3 output_bytes=709393704 byte_ratio=1.000000 row_ratio=1.000000 duration_us=4
[2026-07-08 03:15:42.902] [info] [gpu_pipeline_task.cpp:184] [locality-audit] prepare_after pipeline_id=18 task_id=21 preferred_device=0 actual_gpu=0 target_tier=GPU target_device=0 input_bytes=531458520 local_bytes=531458520 remote_gpu_bytes=0 host_bytes=0 disk_bytes=0 batch_count=1
[2026-07-08 03:15:42.902] [info] [gpu_pipeline_task.cpp:313] [stage-audit] pipeline_id=18 task_id=21 operator_id=58 operator_name=PARTITION stage_kind=PARTITION operator_type=82 input_type=PIPELINEABLE output_type=PIPELINEABLE actual_gpu=0 pipeline_operator_count=1 input_batches=1 input_rows=21803425 input_columns=3 input_bytes=531458520 output_batches=1 output_rows=21803425 output_columns=3 output_bytes=531458520 byte_ratio=1.000000 row_ratio=1.000000 duration_us=2
[2026-07-08 03:15:42.902] [info] [gpu_pipeline_task.cpp:184] [locality-audit] prepare_before pipeline_id=11 task_id=23 preferred_device=0 actual_gpu=0 target_tier=GPU target_device=0 input_bytes=628488640 local_bytes=0 remote_gpu_bytes=628488640 host_bytes=0 disk_bytes=0 batch_count=1
[2026-07-08 03:15:42.903] [info] [task_scheduler.cpp:367] [mgpu-audit] pipeline_task dispatched to GPU 0 task_id=24
[2026-07-08 03:15:42.903] [info] [task_scheduler.cpp:369] [locality-audit] dispatch task_id=24 preferred_device=0 actual_gpu=0
[2026-07-08 03:15:42.903] [info] [gpu_pipeline_task.cpp:184] [locality-audit] prepare_before pipeline_id=11 task_id=24 preferred_device=0 actual_gpu=0 target_tier=GPU target_device=0 input_bytes=657391712 local_bytes=0 remote_gpu_bytes=657391712 host_bytes=0 disk_bytes=0 batch_count=1
[2026-07-08 03:15:42.903] [info] [task_scheduler.cpp:367] [mgpu-audit] pipeline_task dispatched to GPU 0 task_id=25
[2026-07-08 03:15:42.903] [info] [task_scheduler.cpp:369] [locality-audit] dispatch task_id=25 preferred_device=0 actual_gpu=0
[2026-07-08 03:15:42.903] [info] [gpu_pipeline_task.cpp:184] [locality-audit] prepare_before pipeline_id=10 task_id=25 preferred_device=0 actual_gpu=0 target_tier=GPU target_device=0 input_bytes=657244480 local_bytes=657244480 remote_gpu_bytes=0 host_bytes=0 disk_bytes=0 batch_count=1
[2026-07-08 03:15:42.903] [info] [gpu_pipeline_task.cpp:184] [locality-audit] prepare_after pipeline_id=10 task_id=25 preferred_device=0 actual_gpu=0 target_tier=GPU target_device=0 input_bytes=657244480 local_bytes=657244480 remote_gpu_bytes=0 host_bytes=0 disk_bytes=0 batch_count=1
[2026-07-08 03:15:42.903] [info] [gpu_pipeline_task.cpp:313] [stage-audit] pipeline_id=10 task_id=25 operator_id=51 operator_name=PARTITION stage_kind=PARTITION operator_type=82 input_type=PIPELINEABLE output_type=PIPELINEABLE actual_gpu=0 pipeline_operator_count=1 input_batches=1 input_rows=20222906 input_columns=4 input_bytes=657244480 output_batches=1 output_rows=20222906 output_columns=4 output_bytes=657244480 byte_ratio=1.000000 row_ratio=1.000000 duration_us=3
[2026-07-08 03:15:42.903] [info] [task_scheduler.cpp:367] [mgpu-audit] pipeline_task dispatched to GPU 0 task_id=26
[2026-07-08 03:15:42.903] [info] [task_scheduler.cpp:369] [locality-audit] dispatch task_id=26 preferred_device=0 actual_gpu=0
[2026-07-08 03:15:42.982] [info] [gpu_pipeline_task.cpp:184] [locality-audit] prepare_after pipeline_id=11 task_id=24 preferred_device=0 actual_gpu=0 target_tier=GPU target_device=0 input_bytes=657391712 local_bytes=657391712 remote_gpu_bytes=0 host_bytes=0 disk_bytes=0 batch_count=1
[2026-07-08 03:15:42.982] [info] [gpu_pipeline_task.cpp:313] [stage-audit] pipeline_id=11 task_id=24 operator_id=50 operator_name=CONCAT stage_kind=CONCAT operator_type=83 input_type=PARTITIONED output_type=PARTITIONED actual_gpu=0 pipeline_operator_count=1 input_batches=1 input_rows=20227435 input_columns=4 input_bytes=657391712 output_batches=1 output_rows=20227435 output_columns=4 output_bytes=657391712 byte_ratio=1.000000 row_ratio=1.000000 duration_us=2
[2026-07-08 03:15:42.982] [info] [task_scheduler.cpp:367] [mgpu-audit] pipeline_task dispatched to GPU 1 task_id=29
[2026-07-08 03:15:42.982] [info] [task_scheduler.cpp:369] [locality-audit] dispatch task_id=29 preferred_device=1 actual_gpu=1
[2026-07-08 03:15:42.982] [info] [gpu_pipeline_task.cpp:184] [locality-audit] prepare_before pipeline_id=12 task_id=29 preferred_device=1 actual_gpu=1 target_tier=GPU target_device=1 input_bytes=658047600 local_bytes=0 remote_gpu_bytes=658047600 host_bytes=0 disk_bytes=0 batch_count=2
[2026-07-08 03:15:42.989] [info] [gpu_pipeline_task.cpp:184] [locality-audit] prepare_after pipeline_id=11 task_id=23 preferred_device=0 actual_gpu=0 target_tier=GPU target_device=0 input_bytes=628488640 local_bytes=628488640 remote_gpu_bytes=0 host_bytes=0 disk_bytes=0 batch_count=1
[2026-07-08 03:15:42.989] [info] [gpu_pipeline_task.cpp:313] [stage-audit] pipeline_id=11 task_id=23 operator_id=50 operator_name=CONCAT stage_kind=CONCAT operator_type=83 input_type=PARTITIONED output_type=PARTITIONED actual_gpu=0 pipeline_operator_count=1 input_batches=1 input_rows=19338110 input_columns=4 input_bytes=628488640 output_batches=1 output_rows=19338110 output_columns=4 output_bytes=628488640 byte_ratio=1.000000 row_ratio=1.000000 duration_us=2
[2026-07-08 03:15:42.989] [info] [gpu_pipeline_task.cpp:184] [locality-audit] prepare_before pipeline_id=19 task_id=26 preferred_device=0 actual_gpu=0 target_tier=GPU target_device=0 input_bytes=709147968 local_bytes=0 remote_gpu_bytes=709147968 host_bytes=0 disk_bytes=0 batch_count=1
[2026-07-08 03:15:42.989] [info] [task_scheduler.cpp:367] [mgpu-audit] pipeline_task dispatched to GPU 0 task_id=27
[2026-07-08 03:15:42.989] [info] [task_scheduler.cpp:369] [locality-audit] dispatch task_id=27 preferred_device=0 actual_gpu=0
[2026-07-08 03:15:43.063] [info] [gpu_pipeline_task.cpp:184] [locality-audit] prepare_after pipeline_id=12 task_id=29 preferred_device=1 actual_gpu=1 target_tier=GPU target_device=1 input_bytes=658047600 local_bytes=658047600 remote_gpu_bytes=0 host_bytes=0 disk_bytes=0 batch_count=2
[2026-07-08 03:15:43.066] [info] [gpu_pipeline_task.cpp:184] [locality-audit] prepare_after pipeline_id=19 task_id=26 preferred_device=0 actual_gpu=0 target_tier=GPU target_device=0 input_bytes=709147968 local_bytes=709147968 remote_gpu_bytes=0 host_bytes=0 disk_bytes=0 batch_count=1
[2026-07-08 03:15:43.066] [info] [gpu_pipeline_task.cpp:313] [stage-audit] pipeline_id=19 task_id=26 operator_id=57 operator_name=CONCAT stage_kind=CONCAT operator_type=83 input_type=PARTITIONED output_type=PARTITIONED actual_gpu=0 pipeline_operator_count=1 input_batches=1 input_rows=29093248 input_columns=3 input_bytes=709147968 output_batches=1 output_rows=29093248 output_columns=3 output_bytes=709147968 byte_ratio=1.000000 row_ratio=1.000000 duration_us=2
[2026-07-08 03:15:43.066] [info] [gpu_pipeline_task.cpp:184] [locality-audit] prepare_before pipeline_id=19 task_id=27 preferred_device=0 actual_gpu=0 target_tier=GPU target_device=0 input_bytes=709393704 local_bytes=709393704 remote_gpu_bytes=0 host_bytes=0 disk_bytes=0 batch_count=1
[2026-07-08 03:15:43.066] [info] [gpu_pipeline_task.cpp:184] [locality-audit] prepare_after pipeline_id=19 task_id=27 preferred_device=0 actual_gpu=0 target_tier=GPU target_device=0 input_bytes=709393704 local_bytes=709393704 remote_gpu_bytes=0 host_bytes=0 disk_bytes=0 batch_count=1
[2026-07-08 03:15:43.066] [info] [task_scheduler.cpp:367] [mgpu-audit] pipeline_task dispatched to GPU 0 task_id=28
[2026-07-08 03:15:43.066] [info] [task_scheduler.cpp:369] [locality-audit] dispatch task_id=28 preferred_device=0 actual_gpu=0
[2026-07-08 03:15:43.066] [info] [gpu_pipeline_task.cpp:313] [stage-audit] pipeline_id=19 task_id=27 operator_id=57 operator_name=CONCAT stage_kind=CONCAT operator_type=83 input_type=PARTITIONED output_type=PARTITIONED actual_gpu=0 pipeline_operator_count=1 input_batches=1 input_rows=29103327 input_columns=3 input_bytes=709393704 output_batches=1 output_rows=29103327 output_columns=3 output_bytes=709393704 byte_ratio=1.000000 row_ratio=1.000000 duration_us=8
[2026-07-08 03:15:43.066] [info] [gpu_pipeline_task.cpp:184] [locality-audit] prepare_before pipeline_id=19 task_id=28 preferred_device=0 actual_gpu=0 target_tier=GPU target_device=0 input_bytes=531458520 local_bytes=531458520 remote_gpu_bytes=0 host_bytes=0 disk_bytes=0 batch_count=1
[2026-07-08 03:15:43.066] [info] [task_scheduler.cpp:367] [mgpu-audit] pipeline_task dispatched to GPU 0 task_id=30
[2026-07-08 03:15:43.066] [info] [task_scheduler.cpp:369] [locality-audit] dispatch task_id=30 preferred_device=0 actual_gpu=0
[2026-07-08 03:15:43.066] [info] [gpu_pipeline_task.cpp:184] [locality-audit] prepare_after pipeline_id=19 task_id=28 preferred_device=0 actual_gpu=0 target_tier=GPU target_device=0 input_bytes=531458520 local_bytes=531458520 remote_gpu_bytes=0 host_bytes=0 disk_bytes=0 batch_count=1
[2026-07-08 03:15:43.067] [info] [gpu_pipeline_task.cpp:313] [stage-audit] pipeline_id=19 task_id=28 operator_id=57 operator_name=CONCAT stage_kind=CONCAT operator_type=83 input_type=PARTITIONED output_type=PARTITIONED actual_gpu=0 pipeline_operator_count=1 input_batches=1 input_rows=21803425 input_columns=3 input_bytes=531458520 output_batches=1 output_rows=21803425 output_columns=3 output_bytes=531458520 byte_ratio=1.000000 row_ratio=1.000000 duration_us=7
[2026-07-08 03:15:43.067] [info] [gpu_pipeline_task.cpp:184] [locality-audit] prepare_before pipeline_id=20 task_id=30 preferred_device=0 actual_gpu=0 target_tier=GPU target_device=0 input_bytes=709803856 local_bytes=709147968 remote_gpu_bytes=655888 host_bytes=0 disk_bytes=0 batch_count=2
[2026-07-08 03:15:43.071] [info] [gpu_pipeline_task.cpp:313] [stage-audit] pipeline_id=12 task_id=29 operator_id=25 operator_name=HASH_JOIN stage_kind=JOIN operator_type=33 input_type=PARTITIONED output_type=PIPELINEABLE actual_gpu=1 pipeline_operator_count=3 input_batches=2 input_rows=20267480 input_columns=7 input_bytes=658047600 output_batches=1 output_rows=810065 output_columns=6 output_bytes=33010472 byte_ratio=0.050164 row_ratio=0.039969 duration_us=7746
[2026-07-08 03:15:43.073] [info] [parquet_gpu_ingestible.cpp:2539] [scan-audit] parquet_materialize target_gpu=0 files=/mnt/nvme/dataset/partsupp.parquet columns=ps_partkey,ps_suppkey,ps_availqty,ps_supplycost row_groups=328,329,330,331,332,333,334,335,336,337,338,339,340,341,342,343,344,345,346,347,348,349,350,351,352,353,354,355,356,357,358,359,360,361,362,363,364,365,366,367,368,369,370,371,372,373,374,375,376,377,378,379,380,381,382,383,384,385,386,387,388,389,390,391,392,393,394,395,396,397,398,399,400,401,402,403,404,405,406,407,408,409,410,411,412,413,414,415,416,417,418,419,420,421,422,423,424,425,426,427,428,429,430,431,432,433,434,435,436,437,438,439,440,441,442,443,444,445,446,447,448,449,450,451,452,453,454,455,456,457,458,459,460,461,462,463,464,465,466,467,468,469,470,471,472,473,474,475,476,477,478,479,480,481,482,483,484,485,486,487,488,489,490,491 compressed_bytes=249165068 uncompressed_bytes=533684154 column_bytes=ps_partkey:35442352:161697476,ps_suppkey:80970334:161697476,ps_availqty:42049618:48591726,ps_supplycost:90702764:161697476 output_rows=20211549 output_columns=4 split_count=1 duration_us=168304
[2026-07-08 03:15:43.073] [info] [gpu_pipeline_task.cpp:313] [stage-audit] pipeline_id=9 task_id=16 operator_id=49 operator_name=GPU_SCAN stage_kind=SCAN operator_type=94 input_type=GPU_SCAN output_type=PIPELINEABLE actual_gpu=0 pipeline_operator_count=1 input_batches=0 input_rows=0 input_columns=0 input_bytes=0 output_batches=1 output_rows=20211549 output_columns=4 output_bytes=656875424 byte_ratio=0.000000 row_ratio=0.000000 duration_us=171210
[2026-07-08 03:15:43.074] [info] [task_creator.cpp:352] [locality-audit] task_create operator_id=51 input_bytes=656875424 local_bytes=656875424 gpu_source_bytes=656875424 host_source_bytes=0 disk_source_bytes=0 gpu_sources=1 host_sources=0 preferred_device=0
[2026-07-08 03:15:43.074] [info] [task_scheduler.cpp:367] [mgpu-audit] pipeline_task dispatched to GPU 0 task_id=31
[2026-07-08 03:15:43.074] [info] [task_scheduler.cpp:369] [locality-audit] dispatch task_id=31 preferred_device=0 actual_gpu=0
[2026-07-08 03:15:43.074] [info] [gpu_pipeline_task.cpp:184] [locality-audit] prepare_before pipeline_id=10 task_id=31 preferred_device=0 actual_gpu=0 target_tier=GPU target_device=0 input_bytes=656875424 local_bytes=656875424 remote_gpu_bytes=0 host_bytes=0 disk_bytes=0 batch_count=1
[2026-07-08 03:15:43.074] [info] [gpu_pipeline_task.cpp:184] [locality-audit] prepare_after pipeline_id=10 task_id=31 preferred_device=0 actual_gpu=0 target_tier=GPU target_device=0 input_bytes=656875424 local_bytes=656875424 remote_gpu_bytes=0 host_bytes=0 disk_bytes=0 batch_count=1
[2026-07-08 03:15:43.074] [info] [gpu_pipeline_task.cpp:313] [stage-audit] pipeline_id=10 task_id=31 operator_id=51 operator_name=PARTITION stage_kind=PARTITION operator_type=82 input_type=PIPELINEABLE output_type=PIPELINEABLE actual_gpu=0 pipeline_operator_count=1 input_batches=1 input_rows=20211549 input_columns=4 input_bytes=656875424 output_batches=1 output_rows=20211549 output_columns=4 output_bytes=656875424 byte_ratio=1.000000 row_ratio=1.000000 duration_us=1
[2026-07-08 03:15:43.074] [info] [task_scheduler.cpp:367] [mgpu-audit] pipeline_task dispatched to GPU 0 task_id=32
[2026-07-08 03:15:43.074] [info] [task_scheduler.cpp:369] [locality-audit] dispatch task_id=32 preferred_device=0 actual_gpu=0
[2026-07-08 03:15:43.085] [info] [gpu_pipeline_task.cpp:313] [stage-audit] pipeline_id=12 task_id=29 operator_id=26 operator_name=PROJECTION stage_kind=PROJECTION operator_type=13 input_type=PIPELINEABLE output_type=PIPELINEABLE actual_gpu=1 pipeline_operator_count=3 input_batches=1 input_rows=810065 input_columns=6 input_bytes=33010472 output_batches=1 output_rows=810065 output_columns=2 output_bytes=19644184 byte_ratio=0.595089 row_ratio=1.000000 duration_us=14345
[2026-07-08 03:15:43.110] [info] [gpu_pipeline_task.cpp:313] [stage-audit] pipeline_id=12 task_id=29 operator_id=27 operator_name=HASH_GROUP_BY stage_kind=AGGREGATE operator_type=9 input_type=PIPELINEABLE output_type=PIPELINEABLE actual_gpu=1 pipeline_operator_count=3 input_batches=1 input_rows=810065 input_columns=2 input_bytes=19644184 output_batches=1 output_rows=763248 output_columns=2 output_bytes=18413376 byte_ratio=0.937345 row_ratio=0.942206 duration_us=24855
[2026-07-08 03:15:43.110] [info] [task_scheduler.cpp:367] [mgpu-audit] pipeline_task dispatched to GPU 1 task_id=34
[2026-07-08 03:15:43.110] [info] [task_scheduler.cpp:369] [locality-audit] dispatch task_id=34 preferred_device=1 actual_gpu=1
[2026-07-08 03:15:43.110] [info] [gpu_pipeline_task.cpp:184] [locality-audit] prepare_before pipeline_id=12 task_id=34 preferred_device=1 actual_gpu=1 target_tier=GPU target_device=1 input_bytes=628488640 local_bytes=0 remote_gpu_bytes=628488640 host_bytes=0 disk_bytes=0 batch_count=1
[2026-07-08 03:15:43.165] [info] [gpu_pipeline_task.cpp:184] [locality-audit] prepare_after pipeline_id=12 task_id=34 preferred_device=1 actual_gpu=1 target_tier=GPU target_device=1 input_bytes=628488640 local_bytes=628488640 remote_gpu_bytes=0 host_bytes=0 disk_bytes=0 batch_count=1
[2026-07-08 03:15:43.171] [info] [gpu_pipeline_task.cpp:313] [stage-audit] pipeline_id=12 task_id=34 operator_id=25 operator_name=HASH_JOIN stage_kind=JOIN operator_type=33 input_type=PARTITIONED output_type=PIPELINEABLE actual_gpu=1 pipeline_operator_count=3 input_batches=1 input_rows=19338110 input_columns=4 input_bytes=628488640 output_batches=1 output_rows=774355 output_columns=6 output_bytes=31555192 byte_ratio=0.050208 row_ratio=0.040043 duration_us=5853
[2026-07-08 03:15:43.171] [info] [gpu_pipeline_task.cpp:313] [stage-audit] pipeline_id=12 task_id=34 operator_id=26 operator_name=PROJECTION stage_kind=PROJECTION operator_type=13 input_type=PIPELINEABLE output_type=PIPELINEABLE actual_gpu=1 pipeline_operator_count=3 input_batches=1 input_rows=774355 input_columns=6 input_bytes=31555192 output_batches=1 output_rows=774355 output_columns=2 output_bytes=18778184 byte_ratio=0.595090 row_ratio=1.000000 duration_us=524
[2026-07-08 03:15:43.173] [info] [gpu_pipeline_task.cpp:313] [stage-audit] pipeline_id=12 task_id=34 operator_id=27 operator_name=HASH_GROUP_BY stage_kind=AGGREGATE operator_type=9 input_type=PIPELINEABLE output_type=PIPELINEABLE actual_gpu=1 pipeline_operator_count=3 input_batches=1 input_rows=774355 input_columns=2 input_bytes=18778184 output_batches=1 output_rows=729184 output_columns=2 output_bytes=17591616 byte_ratio=0.936811 row_ratio=0.941666 duration_us=1464
