[2026-07-08 16:48:54.609] [info] [sirius_context.cpp:957] Loaded Sirius configuration from file: /home/dy1013/sirius_multi-gpu/experiment/fixed_page_runs/tpch22_5x_7gb_ws3g/configs/sirius_1gpu.yaml
[2026-07-08 16:48:54.630] [info] [telemetry_context.cpp:78] Telemetry context initialized (engine=siriusDB)
[2026-07-08 16:48:54.630] [info] [sirius_context.cpp:296] SiriusContext: topology summary — 1 GPU(s), 1 NUMA node(s), host='hicys76'
[2026-07-08 16:48:54.630] [info] [sirius_context.cpp:301]   GPU 0: NVIDIA RTX A5000 (numa=0, pci=00000000:16:00.0)
[2026-07-08 16:48:54.757] [warning] [sirius_context.cpp:311] SiriusContext: disk memory space is not configured; spilling GPU or HOST data to disk is disabled. If queries run out of GPU/HOST memory, downgrades to disk will not be possible.
[2026-07-08 16:48:54.757] [info] [sirius_context.cpp:323] SiriusContext: 1 host memory space(s) created for 1 NUMA node(s)
[2026-07-08 16:48:54.757] [info] [sirius_context.cpp:386] SiriusContext: skipping peer-access enable loop (num_gpus=1); single-GPU host has no pairs to enable
[2026-07-08 16:48:54.776] [info] [sirius_context.cpp:436] SiriusContext: cuDF pinned memory resource configured (NUMA-aware, max slab 8192 B, fallback node=0)
[2026-07-08 16:48:54.778] [info] [sirius_context.cpp:918] Connection opened.
[2026-07-08 16:48:54.778] [info] [sirius_context.cpp:931] Extension loaded: sirius
[2026-07-08 16:48:54.778] [info] [sirius_context.cpp:217] QueryEnd
[2026-07-08 16:48:54.787] [info] [:] [host_pool] HOST:0 QueryEnd allocated=67108864 bytes peak=67108864 bytes free_blocks=448
[2026-07-08 16:48:54.787] [info] [:] [gpu_pool] GPU:0 QueryEnd allocated=0 bytes peak=0 bytes reserved=0 bytes
[2026-07-08 16:48:54.788] [info] [:] [host_pool] HOST:0 QueryBegin allocated=67108864 bytes peak=67108864 bytes free_blocks=448
[2026-07-08 16:48:54.788] [info] [:] [gpu_pool] GPU:0 QueryBegin allocated=0 bytes peak=0 bytes reserved=0 bytes
[2026-07-08 16:48:54.788] [info] [sirius_context.cpp:201] QueryBegin: SQL: CALL pin_table('/mnt/nvme/dataset/customer.parquet', tier='gpu', name='customer', cols=['c_custkey','c_nationkey'])
[2026-07-08 16:48:54.793] [info] [parquet_gpu_ingestible.cpp:250] [coalesce-debug] parquet_batch_coalescer emit #1: 1 slice(s), acc_bytes=183749950, cap=536870912
[2026-07-08 16:48:54.866] [info] [sirius_scan_manager.cpp:1737] [fixed-page-cache] page_directory indexed table='customer' fixed_cols=2 pages=12 resident_pages=12 resident_bytes=180000000 stats_pages=12 evicted_pages=0 eviction_count=0 directory_entries=12 page_bytes=16777216 rows=15000000 owned_pages=0
[2026-07-08 16:48:54.866] [info] [sirius_context.cpp:217] QueryEnd
[2026-07-08 16:48:54.868] [info] [:] [host_pool] HOST:0 QueryEnd allocated=70254592 bytes peak=70254592 bytes free_blocks=445
[2026-07-08 16:48:54.868] [info] [:] [gpu_pool] GPU:0 QueryEnd allocated=183750400 bytes peak=412872192 bytes reserved=0 bytes
[2026-07-08 16:48:54.868] [info] [:] [host_pool] HOST:0 QueryBegin allocated=70254592 bytes peak=70254592 bytes free_blocks=445
[2026-07-08 16:48:54.868] [info] [:] [gpu_pool] GPU:0 QueryBegin allocated=183750400 bytes peak=412872192 bytes reserved=0 bytes
[2026-07-08 16:48:54.868] [info] [sirius_context.cpp:201] QueryBegin: SQL: CALL pin_table('/mnt/nvme/dataset/lineitem.parquet', tier='gpu', name='lineitem', cols=['l_discount','l_extendedprice','l_orderkey','l_suppkey'])
[2026-07-08 16:48:54.957] [info] [parquet_gpu_ingestible.cpp:250] [coalesce-debug] parquet_batch_coalescer emit #1: 1 slice(s), acc_bytes=535450640, cap=536870912
[2026-07-08 16:48:54.957] [info] [parquet_gpu_ingestible.cpp:250] [coalesce-debug] parquet_batch_coalescer emit #2: 1 slice(s), acc_bytes=533587836, cap=536870912
[2026-07-08 16:48:54.957] [info] [parquet_gpu_ingestible.cpp:250] [coalesce-debug] parquet_batch_coalescer emit #3: 1 slice(s), acc_bytes=533571168, cap=536870912
[2026-07-08 16:48:54.957] [info] [parquet_gpu_ingestible.cpp:250] [coalesce-debug] parquet_batch_coalescer emit #4: 1 slice(s), acc_bytes=533589128, cap=536870912
[2026-07-08 16:48:54.957] [info] [parquet_gpu_ingestible.cpp:250] [coalesce-debug] parquet_batch_coalescer emit #5: 1 slice(s), acc_bytes=533602232, cap=536870912
[2026-07-08 16:48:54.957] [info] [parquet_gpu_ingestible.cpp:250] [coalesce-debug] parquet_batch_coalescer emit #6: 1 slice(s), acc_bytes=533586052, cap=536870912
[2026-07-08 16:48:54.957] [info] [parquet_gpu_ingestible.cpp:250] [coalesce-debug] parquet_batch_coalescer emit #7: 1 slice(s), acc_bytes=533919132, cap=536870912
[2026-07-08 16:48:54.957] [info] [parquet_gpu_ingestible.cpp:250] [coalesce-debug] parquet_batch_coalescer emit #8: 1 slice(s), acc_bytes=534357264, cap=536870912
[2026-07-08 16:48:54.957] [info] [parquet_gpu_ingestible.cpp:250] [coalesce-debug] parquet_batch_coalescer emit #9: 1 slice(s), acc_bytes=534356080, cap=536870912
[2026-07-08 16:48:54.957] [info] [parquet_gpu_ingestible.cpp:250] [coalesce-debug] parquet_batch_coalescer emit #10: 1 slice(s), acc_bytes=534332756, cap=536870912
[2026-07-08 16:48:54.957] [info] [parquet_gpu_ingestible.cpp:250] [coalesce-debug] parquet_batch_coalescer emit #11: 1 slice(s), acc_bytes=534331704, cap=536870912
[2026-07-08 16:48:54.957] [info] [parquet_gpu_ingestible.cpp:250] [coalesce-debug] parquet_batch_coalescer emit #12: 1 slice(s), acc_bytes=534372488, cap=536870912
[2026-07-08 16:48:54.957] [info] [parquet_gpu_ingestible.cpp:250] [coalesce-debug] parquet_batch_coalescer emit #13: 1 slice(s), acc_bytes=534336348, cap=536870912
[2026-07-08 16:48:54.957] [info] [parquet_gpu_ingestible.cpp:250] [coalesce-debug] parquet_batch_coalescer emit #14: 1 slice(s), acc_bytes=534345868, cap=536870912
[2026-07-08 16:48:54.957] [info] [parquet_gpu_ingestible.cpp:250] [coalesce-debug] parquet_batch_coalescer emit #15: 1 slice(s), acc_bytes=534339328, cap=536870912
[2026-07-08 16:48:54.957] [info] [parquet_gpu_ingestible.cpp:250] [coalesce-debug] parquet_batch_coalescer emit #16: 1 slice(s), acc_bytes=534349300, cap=536870912
[2026-07-08 16:48:54.957] [info] [parquet_gpu_ingestible.cpp:250] [coalesce-debug] parquet_batch_coalescer emit #17: 1 slice(s), acc_bytes=534338748, cap=536870912
[2026-07-08 16:48:54.957] [info] [parquet_gpu_ingestible.cpp:250] [coalesce-debug] parquet_batch_coalescer emit #18: 1 slice(s), acc_bytes=534362888, cap=536870912
[2026-07-08 16:48:54.957] [info] [parquet_gpu_ingestible.cpp:250] [coalesce-debug] parquet_batch_coalescer emit #19: 1 slice(s), acc_bytes=534360936, cap=536870912
[2026-07-08 16:48:54.957] [info] [parquet_gpu_ingestible.cpp:250] [coalesce-debug] parquet_batch_coalescer emit #20: 1 slice(s), acc_bytes=534374396, cap=536870912
[2026-07-08 16:48:54.957] [info] [parquet_gpu_ingestible.cpp:250] [coalesce-debug] parquet_batch_coalescer emit #21: 1 slice(s), acc_bytes=534362740, cap=536870912
[2026-07-08 16:48:54.957] [info] [parquet_gpu_ingestible.cpp:250] [coalesce-debug] parquet_batch_coalescer emit #22: 1 slice(s), acc_bytes=534358428, cap=536870912
[2026-07-08 16:48:54.957] [info] [parquet_gpu_ingestible.cpp:250] [coalesce-debug] parquet_batch_coalescer emit #23: 1 slice(s), acc_bytes=534329280, cap=536870912
[2026-07-08 16:48:54.957] [info] [parquet_gpu_ingestible.cpp:250] [coalesce-debug] parquet_batch_coalescer emit #24: 1 slice(s), acc_bytes=534338528, cap=536870912
[2026-07-08 16:48:54.957] [info] [parquet_gpu_ingestible.cpp:250] [coalesce-debug] parquet_batch_coalescer emit #25: 1 slice(s), acc_bytes=534346812, cap=536870912
[2026-07-08 16:48:54.957] [info] [parquet_gpu_ingestible.cpp:250] [coalesce-debug] parquet_batch_coalescer emit #26: 1 slice(s), acc_bytes=534338784, cap=536870912
[2026-07-08 16:48:54.957] [info] [parquet_gpu_ingestible.cpp:250] [coalesce-debug] parquet_batch_coalescer emit #27: 1 slice(s), acc_bytes=534362052, cap=536870912
[2026-07-08 16:48:54.957] [info] [parquet_gpu_ingestible.cpp:250] [coalesce-debug] parquet_batch_coalescer emit #28: 1 slice(s), acc_bytes=534363228, cap=536870912
[2026-07-08 16:48:54.957] [info] [parquet_gpu_ingestible.cpp:250] [coalesce-debug] parquet_batch_coalescer emit #29: 1 slice(s), acc_bytes=534344064, cap=536870912
[2026-07-08 16:48:54.957] [info] [parquet_gpu_ingestible.cpp:250] [coalesce-debug] parquet_batch_coalescer emit #30: 1 slice(s), acc_bytes=534357696, cap=536870912
[2026-07-08 16:48:54.957] [info] [parquet_gpu_ingestible.cpp:250] [coalesce-debug] parquet_batch_coalescer emit #31: 1 slice(s), acc_bytes=534356172, cap=536870912
[2026-07-08 16:48:54.957] [info] [parquet_gpu_ingestible.cpp:250] [coalesce-debug] parquet_batch_coalescer emit #32: 1 slice(s), acc_bytes=534341920, cap=536870912
[2026-07-08 16:48:54.957] [info] [parquet_gpu_ingestible.cpp:250] [coalesce-debug] parquet_batch_coalescer emit #33: 1 slice(s), acc_bytes=534349500, cap=536870912
[2026-07-08 16:48:54.957] [info] [parquet_gpu_ingestible.cpp:250] [coalesce-debug] parquet_batch_coalescer emit #34: 1 slice(s), acc_bytes=534334008, cap=536870912
[2026-07-08 16:48:54.957] [info] [parquet_gpu_ingestible.cpp:250] [coalesce-debug] parquet_batch_coalescer emit #35: 1 slice(s), acc_bytes=534352828, cap=536870912
[2026-07-08 16:48:54.957] [info] [parquet_gpu_ingestible.cpp:250] [coalesce-debug] parquet_batch_coalescer emit #36: 1 slice(s), acc_bytes=534360796, cap=536870912
[2026-07-08 16:48:56.943] [info] [sirius_context.cpp:217] QueryEnd
[2026-07-08 16:48:56.952] [info] [:] [host_pool] HOST:0 QueryEnd allocated=71303168 bytes peak=71303168 bytes free_blocks=444
[2026-07-08 16:48:56.952] [info] [:] [gpu_pool] GPU:0 QueryEnd allocated=183750400 bytes peak=6994697472 bytes reserved=0 bytes
[2026-07-08 16:48:56.965] [info] [:] [host_pool] HOST:0 QueryBegin allocated=71303168 bytes peak=71303168 bytes free_blocks=444
[2026-07-08 16:48:56.965] [info] [:] [gpu_pool] GPU:0 QueryBegin allocated=183750400 bytes peak=6994697472 bytes reserved=0 bytes
[2026-07-08 16:48:56.965] [info] [sirius_context.cpp:201] QueryBegin: SQL: CALL unpin_table('customer')
[2026-07-08 16:48:56.966] [info] [sirius_context.cpp:217] QueryEnd
[2026-07-08 16:48:56.972] [info] [:] [host_pool] HOST:0 QueryEnd allocated=71303168 bytes peak=71303168 bytes free_blocks=444
[2026-07-08 16:48:56.972] [info] [:] [gpu_pool] GPU:0 QueryEnd allocated=0 bytes peak=6994697472 bytes reserved=0 bytes
[2026-07-08 16:48:56.974] [info] [:] [host_pool] HOST:0 QueryBegin allocated=71303168 bytes peak=71303168 bytes free_blocks=444
[2026-07-08 16:48:56.974] [info] [:] [gpu_pool] GPU:0 QueryBegin allocated=0 bytes peak=6994697472 bytes reserved=0 bytes
[2026-07-08 16:48:56.974] [info] [sirius_context.cpp:201] QueryBegin: SQL: CALL unpin_table('lineitem')
[2026-07-08 16:48:56.975] [info] [sirius_context.cpp:217] QueryEnd
[2026-07-08 16:48:56.983] [info] [:] [host_pool] HOST:0 QueryEnd allocated=71303168 bytes peak=71303168 bytes free_blocks=444
[2026-07-08 16:48:56.983] [info] [:] [gpu_pool] GPU:0 QueryEnd allocated=0 bytes peak=6994697472 bytes reserved=0 bytes
[2026-07-08 16:48:56.983] [info] [:] [host_pool] HOST:0 QueryBegin allocated=71303168 bytes peak=71303168 bytes free_blocks=444
[2026-07-08 16:48:56.983] [info] [:] [gpu_pool] GPU:0 QueryBegin allocated=0 bytes peak=6994697472 bytes reserved=0 bytes
[2026-07-08 16:48:56.983] [info] [sirius_context.cpp:201] QueryBegin: SQL: CALL unpin_table('nation')
[2026-07-08 16:48:56.983] [info] [sirius_context.cpp:217] QueryEnd
[2026-07-08 16:48:56.993] [info] [:] [host_pool] HOST:0 QueryEnd allocated=71303168 bytes peak=71303168 bytes free_blocks=444
[2026-07-08 16:48:56.993] [info] [:] [gpu_pool] GPU:0 QueryEnd allocated=0 bytes peak=6994697472 bytes reserved=0 bytes
[2026-07-08 16:48:56.993] [info] [:] [host_pool] HOST:0 QueryBegin allocated=71303168 bytes peak=71303168 bytes free_blocks=444
[2026-07-08 16:48:56.993] [info] [:] [gpu_pool] GPU:0 QueryBegin allocated=0 bytes peak=6994697472 bytes reserved=0 bytes
[2026-07-08 16:48:56.993] [info] [sirius_context.cpp:201] QueryBegin: SQL: CALL unpin_table('orders')
[2026-07-08 16:48:56.993] [info] [sirius_context.cpp:217] QueryEnd
[2026-07-08 16:48:57.003] [info] [:] [host_pool] HOST:0 QueryEnd allocated=71303168 bytes peak=71303168 bytes free_blocks=444
[2026-07-08 16:48:57.003] [info] [:] [gpu_pool] GPU:0 QueryEnd allocated=0 bytes peak=6994697472 bytes reserved=0 bytes
[2026-07-08 16:48:57.003] [info] [:] [host_pool] HOST:0 QueryBegin allocated=71303168 bytes peak=71303168 bytes free_blocks=444
[2026-07-08 16:48:57.003] [info] [:] [gpu_pool] GPU:0 QueryBegin allocated=0 bytes peak=6994697472 bytes reserved=0 bytes
[2026-07-08 16:48:57.003] [info] [sirius_context.cpp:201] QueryBegin: SQL: CALL unpin_table('region')
[2026-07-08 16:48:57.004] [info] [sirius_context.cpp:217] QueryEnd
[2026-07-08 16:48:57.013] [info] [:] [host_pool] HOST:0 QueryEnd allocated=71303168 bytes peak=71303168 bytes free_blocks=444
[2026-07-08 16:48:57.013] [info] [:] [gpu_pool] GPU:0 QueryEnd allocated=0 bytes peak=6994697472 bytes reserved=0 bytes
[2026-07-08 16:48:57.014] [info] [:] [host_pool] HOST:0 QueryBegin allocated=71303168 bytes peak=71303168 bytes free_blocks=444
[2026-07-08 16:48:57.014] [info] [:] [gpu_pool] GPU:0 QueryBegin allocated=0 bytes peak=6994697472 bytes reserved=0 bytes
[2026-07-08 16:48:57.014] [info] [sirius_context.cpp:201] QueryBegin: SQL: CALL unpin_table('supplier')
[2026-07-08 16:48:57.014] [info] [sirius_context.cpp:217] QueryEnd
[2026-07-08 16:48:57.024] [info] [:] [host_pool] HOST:0 QueryEnd allocated=71303168 bytes peak=71303168 bytes free_blocks=444
[2026-07-08 16:48:57.024] [info] [:] [gpu_pool] GPU:0 QueryEnd allocated=0 bytes peak=6994697472 bytes reserved=0 bytes
[2026-07-08 16:48:57.024] [info] [sirius_context.cpp:924] Connection closed.
[2026-07-08 16:48:57.038] [info] [task_scheduler.cpp:368] Task request channel closed, exiting management event loop.
[2026-07-08 16:48:57.038] [info] [gpu_pipeline_executor.cpp:118] GPU Pipeline Executor: task queue interrupted, stopping manager loop
