[2026-07-10 06:37:45.527] [info] [sirius_context.cpp:957] Loaded Sirius configuration from file: /home/dy1013/sirius_multi-gpu/experiment/fixed_page_runs/scan_table_overlap_q1_q22/configs/sirius_2gpu.yaml
[2026-07-10 06:37:45.533] [info] [telemetry_context.cpp:78] Telemetry context initialized (engine=siriusDB)
[2026-07-10 06:37:45.533] [info] [sirius_context.cpp:296] SiriusContext: topology summary — 2 GPU(s), 1 NUMA node(s), host='hicys76'
[2026-07-10 06:37:45.533] [info] [sirius_context.cpp:301]   GPU 0: NVIDIA RTX A5000 (numa=0, pci=00000000:AC:00.0)
[2026-07-10 06:37:45.533] [info] [sirius_context.cpp:301]   GPU 1: NVIDIA RTX A5000 (numa=0, pci=00000000:CA:00.0)
[2026-07-10 06:37:45.680] [warning] [sirius_context.cpp:311] SiriusContext: disk memory space is not configured; spilling GPU or HOST data to disk is disabled. If queries run out of GPU/HOST memory, downgrades to disk will not be possible.
[2026-07-10 06:37:45.680] [info] [sirius_context.cpp:323] SiriusContext: 1 host memory space(s) created for 1 NUMA node(s)
[2026-07-10 06:37:45.682] [info] [sirius_context.cpp:376] SiriusContext: P2P enabled 0 -> 1
[2026-07-10 06:37:45.682] [info] [sirius_context.cpp:376] SiriusContext: P2P enabled 1 -> 0
[2026-07-10 06:37:45.700] [info] [sirius_context.cpp:436] SiriusContext: cuDF pinned memory resource configured (NUMA-aware, max slab 8192 B, fallback node=0)
[2026-07-10 06:37:45.704] [info] [sirius_context.cpp:918] Connection opened.
[2026-07-10 06:37:45.704] [info] [sirius_context.cpp:931] Extension loaded: sirius
[2026-07-10 06:37:45.704] [info] [sirius_context.cpp:217] QueryEnd
[2026-07-10 06:37:45.712] [info] [:] [host_pool] HOST:0 QueryEnd allocated=67108864 bytes peak=67108864 bytes free_blocks=448
[2026-07-10 06:37:45.712] [info] [:] [gpu_pool] GPU:0 QueryEnd allocated=0 bytes peak=0 bytes reserved=0 bytes
[2026-07-10 06:37:45.712] [info] [:] [gpu_pool] GPU:1 QueryEnd allocated=0 bytes peak=0 bytes reserved=0 bytes
[2026-07-10 06:37:45.712] [info] [:] [host_pool] HOST:0 QueryBegin allocated=67108864 bytes peak=67108864 bytes free_blocks=448
[2026-07-10 06:37:45.712] [info] [:] [gpu_pool] GPU:0 QueryBegin allocated=0 bytes peak=0 bytes reserved=0 bytes
[2026-07-10 06:37:45.712] [info] [:] [gpu_pool] GPU:1 QueryBegin allocated=0 bytes peak=0 bytes reserved=0 bytes
[2026-07-10 06:37:45.712] [info] [sirius_context.cpp:201] QueryBegin: SQL: SET gpu_execution = true;
[2026-07-10 06:37:45.713] [info] [sirius_context.cpp:217] QueryEnd
[2026-07-10 06:37:45.722] [info] [:] [host_pool] HOST:0 QueryEnd allocated=67108864 bytes peak=67108864 bytes free_blocks=448
[2026-07-10 06:37:45.722] [info] [:] [gpu_pool] GPU:0 QueryEnd allocated=0 bytes peak=0 bytes reserved=0 bytes
[2026-07-10 06:37:45.722] [info] [:] [gpu_pool] GPU:1 QueryEnd allocated=0 bytes peak=0 bytes reserved=0 bytes
[2026-07-10 06:37:45.723] [info] [:] [host_pool] HOST:0 QueryBegin allocated=67108864 bytes peak=67108864 bytes free_blocks=448
[2026-07-10 06:37:45.723] [info] [:] [gpu_pool] GPU:0 QueryBegin allocated=0 bytes peak=0 bytes reserved=0 bytes
[2026-07-10 06:37:45.723] [info] [:] [gpu_pool] GPU:1 QueryBegin allocated=0 bytes peak=0 bytes reserved=0 bytes
[2026-07-10 06:37:45.723] [info] [sirius_context.cpp:201] QueryBegin: SQL: select p.p_brand, p.p_type, p.p_size, count(distinct ps.ps_suppkey) as supplier_cnt from partsupp ps, part p where p.p_partkey = ps.ps_partkey and p.p_brand <> 'Brand#21' and p.p_type not like 'MEDIUM PLATED%' and p.p_size in (38, 2, 8, 31, 44, 5, 14, 24) and ps.ps_suppkey not in ( select s.s_suppkey from supplier s where s.s_comment like '%Customer%Complaints%' ) group by p.p_brand, p.p_type, p.p_size order by supplier_cnt desc, p.p_brand, p.p_type, p.p_size
[2026-07-10 06:37:45.742] [info] [sirius_plan_get.cpp:267] [sirius_plan_get] LogicalGet has dynamic_filters attached (channel key=0x5e073f9b8c70).
[2026-07-10 06:37:45.742] [info] [sirius_plan_comparison_join.cpp:601] [sirius_plan_comparison_join] Wired hash join with 1 dynamic-filter probe target(s) (build est 20000000 rows).
[2026-07-10 06:37:45.744] [info] [sirius_context.cpp:865] Transparent execution: Sirius physical plan generated successfully
[2026-07-10 06:37:45.745] [info] [sirius_context.cpp:877] Transparent execution: physical plan replaced with GPU operator
[2026-07-10 06:37:45.746] [info] [physical_sirius_execution.cpp:97] Transparent GPU execution: executing query
[2026-07-10 06:37:45.753] [info] [sirius_plan_get.cpp:267] [sirius_plan_get] LogicalGet has dynamic_filters attached (channel key=0x5e073f9b8c70).
[2026-07-10 06:37:45.753] [info] [sirius_plan_comparison_join.cpp:601] [sirius_plan_comparison_join] Wired hash join with 1 dynamic-filter probe target(s) (build est 20000000 rows).
[2026-07-10 06:37:45.753] [info] [sirius_engine.cpp:375] Query Plan:
=== Pipeline Overview ===
Pipeline #0: GPU_SCAN (id=21) -> FILTER (id=12)
  Output: -> PARTITION [port: default, barrier: FULL]
Pipeline #1: PARTITION (id=23)
  Input: <- Pipeline #0 [on: PARTITION (id=23), port: default, barrier: FULL]
  Dependencies: Pipeline #0
  Output: -> CONCAT [port: default, barrier: PARTIAL]
Pipeline #2: CONCAT (id=22)
  Input: <- Pipeline #1 [on: CONCAT (id=22), port: default, barrier: PARTIAL]
  Dependencies: Pipeline #1
  Output: -> HASH_JOIN [port: build, barrier: FULL]
Pipeline #3: GPU_SCAN (id=24)
  Output: -> PARTITION [port: default, barrier: FULL]
Pipeline #4: PARTITION (id=26)
  Input: <- Pipeline #3 [on: PARTITION (id=26), port: default, barrier: FULL]
  Dependencies: Pipeline #3
  Output: -> CONCAT [port: default, barrier: PARTIAL]
Pipeline #5: CONCAT (id=25)
  Input: <- Pipeline #4 [on: CONCAT (id=25), port: default, barrier: PARTIAL]
  Dependencies: Pipeline #4
  Output: -> HASH_JOIN [port: build, barrier: FULL]
Pipeline #6: GPU_SCAN (id=27) -> DYNAMIC_FILTER (id=28)
  Output: -> PARTITION [port: default, barrier: PARTIAL]
Pipeline #7: PARTITION (id=30)
  Input: <- Pipeline #6 [on: PARTITION (id=30), port: default, barrier: PARTIAL]
  Dependencies: Pipeline #6
  Output: -> CONCAT [port: default, barrier: PARTIAL]
Pipeline #8: CONCAT (id=29)
  Input: <- Pipeline #7 [on: CONCAT (id=29), port: default, barrier: PARTIAL]
  Dependencies: Pipeline #7
  Output: -> HASH_JOIN [port: default, barrier: FULL]
Pipeline #9: HASH_JOIN (id=13)
  Input: <- Pipeline #8 [on: HASH_JOIN (id=13), port: default, barrier: FULL]
  Input: <- Pipeline #2 [on: HASH_JOIN (id=13), port: build, barrier: FULL]
  Dependencies: Pipeline #2, Pipeline #8
  Output: -> PARTITION [port: default, barrier: PARTIAL]
Pipeline #10: PARTITION (id=32)
  Input: <- Pipeline #9 [on: PARTITION (id=32), port: default, barrier: PARTIAL]
  Dependencies: Pipeline #9
  Output: -> CONCAT [port: default, barrier: PARTIAL]
Pipeline #11: CONCAT (id=31)
  Input: <- Pipeline #10 [on: CONCAT (id=31), port: default, barrier: PARTIAL]
  Dependencies: Pipeline #10
  Output: -> HASH_JOIN [port: default, barrier: FULL]
Pipeline #12: HASH_JOIN (id=15) -> FILTER (id=16) -> PROJECTION (id=17) -> HASH_GROUP_BY (id=18)
  Input: <- Pipeline #11 [on: HASH_JOIN (id=15), port: default, barrier: FULL]
  Input: <- Pipeline #5 [on: HASH_JOIN (id=15), port: build, barrier: FULL]
  Dependencies: Pipeline #5, Pipeline #11
  Output: -> PARTITION [port: default, barrier: FULL]
Pipeline #13: PARTITION (id=33)
  Input: <- Pipeline #12 [on: PARTITION (id=33), port: default, barrier: FULL]
  Dependencies: Pipeline #12
  Output: -> MERGE_GROUP_BY [port: default, barrier: FULL]
Pipeline #14: MERGE_GROUP_BY (id=34)
  Input: <- Pipeline #13 [on: MERGE_GROUP_BY (id=34), port: default, barrier: FULL]
  Dependencies: Pipeline #13
  Output: -> ORDER_BY [port: default, barrier: FULL]
Pipeline #15: ORDER_BY (id=19)
  Input: <- Pipeline #14 [on: ORDER_BY (id=19), port: default, barrier: FULL]
  Dependencies: Pipeline #14
  Output: -> SORT_SAMPLE [port: default, barrier: PIPELINE]
Pipeline #16: SORT_SAMPLE (id=35) -> SORT_PARTITION (id=36)
  Input: <- Pipeline #15 [on: SORT_SAMPLE (id=35), port: default, barrier: PIPELINE]
  Dependencies: Pipeline #15
  Output: -> MERGE_SORT [port: default, barrier: FULL]
Pipeline #17: MERGE_SORT (id=37)
  Input: <- Pipeline #16 [on: MERGE_SORT (id=37), port: default, barrier: FULL]
  Dependencies: Pipeline #16
  Output: -> RESULT_COLLECTOR [port: default, barrier: FULL]
Pipeline #18: RESULT_COLLECTOR (id=20)
  Input: <- Pipeline #17 [on: RESULT_COLLECTOR (id=20), port: default, barrier: FULL]
  Dependencies: Pipeline #17

=== Query Plan DAG ===
┌──────────────────────────┐                                                        
│ Pipeline #18             │                                                        
│ RESULT_COLLECTOR (id=20) │                                                        
│ Input(#17): FULL         │                                                        
└────────────┬─────────────┘                                                        
             │                                                                      
┌──────────────────────────┐                                                        
│ Pipeline #17             │                                                        
│ MERGE_SORT (id=37)       │                                                        
│ Input(#16): FULL         │                                                        
└────────────┬─────────────┘                                                        
             │                                                                      
┌──────────────────────────┐                                                        
│ Pipeline #16             │                                                        
│ SORT_PARTITION (id=36)   │                                                        
│ SORT_SAMPLE (id=35)      │                                                        
│ Input(#15): PIPELINE     │                                                        
└────────────┬─────────────┘                                                        
             │                                                                      
┌──────────────────────────┐                                                        
│ Pipeline #15             │                                                        
│ ORDER_BY (id=19)         │                                                        
│ Input(#14): FULL         │                                                        
└────────────┬─────────────┘                                                        
             │                                                                      
┌──────────────────────────┐                                                        
│ Pipeline #14             │                                                        
│ MERGE_GROUP_BY (id=34)   │                                                        
│ Input(#13): FULL         │                                                        
└────────────┬─────────────┘                                                        
             │                                                                      
┌──────────────────────────┐                                                        
│ Pipeline #13             │                                                        
│ PARTITION (id=33)        │                                                        
│ Input(#12): FULL         │                                                        
└────────────┬─────────────┘                                                        
             │                                                                      
┌──────────────────────────┐                                                        
│ Pipeline #12             │                                                        
│ HASH_GROUP_BY (id=18)    │                                                        
│ PROJECTION (id=17)       │                                                        
│ FILTER (id=16)           │                                                        
│ HASH_JOIN (id=15)        │                                                        
│   type: MARK             │                                                        
│ Input(#11): FULL         │                                                        
│ Input(#5): FULL          │                                                        
└────────────┬─────────────┘                                                        
             ┌───────────────────────────┐                                          
             │                           │                                          
┌──────────────────────────┐┌──────────────────────────┐                            
│ Pipeline #5              ││ Pipeline #11             │                            
│ CONCAT (id=25)           ││ CONCAT (id=31)           │                            
│ Input(#4): PARTIAL       ││ Input(#10): PARTIAL      │                            
└────────────┬─────────────┘└────────────┬─────────────┘                            
             │                           │                                          
┌──────────────────────────┐┌──────────────────────────┐                            
│ Pipeline #4              ││ Pipeline #10             │                            
│ PARTITION (id=26)        ││ PARTITION (id=32)        │                            
│ Input(#3): FULL          ││ Input(#9): PARTIAL       │                            
└────────────┬─────────────┘└────────────┬─────────────┘                            
             │                           │                                          
┌──────────────────────────┐┌──────────────────────────┐                            
│ Pipeline #3              ││ Pipeline #9              │                            
│ GPU_SCAN (id=24)         ││ HASH_JOIN (id=13)        │                            
│                          ││   type: INNER            │                            
│                          ││ Input(#8): FULL          │                            
│                          ││ Input(#2): FULL          │                            
└──────────────────────────┘└────────────┬─────────────┘                            
                                         ┌───────────────────────────┐              
                                         │                           │              
                            ┌──────────────────────────┐┌──────────────────────────┐
                            │ Pipeline #2              ││ Pipeline #8              │
                            │ CONCAT (id=22)           ││ CONCAT (id=29)           │
                            │ Input(#1): PARTIAL       ││ Input(#7): PARTIAL       │
                            └────────────┬─────────────┘└────────────┬─────────────┘
                                         │                           │              
                            ┌──────────────────────────┐┌──────────────────────────┐
                            │ Pipeline #1              ││ Pipeline #7              │
                            │ PARTITION (id=23)        ││ PARTITION (id=30)        │
                            │ Input(#0): FULL          ││ Input(#6): PARTIAL       │
                            └────────────┬─────────────┘└────────────┬─────────────┘
                                         │                           │              
                            ┌──────────────────────────┐┌──────────────────────────┐
                            │ Pipeline #0              ││ Pipeline #6              │
                            │ FILTER (id=12)           ││ DYNAMIC_FILTER (id=28)   │
                            │ GPU_SCAN (id=21)         ││ GPU_SCAN (id=27)         │
                            └──────────────────────────┘└──────────────────────────┘

[2026-07-10 06:37:45.762] [info] [parquet_gpu_ingestible.cpp:278] [coalesce-debug] parquet_batch_coalescer emit #1: 1 slice(s), acc_bytes=443331651, cap=536870912
[2026-07-10 06:37:45.762] [info] [load_balancing_scan_batch_coalescer.cpp:96] [coalesce-debug] load_balancer emit pipeline=0 -> preferred GPU 0
[2026-07-10 06:37:45.766] [info] [parquet_gpu_ingestible.cpp:278] [coalesce-debug] parquet_batch_coalescer emit #1: 1 slice(s), acc_bytes=8124997, cap=536870912
[2026-07-10 06:37:45.766] [info] [load_balancing_scan_batch_coalescer.cpp:96] [coalesce-debug] load_balancer emit pipeline=3 -> preferred GPU 1
[2026-07-10 06:37:45.766] [info] [parquet_gpu_ingestible.cpp:278] [coalesce-debug] parquet_batch_coalescer emit #1: 1 slice(s), acc_bytes=535058976, cap=536870912
[2026-07-10 06:37:45.766] [info] [parquet_gpu_ingestible.cpp:278] [coalesce-debug] parquet_batch_coalescer emit #2: 1 slice(s), acc_bytes=536793244, cap=536870912
[2026-07-10 06:37:45.766] [info] [load_balancing_scan_batch_coalescer.cpp:96] [coalesce-debug] load_balancer emit pipeline=6 -> preferred GPU 0
[2026-07-10 06:37:45.767] [info] [task_scheduler.cpp:462] [mgpu-audit] pipeline_task dispatched to GPU 0 task_id=0
[2026-07-10 06:37:45.767] [info] [task_scheduler.cpp:464] [locality-audit] dispatch task_id=0 preferred_device=0 actual_gpu=0
[2026-07-10 06:37:45.773] [info] [load_balancing_scan_batch_coalescer.cpp:96] [coalesce-debug] load_balancer emit pipeline=6 -> preferred GPU 1
[2026-07-10 06:37:45.780] [info] [parquet_gpu_ingestible.cpp:278] [coalesce-debug] parquet_batch_coalescer emit #3: 1 slice(s), acc_bytes=228147610, cap=536870912
[2026-07-10 06:37:45.780] [info] [load_balancing_scan_batch_coalescer.cpp:96] [coalesce-debug] load_balancer emit pipeline=6 -> preferred GPU 0
[2026-07-10 06:37:45.870] [info] [parquet_gpu_ingestible.cpp:905] [scan-audit] parquet_materialize target_gpu=0 files=/mnt/nvme/dataset/part.parquet columns=p_partkey|p_brand|p_type|p_size row_groups=0,1,2,3,4,5,6,7,8,9,10,11,12,13,14,15,16,17,18,19,20,21,22,23,24,25,26,27,28,29,30,31,32,33,34,35,36,37,38,39,40,41,42,43,44,45,46,47,48,49,50,51,52,53,54,55,56,57,58,59,60,61,62,63,64,65,66,67,68,69,70,71,72,73,74,75,76,77,78,79,80,81,82,83,84,85,86,87,88,89,90,91,92,93,94,95,96,97,98,99,100,101,102,103,104,105,106,107,108,109,110,111,112,113,114,115,116,117,118,119,120,121,122,123,124,125,126,127,128,129,130,131,132,133,134,135,136,137,138,139,140,141,142,143,144,145,146,147,148,149,150,151,152,153,154,155,156,157,158,159,160,161,162 compressed_bytes=128079122 uncompressed_bytes=443331651 output_rows=20000000 output_columns=4 split_count=1 duration_us=97884
[2026-07-10 06:37:45.889] [info] [gpu_pipeline_task.cpp:321] [stage-audit] pipeline_id=0 task_id=0 operator_id=21 operator_name=GPU_SCAN stage_kind=SCAN operator_type=94 input_type=GPU_SCAN output_type=PIPELINEABLE actual_gpu=0 pipeline_operator_count=2 input_batches=0 input_rows=0 input_columns=0 input_bytes=0 output_batches=1 output_rows=18560830 output_columns=4 output_bytes=912359912 byte_ratio=0.000000 row_ratio=0.000000 duration_us=120802
[2026-07-10 06:37:45.896] [info] [gpu_pipeline_task.cpp:321] [stage-audit] pipeline_id=0 task_id=0 operator_id=12 operator_name=FILTER stage_kind=FILTER operator_type=12 input_type=PIPELINEABLE output_type=PIPELINEABLE actual_gpu=0 pipeline_operator_count=2 input_batches=1 input_rows=18560830 input_columns=4 input_bytes=912359912 output_batches=1 output_rows=2970570 output_columns=4 output_bytes=146017698 byte_ratio=0.160044 row_ratio=0.160045 duration_us=7195
[2026-07-10 06:37:45.897] [info] [task_creator.cpp:363] [locality-audit] task_create operator_id=23 input_bytes=146017698 local_bytes=146017698 gpu_source_bytes=146017698 host_source_bytes=0 disk_source_bytes=0 gpu_sources=1 host_sources=0 preferred_device=0
[2026-07-10 06:37:45.897] [info] [task_scheduler.cpp:462] [mgpu-audit] pipeline_task dispatched to GPU 0 task_id=1
[2026-07-10 06:37:45.897] [info] [task_scheduler.cpp:464] [locality-audit] dispatch task_id=1 preferred_device=0 actual_gpu=0
[2026-07-10 06:37:45.897] [info] [gpu_pipeline_task.cpp:188] [locality-audit] prepare_before pipeline_id=1 task_id=1 preferred_device=0 actual_gpu=0 target_tier=GPU target_device=0 input_bytes=146017698 local_bytes=146017698 remote_gpu_bytes=0 host_bytes=0 disk_bytes=0 batch_count=1
[2026-07-10 06:37:45.897] [info] [gpu_pipeline_task.cpp:188] [locality-audit] prepare_after pipeline_id=1 task_id=1 preferred_device=0 actual_gpu=0 target_tier=GPU target_device=0 input_bytes=146017698 local_bytes=146017698 remote_gpu_bytes=0 host_bytes=0 disk_bytes=0 batch_count=1
[2026-07-10 06:37:45.909] [info] [gpu_pipeline_task.cpp:321] [stage-audit] pipeline_id=1 task_id=1 operator_id=23 operator_name=PARTITION stage_kind=PARTITION operator_type=82 input_type=PIPELINEABLE output_type=PIPELINEABLE actual_gpu=0 pipeline_operator_count=1 input_batches=1 input_rows=2970570 input_columns=4 input_bytes=146017698 output_batches=2 output_rows=2970570 output_columns=8 output_bytes=145275178 byte_ratio=0.994915 row_ratio=1.000000 duration_us=11669
[2026-07-10 06:37:45.909] [info] [task_scheduler.cpp:462] [mgpu-audit] pipeline_task dispatched to GPU 1 task_id=3
[2026-07-10 06:37:45.909] [info] [task_scheduler.cpp:464] [locality-audit] dispatch task_id=3 preferred_device=1 actual_gpu=1
[2026-07-10 06:37:45.909] [info] [task_scheduler.cpp:462] [mgpu-audit] pipeline_task dispatched to GPU 0 task_id=2
[2026-07-10 06:37:45.909] [info] [task_scheduler.cpp:464] [locality-audit] dispatch task_id=2 preferred_device=0 actual_gpu=0
[2026-07-10 06:37:45.909] [info] [gpu_pipeline_task.cpp:188] [locality-audit] prepare_before pipeline_id=2 task_id=3 preferred_device=1 actual_gpu=1 target_tier=GPU target_device=1 input_bytes=72646306 local_bytes=0 remote_gpu_bytes=72646306 host_bytes=0 disk_bytes=0 batch_count=1
[2026-07-10 06:37:45.909] [info] [gpu_pipeline_task.cpp:188] [locality-audit] prepare_before pipeline_id=2 task_id=2 preferred_device=0 actual_gpu=0 target_tier=GPU target_device=0 input_bytes=72628872 local_bytes=72628872 remote_gpu_bytes=0 host_bytes=0 disk_bytes=0 batch_count=1
[2026-07-10 06:37:45.909] [info] [gpu_pipeline_task.cpp:188] [locality-audit] prepare_after pipeline_id=2 task_id=2 preferred_device=0 actual_gpu=0 target_tier=GPU target_device=0 input_bytes=72628872 local_bytes=72628872 remote_gpu_bytes=0 host_bytes=0 disk_bytes=0 batch_count=1
[2026-07-10 06:37:45.909] [info] [gpu_pipeline_task.cpp:321] [stage-audit] pipeline_id=2 task_id=2 operator_id=22 operator_name=CONCAT stage_kind=CONCAT operator_type=83 input_type=PARTITIONED output_type=PARTITIONED actual_gpu=0 pipeline_operator_count=1 input_batches=1 input_rows=1485087 input_columns=4 input_bytes=72628872 output_batches=1 output_rows=1485087 output_columns=4 output_bytes=72628872 byte_ratio=1.000000 row_ratio=1.000000 duration_us=7
[2026-07-10 06:37:46.013] [info] [gpu_pipeline_task.cpp:188] [locality-audit] prepare_after pipeline_id=2 task_id=3 preferred_device=1 actual_gpu=1 target_tier=GPU target_device=1 input_bytes=72646306 local_bytes=72646306 remote_gpu_bytes=0 host_bytes=0 disk_bytes=0 batch_count=1
[2026-07-10 06:37:46.013] [info] [gpu_pipeline_task.cpp:321] [stage-audit] pipeline_id=2 task_id=3 operator_id=22 operator_name=CONCAT stage_kind=CONCAT operator_type=83 input_type=PARTITIONED output_type=PARTITIONED actual_gpu=1 pipeline_operator_count=1 input_batches=1 input_rows=1485483 input_columns=4 input_bytes=72646306 output_batches=1 output_rows=1485483 output_columns=4 output_bytes=72646306 byte_ratio=1.000000 row_ratio=1.000000 duration_us=1
[2026-07-10 06:37:46.017] [info] [task_scheduler.cpp:462] [mgpu-audit] pipeline_task dispatched to GPU 0 task_id=4
[2026-07-10 06:37:46.017] [info] [task_scheduler.cpp:464] [locality-audit] dispatch task_id=4 preferred_device=0 actual_gpu=0
[2026-07-10 06:37:46.023] [info] [task_scheduler.cpp:462] [mgpu-audit] pipeline_task dispatched to GPU 1 task_id=5
[2026-07-10 06:37:46.023] [info] [task_scheduler.cpp:464] [locality-audit] dispatch task_id=5 preferred_device=1 actual_gpu=1
[2026-07-10 06:37:46.027] [info] [task_scheduler.cpp:462] [mgpu-audit] pipeline_task dispatched to GPU 0 task_id=6
[2026-07-10 06:37:46.027] [info] [task_scheduler.cpp:464] [locality-audit] dispatch task_id=6 preferred_device=0 actual_gpu=0
[2026-07-10 06:37:46.205] [info] [parquet_gpu_ingestible.cpp:905] [scan-audit] parquet_materialize target_gpu=0 files=/mnt/nvme/dataset/partsupp.parquet columns=ps_partkey|ps_suppkey row_groups=0,1,2,3,4,5,6,7,8,9,10,11,12,13,14,15,16,17,18,19,20,21,22,23,24,25,26,27,28,29,30,31,32,33,34,35,36,37,38,39,40,41,42,43,44,45,46,47,48,49,50,51,52,53,54,55,56,57,58,59,60,61,62,63,64,65,66,67,68,69,70,71,72,73,74,75,76,77,78,79,80,81,82,83,84,85,86,87,88,89,90,91,92,93,94,95,96,97,98,99,100,101,102,103,104,105,106,107,108,109,110,111,112,113,114,115,116,117,118,119,120,121,122,123,124,125,126,127,128,129,130,131,132,133,134,135,136,137,138,139,140,141,142,143,144,145,146,147,148,149,150,151,152,153,154,155,156,157,158,159,160,161,162,163,164,165,166,167,168,169,170,171,172,173,174,175,176,177,178,179,180,181,182,183,184,185,186,187,188,189,190,191,192,193,194,195,196,197,198,199,200,201,202,203,204,205,206,207,208,209,210,211,212,213,214,215,216,217,218,219,220,221,222,223,224,225,226,227,228,229,230,231,232,233,234,235,236,237,238,239,240,241,242,243,244,245,246,247,248,249,250,251,252,253,254,255,256,257,258,259,260,261,262,263,264,265,266 compressed_bytes=189653662 uncompressed_bytes=535058976 output_rows=32926711 output_columns=2 split_count=1 duration_us=170012
[2026-07-10 06:37:46.205] [info] [gpu_pipeline_task.cpp:321] [stage-audit] pipeline_id=6 task_id=4 operator_id=27 operator_name=GPU_SCAN stage_kind=SCAN operator_type=94 input_type=GPU_SCAN output_type=PIPELINEABLE actual_gpu=0 pipeline_operator_count=2 input_batches=0 input_rows=0 input_columns=0 input_bytes=0 output_batches=1 output_rows=32926711 output_columns=2 output_bytes=535059056 byte_ratio=0.000000 row_ratio=0.000000 duration_us=181352
[2026-07-10 06:37:46.205] [info] [gpu_pipeline_task.cpp:321] [stage-audit] pipeline_id=6 task_id=4 operator_id=28 operator_name=DYNAMIC_FILTER stage_kind=OTHER operator_type=95 input_type=PIPELINEABLE output_type=PIPELINEABLE actual_gpu=0 pipeline_operator_count=2 input_batches=1 input_rows=32926711 input_columns=2 input_bytes=535059056 output_batches=1 output_rows=32926711 output_columns=2 output_bytes=535059056 byte_ratio=1.000000 row_ratio=1.000000 duration_us=3
[2026-07-10 06:37:46.206] [info] [task_creator.cpp:363] [locality-audit] task_create operator_id=30 input_bytes=535059056 local_bytes=535059056 gpu_source_bytes=535059056 host_source_bytes=0 disk_source_bytes=0 gpu_sources=1 host_sources=0 preferred_device=0
[2026-07-10 06:37:46.206] [info] [task_scheduler.cpp:462] [mgpu-audit] pipeline_task dispatched to GPU 0 task_id=7
[2026-07-10 06:37:46.206] [info] [task_scheduler.cpp:464] [locality-audit] dispatch task_id=7 preferred_device=0 actual_gpu=0
[2026-07-10 06:37:46.206] [info] [gpu_pipeline_task.cpp:188] [locality-audit] prepare_before pipeline_id=7 task_id=7 preferred_device=0 actual_gpu=0 target_tier=GPU target_device=0 input_bytes=535059056 local_bytes=535059056 remote_gpu_bytes=0 host_bytes=0 disk_bytes=0 batch_count=1
[2026-07-10 06:37:46.206] [info] [gpu_pipeline_task.cpp:188] [locality-audit] prepare_after pipeline_id=7 task_id=7 preferred_device=0 actual_gpu=0 target_tier=GPU target_device=0 input_bytes=535059056 local_bytes=535059056 remote_gpu_bytes=0 host_bytes=0 disk_bytes=0 batch_count=1
[2026-07-10 06:37:46.211] [info] [gpu_pipeline_task.cpp:321] [stage-audit] pipeline_id=7 task_id=7 operator_id=30 operator_name=PARTITION stage_kind=PARTITION operator_type=82 input_type=PIPELINEABLE output_type=PIPELINEABLE actual_gpu=0 pipeline_operator_count=1 input_batches=1 input_rows=32926711 input_columns=2 input_bytes=535059056 output_batches=2 output_rows=32926711 output_columns=4 output_bytes=526827376 byte_ratio=0.984615 row_ratio=1.000000 duration_us=5393
[2026-07-10 06:37:46.213] [info] [parquet_gpu_ingestible.cpp:905] [scan-audit] parquet_materialize target_gpu=1 files=/mnt/nvme/dataset/partsupp.parquet columns=ps_partkey|ps_suppkey row_groups=267,268,269,270,271,272,273,274,275,276,277,278,279,280,281,282,283,284,285,286,287,288,289,290,291,292,293,294,295,296,297,298,299,300,301,302,303,304,305,306,307,308,309,310,311,312,313,314,315,316,317,318,319,320,321,322,323,324,325,326,327,328,329,330,331,332,333,334,335,336,337,338,339,340,341,342,343,344,345,346,347,348,349,350,351,352,353,354,355,356,357,358,359,360,361,362,363,364,365,366,367,368,369,370,371,372,373,374,375,376,377,378,379,380,381,382,383,384,385,386,387,388,389,390,391,392,393,394,395,396,397,398,399,400,401,402,403,404,405,406,407,408,409,410,411,412,413,414,415,416,417,418,419,420,421,422,423,424,425,426,427,428,429,430,431,432,433,434,435,436,437,438,439,440,441,442,443,444,445,446,447,448,449,450,451,452,453,454,455,456,457,458,459,460,461,462,463,464,465,466,467,468,469,470,471,472,473,474,475,476,477,478,479,480,481,482,483,484,485,486,487,488,489,490,491,492,493,494,495,496,497,498,499,500,501,502,503,504,505,506,507,508,509,510,511,512,513,514,515,516,517,518,519,520,521,522,523,524,525,526,527,528,529,530,531,532,533,534 compressed_bytes=190264754 uncompressed_bytes=536793244 output_rows=33033435 output_columns=2 split_count=1 duration_us=175463
[2026-07-10 06:37:46.213] [info] [gpu_pipeline_task.cpp:321] [stage-audit] pipeline_id=6 task_id=5 operator_id=27 operator_name=GPU_SCAN stage_kind=SCAN operator_type=94 input_type=GPU_SCAN output_type=PIPELINEABLE actual_gpu=1 pipeline_operator_count=2 input_batches=0 input_rows=0 input_columns=0 input_bytes=0 output_batches=1 output_rows=33033435 output_columns=2 output_bytes=536793392 byte_ratio=0.000000 row_ratio=0.000000 duration_us=185722
[2026-07-10 06:37:46.213] [info] [gpu_pipeline_task.cpp:321] [stage-audit] pipeline_id=6 task_id=5 operator_id=28 operator_name=DYNAMIC_FILTER stage_kind=OTHER operator_type=95 input_type=PIPELINEABLE output_type=PIPELINEABLE actual_gpu=1 pipeline_operator_count=2 input_batches=1 input_rows=33033435 input_columns=2 input_bytes=536793392 output_batches=1 output_rows=33033435 output_columns=2 output_bytes=536793392 byte_ratio=1.000000 row_ratio=1.000000 duration_us=1
[2026-07-10 06:37:46.214] [info] [task_creator.cpp:363] [locality-audit] task_create operator_id=30 input_bytes=536793392 local_bytes=536793392 gpu_source_bytes=536793392 host_source_bytes=0 disk_source_bytes=0 gpu_sources=1 host_sources=0 preferred_device=1
[2026-07-10 06:37:46.214] [info] [task_scheduler.cpp:462] [mgpu-audit] pipeline_task dispatched to GPU 1 task_id=8
[2026-07-10 06:37:46.214] [info] [task_scheduler.cpp:464] [locality-audit] dispatch task_id=8 preferred_device=1 actual_gpu=1
[2026-07-10 06:37:46.214] [info] [gpu_pipeline_task.cpp:188] [locality-audit] prepare_before pipeline_id=7 task_id=8 preferred_device=1 actual_gpu=1 target_tier=GPU target_device=1 input_bytes=536793392 local_bytes=536793392 remote_gpu_bytes=0 host_bytes=0 disk_bytes=0 batch_count=1
[2026-07-10 06:37:46.214] [info] [gpu_pipeline_task.cpp:188] [locality-audit] prepare_after pipeline_id=7 task_id=8 preferred_device=1 actual_gpu=1 target_tier=GPU target_device=1 input_bytes=536793392 local_bytes=536793392 remote_gpu_bytes=0 host_bytes=0 disk_bytes=0 batch_count=1
[2026-07-10 06:37:46.220] [info] [gpu_pipeline_task.cpp:321] [stage-audit] pipeline_id=7 task_id=8 operator_id=30 operator_name=PARTITION stage_kind=PARTITION operator_type=82 input_type=PIPELINEABLE output_type=PIPELINEABLE actual_gpu=1 pipeline_operator_count=1 input_batches=1 input_rows=33033435 input_columns=2 input_bytes=536793392 output_batches=2 output_rows=33033435 output_columns=4 output_bytes=528534960 byte_ratio=0.984615 row_ratio=1.000000 duration_us=6051
[2026-07-10 06:37:46.269] [info] [parquet_gpu_ingestible.cpp:905] [scan-audit] parquet_materialize target_gpu=0 files=/mnt/nvme/dataset/partsupp.parquet columns=ps_partkey|ps_suppkey row_groups=535,536,537,538,539,540,541,542,543,544,545,546,547,548,549,550,551,552,553,554,555,556,557,558,559,560,561,562,563,564,565,566,567,568,569,570,571,572,573,574,575,576,577,578,579,580,581,582,583,584,585,586,587,588,589,590,591,592,593,594,595,596,597,598,599,600,601,602,603,604,605,606,607,608,609,610,611,612,613,614,615,616,617,618,619,620,621,622,623,624,625,626,627,628,629,630,631,632,633,634,635,636,637,638,639,640,641,642,643,644,645,646,647,648,649 compressed_bytes=80879028 uncompressed_bytes=228147610 output_rows=14039854 output_columns=2 split_count=1 duration_us=47145
[2026-07-10 06:37:46.269] [info] [gpu_pipeline_task.cpp:321] [stage-audit] pipeline_id=6 task_id=6 operator_id=27 operator_name=GPU_SCAN stage_kind=SCAN operator_type=94 input_type=GPU_SCAN output_type=PIPELINEABLE actual_gpu=0 pipeline_operator_count=2 input_batches=0 input_rows=0 input_columns=0 input_bytes=0 output_batches=1 output_rows=14039854 output_columns=2 output_bytes=228147680 byte_ratio=0.000000 row_ratio=0.000000 duration_us=57517
[2026-07-10 06:37:46.269] [info] [gpu_pipeline_task.cpp:321] [stage-audit] pipeline_id=6 task_id=6 operator_id=28 operator_name=DYNAMIC_FILTER stage_kind=OTHER operator_type=95 input_type=PIPELINEABLE output_type=PIPELINEABLE actual_gpu=0 pipeline_operator_count=2 input_batches=1 input_rows=14039854 input_columns=2 input_bytes=228147680 output_batches=1 output_rows=14039854 output_columns=2 output_bytes=228147680 byte_ratio=1.000000 row_ratio=1.000000 duration_us=1
[2026-07-10 06:37:46.269] [info] [task_creator.cpp:363] [locality-audit] task_create operator_id=30 input_bytes=228147680 local_bytes=228147680 gpu_source_bytes=228147680 host_source_bytes=0 disk_source_bytes=0 gpu_sources=1 host_sources=0 preferred_device=0
[2026-07-10 06:37:46.269] [info] [task_scheduler.cpp:462] [mgpu-audit] pipeline_task dispatched to GPU 0 task_id=9
[2026-07-10 06:37:46.269] [info] [task_scheduler.cpp:464] [locality-audit] dispatch task_id=9 preferred_device=0 actual_gpu=0
[2026-07-10 06:37:46.269] [info] [gpu_pipeline_task.cpp:188] [locality-audit] prepare_before pipeline_id=7 task_id=9 preferred_device=0 actual_gpu=0 target_tier=GPU target_device=0 input_bytes=228147680 local_bytes=228147680 remote_gpu_bytes=0 host_bytes=0 disk_bytes=0 batch_count=1
[2026-07-10 06:37:46.269] [info] [gpu_pipeline_task.cpp:188] [locality-audit] prepare_after pipeline_id=7 task_id=9 preferred_device=0 actual_gpu=0 target_tier=GPU target_device=0 input_bytes=228147680 local_bytes=228147680 remote_gpu_bytes=0 host_bytes=0 disk_bytes=0 batch_count=1
[2026-07-10 06:37:46.272] [info] [gpu_pipeline_task.cpp:321] [stage-audit] pipeline_id=7 task_id=9 operator_id=30 operator_name=PARTITION stage_kind=PARTITION operator_type=82 input_type=PIPELINEABLE output_type=PIPELINEABLE actual_gpu=0 pipeline_operator_count=1 input_batches=1 input_rows=14039854 input_columns=2 input_bytes=228147680 output_batches=2 output_rows=14039854 output_columns=4 output_bytes=224637664 byte_ratio=0.984615 row_ratio=1.000000 duration_us=2274
[2026-07-10 06:37:46.272] [info] [task_scheduler.cpp:462] [mgpu-audit] pipeline_task dispatched to GPU 0 task_id=10
[2026-07-10 06:37:46.272] [info] [task_scheduler.cpp:464] [locality-audit] dispatch task_id=10 preferred_device=0 actual_gpu=0
[2026-07-10 06:37:46.272] [info] [task_scheduler.cpp:462] [mgpu-audit] pipeline_task dispatched to GPU 1 task_id=12
[2026-07-10 06:37:46.272] [info] [task_scheduler.cpp:464] [locality-audit] dispatch task_id=12 preferred_device=1 actual_gpu=1
[2026-07-10 06:37:46.272] [info] [task_scheduler.cpp:462] [mgpu-audit] pipeline_task dispatched to GPU 0 task_id=11
[2026-07-10 06:37:46.272] [info] [task_scheduler.cpp:464] [locality-audit] dispatch task_id=11 preferred_device=0 actual_gpu=0
[2026-07-10 06:37:46.272] [info] [task_scheduler.cpp:462] [mgpu-audit] pipeline_task dispatched to GPU 1 task_id=13
[2026-07-10 06:37:46.272] [info] [task_scheduler.cpp:464] [locality-audit] dispatch task_id=13 preferred_device=1 actual_gpu=1
[2026-07-10 06:37:46.272] [info] [gpu_pipeline_task.cpp:188] [locality-audit] prepare_before pipeline_id=8 task_id=13 preferred_device=1 actual_gpu=1 target_tier=GPU target_device=1 input_bytes=112192128 local_bytes=0 remote_gpu_bytes=112192128 host_bytes=0 disk_bytes=0 batch_count=1
[2026-07-10 06:37:46.272] [info] [gpu_pipeline_task.cpp:188] [locality-audit] prepare_before pipeline_id=8 task_id=12 preferred_device=1 actual_gpu=1 target_tier=GPU target_device=1 input_bytes=527604288 local_bytes=264234944 remote_gpu_bytes=263369344 host_bytes=0 disk_bytes=0 batch_count=2
[2026-07-10 06:37:46.272] [info] [gpu_pipeline_task.cpp:188] [locality-audit] prepare_before pipeline_id=8 task_id=10 preferred_device=0 actual_gpu=0 target_tier=GPU target_device=0 input_bytes=527758048 local_bytes=263458032 remote_gpu_bytes=264300016 host_bytes=0 disk_bytes=0 batch_count=2
[2026-07-10 06:37:46.272] [info] [gpu_pipeline_task.cpp:188] [locality-audit] prepare_before pipeline_id=8 task_id=11 preferred_device=0 actual_gpu=0 target_tier=GPU target_device=0 input_bytes=112445536 local_bytes=112445536 remote_gpu_bytes=0 host_bytes=0 disk_bytes=0 batch_count=1
[2026-07-10 06:37:46.272] [info] [gpu_pipeline_task.cpp:188] [locality-audit] prepare_after pipeline_id=8 task_id=11 preferred_device=0 actual_gpu=0 target_tier=GPU target_device=0 input_bytes=112445536 local_bytes=112445536 remote_gpu_bytes=0 host_bytes=0 disk_bytes=0 batch_count=1
[2026-07-10 06:37:46.272] [info] [gpu_pipeline_task.cpp:321] [stage-audit] pipeline_id=8 task_id=11 operator_id=29 operator_name=CONCAT stage_kind=CONCAT operator_type=83 input_type=PARTITIONED output_type=PARTITIONED actual_gpu=0 pipeline_operator_count=1 input_batches=1 input_rows=7027846 input_columns=2 input_bytes=112445536 output_batches=1 output_rows=7027846 output_columns=2 output_bytes=112445536 byte_ratio=1.000000 row_ratio=1.000000 duration_us=9
[2026-07-10 06:37:46.285] [info] [gpu_pipeline_task.cpp:188] [locality-audit] prepare_after pipeline_id=8 task_id=13 preferred_device=1 actual_gpu=1 target_tier=GPU target_device=1 input_bytes=112192128 local_bytes=112192128 remote_gpu_bytes=0 host_bytes=0 disk_bytes=0 batch_count=1
[2026-07-10 06:37:46.285] [info] [gpu_pipeline_task.cpp:321] [stage-audit] pipeline_id=8 task_id=13 operator_id=29 operator_name=CONCAT stage_kind=CONCAT operator_type=83 input_type=PARTITIONED output_type=PARTITIONED actual_gpu=1 pipeline_operator_count=1 input_batches=1 input_rows=7012008 input_columns=2 input_bytes=112192128 output_batches=1 output_rows=7012008 output_columns=2 output_bytes=112192128 byte_ratio=1.000000 row_ratio=1.000000 duration_us=0
[2026-07-10 06:37:46.286] [info] [gpu_pipeline_task.cpp:188] [locality-audit] prepare_after pipeline_id=8 task_id=10 preferred_device=0 actual_gpu=0 target_tier=GPU target_device=0 input_bytes=527758048 local_bytes=527758048 remote_gpu_bytes=0 host_bytes=0 disk_bytes=0 batch_count=2
[2026-07-10 06:37:46.298] [info] [gpu_pipeline_task.cpp:321] [stage-audit] pipeline_id=8 task_id=10 operator_id=29 operator_name=CONCAT stage_kind=CONCAT operator_type=83 input_type=PARTITIONED output_type=PARTITIONED actual_gpu=0 pipeline_operator_count=1 input_batches=2 input_rows=32984878 input_columns=4 input_bytes=527758048 output_batches=1 output_rows=32984878 output_columns=2 output_bytes=527758048 byte_ratio=1.000000 row_ratio=1.000000 duration_us=11897
[2026-07-10 06:37:46.303] [info] [gpu_pipeline_task.cpp:188] [locality-audit] prepare_after pipeline_id=8 task_id=12 preferred_device=1 actual_gpu=1 target_tier=GPU target_device=1 input_bytes=527604288 local_bytes=527604288 remote_gpu_bytes=0 host_bytes=0 disk_bytes=0 batch_count=2
[2026-07-10 06:37:46.315] [info] [gpu_pipeline_task.cpp:321] [stage-audit] pipeline_id=8 task_id=12 operator_id=29 operator_name=CONCAT stage_kind=CONCAT operator_type=83 input_type=PARTITIONED output_type=PARTITIONED actual_gpu=1 pipeline_operator_count=1 input_batches=2 input_rows=32975268 input_columns=4 input_bytes=527604288 output_batches=1 output_rows=32975268 output_columns=2 output_bytes=527604288 byte_ratio=1.000000 row_ratio=1.000000 duration_us=11713
[2026-07-10 06:37:46.315] [info] [task_scheduler.cpp:462] [mgpu-audit] pipeline_task dispatched to GPU 0 task_id=14
[2026-07-10 06:37:46.315] [info] [task_scheduler.cpp:464] [locality-audit] dispatch task_id=14 preferred_device=0 actual_gpu=0
[2026-07-10 06:37:46.315] [info] [task_scheduler.cpp:462] [mgpu-audit] pipeline_task dispatched to GPU 1 task_id=16
[2026-07-10 06:37:46.315] [info] [task_scheduler.cpp:464] [locality-audit] dispatch task_id=16 preferred_device=1 actual_gpu=1
[2026-07-10 06:37:46.315] [info] [task_scheduler.cpp:462] [mgpu-audit] pipeline_task dispatched to GPU 0 task_id=15
[2026-07-10 06:37:46.315] [info] [task_scheduler.cpp:464] [locality-audit] dispatch task_id=15 preferred_device=0 actual_gpu=0
[2026-07-10 06:37:46.315] [info] [gpu_pipeline_task.cpp:188] [locality-audit] prepare_before pipeline_id=9 task_id=14 preferred_device=0 actual_gpu=0 target_tier=GPU target_device=0 input_bytes=185074408 local_bytes=185074408 remote_gpu_bytes=0 host_bytes=0 disk_bytes=0 batch_count=2
[2026-07-10 06:37:46.315] [info] [gpu_pipeline_task.cpp:188] [locality-audit] prepare_after pipeline_id=9 task_id=14 preferred_device=0 actual_gpu=0 target_tier=GPU target_device=0 input_bytes=185074408 local_bytes=185074408 remote_gpu_bytes=0 host_bytes=0 disk_bytes=0 batch_count=2
[2026-07-10 06:37:46.315] [info] [gpu_pipeline_task.cpp:188] [locality-audit] prepare_before pipeline_id=9 task_id=15 preferred_device=0 actual_gpu=0 target_tier=GPU target_device=0 input_bytes=600386920 local_bytes=600386920 remote_gpu_bytes=0 host_bytes=0 disk_bytes=0 batch_count=2
[2026-07-10 06:37:46.315] [info] [gpu_pipeline_task.cpp:188] [locality-audit] prepare_after pipeline_id=9 task_id=15 preferred_device=0 actual_gpu=0 target_tier=GPU target_device=0 input_bytes=600386920 local_bytes=600386920 remote_gpu_bytes=0 host_bytes=0 disk_bytes=0 batch_count=2
[2026-07-10 06:37:46.315] [info] [task_scheduler.cpp:462] [mgpu-audit] pipeline_task dispatched to GPU 1 task_id=17
[2026-07-10 06:37:46.315] [info] [task_scheduler.cpp:464] [locality-audit] dispatch task_id=17 preferred_device=1 actual_gpu=1
[2026-07-10 06:37:46.315] [info] [gpu_pipeline_task.cpp:188] [locality-audit] prepare_before pipeline_id=9 task_id=16 preferred_device=1 actual_gpu=1 target_tier=GPU target_device=1 input_bytes=184838434 local_bytes=184838434 remote_gpu_bytes=0 host_bytes=0 disk_bytes=0 batch_count=2
[2026-07-10 06:37:46.315] [info] [gpu_pipeline_task.cpp:188] [locality-audit] prepare_before pipeline_id=9 task_id=17 preferred_device=1 actual_gpu=1 target_tier=GPU target_device=1 input_bytes=600250594 local_bytes=600250594 remote_gpu_bytes=0 host_bytes=0 disk_bytes=0 batch_count=2
[2026-07-10 06:37:46.315] [info] [gpu_pipeline_task.cpp:188] [locality-audit] prepare_after pipeline_id=9 task_id=17 preferred_device=1 actual_gpu=1 target_tier=GPU target_device=1 input_bytes=600250594 local_bytes=600250594 remote_gpu_bytes=0 host_bytes=0 disk_bytes=0 batch_count=2
[2026-07-10 06:37:46.315] [info] [gpu_pipeline_task.cpp:188] [locality-audit] prepare_after pipeline_id=9 task_id=16 preferred_device=1 actual_gpu=1 target_tier=GPU target_device=1 input_bytes=184838434 local_bytes=184838434 remote_gpu_bytes=0 host_bytes=0 disk_bytes=0 batch_count=2
[2026-07-10 06:37:46.334] [info] [gpu_pipeline_task.cpp:321] [stage-audit] pipeline_id=9 task_id=16 operator_id=13 operator_name=HASH_JOIN stage_kind=JOIN operator_type=33 input_type=PARTITIONED output_type=PIPELINEABLE actual_gpu=1 pipeline_operator_count=1 input_batches=2 input_rows=8497491 input_columns=6 input_bytes=184838434 output_batches=1 output_rows=1043736 output_columns=4 output_bytes=51037748 byte_ratio=0.276121 row_ratio=0.122829 duration_us=18943
[2026-07-10 06:37:46.335] [info] [task_scheduler.cpp:462] [mgpu-audit] pipeline_task dispatched to GPU 1 task_id=18
[2026-07-10 06:37:46.335] [info] [task_scheduler.cpp:464] [locality-audit] dispatch task_id=18 preferred_device=1 actual_gpu=1
[2026-07-10 06:37:46.335] [info] [gpu_pipeline_task.cpp:321] [stage-audit] pipeline_id=9 task_id=17 operator_id=13 operator_name=HASH_JOIN stage_kind=JOIN operator_type=33 input_type=PARTITIONED output_type=PIPELINEABLE actual_gpu=1 pipeline_operator_count=1 input_batches=2 input_rows=34460751 input_columns=6 input_bytes=600250594 output_batches=1 output_rows=4898196 output_columns=4 output_bytes=239547204 byte_ratio=0.399079 row_ratio=0.142138 duration_us=19798
[2026-07-10 06:37:46.335] [info] [gpu_pipeline_task.cpp:321] [stage-audit] pipeline_id=9 task_id=14 operator_id=13 operator_name=HASH_JOIN stage_kind=JOIN operator_type=33 input_type=PARTITIONED output_type=PIPELINEABLE actual_gpu=0 pipeline_operator_count=1 input_batches=2 input_rows=8512933 input_columns=6 input_bytes=185074408 output_batches=1 output_rows=1045702 output_columns=4 output_bytes=51141118 byte_ratio=0.276327 row_ratio=0.122837 duration_us=20298
[2026-07-10 06:37:46.335] [info] [gpu_pipeline_task.cpp:321] [stage-audit] pipeline_id=9 task_id=15 operator_id=13 operator_name=HASH_JOIN stage_kind=JOIN operator_type=33 input_type=PARTITIONED output_type=PIPELINEABLE actual_gpu=0 pipeline_operator_count=1 input_batches=2 input_rows=34469965 input_columns=6 input_bytes=600386920 output_batches=1 output_rows=4894646 output_columns=4 output_bytes=239374226 byte_ratio=0.398700 row_ratio=0.141997 duration_us=20291
[2026-07-10 06:37:46.435] [info] [parquet_gpu_ingestible.cpp:905] [scan-audit] parquet_materialize target_gpu=1 files=/mnt/nvme/dataset/supplier.parquet columns=s_suppkey|s_comment row_groups=0,1,2,3,4,5,6,7,8 compressed_bytes=28126194 uncompressed_bytes=8124997 output_rows=1000000 output_columns=2 split_count=1 duration_us=98798
[2026-07-10 06:37:46.436] [info] [gpu_pipeline_task.cpp:321] [stage-audit] pipeline_id=3 task_id=18 operator_id=24 operator_name=GPU_SCAN stage_kind=SCAN operator_type=94 input_type=GPU_SCAN output_type=PIPELINEABLE actual_gpu=1 pipeline_operator_count=1 input_batches=0 input_rows=0 input_columns=0 input_bytes=0 output_batches=1 output_rows=479 output_columns=1 output_bytes=3896 byte_ratio=0.000000 row_ratio=0.000000 duration_us=100854
[2026-07-10 06:37:46.436] [info] [task_creator.cpp:363] [locality-audit] task_create operator_id=26 input_bytes=3896 local_bytes=3896 gpu_source_bytes=3896 host_source_bytes=0 disk_source_bytes=0 gpu_sources=1 host_sources=0 preferred_device=1
[2026-07-10 06:37:46.436] [info] [task_scheduler.cpp:462] [mgpu-audit] pipeline_task dispatched to GPU 1 task_id=19
[2026-07-10 06:37:46.437] [info] [task_scheduler.cpp:464] [locality-audit] dispatch task_id=19 preferred_device=1 actual_gpu=1
[2026-07-10 06:37:46.437] [info] [gpu_pipeline_task.cpp:188] [locality-audit] prepare_before pipeline_id=4 task_id=19 preferred_device=1 actual_gpu=1 target_tier=GPU target_device=1 input_bytes=3896 local_bytes=3896 remote_gpu_bytes=0 host_bytes=0 disk_bytes=0 batch_count=1
[2026-07-10 06:37:46.437] [info] [gpu_pipeline_task.cpp:188] [locality-audit] prepare_after pipeline_id=4 task_id=19 preferred_device=1 actual_gpu=1 target_tier=GPU target_device=1 input_bytes=3896 local_bytes=3896 remote_gpu_bytes=0 host_bytes=0 disk_bytes=0 batch_count=1
[2026-07-10 06:37:46.437] [info] [gpu_pipeline_task.cpp:321] [stage-audit] pipeline_id=4 task_id=19 operator_id=26 operator_name=PARTITION stage_kind=PARTITION operator_type=82 input_type=PIPELINEABLE output_type=PIPELINEABLE actual_gpu=1 pipeline_operator_count=1 input_batches=1 input_rows=479 input_columns=1 input_bytes=3896 output_batches=1 output_rows=479 output_columns=1 output_bytes=3896 byte_ratio=1.000000 row_ratio=1.000000 duration_us=8
[2026-07-10 06:37:46.437] [info] [task_scheduler.cpp:462] [mgpu-audit] pipeline_task dispatched to GPU 0 task_id=20
[2026-07-10 06:37:46.437] [info] [task_scheduler.cpp:464] [locality-audit] dispatch task_id=20 preferred_device=0 actual_gpu=0
[2026-07-10 06:37:46.437] [info] [gpu_pipeline_task.cpp:188] [locality-audit] prepare_before pipeline_id=5 task_id=20 preferred_device=0 actual_gpu=0 target_tier=GPU target_device=0 input_bytes=3896 local_bytes=0 remote_gpu_bytes=3896 host_bytes=0 disk_bytes=0 batch_count=1
[2026-07-10 06:37:46.437] [info] [gpu_pipeline_task.cpp:188] [locality-audit] prepare_after pipeline_id=5 task_id=20 preferred_device=0 actual_gpu=0 target_tier=GPU target_device=0 input_bytes=3896 local_bytes=3896 remote_gpu_bytes=0 host_bytes=0 disk_bytes=0 batch_count=1
[2026-07-10 06:37:46.437] [info] [gpu_pipeline_task.cpp:321] [stage-audit] pipeline_id=5 task_id=20 operator_id=25 operator_name=CONCAT stage_kind=CONCAT operator_type=83 input_type=PARTITIONED output_type=PARTITIONED actual_gpu=0 pipeline_operator_count=1 input_batches=1 input_rows=479 input_columns=1 input_bytes=3896 output_batches=1 output_rows=479 output_columns=1 output_bytes=3896 byte_ratio=1.000000 row_ratio=1.000000 duration_us=8
[2026-07-10 06:37:46.438] [info] [task_creator.cpp:363] [locality-audit] task_create operator_id=32 input_bytes=51037748 local_bytes=51037748 gpu_source_bytes=51037748 host_source_bytes=0 disk_source_bytes=0 gpu_sources=1 host_sources=0 preferred_device=1
[2026-07-10 06:37:46.438] [info] [task_creator.cpp:363] [locality-audit] task_create operator_id=32 input_bytes=239547204 local_bytes=239547204 gpu_source_bytes=239547204 host_source_bytes=0 disk_source_bytes=0 gpu_sources=1 host_sources=0 preferred_device=1
[2026-07-10 06:37:46.438] [info] [task_scheduler.cpp:462] [mgpu-audit] pipeline_task dispatched to GPU 1 task_id=21
[2026-07-10 06:37:46.438] [info] [task_scheduler.cpp:464] [locality-audit] dispatch task_id=21 preferred_device=1 actual_gpu=1
[2026-07-10 06:37:46.438] [info] [task_creator.cpp:363] [locality-audit] task_create operator_id=32 input_bytes=51141118 local_bytes=51141118 gpu_source_bytes=51141118 host_source_bytes=0 disk_source_bytes=0 gpu_sources=1 host_sources=0 preferred_device=0
[2026-07-10 06:37:46.438] [info] [task_scheduler.cpp:462] [mgpu-audit] pipeline_task dispatched to GPU 1 task_id=22
[2026-07-10 06:37:46.438] [info] [task_scheduler.cpp:464] [locality-audit] dispatch task_id=22 preferred_device=1 actual_gpu=1
[2026-07-10 06:37:46.438] [info] [task_creator.cpp:363] [locality-audit] task_create operator_id=32 input_bytes=239374226 local_bytes=239374226 gpu_source_bytes=239374226 host_source_bytes=0 disk_source_bytes=0 gpu_sources=1 host_sources=0 preferred_device=0
[2026-07-10 06:37:46.438] [info] [task_scheduler.cpp:462] [mgpu-audit] pipeline_task dispatched to GPU 0 task_id=23
[2026-07-10 06:37:46.438] [info] [task_scheduler.cpp:464] [locality-audit] dispatch task_id=23 preferred_device=0 actual_gpu=0
[2026-07-10 06:37:46.438] [info] [task_scheduler.cpp:462] [mgpu-audit] pipeline_task dispatched to GPU 0 task_id=24
[2026-07-10 06:37:46.438] [info] [task_scheduler.cpp:464] [locality-audit] dispatch task_id=24 preferred_device=0 actual_gpu=0
[2026-07-10 06:37:46.438] [info] [gpu_pipeline_task.cpp:188] [locality-audit] prepare_before pipeline_id=10 task_id=23 preferred_device=0 actual_gpu=0 target_tier=GPU target_device=0 input_bytes=51141118 local_bytes=51141118 remote_gpu_bytes=0 host_bytes=0 disk_bytes=0 batch_count=1
[2026-07-10 06:37:46.438] [info] [gpu_pipeline_task.cpp:188] [locality-audit] prepare_before pipeline_id=10 task_id=21 preferred_device=1 actual_gpu=1 target_tier=GPU target_device=1 input_bytes=51037748 local_bytes=51037748 remote_gpu_bytes=0 host_bytes=0 disk_bytes=0 batch_count=1
[2026-07-10 06:37:46.438] [info] [gpu_pipeline_task.cpp:188] [locality-audit] prepare_after pipeline_id=10 task_id=21 preferred_device=1 actual_gpu=1 target_tier=GPU target_device=1 input_bytes=51037748 local_bytes=51037748 remote_gpu_bytes=0 host_bytes=0 disk_bytes=0 batch_count=1
[2026-07-10 06:37:46.438] [info] [gpu_pipeline_task.cpp:188] [locality-audit] prepare_after pipeline_id=10 task_id=23 preferred_device=0 actual_gpu=0 target_tier=GPU target_device=0 input_bytes=51141118 local_bytes=51141118 remote_gpu_bytes=0 host_bytes=0 disk_bytes=0 batch_count=1
[2026-07-10 06:37:46.438] [info] [gpu_pipeline_task.cpp:321] [stage-audit] pipeline_id=10 task_id=21 operator_id=32 operator_name=PARTITION stage_kind=PARTITION operator_type=82 input_type=PIPELINEABLE output_type=PIPELINEABLE actual_gpu=1 pipeline_operator_count=1 input_batches=1 input_rows=1043736 input_columns=4 input_bytes=51037748 output_batches=1 output_rows=1043736 output_columns=4 output_bytes=51037748 byte_ratio=1.000000 row_ratio=1.000000 duration_us=22
[2026-07-10 06:37:46.438] [info] [gpu_pipeline_task.cpp:188] [locality-audit] prepare_before pipeline_id=10 task_id=22 preferred_device=1 actual_gpu=1 target_tier=GPU target_device=1 input_bytes=239547204 local_bytes=239547204 remote_gpu_bytes=0 host_bytes=0 disk_bytes=0 batch_count=1
[2026-07-10 06:37:46.438] [info] [gpu_pipeline_task.cpp:188] [locality-audit] prepare_after pipeline_id=10 task_id=22 preferred_device=1 actual_gpu=1 target_tier=GPU target_device=1 input_bytes=239547204 local_bytes=239547204 remote_gpu_bytes=0 host_bytes=0 disk_bytes=0 batch_count=1
[2026-07-10 06:37:46.438] [info] [gpu_pipeline_task.cpp:321] [stage-audit] pipeline_id=10 task_id=22 operator_id=32 operator_name=PARTITION stage_kind=PARTITION operator_type=82 input_type=PIPELINEABLE output_type=PIPELINEABLE actual_gpu=1 pipeline_operator_count=1 input_batches=1 input_rows=4898196 input_columns=4 input_bytes=239547204 output_batches=1 output_rows=4898196 output_columns=4 output_bytes=239547204 byte_ratio=1.000000 row_ratio=1.000000 duration_us=1
[2026-07-10 06:37:46.438] [info] [gpu_pipeline_task.cpp:321] [stage-audit] pipeline_id=10 task_id=23 operator_id=32 operator_name=PARTITION stage_kind=PARTITION operator_type=82 input_type=PIPELINEABLE output_type=PIPELINEABLE actual_gpu=0 pipeline_operator_count=1 input_batches=1 input_rows=1045702 input_columns=4 input_bytes=51141118 output_batches=1 output_rows=1045702 output_columns=4 output_bytes=51141118 byte_ratio=1.000000 row_ratio=1.000000 duration_us=9
[2026-07-10 06:37:46.438] [info] [gpu_pipeline_task.cpp:188] [locality-audit] prepare_before pipeline_id=10 task_id=24 preferred_device=0 actual_gpu=0 target_tier=GPU target_device=0 input_bytes=239374226 local_bytes=239374226 remote_gpu_bytes=0 host_bytes=0 disk_bytes=0 batch_count=1
[2026-07-10 06:37:46.438] [info] [gpu_pipeline_task.cpp:188] [locality-audit] prepare_after pipeline_id=10 task_id=24 preferred_device=0 actual_gpu=0 target_tier=GPU target_device=0 input_bytes=239374226 local_bytes=239374226 remote_gpu_bytes=0 host_bytes=0 disk_bytes=0 batch_count=1
[2026-07-10 06:37:46.438] [info] [gpu_pipeline_task.cpp:321] [stage-audit] pipeline_id=10 task_id=24 operator_id=32 operator_name=PARTITION stage_kind=PARTITION operator_type=82 input_type=PIPELINEABLE output_type=PIPELINEABLE actual_gpu=0 pipeline_operator_count=1 input_batches=1 input_rows=4894646 input_columns=4 input_bytes=239374226 output_batches=1 output_rows=4894646 output_columns=4 output_bytes=239374226 byte_ratio=1.000000 row_ratio=1.000000 duration_us=9
[2026-07-10 06:37:46.438] [info] [task_scheduler.cpp:462] [mgpu-audit] pipeline_task dispatched to GPU 0 task_id=25
[2026-07-10 06:37:46.438] [info] [task_scheduler.cpp:464] [locality-audit] dispatch task_id=25 preferred_device=0 actual_gpu=0
[2026-07-10 06:37:46.438] [info] [task_scheduler.cpp:462] [mgpu-audit] pipeline_task dispatched to GPU 0 task_id=26
[2026-07-10 06:37:46.438] [info] [task_scheduler.cpp:464] [locality-audit] dispatch task_id=26 preferred_device=0 actual_gpu=0
[2026-07-10 06:37:46.438] [info] [gpu_pipeline_task.cpp:188] [locality-audit] prepare_before pipeline_id=11 task_id=25 preferred_device=0 actual_gpu=0 target_tier=GPU target_device=0 input_bytes=341726070 local_bytes=51141118 remote_gpu_bytes=290584952 host_bytes=0 disk_bytes=0 batch_count=3
[2026-07-10 06:37:46.438] [info] [gpu_pipeline_task.cpp:188] [locality-audit] prepare_before pipeline_id=11 task_id=26 preferred_device=0 actual_gpu=0 target_tier=GPU target_device=0 input_bytes=239374226 local_bytes=239374226 remote_gpu_bytes=0 host_bytes=0 disk_bytes=0 batch_count=1
[2026-07-10 06:37:46.438] [info] [gpu_pipeline_task.cpp:188] [locality-audit] prepare_after pipeline_id=11 task_id=26 preferred_device=0 actual_gpu=0 target_tier=GPU target_device=0 input_bytes=239374226 local_bytes=239374226 remote_gpu_bytes=0 host_bytes=0 disk_bytes=0 batch_count=1
[2026-07-10 06:37:46.438] [info] [gpu_pipeline_task.cpp:321] [stage-audit] pipeline_id=11 task_id=26 operator_id=31 operator_name=CONCAT stage_kind=CONCAT operator_type=83 input_type=PARTITIONED output_type=PARTITIONED actual_gpu=0 pipeline_operator_count=1 input_batches=1 input_rows=4894646 input_columns=4 input_bytes=239374226 output_batches=1 output_rows=4894646 output_columns=4 output_bytes=239374226 byte_ratio=1.000000 row_ratio=1.000000 duration_us=4
[2026-07-10 06:37:46.438] [info] [task_scheduler.cpp:462] [mgpu-audit] pipeline_task dispatched to GPU 1 task_id=27
[2026-07-10 06:37:46.438] [info] [task_scheduler.cpp:464] [locality-audit] dispatch task_id=27 preferred_device=1 actual_gpu=1
[2026-07-10 06:37:46.438] [info] [gpu_pipeline_task.cpp:188] [locality-audit] prepare_before pipeline_id=12 task_id=27 preferred_device=1 actual_gpu=1 target_tier=GPU target_device=1 input_bytes=239378122 local_bytes=0 remote_gpu_bytes=239378122 host_bytes=0 disk_bytes=0 batch_count=2
[2026-07-10 06:37:46.452] [info] [gpu_pipeline_task.cpp:188] [locality-audit] prepare_after pipeline_id=12 task_id=27 preferred_device=1 actual_gpu=1 target_tier=GPU target_device=1 input_bytes=239378122 local_bytes=239378122 remote_gpu_bytes=0 host_bytes=0 disk_bytes=0 batch_count=2
[2026-07-10 06:37:46.454] [info] [gpu_pipeline_task.cpp:188] [locality-audit] prepare_after pipeline_id=11 task_id=25 preferred_device=0 actual_gpu=0 target_tier=GPU target_device=0 input_bytes=341726070 local_bytes=341726070 remote_gpu_bytes=0 host_bytes=0 disk_bytes=0 batch_count=3
[2026-07-10 06:37:46.462] [info] [gpu_pipeline_task.cpp:321] [stage-audit] pipeline_id=11 task_id=25 operator_id=31 operator_name=CONCAT stage_kind=CONCAT operator_type=83 input_type=PARTITIONED output_type=PARTITIONED actual_gpu=0 pipeline_operator_count=1 input_batches=3 input_rows=6987634 input_columns=12 input_bytes=341726070 output_batches=1 output_rows=6987634 output_columns=4 output_bytes=339978982 byte_ratio=0.994887 row_ratio=1.000000 duration_us=7522
[2026-07-10 06:37:46.462] [info] [task_scheduler.cpp:462] [mgpu-audit] pipeline_task dispatched to GPU 1 task_id=28
[2026-07-10 06:37:46.462] [info] [task_scheduler.cpp:464] [locality-audit] dispatch task_id=28 preferred_device=1 actual_gpu=1
[2026-07-10 06:37:46.462] [info] [gpu_pipeline_task.cpp:188] [locality-audit] prepare_before pipeline_id=12 task_id=28 preferred_device=1 actual_gpu=1 target_tier=GPU target_device=1 input_bytes=339978982 local_bytes=0 remote_gpu_bytes=339978982 host_bytes=0 disk_bytes=0 batch_count=1
[2026-07-10 06:37:46.470] [info] [gpu_pipeline_task.cpp:321] [stage-audit] pipeline_id=12 task_id=27 operator_id=15 operator_name=HASH_JOIN stage_kind=JOIN operator_type=33 input_type=PARTITIONED output_type=PIPELINEABLE actual_gpu=1 pipeline_operator_count=4 input_batches=2 input_rows=4895125 input_columns=5 input_bytes=239378122 output_batches=1 output_rows=4894646 output_columns=5 output_bytes=244268872 byte_ratio=1.020431 row_ratio=0.999902 duration_us=18533
[2026-07-10 06:37:46.479] [info] [gpu_pipeline_task.cpp:188] [locality-audit] prepare_after pipeline_id=12 task_id=28 preferred_device=1 actual_gpu=1 target_tier=GPU target_device=1 input_bytes=339978982 local_bytes=339978982 remote_gpu_bytes=0 host_bytes=0 disk_bytes=0 batch_count=1
[2026-07-10 06:37:46.481] [info] [gpu_pipeline_task.cpp:321] [stage-audit] pipeline_id=12 task_id=28 operator_id=15 operator_name=HASH_JOIN stage_kind=JOIN operator_type=33 input_type=PARTITIONED output_type=PIPELINEABLE actual_gpu=1 pipeline_operator_count=4 input_batches=1 input_rows=6987634 input_columns=4 input_bytes=339978982 output_batches=1 output_rows=6987634 output_columns=5 output_bytes=346966616 byte_ratio=1.020553 row_ratio=1.000000 duration_us=2738
[2026-07-10 06:37:46.488] [info] [gpu_pipeline_task.cpp:321] [stage-audit] pipeline_id=12 task_id=27 operator_id=16 operator_name=FILTER stage_kind=FILTER operator_type=12 input_type=PIPELINEABLE output_type=PIPELINEABLE actual_gpu=1 pipeline_operator_count=4 input_batches=1 input_rows=4894646 input_columns=5 input_bytes=244268872 output_batches=1 output_rows=4892261 output_columns=4 output_bytes=239257764 byte_ratio=0.979485 row_ratio=0.999513 duration_us=17431
[2026-07-10 06:37:46.488] [info] [gpu_pipeline_task.cpp:321] [stage-audit] pipeline_id=12 task_id=27 operator_id=17 operator_name=PROJECTION stage_kind=PROJECTION operator_type=13 input_type=PIPELINEABLE output_type=PIPELINEABLE actual_gpu=1 pipeline_operator_count=4 input_batches=1 input_rows=4892261 input_columns=4 input_bytes=239257764 output_batches=1 output_rows=4892261 output_columns=4 output_bytes=239257764 byte_ratio=1.000000 row_ratio=1.000000 duration_us=11
[2026-07-10 06:37:46.490] [info] [gpu_pipeline_task.cpp:321] [stage-audit] pipeline_id=12 task_id=28 operator_id=16 operator_name=FILTER stage_kind=FILTER operator_type=12 input_type=PIPELINEABLE output_type=PIPELINEABLE actual_gpu=1 pipeline_operator_count=4 input_batches=1 input_rows=6987634 input_columns=5 input_bytes=346966616 output_batches=1 output_rows=6984367 output_columns=4 output_bytes=339820138 byte_ratio=0.979403 row_ratio=0.999532 duration_us=8146
[2026-07-10 06:37:46.490] [info] [gpu_pipeline_task.cpp:321] [stage-audit] pipeline_id=12 task_id=28 operator_id=17 operator_name=PROJECTION stage_kind=PROJECTION operator_type=13 input_type=PIPELINEABLE output_type=PIPELINEABLE actual_gpu=1 pipeline_operator_count=4 input_batches=1 input_rows=6984367 input_columns=4 input_bytes=339820138 output_batches=1 output_rows=6984367 output_columns=4 output_bytes=339820138 byte_ratio=1.000000 row_ratio=1.000000 duration_us=7
[2026-07-10 06:37:46.678] [info] [gpu_pipeline_task.cpp:321] [stage-audit] pipeline_id=12 task_id=27 operator_id=18 operator_name=HASH_GROUP_BY stage_kind=AGGREGATE operator_type=9 input_type=PIPELINEABLE output_type=PIPELINEABLE actual_gpu=1 pipeline_operator_count=4 input_batches=1 input_rows=4892261 input_columns=4 input_bytes=239257764 output_batches=1 output_rows=27840 output_columns=4 output_bytes=40384892 byte_ratio=0.168792 row_ratio=0.005691 duration_us=190504
[2026-07-10 06:37:46.678] [warning] [gpu_pipeline_task.cpp:81] gpu_pipeline_task: operator 'HASH_GROUP_BY' (id=18) output batch 0 column 3 datatype mismatch: got cudf::list_view, expected int64_t
[2026-07-10 06:37:46.678] [info] [gpu_pipeline_task.cpp:321] [stage-audit] pipeline_id=12 task_id=28 operator_id=18 operator_name=HASH_GROUP_BY stage_kind=AGGREGATE operator_type=9 input_type=PIPELINEABLE output_type=PIPELINEABLE actual_gpu=1 pipeline_operator_count=4 input_batches=1 input_rows=6984367 input_columns=4 input_bytes=339820138 output_batches=1 output_rows=27840 output_columns=4 output_bytes=57111636 byte_ratio=0.168064 row_ratio=0.003986 duration_us=188787
[2026-07-10 06:37:46.678] [warning] [gpu_pipeline_task.cpp:81] gpu_pipeline_task: operator 'HASH_GROUP_BY' (id=18) output batch 0 column 3 datatype mismatch: got cudf::list_view, expected int64_t
[2026-07-10 06:37:46.679] [info] [task_creator.cpp:363] [locality-audit] task_create operator_id=33 input_bytes=40384892 local_bytes=40384892 gpu_source_bytes=40384892 host_source_bytes=0 disk_source_bytes=0 gpu_sources=1 host_sources=0 preferred_device=1
[2026-07-10 06:37:46.679] [info] [task_creator.cpp:363] [locality-audit] task_create operator_id=33 input_bytes=57111636 local_bytes=57111636 gpu_source_bytes=57111636 host_source_bytes=0 disk_source_bytes=0 gpu_sources=1 host_sources=0 preferred_device=1
[2026-07-10 06:37:46.679] [info] [task_scheduler.cpp:462] [mgpu-audit] pipeline_task dispatched to GPU 1 task_id=29
[2026-07-10 06:37:46.679] [info] [task_scheduler.cpp:464] [locality-audit] dispatch task_id=29 preferred_device=1 actual_gpu=1
[2026-07-10 06:37:46.679] [info] [task_scheduler.cpp:462] [mgpu-audit] pipeline_task dispatched to GPU 1 task_id=30
[2026-07-10 06:37:46.679] [info] [task_scheduler.cpp:464] [locality-audit] dispatch task_id=30 preferred_device=1 actual_gpu=1
[2026-07-10 06:37:46.679] [info] [gpu_pipeline_task.cpp:188] [locality-audit] prepare_before pipeline_id=13 task_id=29 preferred_device=1 actual_gpu=1 target_tier=GPU target_device=1 input_bytes=40384892 local_bytes=40384892 remote_gpu_bytes=0 host_bytes=0 disk_bytes=0 batch_count=1
[2026-07-10 06:37:46.679] [info] [gpu_pipeline_task.cpp:188] [locality-audit] prepare_before pipeline_id=13 task_id=30 preferred_device=1 actual_gpu=1 target_tier=GPU target_device=1 input_bytes=57111636 local_bytes=57111636 remote_gpu_bytes=0 host_bytes=0 disk_bytes=0 batch_count=1
[2026-07-10 06:37:46.679] [info] [gpu_pipeline_task.cpp:188] [locality-audit] prepare_after pipeline_id=13 task_id=29 preferred_device=1 actual_gpu=1 target_tier=GPU target_device=1 input_bytes=40384892 local_bytes=40384892 remote_gpu_bytes=0 host_bytes=0 disk_bytes=0 batch_count=1
[2026-07-10 06:37:46.679] [info] [gpu_pipeline_task.cpp:188] [locality-audit] prepare_after pipeline_id=13 task_id=30 preferred_device=1 actual_gpu=1 target_tier=GPU target_device=1 input_bytes=57111636 local_bytes=57111636 remote_gpu_bytes=0 host_bytes=0 disk_bytes=0 batch_count=1
[2026-07-10 06:37:46.687] [info] [gpu_pipeline_task.cpp:321] [stage-audit] pipeline_id=13 task_id=30 operator_id=33 operator_name=PARTITION stage_kind=PARTITION operator_type=82 input_type=PIPELINEABLE output_type=PIPELINEABLE actual_gpu=1 pipeline_operator_count=1 input_batches=1 input_rows=27840 input_columns=4 input_bytes=57111636 output_batches=2 output_rows=27840 output_columns=8 output_bytes=57111648 byte_ratio=1.000000 row_ratio=1.000000 duration_us=7910
[2026-07-10 06:37:46.687] [warning] [gpu_pipeline_task.cpp:81] gpu_pipeline_task: operator 'PARTITION' (id=33) output batch 0 column 3 datatype mismatch: got cudf::list_view, expected int64_t
[2026-07-10 06:37:46.687] [info] [gpu_pipeline_task.cpp:321] [stage-audit] pipeline_id=13 task_id=29 operator_id=33 operator_name=PARTITION stage_kind=PARTITION operator_type=82 input_type=PIPELINEABLE output_type=PIPELINEABLE actual_gpu=1 pipeline_operator_count=1 input_batches=1 input_rows=27840 input_columns=4 input_bytes=40384892 output_batches=2 output_rows=27840 output_columns=8 output_bytes=40385032 byte_ratio=1.000003 row_ratio=1.000000 duration_us=8167
[2026-07-10 06:37:46.687] [warning] [gpu_pipeline_task.cpp:81] gpu_pipeline_task: operator 'PARTITION' (id=33) output batch 0 column 3 datatype mismatch: got cudf::list_view, expected int64_t
[2026-07-10 06:37:46.687] [info] [task_scheduler.cpp:462] [mgpu-audit] pipeline_task dispatched to GPU 0 task_id=31
[2026-07-10 06:37:46.687] [info] [task_scheduler.cpp:464] [locality-audit] dispatch task_id=31 preferred_device=0 actual_gpu=0
[2026-07-10 06:37:46.687] [info] [task_scheduler.cpp:462] [mgpu-audit] pipeline_task dispatched to GPU 1 task_id=32
[2026-07-10 06:37:46.687] [info] [task_scheduler.cpp:464] [locality-audit] dispatch task_id=32 preferred_device=1 actual_gpu=1
[2026-07-10 06:37:46.688] [info] [gpu_pipeline_task.cpp:188] [locality-audit] prepare_before pipeline_id=14 task_id=31 preferred_device=0 actual_gpu=0 target_tier=GPU target_device=0 input_bytes=48717032 local_bytes=0 remote_gpu_bytes=48717032 host_bytes=0 disk_bytes=0 batch_count=2
[2026-07-10 06:37:46.688] [info] [gpu_pipeline_task.cpp:188] [locality-audit] prepare_before pipeline_id=14 task_id=32 preferred_device=1 actual_gpu=1 target_tier=GPU target_device=1 input_bytes=48779648 local_bytes=48779648 remote_gpu_bytes=0 host_bytes=0 disk_bytes=0 batch_count=2
[2026-07-10 06:37:46.688] [info] [gpu_pipeline_task.cpp:188] [locality-audit] prepare_after pipeline_id=14 task_id=32 preferred_device=1 actual_gpu=1 target_tier=GPU target_device=1 input_bytes=48779648 local_bytes=48779648 remote_gpu_bytes=0 host_bytes=0 disk_bytes=0 batch_count=2
[2026-07-10 06:37:46.692] [info] [gpu_pipeline_task.cpp:188] [locality-audit] prepare_after pipeline_id=14 task_id=31 preferred_device=0 actual_gpu=0 target_tier=GPU target_device=0 input_bytes=48717032 local_bytes=48717032 remote_gpu_bytes=0 host_bytes=0 disk_bytes=0 batch_count=2
[2026-07-10 06:37:46.708] [info] [gpu_pipeline_task.cpp:321] [stage-audit] pipeline_id=14 task_id=32 operator_id=34 operator_name=MERGE_GROUP_BY stage_kind=AGGREGATE operator_type=85 input_type=PARTITIONED output_type=PIPELINEABLE actual_gpu=1 pipeline_operator_count=1 input_batches=2 input_rows=27832 input_columns=8 input_bytes=48779648 output_batches=1 output_rows=13916 output_columns=4 output_bytes=677016 byte_ratio=0.013879 row_ratio=0.500000 duration_us=20403
[2026-07-10 06:37:46.716] [info] [gpu_pipeline_task.cpp:321] [stage-audit] pipeline_id=14 task_id=31 operator_id=34 operator_name=MERGE_GROUP_BY stage_kind=AGGREGATE operator_type=85 input_type=PARTITIONED output_type=PIPELINEABLE actual_gpu=0 pipeline_operator_count=1 input_batches=2 input_rows=27848 input_columns=8 input_bytes=48717032 output_batches=1 output_rows=13924 output_columns=4 output_bytes=677560 byte_ratio=0.013908 row_ratio=0.500000 duration_us=23388
[2026-07-10 06:37:46.716] [info] [task_creator.cpp:363] [locality-audit] task_create operator_id=19 input_bytes=677016 local_bytes=677016 gpu_source_bytes=677016 host_source_bytes=0 disk_source_bytes=0 gpu_sources=1 host_sources=0 preferred_device=1
[2026-07-10 06:37:46.716] [info] [task_creator.cpp:363] [locality-audit] task_create operator_id=19 input_bytes=677560 local_bytes=677560 gpu_source_bytes=677560 host_source_bytes=0 disk_source_bytes=0 gpu_sources=1 host_sources=0 preferred_device=0
[2026-07-10 06:37:46.716] [info] [task_scheduler.cpp:462] [mgpu-audit] pipeline_task dispatched to GPU 0 task_id=34
[2026-07-10 06:37:46.716] [info] [task_scheduler.cpp:464] [locality-audit] dispatch task_id=34 preferred_device=0 actual_gpu=0
[2026-07-10 06:37:46.716] [info] [task_scheduler.cpp:462] [mgpu-audit] pipeline_task dispatched to GPU 1 task_id=33
[2026-07-10 06:37:46.716] [info] [task_scheduler.cpp:464] [locality-audit] dispatch task_id=33 preferred_device=1 actual_gpu=1
[2026-07-10 06:37:46.716] [info] [gpu_pipeline_task.cpp:188] [locality-audit] prepare_before pipeline_id=15 task_id=33 preferred_device=1 actual_gpu=1 target_tier=GPU target_device=1 input_bytes=677016 local_bytes=677016 remote_gpu_bytes=0 host_bytes=0 disk_bytes=0 batch_count=1
[2026-07-10 06:37:46.716] [info] [gpu_pipeline_task.cpp:188] [locality-audit] prepare_after pipeline_id=15 task_id=33 preferred_device=1 actual_gpu=1 target_tier=GPU target_device=1 input_bytes=677016 local_bytes=677016 remote_gpu_bytes=0 host_bytes=0 disk_bytes=0 batch_count=1
[2026-07-10 06:37:46.716] [info] [gpu_pipeline_task.cpp:188] [locality-audit] prepare_before pipeline_id=15 task_id=34 preferred_device=0 actual_gpu=0 target_tier=GPU target_device=0 input_bytes=677560 local_bytes=677560 remote_gpu_bytes=0 host_bytes=0 disk_bytes=0 batch_count=1
[2026-07-10 06:37:46.716] [info] [gpu_pipeline_task.cpp:188] [locality-audit] prepare_after pipeline_id=15 task_id=34 preferred_device=0 actual_gpu=0 target_tier=GPU target_device=0 input_bytes=677560 local_bytes=677560 remote_gpu_bytes=0 host_bytes=0 disk_bytes=0 batch_count=1
[2026-07-10 06:37:46.718] [info] [gpu_pipeline_task.cpp:321] [stage-audit] pipeline_id=15 task_id=33 operator_id=19 operator_name=ORDER_BY stage_kind=SORT operator_type=1 input_type=PIPELINEABLE output_type=PIPELINEABLE actual_gpu=1 pipeline_operator_count=1 input_batches=1 input_rows=13916 input_columns=4 input_bytes=677016 output_batches=1 output_rows=13916 output_columns=4 output_bytes=677016 byte_ratio=1.000000 row_ratio=1.000000 duration_us=1844
[2026-07-10 06:37:46.718] [info] [gpu_pipeline_task.cpp:321] [stage-audit] pipeline_id=15 task_id=34 operator_id=19 operator_name=ORDER_BY stage_kind=SORT operator_type=1 input_type=PIPELINEABLE output_type=PIPELINEABLE actual_gpu=0 pipeline_operator_count=1 input_batches=1 input_rows=13924 input_columns=4 input_bytes=677560 output_batches=1 output_rows=13924 output_columns=4 output_bytes=677560 byte_ratio=1.000000 row_ratio=1.000000 duration_us=2311
[2026-07-10 06:37:46.719] [info] [task_creator.cpp:363] [locality-audit] task_create operator_id=35 input_bytes=1354576 local_bytes=677560 gpu_source_bytes=1354576 host_source_bytes=0 disk_source_bytes=0 gpu_sources=2 host_sources=0 preferred_device=0
[2026-07-10 06:37:46.719] [info] [task_scheduler.cpp:462] [mgpu-audit] pipeline_task dispatched to GPU 0 task_id=35
[2026-07-10 06:37:46.719] [info] [task_scheduler.cpp:464] [locality-audit] dispatch task_id=35 preferred_device=0 actual_gpu=0
[2026-07-10 06:37:46.719] [info] [gpu_pipeline_task.cpp:188] [locality-audit] prepare_before pipeline_id=16 task_id=35 preferred_device=0 actual_gpu=0 target_tier=GPU target_device=0 input_bytes=1354576 local_bytes=677560 remote_gpu_bytes=677016 host_bytes=0 disk_bytes=0 batch_count=2
[2026-07-10 06:37:46.719] [info] [gpu_pipeline_task.cpp:188] [locality-audit] prepare_after pipeline_id=16 task_id=35 preferred_device=0 actual_gpu=0 target_tier=GPU target_device=0 input_bytes=1354576 local_bytes=1354576 remote_gpu_bytes=0 host_bytes=0 disk_bytes=0 batch_count=2
[2026-07-10 06:37:46.730] [info] [gpu_pipeline_task.cpp:321] [stage-audit] pipeline_id=16 task_id=35 operator_id=35 operator_name=SORT_SAMPLE stage_kind=SORT operator_type=89 input_type=PIPELINEABLE output_type=PIPELINEABLE actual_gpu=0 pipeline_operator_count=2 input_batches=2 input_rows=27840 input_columns=8 input_bytes=1354576 output_batches=2 output_rows=27840 output_columns=8 output_bytes=1354576 byte_ratio=1.000000 row_ratio=1.000000 duration_us=10983
[2026-07-10 06:37:46.733] [info] [gpu_pipeline_task.cpp:321] [stage-audit] pipeline_id=16 task_id=35 operator_id=36 operator_name=SORT_PARTITION stage_kind=SORT operator_type=88 input_type=PIPELINEABLE output_type=PIPELINEABLE actual_gpu=0 pipeline_operator_count=2 input_batches=2 input_rows=27840 input_columns=8 input_bytes=1354576 output_batches=4 output_rows=27840 output_columns=16 output_bytes=1354592 byte_ratio=1.000012 row_ratio=1.000000 duration_us=2802
[2026-07-10 06:37:46.733] [info] [task_creator.cpp:363] [locality-audit] task_create operator_id=37 input_bytes=1354592 local_bytes=1354592 gpu_source_bytes=1354592 host_source_bytes=0 disk_source_bytes=0 gpu_sources=1 host_sources=0 preferred_device=0
[2026-07-10 06:37:46.733] [info] [task_scheduler.cpp:462] [mgpu-audit] pipeline_task dispatched to GPU 0 task_id=36
[2026-07-10 06:37:46.733] [info] [task_scheduler.cpp:464] [locality-audit] dispatch task_id=36 preferred_device=0 actual_gpu=0
[2026-07-10 06:37:46.733] [info] [gpu_pipeline_task.cpp:188] [locality-audit] prepare_before pipeline_id=17 task_id=36 preferred_device=0 actual_gpu=0 target_tier=GPU target_device=0 input_bytes=1354592 local_bytes=1354592 remote_gpu_bytes=0 host_bytes=0 disk_bytes=0 batch_count=4
[2026-07-10 06:37:46.733] [info] [gpu_pipeline_task.cpp:188] [locality-audit] prepare_after pipeline_id=17 task_id=36 preferred_device=0 actual_gpu=0 target_tier=GPU target_device=0 input_bytes=1354592 local_bytes=1354592 remote_gpu_bytes=0 host_bytes=0 disk_bytes=0 batch_count=4
[2026-07-10 06:37:46.735] [info] [gpu_pipeline_task.cpp:321] [stage-audit] pipeline_id=17 task_id=36 operator_id=37 operator_name=MERGE_SORT stage_kind=SORT operator_type=84 input_type=PIPELINEABLE output_type=PIPELINEABLE actual_gpu=0 pipeline_operator_count=1 input_batches=4 input_rows=27840 input_columns=16 input_bytes=1354592 output_batches=1 output_rows=27840 output_columns=4 output_bytes=1354568 byte_ratio=0.999982 row_ratio=1.000000 duration_us=1739
[2026-07-10 06:37:46.735] [info] [task_creator.cpp:363] [locality-audit] task_create operator_id=20 input_bytes=1354568 local_bytes=1354568 gpu_source_bytes=1354568 host_source_bytes=0 disk_source_bytes=0 gpu_sources=1 host_sources=0 preferred_device=0
[2026-07-10 06:37:46.735] [info] [task_scheduler.cpp:462] [mgpu-audit] pipeline_task dispatched to GPU 0 task_id=37
[2026-07-10 06:37:46.735] [info] [task_scheduler.cpp:464] [locality-audit] dispatch task_id=37 preferred_device=0 actual_gpu=0
[2026-07-10 06:37:46.735] [info] [gpu_pipeline_task.cpp:188] [locality-audit] prepare_before pipeline_id=18 task_id=37 preferred_device=0 actual_gpu=0 target_tier=GPU target_device=0 input_bytes=1354568 local_bytes=1354568 remote_gpu_bytes=0 host_bytes=0 disk_bytes=0 batch_count=1
[2026-07-10 06:37:46.735] [info] [gpu_pipeline_task.cpp:188] [locality-audit] prepare_after pipeline_id=18 task_id=37 preferred_device=0 actual_gpu=0 target_tier=GPU target_device=0 input_bytes=1354568 local_bytes=1354568 remote_gpu_bytes=0 host_bytes=0 disk_bytes=0 batch_count=1
[2026-07-10 06:37:46.735] [info] [gpu_pipeline_task.cpp:321] [stage-audit] pipeline_id=18 task_id=37 operator_id=20 operator_name=RESULT_COLLECTOR stage_kind=RESULT operator_type=76 input_type=PIPELINEABLE output_type=PIPELINEABLE actual_gpu=0 pipeline_operator_count=1 input_batches=1 input_rows=27840 input_columns=4 input_bytes=1354568 output_batches=1 output_rows=27840 output_columns=4 output_bytes=1354568 byte_ratio=1.000000 row_ratio=1.000000 duration_us=3
[2026-07-10 06:37:46.756] [info] [gpu_pipeline_executor.cpp:118] GPU Pipeline Executor: task queue interrupted, stopping manager loop
[2026-07-10 06:37:46.756] [info] [gpu_pipeline_executor.cpp:118] GPU Pipeline Executor: task queue interrupted, stopping manager loop
[2026-07-10 06:37:46.758] [info] [physical_sirius_execution.cpp:165] Transparent GPU execution: query completed
[2026-07-10 06:37:46.772] [info] [sirius_context.cpp:217] QueryEnd
[2026-07-10 06:37:46.784] [info] [:] [host_pool] HOST:0 QueryEnd allocated=72351744 bytes peak=74448896 bytes free_blocks=443
[2026-07-10 06:37:46.784] [info] [:] [gpu_pool] GPU:0 QueryEnd allocated=0 bytes peak=4353101568 bytes reserved=0 bytes
[2026-07-10 06:37:46.784] [info] [:] [gpu_pool] GPU:1 QueryEnd allocated=0 bytes peak=4366993120 bytes reserved=0 bytes
[2026-07-10 06:37:46.798] [info] [sirius_context.cpp:924] Connection closed.
[2026-07-10 06:37:46.807] [info] [task_scheduler.cpp:368] Task request channel closed, exiting management event loop.
[2026-07-10 06:37:46.807] [info] [gpu_pipeline_executor.cpp:118] GPU Pipeline Executor: task queue interrupted, stopping manager loop
[2026-07-10 06:37:46.807] [info] [gpu_pipeline_executor.cpp:118] GPU Pipeline Executor: task queue interrupted, stopping manager loop
