[2026-07-01 09:08:14.490] [warning] [sirius_config.cpp:459] sirius_config: use_sirius_datasource was false but 4 GPUs are configured; the sirius datasource is required for multi-GPU IO routing. Overriding use_sirius_datasource to true.
[2026-07-01 09:08:14.490] [info] [sirius_context.cpp:1046] Loaded Sirius configuration from file: /home/dy1013/sirius_multi-gpu/experiment/automatic_motivation_latency/configs/sirius_4gpu.yaml
[2026-07-01 09:08:14.495] [info] [telemetry_context.cpp:67] Telemetry context initialized (engine=siriusDB)
[2026-07-01 09:08:14.495] [info] [sirius_context.cpp:337] SiriusContext: topology summary — 4 GPU(s), 1 NUMA node(s), host='hicys76'
[2026-07-01 09:08:14.495] [info] [sirius_context.cpp:342]   GPU 0: NVIDIA RTX A5000 (numa=0, pci=00000000:16:00.0)
[2026-07-01 09:08:14.495] [info] [sirius_context.cpp:342]   GPU 1: NVIDIA RTX A5000 (numa=0, pci=00000000:34:00.0)
[2026-07-01 09:08:14.495] [info] [sirius_context.cpp:342]   GPU 2: NVIDIA RTX A5000 (numa=0, pci=00000000:AC:00.0)
[2026-07-01 09:08:14.495] [info] [sirius_context.cpp:342]   GPU 3: NVIDIA RTX A5000 (numa=0, pci=00000000:CA:00.0)
[2026-07-01 09:08:14.721] [warning] [sirius_context.cpp:352] SiriusContext: disk memory space is not configured; spilling GPU or HOST data to disk is disabled. If queries run out of GPU/HOST memory, downgrades to disk will not be possible.
[2026-07-01 09:08:14.721] [info] [sirius_context.cpp:364] SiriusContext: 1 host memory space(s) created for 1 NUMA node(s)
[2026-07-01 09:08:14.723] [info] [sirius_context.cpp:417] SiriusContext: P2P enabled 0 -> 1
[2026-07-01 09:08:14.726] [info] [sirius_context.cpp:417] SiriusContext: P2P enabled 0 -> 2
[2026-07-01 09:08:14.731] [info] [sirius_context.cpp:417] SiriusContext: P2P enabled 0 -> 3
[2026-07-01 09:08:14.731] [info] [sirius_context.cpp:417] SiriusContext: P2P enabled 1 -> 0
[2026-07-01 09:08:14.737] [info] [sirius_context.cpp:417] SiriusContext: P2P enabled 1 -> 2
[2026-07-01 09:08:14.739] [info] [sirius_context.cpp:417] SiriusContext: P2P enabled 1 -> 3
[2026-07-01 09:08:14.739] [info] [sirius_context.cpp:417] SiriusContext: P2P enabled 2 -> 0
[2026-07-01 09:08:14.739] [info] [sirius_context.cpp:417] SiriusContext: P2P enabled 2 -> 1
[2026-07-01 09:08:14.741] [info] [sirius_context.cpp:417] SiriusContext: P2P enabled 2 -> 3
[2026-07-01 09:08:14.741] [info] [sirius_context.cpp:417] SiriusContext: P2P enabled 3 -> 0
[2026-07-01 09:08:14.741] [info] [sirius_context.cpp:417] SiriusContext: P2P enabled 3 -> 1
[2026-07-01 09:08:14.741] [info] [sirius_context.cpp:417] SiriusContext: P2P enabled 3 -> 2
[2026-07-01 09:08:14.763] [info] [sirius_context.cpp:477] SiriusContext: cuDF pinned memory resource configured (NUMA-aware, max slab 8192 B, fallback node=0)
[2026-07-01 09:08:14.975] [info] [sirius_context.cpp:1007] Connection opened.
[2026-07-01 09:08:14.975] [info] [sirius_context.cpp:1020] Extension loaded: sirius
[2026-07-01 09:08:14.975] [info] [sirius_context.cpp:258] QueryEnd
[2026-07-01 09:08:14.983] [info] [:] [host_pool] HOST:0 QueryEnd allocated=0 bytes peak=0 bytes free_blocks=512
[2026-07-01 09:08:14.983] [info] [:] [gpu_pool] GPU:0 QueryEnd allocated=0 bytes peak=0 bytes reserved=0 bytes
[2026-07-01 09:08:14.983] [info] [:] [gpu_pool] GPU:1 QueryEnd allocated=0 bytes peak=0 bytes reserved=0 bytes
[2026-07-01 09:08:14.983] [info] [:] [gpu_pool] GPU:2 QueryEnd allocated=0 bytes peak=0 bytes reserved=0 bytes
[2026-07-01 09:08:14.983] [info] [:] [gpu_pool] GPU:3 QueryEnd allocated=0 bytes peak=0 bytes reserved=0 bytes
[2026-07-01 09:08:14.984] [info] [:] [host_pool] HOST:0 QueryBegin allocated=0 bytes peak=0 bytes free_blocks=512
[2026-07-01 09:08:14.984] [info] [:] [gpu_pool] GPU:0 QueryBegin allocated=0 bytes peak=0 bytes reserved=0 bytes
[2026-07-01 09:08:14.984] [info] [:] [gpu_pool] GPU:1 QueryBegin allocated=0 bytes peak=0 bytes reserved=0 bytes
[2026-07-01 09:08:14.984] [info] [:] [gpu_pool] GPU:2 QueryBegin allocated=0 bytes peak=0 bytes reserved=0 bytes
[2026-07-01 09:08:14.984] [info] [:] [gpu_pool] GPU:3 QueryBegin allocated=0 bytes peak=0 bytes reserved=0 bytes
[2026-07-01 09:08:14.984] [info] [sirius_context.cpp:242] QueryBegin: SQL: SET gpu_execution = true;
[2026-07-01 09:08:14.984] [info] [sirius_context.cpp:258] QueryEnd
[2026-07-01 09:08:14.993] [info] [:] [host_pool] HOST:0 QueryEnd allocated=0 bytes peak=0 bytes free_blocks=512
[2026-07-01 09:08:14.994] [info] [:] [gpu_pool] GPU:0 QueryEnd allocated=0 bytes peak=0 bytes reserved=0 bytes
[2026-07-01 09:08:14.994] [info] [:] [gpu_pool] GPU:1 QueryEnd allocated=0 bytes peak=0 bytes reserved=0 bytes
[2026-07-01 09:08:14.994] [info] [:] [gpu_pool] GPU:2 QueryEnd allocated=0 bytes peak=0 bytes reserved=0 bytes
[2026-07-01 09:08:14.994] [info] [:] [gpu_pool] GPU:3 QueryEnd allocated=0 bytes peak=0 bytes reserved=0 bytes
[2026-07-01 09:08:14.994] [info] [:] [host_pool] HOST:0 QueryBegin allocated=0 bytes peak=0 bytes free_blocks=512
[2026-07-01 09:08:14.994] [info] [:] [gpu_pool] GPU:0 QueryBegin allocated=0 bytes peak=0 bytes reserved=0 bytes
[2026-07-01 09:08:14.994] [info] [:] [gpu_pool] GPU:1 QueryBegin allocated=0 bytes peak=0 bytes reserved=0 bytes
[2026-07-01 09:08:14.994] [info] [:] [gpu_pool] GPU:2 QueryBegin allocated=0 bytes peak=0 bytes reserved=0 bytes
[2026-07-01 09:08:14.994] [info] [:] [gpu_pool] GPU:3 QueryBegin allocated=0 bytes peak=0 bytes reserved=0 bytes
[2026-07-01 09:08:14.994] [info] [sirius_context.cpp:242] QueryBegin: SQL: select l.l_orderkey, sum(l.l_extendedprice * (1 - l.l_discount)) as revenue, o.o_orderdate, o.o_shippriority from customer c, orders o, lineitem l where c.c_mktsegment = 'HOUSEHOLD' and c.c_custkey = o.o_custkey and l.l_orderkey = o.o_orderkey and o.o_orderdate < date '1995-03-25' and l.l_shipdate > date '1995-03-25' group by l.l_orderkey, o.o_orderdate, o.o_shippriority order by revenue desc, o.o_orderdate limit 10
[2026-07-01 09:08:15.305] [info] [sirius_context.cpp:954] Transparent execution: Sirius physical plan generated successfully
[2026-07-01 09:08:15.319] [info] [sirius_context.cpp:966] Transparent execution: physical plan replaced with GPU operator
[2026-07-01 09:08:15.319] [info] [physical_sirius_execution.cpp:96] Transparent GPU execution: executing query
[2026-07-01 09:08:15.379] [info] [sirius_engine.cpp:400] Query Plan:
=== Pipeline Overview ===
Pipeline #0: GPU_SCAN (id=19)
  Output: -> PARTITION [port: default, barrier: FULL]
Pipeline #1: PARTITION (id=21)
  Input: <- Pipeline #0 [on: PARTITION (id=21), port: default, barrier: FULL]
  Dependencies: Pipeline #0
  Output: -> CONCAT [port: default, barrier: PARTIAL]
Pipeline #2: CONCAT (id=20)
  Input: <- Pipeline #1 [on: CONCAT (id=20), port: default, barrier: PARTIAL]
  Dependencies: Pipeline #1
  Output: -> HASH_JOIN [port: build, barrier: FULL]
Pipeline #3: GPU_SCAN (id=22)
  Output: -> PARTITION [port: default, barrier: PARTIAL]
Pipeline #4: PARTITION (id=24)
  Input: <- Pipeline #3 [on: PARTITION (id=24), port: default, barrier: PARTIAL]
  Dependencies: Pipeline #3
  Output: -> CONCAT [port: default, barrier: PARTIAL]
Pipeline #5: CONCAT (id=23)
  Input: <- Pipeline #4 [on: CONCAT (id=23), port: default, barrier: PARTIAL]
  Dependencies: Pipeline #4
  Output: -> HASH_JOIN [port: default, barrier: FULL]
Pipeline #6: HASH_JOIN (id=12)
  Input: <- Pipeline #5 [on: HASH_JOIN (id=12), port: default, barrier: FULL]
  Input: <- Pipeline #2 [on: HASH_JOIN (id=12), port: build, barrier: FULL]
  Dependencies: Pipeline #2, Pipeline #5
  Output: -> PARTITION [port: default, barrier: FULL]
Pipeline #7: PARTITION (id=26)
  Input: <- Pipeline #6 [on: PARTITION (id=26), port: default, barrier: FULL]
  Dependencies: Pipeline #6
  Output: -> CONCAT [port: default, barrier: PARTIAL]
Pipeline #8: CONCAT (id=25)
  Input: <- Pipeline #7 [on: CONCAT (id=25), port: default, barrier: PARTIAL]
  Dependencies: Pipeline #7
  Output: -> HASH_JOIN [port: build, barrier: FULL]
Pipeline #9: GPU_SCAN (id=27)
  Output: -> PARTITION [port: default, barrier: PARTIAL]
Pipeline #10: PARTITION (id=29)
  Input: <- Pipeline #9 [on: PARTITION (id=29), port: default, barrier: PARTIAL]
  Dependencies: Pipeline #9
  Output: -> CONCAT [port: default, barrier: PARTIAL]
Pipeline #11: CONCAT (id=28)
  Input: <- Pipeline #10 [on: CONCAT (id=28), port: default, barrier: PARTIAL]
  Dependencies: Pipeline #10
  Output: -> HASH_JOIN [port: default, barrier: FULL]
Pipeline #12: HASH_JOIN (id=13) -> PROJECTION (id=14) -> HASH_GROUP_BY (id=15)
  Input: <- Pipeline #11 [on: HASH_JOIN (id=13), port: default, barrier: FULL]
  Input: <- Pipeline #8 [on: HASH_JOIN (id=13), port: build, barrier: FULL]
  Dependencies: Pipeline #8, Pipeline #11
  Output: -> PARTITION [port: default, barrier: FULL]
Pipeline #13: PARTITION (id=30)
  Input: <- Pipeline #12 [on: PARTITION (id=30), port: default, barrier: FULL]
  Dependencies: Pipeline #12
  Output: -> MERGE_GROUP_BY [port: default, barrier: FULL]
Pipeline #14: MERGE_GROUP_BY (id=31)
  Input: <- Pipeline #13 [on: MERGE_GROUP_BY (id=31), port: default, barrier: FULL]
  Dependencies: Pipeline #13
  Output: -> PROJECTION [port: default, barrier: FULL]
Pipeline #15: PROJECTION (id=16) -> TOP_N (id=17)
  Input: <- Pipeline #14 [on: PROJECTION (id=16), port: default, barrier: FULL]
  Dependencies: Pipeline #14
  Output: -> MERGE_TOP_N [port: default, barrier: FULL]
Pipeline #16: MERGE_TOP_N (id=32)
  Input: <- Pipeline #15 [on: MERGE_TOP_N (id=32), port: default, barrier: FULL]
  Dependencies: Pipeline #15
  Output: -> RESULT_COLLECTOR [port: default, barrier: FULL]
Pipeline #17: RESULT_COLLECTOR (id=18)
  Input: <- Pipeline #16 [on: RESULT_COLLECTOR (id=18), port: default, barrier: FULL]
  Dependencies: Pipeline #16

=== Query Plan DAG ===
┌──────────────────────────┐                                                        
│ Pipeline #17             │                                                        
│ RESULT_COLLECTOR (id=18) │                                                        
│ Input(#16): FULL         │                                                        
└────────────┬─────────────┘                                                        
             │                                                                      
┌──────────────────────────┐                                                        
│ Pipeline #16             │                                                        
│ MERGE_TOP_N (id=32)      │                                                        
│ Input(#15): FULL         │                                                        
└────────────┬─────────────┘                                                        
             │                                                                      
┌──────────────────────────┐                                                        
│ Pipeline #15             │                                                        
│ TOP_N (id=17)            │                                                        
│ PROJECTION (id=16)       │                                                        
│ Input(#14): FULL         │                                                        
└────────────┬─────────────┘                                                        
             │                                                                      
┌──────────────────────────┐                                                        
│ Pipeline #14             │                                                        
│ MERGE_GROUP_BY (id=31)   │                                                        
│ Input(#13): FULL         │                                                        
└────────────┬─────────────┘                                                        
             │                                                                      
┌──────────────────────────┐                                                        
│ Pipeline #13             │                                                        
│ PARTITION (id=30)        │                                                        
│ Input(#12): FULL         │                                                        
└────────────┬─────────────┘                                                        
             │                                                                      
┌──────────────────────────┐                                                        
│ Pipeline #12             │                                                        
│ HASH_GROUP_BY (id=15)    │                                                        
│ PROJECTION (id=14)       │                                                        
│ HASH_JOIN (id=13)        │                                                        
│   type: INNER            │                                                        
│ Input(#11): FULL         │                                                        
│ Input(#8): FULL          │                                                        
└────────────┬─────────────┘                                                        
             ┌───────────────────────────────────────────────────────┐              
             │                                                       │              
┌──────────────────────────┐                            ┌──────────────────────────┐
│ Pipeline #8              │                            │ Pipeline #11             │
│ CONCAT (id=25)           │                            │ CONCAT (id=28)           │
│ Input(#7): PARTIAL       │                            │ Input(#10): PARTIAL      │
└────────────┬─────────────┘                            └────────────┬─────────────┘
             │                                                       │              
┌──────────────────────────┐                            ┌──────────────────────────┐
│ Pipeline #7              │                            │ Pipeline #10             │
│ PARTITION (id=26)        │                            │ PARTITION (id=29)        │
│ Input(#6): FULL          │                            │ Input(#9): PARTIAL       │
└────────────┬─────────────┘                            └────────────┬─────────────┘
             │                                                       │              
┌──────────────────────────┐                            ┌──────────────────────────┐
│ Pipeline #6              │                            │ Pipeline #9              │
│ HASH_JOIN (id=12)        │                            │ GPU_SCAN (id=27)         │
│   type: INNER            │                            │                          │
│ Input(#5): FULL          │                            │                          │
│ Input(#2): FULL          │                            │                          │
└────────────┬─────────────┘                            └──────────────────────────┘
             ┌───────────────────────────┐                                          
             │                           │                                          
┌──────────────────────────┐┌──────────────────────────┐                            
│ Pipeline #2              ││ Pipeline #5              │                            
│ CONCAT (id=20)           ││ CONCAT (id=23)           │                            
│ Input(#1): PARTIAL       ││ Input(#4): PARTIAL       │                            
└────────────┬─────────────┘└────────────┬─────────────┘                            
             │                           │                                          
┌──────────────────────────┐┌──────────────────────────┐                            
│ Pipeline #1              ││ Pipeline #4              │                            
│ PARTITION (id=21)        ││ PARTITION (id=24)        │                            
│ Input(#0): FULL          ││ Input(#3): PARTIAL       │                            
└────────────┬─────────────┘└────────────┬─────────────┘                            
             │                           │                                          
┌──────────────────────────┐┌──────────────────────────┐                            
│ Pipeline #0              ││ Pipeline #3              │                            
│ GPU_SCAN (id=19)         ││ GPU_SCAN (id=22)         │                            
└──────────────────────────┘└──────────────────────────┘                            

[2026-07-01 09:08:15.388] [info] [task_scheduler.cpp:367] [mgpu-audit] pipeline_task dispatched to GPU 0 task_id=0
[2026-07-01 09:08:15.388] [info] [task_scheduler.cpp:369] [locality-audit] dispatch task_id=0 preferred_device=0 actual_gpu=0
[2026-07-01 09:08:15.482] [info] [parquet_gpu_ingestible.cpp:696] [scan-audit] parquet_materialize target_gpu=0 files=/mnt/nvme/dataset/customer.parquet columns=c_custkey,c_mktsegment row_groups=0,1,2,3,4,5,6,7,8,9,10,11,12,13,14,15,16,17,18,19,20,21,22,23,24,25,26,27,28,29,30,31,32,33,34,35,36,37,38,39,40,41,42,43,44,45,46,47,48,49,50,51,52,53,54,55,56,57,58,59,60,61,62,63,64,65,66,67,68,69,70,71,72,73,74,75,76,77,78,79,80,81,82,83,84,85,86,87,88,89,90,91,92,93,94,95,96,97,98,99,100,101,102,103,104,105,106,107,108,109,110,111,112,113,114,115,116,117,118,119,120,121 compressed_bytes=65743561 uncompressed_bytes=120003782 column_bytes=c_custkey:60042225:120003782,c_mktsegment:5701336:5700536 output_rows=3000019 output_columns=2 split_count=1 duration_us=92434
[2026-07-01 09:08:15.482] [info] [gpu_pipeline_task.cpp:311] [stage-audit] pipeline_id=0 task_id=0 operator_id=19 operator_name=GPU_SCAN stage_kind=SCAN operator_type=94 input_type=GPU_SCAN output_type=PIPELINEABLE actual_gpu=0 pipeline_operator_count=1 input_batches=0 input_rows=0 input_columns=0 input_bytes=0 output_batches=1 output_rows=3000019 output_columns=1 output_bytes=24375192 byte_ratio=0.000000 row_ratio=0.000000 duration_us=93581
[2026-07-01 09:08:15.482] [info] [task_creator.cpp:352] [locality-audit] task_create operator_id=21 input_bytes=24375192 local_bytes=24375192 gpu_source_bytes=24375192 host_source_bytes=0 disk_source_bytes=0 gpu_sources=1 host_sources=0 preferred_device=0
[2026-07-01 09:08:15.482] [info] [task_scheduler.cpp:367] [mgpu-audit] pipeline_task dispatched to GPU 0 task_id=1
[2026-07-01 09:08:15.482] [info] [task_scheduler.cpp:369] [locality-audit] dispatch task_id=1 preferred_device=0 actual_gpu=0
[2026-07-01 09:08:15.482] [info] [gpu_pipeline_task.cpp:182] [locality-audit] prepare_before pipeline_id=1 task_id=1 preferred_device=0 actual_gpu=0 target_tier=GPU target_device=0 input_bytes=24375192 local_bytes=24375192 remote_gpu_bytes=0 host_bytes=0 disk_bytes=0 batch_count=1
[2026-07-01 09:08:15.483] [info] [gpu_pipeline_task.cpp:182] [locality-audit] prepare_after pipeline_id=1 task_id=1 preferred_device=0 actual_gpu=0 target_tier=GPU target_device=0 input_bytes=24375192 local_bytes=24375192 remote_gpu_bytes=0 host_bytes=0 disk_bytes=0 batch_count=1
[2026-07-01 09:08:15.483] [info] [gpu_pipeline_task.cpp:311] [stage-audit] pipeline_id=1 task_id=1 operator_id=21 operator_name=PARTITION stage_kind=PARTITION operator_type=82 input_type=PIPELINEABLE output_type=PIPELINEABLE actual_gpu=0 pipeline_operator_count=1 input_batches=1 input_rows=3000019 input_columns=1 input_bytes=24375192 output_batches=1 output_rows=3000019 output_columns=1 output_bytes=24375192 byte_ratio=1.000000 row_ratio=1.000000 duration_us=2
[2026-07-01 09:08:15.483] [info] [task_scheduler.cpp:367] [mgpu-audit] pipeline_task dispatched to GPU 0 task_id=2
[2026-07-01 09:08:15.483] [info] [task_scheduler.cpp:369] [locality-audit] dispatch task_id=2 preferred_device=0 actual_gpu=0
[2026-07-01 09:08:15.483] [info] [gpu_pipeline_task.cpp:182] [locality-audit] prepare_before pipeline_id=2 task_id=2 preferred_device=0 actual_gpu=0 target_tier=GPU target_device=0 input_bytes=24375192 local_bytes=24375192 remote_gpu_bytes=0 host_bytes=0 disk_bytes=0 batch_count=1
[2026-07-01 09:08:15.483] [info] [gpu_pipeline_task.cpp:182] [locality-audit] prepare_after pipeline_id=2 task_id=2 preferred_device=0 actual_gpu=0 target_tier=GPU target_device=0 input_bytes=24375192 local_bytes=24375192 remote_gpu_bytes=0 host_bytes=0 disk_bytes=0 batch_count=1
[2026-07-01 09:08:15.483] [info] [gpu_pipeline_task.cpp:311] [stage-audit] pipeline_id=2 task_id=2 operator_id=20 operator_name=CONCAT stage_kind=CONCAT operator_type=83 input_type=PARTITIONED output_type=PARTITIONED actual_gpu=0 pipeline_operator_count=1 input_batches=1 input_rows=3000019 input_columns=1 input_bytes=24375192 output_batches=1 output_rows=3000019 output_columns=1 output_bytes=24375192 byte_ratio=1.000000 row_ratio=1.000000 duration_us=6
[2026-07-01 09:08:15.483] [info] [task_scheduler.cpp:367] [mgpu-audit] pipeline_task dispatched to GPU 1 task_id=3
[2026-07-01 09:08:15.483] [info] [task_scheduler.cpp:369] [locality-audit] dispatch task_id=3 preferred_device=1 actual_gpu=1
[2026-07-01 09:08:15.483] [info] [task_scheduler.cpp:367] [mgpu-audit] pipeline_task dispatched to GPU 2 task_id=4
[2026-07-01 09:08:15.483] [info] [task_scheduler.cpp:369] [locality-audit] dispatch task_id=4 preferred_device=2 actual_gpu=2
[2026-07-01 09:08:15.483] [info] [task_scheduler.cpp:367] [mgpu-audit] pipeline_task dispatched to GPU 3 task_id=5
[2026-07-01 09:08:15.483] [info] [task_scheduler.cpp:369] [locality-audit] dispatch task_id=5 preferred_device=3 actual_gpu=3
[2026-07-01 09:08:15.483] [info] [task_scheduler.cpp:367] [mgpu-audit] pipeline_task dispatched to GPU 0 task_id=6
[2026-07-01 09:08:15.483] [info] [task_scheduler.cpp:369] [locality-audit] dispatch task_id=6 preferred_device=0 actual_gpu=0
[2026-07-01 09:08:15.483] [info] [task_scheduler.cpp:367] [mgpu-audit] pipeline_task dispatched to GPU 1 task_id=7
[2026-07-01 09:08:15.483] [info] [task_scheduler.cpp:369] [locality-audit] dispatch task_id=7 preferred_device=1 actual_gpu=1
[2026-07-01 09:08:15.894] [info] [parquet_gpu_ingestible.cpp:696] [scan-audit] parquet_materialize target_gpu=1 files=/mnt/nvme/dataset/orders.parquet columns=o_orderkey,o_custkey,o_orderdate,o_shippriority row_groups=988,989,990,991,992,993,994,995,996,997,998,999,1000,1001,1002,1003,1004,1005,1006,1007,1008,1009,1010,1011,1012,1013,1014,1015,1016,1017,1018,1019,1020,1021,1022,1023,1024,1025,1026,1027,1028,1029,1030,1031,1032,1033,1034,1035,1036,1037,1038,1039,1040,1041,1042,1043,1044,1045,1046,1047,1048,1049,1050,1051,1052,1053,1054,1055,1056,1057,1058,1059,1060,1061,1062,1063,1064,1065,1066,1067,1068,1069,1070,1071,1072,1073,1074,1075,1076,1077,1078,1079,1080,1081,1082,1083,1084,1085,1086,1087,1088,1089,1090,1091,1092,1093,1094,1095,1096,1097,1098,1099,1100,1101,1102,1103,1104,1105,1106,1107,1108,1109,1110,1111,1112,1113,1114,1115,1116,1117,1118,1119,1120,1121,1122,1123,1124,1125,1126,1127,1128,1129,1130,1131,1132,1133,1134,1135,1136,1137,1138,1139,1140,1141,1142,1143,1144,1145,1146,1147,1148,1149,1150,1151,1152,1153,1154,1155,1156,1157,1158,1159,1160,1161,1162,1163,1164,1165,1166,1167,1168,1169,1170,1171,1172,1173,1174,1175,1176,1177,1178,1179,1180,1181,1182,1183,1184,1185,1186,1187,1188,1189,1190,1191,1192,1193,1194,1195,1196,1197,1198,1199,1200,1201,1202,1203,1204,1205,1206,1207,1208,1209,1210,1211,1212,1213,1214,1215,1216,1217 compressed_bytes=308295165 uncompressed_bytes=496794708 column_bytes=o_orderkey:112662859:226027594,o_custkey:150887810:226027594,o_orderdate:44732306:44728250,o_shippriority:12190:11270 output_rows=13844066 output_columns=4 split_count=1 duration_us=400408
[2026-07-01 09:08:15.894] [info] [gpu_pipeline_task.cpp:311] [stage-audit] pipeline_id=3 task_id=7 operator_id=22 operator_name=GPU_SCAN stage_kind=SCAN operator_type=94 input_type=GPU_SCAN output_type=PIPELINEABLE actual_gpu=1 pipeline_operator_count=1 input_batches=0 input_rows=0 input_columns=0 input_bytes=0 output_batches=1 output_rows=13844066 output_columns=4 output_bytes=339179824 byte_ratio=0.000000 row_ratio=0.000000 duration_us=410397
[2026-07-01 09:08:15.894] [info] [task_creator.cpp:352] [locality-audit] task_create operator_id=24 input_bytes=339179824 local_bytes=339179824 gpu_source_bytes=339179824 host_source_bytes=0 disk_source_bytes=0 gpu_sources=1 host_sources=0 preferred_device=1
[2026-07-01 09:08:15.894] [info] [task_scheduler.cpp:367] [mgpu-audit] pipeline_task dispatched to GPU 1 task_id=8
[2026-07-01 09:08:15.894] [info] [task_scheduler.cpp:369] [locality-audit] dispatch task_id=8 preferred_device=1 actual_gpu=1
[2026-07-01 09:08:15.894] [info] [gpu_pipeline_task.cpp:182] [locality-audit] prepare_before pipeline_id=4 task_id=8 preferred_device=1 actual_gpu=1 target_tier=GPU target_device=1 input_bytes=339179824 local_bytes=339179824 remote_gpu_bytes=0 host_bytes=0 disk_bytes=0 batch_count=1
[2026-07-01 09:08:15.894] [info] [gpu_pipeline_task.cpp:182] [locality-audit] prepare_after pipeline_id=4 task_id=8 preferred_device=1 actual_gpu=1 target_tier=GPU target_device=1 input_bytes=339179824 local_bytes=339179824 remote_gpu_bytes=0 host_bytes=0 disk_bytes=0 batch_count=1
[2026-07-01 09:08:15.894] [info] [gpu_pipeline_task.cpp:311] [stage-audit] pipeline_id=4 task_id=8 operator_id=24 operator_name=PARTITION stage_kind=PARTITION operator_type=82 input_type=PIPELINEABLE output_type=PIPELINEABLE actual_gpu=1 pipeline_operator_count=1 input_batches=1 input_rows=13844066 input_columns=4 input_bytes=339179824 output_batches=1 output_rows=13844066 output_columns=4 output_bytes=339179824 byte_ratio=1.000000 row_ratio=1.000000 duration_us=7
[2026-07-01 09:08:15.906] [info] [parquet_gpu_ingestible.cpp:696] [scan-audit] parquet_materialize target_gpu=1 files=/mnt/nvme/dataset/orders.parquet columns=o_orderkey,o_custkey,o_orderdate,o_shippriority row_groups=0,1,2,3,4,5,6,7,8,9,10,11,12,13,14,15,16,17,18,19,20,21,22,23,24,25,26,27,28,29,30,31,32,33,34,35,36,37,38,39,40,41,42,43,44,45,46,47,48,49,50,51,52,53,54,55,56,57,58,59,60,61,62,63,64,65,66,67,68,69,70,71,72,73,74,75,76,77,78,79,80,81,82,83,84,85,86,87,88,89,90,91,92,93,94,95,96,97,98,99,100,101,102,103,104,105,106,107,108,109,110,111,112,113,114,115,116,117,118,119,120,121,122,123,124,125,126,127,128,129,130,131,132,133,134,135,136,137,138,139,140,141,142,143,144,145,146,147,148,149,150,151,152,153,154,155,156,157,158,159,160,161,162,163,164,165,166,167,168,169,170,171,172,173,174,175,176,177,178,179,180,181,182,183,184,185,186,187,188,189,190,191,192,193,194,195,196,197,198,199,200,201,202,203,204,205,206,207,208,209,210,211,212,213,214,215,216,217,218,219,220,221,222,223,224,225,226,227,228,229,230,231,232,233,234,235,236,237,238,239,240,241,242,243,244,245,246 compressed_bytes=332522751 uncompressed_bytes=535836346 column_bytes=o_orderkey:121517446:243793905,o_custkey:162751422:243793905,o_orderdate:48240792:48236433,o_shippriority:13091:12103 output_rows=14934843 output_columns=4 split_count=1 duration_us=413621
[2026-07-01 09:08:15.906] [info] [gpu_pipeline_task.cpp:311] [stage-audit] pipeline_id=3 task_id=3 operator_id=22 operator_name=GPU_SCAN stage_kind=SCAN operator_type=94 input_type=GPU_SCAN output_type=PIPELINEABLE actual_gpu=1 pipeline_operator_count=1 input_batches=0 input_rows=0 input_columns=0 input_bytes=0 output_batches=1 output_rows=14934843 output_columns=4 output_bytes=365903752 byte_ratio=0.000000 row_ratio=0.000000 duration_us=423283
[2026-07-01 09:08:15.906] [info] [task_creator.cpp:352] [locality-audit] task_create operator_id=24 input_bytes=365903752 local_bytes=365903752 gpu_source_bytes=365903752 host_source_bytes=0 disk_source_bytes=0 gpu_sources=1 host_sources=0 preferred_device=1
[2026-07-01 09:08:15.906] [info] [task_scheduler.cpp:367] [mgpu-audit] pipeline_task dispatched to GPU 1 task_id=9
[2026-07-01 09:08:15.906] [info] [task_scheduler.cpp:369] [locality-audit] dispatch task_id=9 preferred_device=1 actual_gpu=1
[2026-07-01 09:08:15.906] [info] [gpu_pipeline_task.cpp:182] [locality-audit] prepare_before pipeline_id=4 task_id=9 preferred_device=1 actual_gpu=1 target_tier=GPU target_device=1 input_bytes=365903752 local_bytes=365903752 remote_gpu_bytes=0 host_bytes=0 disk_bytes=0 batch_count=1
[2026-07-01 09:08:15.906] [info] [gpu_pipeline_task.cpp:182] [locality-audit] prepare_after pipeline_id=4 task_id=9 preferred_device=1 actual_gpu=1 target_tier=GPU target_device=1 input_bytes=365903752 local_bytes=365903752 remote_gpu_bytes=0 host_bytes=0 disk_bytes=0 batch_count=1
[2026-07-01 09:08:15.906] [info] [gpu_pipeline_task.cpp:311] [stage-audit] pipeline_id=4 task_id=9 operator_id=24 operator_name=PARTITION stage_kind=PARTITION operator_type=82 input_type=PIPELINEABLE output_type=PIPELINEABLE actual_gpu=1 pipeline_operator_count=1 input_batches=1 input_rows=14934843 input_columns=4 input_bytes=365903752 output_batches=1 output_rows=14934843 output_columns=4 output_bytes=365903752 byte_ratio=1.000000 row_ratio=1.000000 duration_us=1
[2026-07-01 09:08:15.907] [info] [task_scheduler.cpp:367] [mgpu-audit] pipeline_task dispatched to GPU 0 task_id=10
[2026-07-01 09:08:15.907] [info] [task_scheduler.cpp:369] [locality-audit] dispatch task_id=10 preferred_device=0 actual_gpu=0
[2026-07-01 09:08:15.907] [info] [task_scheduler.cpp:367] [mgpu-audit] pipeline_task dispatched to GPU 0 task_id=11
[2026-07-01 09:08:15.907] [info] [task_scheduler.cpp:369] [locality-audit] dispatch task_id=11 preferred_device=0 actual_gpu=0
[2026-07-01 09:08:15.907] [info] [gpu_pipeline_task.cpp:182] [locality-audit] prepare_before pipeline_id=5 task_id=11 preferred_device=0 actual_gpu=0 target_tier=GPU target_device=0 input_bytes=365903752 local_bytes=0 remote_gpu_bytes=365903752 host_bytes=0 disk_bytes=0 batch_count=1
[2026-07-01 09:08:15.907] [info] [gpu_pipeline_task.cpp:182] [locality-audit] prepare_before pipeline_id=5 task_id=10 preferred_device=0 actual_gpu=0 target_tier=GPU target_device=0 input_bytes=339179824 local_bytes=0 remote_gpu_bytes=339179824 host_bytes=0 disk_bytes=0 batch_count=1
[2026-07-01 09:08:16.173] [error] [gpu_pipeline_executor.cpp:400] GPU Pipeline Executor: Exception during task execution: CUDF failure at: /tmp/conda-bld-output/bld/rattler-build_libcudf/work/cpp/src/io/parquet/reader_impl_chunking_utils.cu:687: Encountered malformed parquet page data (row count mismatch in page data)
[2026-07-01 09:08:16.179] [error] [sirius_engine.cpp:178] Error executing query: CUDF failure at: /tmp/conda-bld-output/bld/rattler-build_libcudf/work/cpp/src/io/parquet/reader_impl_chunking_utils.cu:687: Encountered malformed parquet page data (row count mismatch in page data)
[2026-07-01 09:08:16.179] [info] [task_scheduler.cpp:189] task_scheduler: draining after error
[2026-07-01 09:08:16.179] [info] [gpu_pipeline_executor.cpp:118] GPU Pipeline Executor: task queue interrupted, stopping manager loop
[2026-07-01 09:08:16.262] [error] [gpu_pipeline_executor.cpp:400] GPU Pipeline Executor: Exception during task execution: CUDA error at: /tmp/conda-bld-output/bld/rattler-build_librmm/work/cpp/src/cuda_stream_view.cpp:45: cudaErrorIllegalAddress an illegal memory access was encountered
[2026-07-01 09:08:16.262] [error] [sirius_physical_operator.cpp:103] pipelineable_operator_data: Unknown error at batch 2 preparing for processing, state: 0: CUDA error at: /home/dy1013/sirius_multi-gpu/cucascade/src/data/representation_converter.cpp:703: cudaErrorIllegalAddress an illegal memory access was encountered
[2026-07-01 09:08:16.262] [error] [gpu_pipeline_task.cpp:1048] Unknown error in prepare_for_processing for pipeline 5: CUDA error at: /home/dy1013/sirius_multi-gpu/cucascade/src/data/representation_converter.cpp:703: cudaErrorIllegalAddress an illegal memory access was encountered
[2026-07-01 09:08:16.262] [error] [gpu_pipeline_executor.cpp:400] GPU Pipeline Executor: Exception during task execution: CUDA error at: /home/dy1013/sirius_multi-gpu/cucascade/src/data/representation_converter.cpp:703: cudaErrorIllegalAddress an illegal memory access was encountered
[2026-07-01 09:08:16.262] [info] [gpu_pipeline_executor.cpp:118] GPU Pipeline Executor: task queue interrupted, stopping manager loop
[2026-07-01 09:08:16.262] [error] [sirius_physical_operator.cpp:103] pipelineable_operator_data: Unknown error at batch 1 preparing for processing, state: 0: CUDA error at: /home/dy1013/sirius_multi-gpu/cucascade/src/data/representation_converter.cpp:703: cudaErrorIllegalAddress an illegal memory access was encountered
[2026-07-01 09:08:16.262] [error] [gpu_pipeline_task.cpp:1048] Unknown error in prepare_for_processing for pipeline 5: CUDA error at: /home/dy1013/sirius_multi-gpu/cucascade/src/data/representation_converter.cpp:703: cudaErrorIllegalAddress an illegal memory access was encountered
[2026-07-01 09:08:16.262] [error] [gpu_pipeline_executor.cpp:400] GPU Pipeline Executor: Exception during task execution: CUDA error at: /home/dy1013/sirius_multi-gpu/cucascade/src/data/representation_converter.cpp:703: cudaErrorIllegalAddress an illegal memory access was encountered
[2026-07-01 09:08:16.265] [error] [gpu_pipeline_executor.cpp:400] GPU Pipeline Executor: Exception during task execution: Fatal CUDA error encountered at: /tmp/conda-bld-output/bld/rattler-build_libcudf/work/cpp/include/cudf/detail/algorithms/reduce.cuh:245: 700 cudaErrorIllegalAddress an illegal memory access was encountered
[2026-07-01 09:08:16.265] [info] [gpu_pipeline_executor.cpp:118] GPU Pipeline Executor: task queue interrupted, stopping manager loop
[2026-07-01 09:08:16.265] [info] [gpu_pipeline_executor.cpp:118] GPU Pipeline Executor: task queue interrupted, stopping manager loop
[2026-07-01 09:08:16.266] [info] [task_scheduler.cpp:232] task_scheduler: DONE draining after error
[2026-07-01 09:08:16.266] [error] [sirius_interface.cpp:201] Error in sirius_execute_pending_query_result: CUDF failure at: /tmp/conda-bld-output/bld/rattler-build_libcudf/work/cpp/src/io/parquet/reader_impl_chunking_utils.cu:687: Encountered malformed parquet page data (row count mismatch in page data)
[2026-07-01 09:08:16.266] [error] [physical_sirius_execution.cpp:156] Transparent GPU execution error: Invalid Error: CUDF failure at: /tmp/conda-bld-output/bld/rattler-build_libcudf/work/cpp/src/io/parquet/reader_impl_chunking_utils.cu:687: Encountered malformed parquet page data (row count mismatch in page data)
[2026-07-01 09:08:16.324] [info] [sirius_context.cpp:258] QueryEnd
[2026-07-01 09:08:16.346] [warning] [sirius_context.cpp:274] SiriusContext::QueryEnd: operator 12 port 'build' still had 1 un-consumed data batch(es) (memory leak).
[2026-07-01 09:08:16.346] [info] [:] [host_pool] HOST:0 QueryEnd allocated=4194304 bytes peak=6291456 bytes free_blocks=508
[2026-07-01 09:08:16.346] [info] [:] [gpu_pool] GPU:0 QueryEnd allocated=0 bytes peak=5714436192 bytes reserved=0 bytes
[2026-07-01 09:08:16.346] [info] [:] [gpu_pool] GPU:1 QueryEnd allocated=0 bytes peak=8261048432 bytes reserved=0 bytes
[2026-07-01 09:08:16.346] [info] [:] [gpu_pool] GPU:2 QueryEnd allocated=0 bytes peak=4279912136 bytes reserved=0 bytes
[2026-07-01 09:08:16.346] [info] [:] [gpu_pool] GPU:3 QueryEnd allocated=0 bytes peak=4279863552 bytes reserved=0 bytes
[2026-07-01 09:08:16.347] [info] [sirius_context.cpp:1013] Connection closed.
[2026-07-01 09:08:16.357] [info] [task_scheduler.cpp:295] Task request channel closed, exiting management event loop.
[2026-07-01 09:08:16.357] [info] [gpu_pipeline_executor.cpp:118] GPU Pipeline Executor: task queue interrupted, stopping manager loop
[2026-07-01 09:08:16.357] [info] [gpu_pipeline_executor.cpp:118] GPU Pipeline Executor: task queue interrupted, stopping manager loop
[2026-07-01 09:08:16.357] [info] [gpu_pipeline_executor.cpp:118] GPU Pipeline Executor: task queue interrupted, stopping manager loop
[2026-07-01 09:08:16.358] [info] [gpu_pipeline_executor.cpp:118] GPU Pipeline Executor: task queue interrupted, stopping manager loop
[2026-07-01 09:08:16.404] [warning] [:] uring_reactor: cudaFreeHost failed: an illegal memory access was encountered
[2026-07-01 09:08:16.404] [warning] [:] uring_reactor: cudaFreeHost failed: an illegal memory access was encountered
[2026-07-01 09:08:16.404] [warning] [:] uring_reactor: cudaFreeHost failed: an illegal memory access was encountered
[2026-07-01 09:08:16.404] [warning] [:] uring_reactor: cudaFreeHost failed: an illegal memory access was encountered
[2026-07-01 09:08:16.404] [warning] [:] uring_reactor: cudaFreeHost failed: an illegal memory access was encountered
[2026-07-01 09:08:16.404] [warning] [:] uring_reactor: cudaFreeHost failed: an illegal memory access was encountered
[2026-07-01 09:08:16.404] [warning] [:] uring_reactor: cudaFreeHost failed: an illegal memory access was encountered
[2026-07-01 09:08:16.404] [warning] [:] uring_reactor: cudaFreeHost failed: an illegal memory access was encountered
[2026-07-01 09:08:16.404] [warning] [:] uring_reactor: cudaFreeHost failed: an illegal memory access was encountered
[2026-07-01 09:08:16.404] [warning] [:] uring_reactor: cudaFreeHost failed: an illegal memory access was encountered
[2026-07-01 09:08:16.404] [warning] [:] uring_reactor: cudaFreeHost failed: an illegal memory access was encountered
[2026-07-01 09:08:16.404] [warning] [:] uring_reactor: cudaFreeHost failed: an illegal memory access was encountered
[2026-07-01 09:08:16.404] [warning] [:] uring_reactor: cudaFreeHost failed: an illegal memory access was encountered
[2026-07-01 09:08:16.404] [warning] [:] uring_reactor: cudaFreeHost failed: an illegal memory access was encountered
[2026-07-01 09:08:16.404] [warning] [:] uring_reactor: cudaFreeHost failed: an illegal memory access was encountered
[2026-07-01 09:08:16.404] [warning] [:] uring_reactor: cudaFreeHost failed: an illegal memory access was encountered
[2026-07-01 09:08:16.404] [warning] [:] uring_reactor: cudaFreeHost failed: an illegal memory access was encountered
[2026-07-01 09:08:16.404] [warning] [:] uring_reactor: cudaFreeHost failed: an illegal memory access was encountered
[2026-07-01 09:08:16.404] [warning] [:] uring_reactor: cudaFreeHost failed: an illegal memory access was encountered
[2026-07-01 09:08:16.404] [warning] [:] uring_reactor: cudaFreeHost failed: an illegal memory access was encountered
[2026-07-01 09:08:16.404] [warning] [:] uring_reactor: cudaFreeHost failed: an illegal memory access was encountered
[2026-07-01 09:08:16.404] [warning] [:] uring_reactor: cudaFreeHost failed: an illegal memory access was encountered
[2026-07-01 09:08:16.404] [warning] [:] uring_reactor: cudaFreeHost failed: an illegal memory access was encountered
[2026-07-01 09:08:16.404] [warning] [:] uring_reactor: cudaFreeHost failed: an illegal memory access was encountered
[2026-07-01 09:08:16.404] [warning] [:] uring_reactor: cudaFreeHost failed: an illegal memory access was encountered
[2026-07-01 09:08:16.404] [warning] [:] uring_reactor: cudaFreeHost failed: an illegal memory access was encountered
[2026-07-01 09:08:16.404] [warning] [:] uring_reactor: cudaFreeHost failed: an illegal memory access was encountered
[2026-07-01 09:08:16.404] [warning] [:] uring_reactor: cudaFreeHost failed: an illegal memory access was encountered
[2026-07-01 09:08:16.404] [warning] [:] uring_reactor: cudaFreeHost failed: an illegal memory access was encountered
[2026-07-01 09:08:16.404] [warning] [:] uring_reactor: cudaFreeHost failed: an illegal memory access was encountered
[2026-07-01 09:08:16.404] [warning] [:] uring_reactor: cudaFreeHost failed: an illegal memory access was encountered
[2026-07-01 09:08:16.404] [warning] [:] uring_reactor: cudaFreeHost failed: an illegal memory access was encountered
[2026-07-01 09:08:16.404] [warning] [:] uring_reactor: cudaFreeHost failed: an illegal memory access was encountered
[2026-07-01 09:08:16.404] [warning] [:] uring_reactor: cudaFreeHost failed: an illegal memory access was encountered
[2026-07-01 09:08:16.404] [warning] [:] uring_reactor: cudaFreeHost failed: an illegal memory access was encountered
[2026-07-01 09:08:16.404] [warning] [:] uring_reactor: cudaFreeHost failed: an illegal memory access was encountered
[2026-07-01 09:08:16.404] [warning] [:] uring_reactor: cudaFreeHost failed: an illegal memory access was encountered
[2026-07-01 09:08:16.404] [warning] [:] uring_reactor: cudaFreeHost failed: an illegal memory access was encountered
[2026-07-01 09:08:16.404] [warning] [:] uring_reactor: cudaFreeHost failed: an illegal memory access was encountered
[2026-07-01 09:08:16.404] [warning] [:] uring_reactor: cudaFreeHost failed: an illegal memory access was encountered
[2026-07-01 09:08:16.404] [warning] [:] uring_reactor: cudaFreeHost failed: an illegal memory access was encountered
[2026-07-01 09:08:16.404] [warning] [:] uring_reactor: cudaFreeHost failed: an illegal memory access was encountered
[2026-07-01 09:08:16.404] [warning] [:] uring_reactor: cudaFreeHost failed: an illegal memory access was encountered
[2026-07-01 09:08:16.404] [warning] [:] uring_reactor: cudaFreeHost failed: an illegal memory access was encountered
[2026-07-01 09:08:16.404] [warning] [:] uring_reactor: cudaFreeHost failed: an illegal memory access was encountered
[2026-07-01 09:08:16.404] [warning] [:] uring_reactor: cudaFreeHost failed: an illegal memory access was encountered
[2026-07-01 09:08:16.404] [warning] [:] uring_reactor: cudaFreeHost failed: an illegal memory access was encountered
[2026-07-01 09:08:16.404] [warning] [:] uring_reactor: cudaFreeHost failed: an illegal memory access was encountered
[2026-07-01 09:08:16.404] [warning] [:] uring_reactor: cudaFreeHost failed: an illegal memory access was encountered
[2026-07-01 09:08:16.404] [warning] [:] uring_reactor: cudaFreeHost failed: an illegal memory access was encountered
[2026-07-01 09:08:16.404] [warning] [:] uring_reactor: cudaFreeHost failed: an illegal memory access was encountered
[2026-07-01 09:08:16.404] [warning] [:] uring_reactor: cudaFreeHost failed: an illegal memory access was encountered
[2026-07-01 09:08:16.404] [warning] [:] uring_reactor: cudaFreeHost failed: an illegal memory access was encountered
[2026-07-01 09:08:16.404] [warning] [:] uring_reactor: cudaFreeHost failed: an illegal memory access was encountered
[2026-07-01 09:08:16.404] [warning] [:] uring_reactor: cudaFreeHost failed: an illegal memory access was encountered
[2026-07-01 09:08:16.404] [warning] [:] uring_reactor: cudaFreeHost failed: an illegal memory access was encountered
[2026-07-01 09:08:16.404] [warning] [:] uring_reactor: cudaFreeHost failed: an illegal memory access was encountered
[2026-07-01 09:08:16.404] [warning] [:] uring_reactor: cudaFreeHost failed: an illegal memory access was encountered
[2026-07-01 09:08:16.404] [warning] [:] uring_reactor: cudaFreeHost failed: an illegal memory access was encountered
[2026-07-01 09:08:16.404] [warning] [:] uring_reactor: cudaFreeHost failed: an illegal memory access was encountered
[2026-07-01 09:08:16.404] [warning] [:] uring_reactor: cudaFreeHost failed: an illegal memory access was encountered
[2026-07-01 09:08:16.404] [warning] [:] uring_reactor: cudaFreeHost failed: an illegal memory access was encountered
[2026-07-01 09:08:16.404] [warning] [:] uring_reactor: cudaFreeHost failed: an illegal memory access was encountered
[2026-07-01 09:08:16.404] [warning] [:] uring_reactor: cudaFreeHost failed: an illegal memory access was encountered
[2026-07-01 09:08:16.404] [warning] [:] uring_reactor: cudaFreeHost failed: an illegal memory access was encountered
[2026-07-01 09:08:16.404] [warning] [:] uring_reactor: cudaFreeHost failed: an illegal memory access was encountered
[2026-07-01 09:08:16.404] [warning] [:] uring_reactor: cudaFreeHost failed: an illegal memory access was encountered
[2026-07-01 09:08:16.404] [warning] [:] uring_reactor: cudaFreeHost failed: an illegal memory access was encountered
[2026-07-01 09:08:16.404] [warning] [:] uring_reactor: cudaFreeHost failed: an illegal memory access was encountered
[2026-07-01 09:08:16.404] [warning] [:] uring_reactor: cudaFreeHost failed: an illegal memory access was encountered
[2026-07-01 09:08:16.404] [warning] [:] uring_reactor: cudaFreeHost failed: an illegal memory access was encountered
[2026-07-01 09:08:16.404] [warning] [:] uring_reactor: cudaFreeHost failed: an illegal memory access was encountered
[2026-07-01 09:08:16.404] [warning] [:] uring_reactor: cudaFreeHost failed: an illegal memory access was encountered
[2026-07-01 09:08:16.404] [warning] [:] uring_reactor: cudaFreeHost failed: an illegal memory access was encountered
[2026-07-01 09:08:16.404] [warning] [:] uring_reactor: cudaFreeHost failed: an illegal memory access was encountered
[2026-07-01 09:08:16.404] [warning] [:] uring_reactor: cudaFreeHost failed: an illegal memory access was encountered
[2026-07-01 09:08:16.404] [warning] [:] uring_reactor: cudaFreeHost failed: an illegal memory access was encountered
[2026-07-01 09:08:16.404] [warning] [:] uring_reactor: cudaFreeHost failed: an illegal memory access was encountered
[2026-07-01 09:08:16.404] [warning] [:] uring_reactor: cudaFreeHost failed: an illegal memory access was encountered
[2026-07-01 09:08:16.404] [warning] [:] uring_reactor: cudaFreeHost failed: an illegal memory access was encountered
[2026-07-01 09:08:16.404] [warning] [:] uring_reactor: cudaFreeHost failed: an illegal memory access was encountered
[2026-07-01 09:08:16.404] [warning] [:] uring_reactor: cudaFreeHost failed: an illegal memory access was encountered
[2026-07-01 09:08:16.404] [warning] [:] uring_reactor: cudaFreeHost failed: an illegal memory access was encountered
[2026-07-01 09:08:16.404] [warning] [:] uring_reactor: cudaFreeHost failed: an illegal memory access was encountered
[2026-07-01 09:08:16.404] [warning] [:] uring_reactor: cudaFreeHost failed: an illegal memory access was encountered
[2026-07-01 09:08:16.404] [warning] [:] uring_reactor: cudaFreeHost failed: an illegal memory access was encountered
[2026-07-01 09:08:16.404] [warning] [:] uring_reactor: cudaFreeHost failed: an illegal memory access was encountered
[2026-07-01 09:08:16.404] [warning] [:] uring_reactor: cudaFreeHost failed: an illegal memory access was encountered
[2026-07-01 09:08:16.404] [warning] [:] uring_reactor: cudaFreeHost failed: an illegal memory access was encountered
[2026-07-01 09:08:16.404] [warning] [:] uring_reactor: cudaFreeHost failed: an illegal memory access was encountered
[2026-07-01 09:08:16.404] [warning] [:] uring_reactor: cudaFreeHost failed: an illegal memory access was encountered
[2026-07-01 09:08:16.404] [warning] [:] uring_reactor: cudaFreeHost failed: an illegal memory access was encountered
[2026-07-01 09:08:16.404] [warning] [:] uring_reactor: cudaFreeHost failed: an illegal memory access was encountered
[2026-07-01 09:08:16.404] [warning] [:] uring_reactor: cudaFreeHost failed: an illegal memory access was encountered
[2026-07-01 09:08:16.404] [warning] [:] uring_reactor: cudaFreeHost failed: an illegal memory access was encountered
[2026-07-01 09:08:16.404] [warning] [:] uring_reactor: cudaFreeHost failed: an illegal memory access was encountered
[2026-07-01 09:08:16.404] [warning] [:] uring_reactor: cudaFreeHost failed: an illegal memory access was encountered
[2026-07-01 09:08:16.404] [warning] [:] uring_reactor: cudaFreeHost failed: an illegal memory access was encountered
[2026-07-01 09:08:16.404] [warning] [:] uring_reactor: cudaFreeHost failed: an illegal memory access was encountered
[2026-07-01 09:08:16.404] [warning] [:] uring_reactor: cudaFreeHost failed: an illegal memory access was encountered
[2026-07-01 09:08:16.404] [warning] [:] uring_reactor: cudaFreeHost failed: an illegal memory access was encountered
[2026-07-01 09:08:16.404] [warning] [:] uring_reactor: cudaFreeHost failed: an illegal memory access was encountered
[2026-07-01 09:08:16.404] [warning] [:] uring_reactor: cudaFreeHost failed: an illegal memory access was encountered
[2026-07-01 09:08:16.404] [warning] [:] uring_reactor: cudaFreeHost failed: an illegal memory access was encountered
[2026-07-01 09:08:16.404] [warning] [:] uring_reactor: cudaFreeHost failed: an illegal memory access was encountered
[2026-07-01 09:08:16.404] [warning] [:] uring_reactor: cudaFreeHost failed: an illegal memory access was encountered
[2026-07-01 09:08:16.404] [warning] [:] uring_reactor: cudaFreeHost failed: an illegal memory access was encountered
[2026-07-01 09:08:16.405] [warning] [:] uring_reactor: cudaFreeHost failed: an illegal memory access was encountered
[2026-07-01 09:08:16.405] [warning] [:] uring_reactor: cudaFreeHost failed: an illegal memory access was encountered
[2026-07-01 09:08:16.405] [warning] [:] uring_reactor: cudaFreeHost failed: an illegal memory access was encountered
[2026-07-01 09:08:16.405] [warning] [:] uring_reactor: cudaFreeHost failed: an illegal memory access was encountered
[2026-07-01 09:08:16.405] [warning] [:] uring_reactor: cudaFreeHost failed: an illegal memory access was encountered
[2026-07-01 09:08:16.405] [warning] [:] uring_reactor: cudaFreeHost failed: an illegal memory access was encountered
[2026-07-01 09:08:16.405] [warning] [:] uring_reactor: cudaFreeHost failed: an illegal memory access was encountered
[2026-07-01 09:08:16.405] [warning] [:] uring_reactor: cudaFreeHost failed: an illegal memory access was encountered
[2026-07-01 09:08:16.405] [warning] [:] uring_reactor: cudaFreeHost failed: an illegal memory access was encountered
[2026-07-01 09:08:16.405] [warning] [:] uring_reactor: cudaFreeHost failed: an illegal memory access was encountered
[2026-07-01 09:08:16.405] [warning] [:] uring_reactor: cudaFreeHost failed: an illegal memory access was encountered
[2026-07-01 09:08:16.405] [warning] [:] uring_reactor: cudaFreeHost failed: an illegal memory access was encountered
[2026-07-01 09:08:16.405] [warning] [:] uring_reactor: cudaFreeHost failed: an illegal memory access was encountered
[2026-07-01 09:08:16.405] [warning] [:] uring_reactor: cudaFreeHost failed: an illegal memory access was encountered
[2026-07-01 09:08:16.405] [warning] [:] uring_reactor: cudaFreeHost failed: an illegal memory access was encountered
[2026-07-01 09:08:16.405] [warning] [:] uring_reactor: cudaFreeHost failed: an illegal memory access was encountered
[2026-07-01 09:08:16.405] [warning] [:] uring_reactor: cudaFreeHost failed: an illegal memory access was encountered
[2026-07-01 09:08:16.405] [warning] [:] uring_reactor: cudaFreeHost failed: an illegal memory access was encountered
[2026-07-01 09:08:16.405] [warning] [:] uring_reactor: cudaFreeHost failed: an illegal memory access was encountered
[2026-07-01 09:08:16.405] [warning] [:] uring_reactor: cudaFreeHost failed: an illegal memory access was encountered
[2026-07-01 09:08:16.405] [warning] [:] uring_reactor: cudaFreeHost failed: an illegal memory access was encountered
[2026-07-01 09:08:16.405] [warning] [:] uring_reactor: cudaFreeHost failed: an illegal memory access was encountered
[2026-07-01 09:08:16.405] [warning] [:] uring_reactor: cudaFreeHost failed: an illegal memory access was encountered
[2026-07-01 09:08:16.405] [warning] [:] uring_reactor: cudaFreeHost failed: an illegal memory access was encountered
[2026-07-01 09:08:16.405] [warning] [:] uring_reactor: cudaFreeHost failed: an illegal memory access was encountered
[2026-07-01 09:08:16.405] [warning] [:] uring_reactor: cudaFreeHost failed: an illegal memory access was encountered
[2026-07-01 09:08:16.405] [warning] [:] uring_reactor: cudaFreeHost failed: an illegal memory access was encountered
[2026-07-01 09:08:16.405] [warning] [:] uring_reactor: cudaFreeHost failed: an illegal memory access was encountered
[2026-07-01 09:08:16.405] [warning] [:] uring_reactor: cudaFreeHost failed: an illegal memory access was encountered
[2026-07-01 09:08:16.405] [warning] [:] uring_reactor: cudaFreeHost failed: an illegal memory access was encountered
[2026-07-01 09:08:16.405] [warning] [:] uring_reactor: cudaFreeHost failed: an illegal memory access was encountered
[2026-07-01 09:08:16.405] [warning] [:] uring_reactor: cudaFreeHost failed: an illegal memory access was encountered
[2026-07-01 09:08:16.405] [warning] [:] uring_reactor: cudaFreeHost failed: an illegal memory access was encountered
[2026-07-01 09:08:16.405] [warning] [:] uring_reactor: cudaFreeHost failed: an illegal memory access was encountered
[2026-07-01 09:08:16.405] [warning] [:] uring_reactor: cudaFreeHost failed: an illegal memory access was encountered
[2026-07-01 09:08:16.405] [warning] [:] uring_reactor: cudaFreeHost failed: an illegal memory access was encountered
[2026-07-01 09:08:16.405] [warning] [:] uring_reactor: cudaFreeHost failed: an illegal memory access was encountered
[2026-07-01 09:08:16.405] [warning] [:] uring_reactor: cudaFreeHost failed: an illegal memory access was encountered
[2026-07-01 09:08:16.405] [warning] [:] uring_reactor: cudaFreeHost failed: an illegal memory access was encountered
[2026-07-01 09:08:16.405] [warning] [:] uring_reactor: cudaFreeHost failed: an illegal memory access was encountered
[2026-07-01 09:08:16.405] [warning] [:] uring_reactor: cudaFreeHost failed: an illegal memory access was encountered
[2026-07-01 09:08:16.405] [warning] [:] uring_reactor: cudaFreeHost failed: an illegal memory access was encountered
[2026-07-01 09:08:16.405] [warning] [:] uring_reactor: cudaFreeHost failed: an illegal memory access was encountered
[2026-07-01 09:08:16.405] [warning] [:] uring_reactor: cudaFreeHost failed: an illegal memory access was encountered
[2026-07-01 09:08:16.405] [warning] [:] uring_reactor: cudaFreeHost failed: an illegal memory access was encountered
[2026-07-01 09:08:16.405] [warning] [:] uring_reactor: cudaFreeHost failed: an illegal memory access was encountered
[2026-07-01 09:08:16.405] [warning] [:] uring_reactor: cudaFreeHost failed: an illegal memory access was encountered
[2026-07-01 09:08:16.405] [warning] [:] uring_reactor: cudaFreeHost failed: an illegal memory access was encountered
[2026-07-01 09:08:16.405] [warning] [:] uring_reactor: cudaFreeHost failed: an illegal memory access was encountered
[2026-07-01 09:08:16.405] [warning] [:] uring_reactor: cudaFreeHost failed: an illegal memory access was encountered
[2026-07-01 09:08:16.405] [warning] [:] uring_reactor: cudaFreeHost failed: an illegal memory access was encountered
[2026-07-01 09:08:16.405] [warning] [:] uring_reactor: cudaFreeHost failed: an illegal memory access was encountered
[2026-07-01 09:08:16.405] [warning] [:] uring_reactor: cudaFreeHost failed: an illegal memory access was encountered
[2026-07-01 09:08:16.405] [warning] [:] uring_reactor: cudaFreeHost failed: an illegal memory access was encountered
[2026-07-01 09:08:16.405] [warning] [:] uring_reactor: cudaFreeHost failed: an illegal memory access was encountered
[2026-07-01 09:08:16.405] [warning] [:] uring_reactor: cudaFreeHost failed: an illegal memory access was encountered
[2026-07-01 09:08:16.405] [warning] [:] uring_reactor: cudaFreeHost failed: an illegal memory access was encountered
[2026-07-01 09:08:16.405] [warning] [:] uring_reactor: cudaFreeHost failed: an illegal memory access was encountered
[2026-07-01 09:08:16.405] [warning] [:] uring_reactor: cudaFreeHost failed: an illegal memory access was encountered
[2026-07-01 09:08:16.405] [warning] [:] uring_reactor: cudaFreeHost failed: an illegal memory access was encountered
[2026-07-01 09:08:16.405] [warning] [:] uring_reactor: cudaFreeHost failed: an illegal memory access was encountered
[2026-07-01 09:08:16.405] [warning] [:] uring_reactor: cudaFreeHost failed: an illegal memory access was encountered
[2026-07-01 09:08:16.405] [warning] [:] uring_reactor: cudaFreeHost failed: an illegal memory access was encountered
[2026-07-01 09:08:16.405] [warning] [:] uring_reactor: cudaFreeHost failed: an illegal memory access was encountered
[2026-07-01 09:08:16.405] [warning] [:] uring_reactor: cudaFreeHost failed: an illegal memory access was encountered
[2026-07-01 09:08:16.405] [warning] [:] uring_reactor: cudaFreeHost failed: an illegal memory access was encountered
[2026-07-01 09:08:16.405] [warning] [:] uring_reactor: cudaFreeHost failed: an illegal memory access was encountered
[2026-07-01 09:08:16.405] [warning] [:] uring_reactor: cudaFreeHost failed: an illegal memory access was encountered
[2026-07-01 09:08:16.405] [warning] [:] uring_reactor: cudaFreeHost failed: an illegal memory access was encountered
[2026-07-01 09:08:16.405] [warning] [:] uring_reactor: cudaFreeHost failed: an illegal memory access was encountered
[2026-07-01 09:08:16.405] [warning] [:] uring_reactor: cudaFreeHost failed: an illegal memory access was encountered
[2026-07-01 09:08:16.405] [warning] [:] uring_reactor: cudaFreeHost failed: an illegal memory access was encountered
[2026-07-01 09:08:16.405] [warning] [:] uring_reactor: cudaFreeHost failed: an illegal memory access was encountered
[2026-07-01 09:08:16.405] [warning] [:] uring_reactor: cudaFreeHost failed: an illegal memory access was encountered
[2026-07-01 09:08:16.405] [warning] [:] uring_reactor: cudaFreeHost failed: an illegal memory access was encountered
[2026-07-01 09:08:16.405] [warning] [:] uring_reactor: cudaFreeHost failed: an illegal memory access was encountered
[2026-07-01 09:08:16.405] [warning] [:] uring_reactor: cudaFreeHost failed: an illegal memory access was encountered
[2026-07-01 09:08:16.405] [warning] [:] uring_reactor: cudaFreeHost failed: an illegal memory access was encountered
[2026-07-01 09:08:16.405] [warning] [:] uring_reactor: cudaFreeHost failed: an illegal memory access was encountered
[2026-07-01 09:08:16.405] [warning] [:] uring_reactor: cudaFreeHost failed: an illegal memory access was encountered
[2026-07-01 09:08:16.405] [warning] [:] uring_reactor: cudaFreeHost failed: an illegal memory access was encountered
[2026-07-01 09:08:16.405] [warning] [:] uring_reactor: cudaFreeHost failed: an illegal memory access was encountered
[2026-07-01 09:08:16.405] [warning] [:] uring_reactor: cudaFreeHost failed: an illegal memory access was encountered
[2026-07-01 09:08:16.405] [warning] [:] uring_reactor: cudaFreeHost failed: an illegal memory access was encountered
[2026-07-01 09:08:16.405] [warning] [:] uring_reactor: cudaFreeHost failed: an illegal memory access was encountered
[2026-07-01 09:08:16.405] [warning] [:] uring_reactor: cudaFreeHost failed: an illegal memory access was encountered
[2026-07-01 09:08:16.405] [warning] [:] uring_reactor: cudaFreeHost failed: an illegal memory access was encountered
[2026-07-01 09:08:16.405] [warning] [:] uring_reactor: cudaFreeHost failed: an illegal memory access was encountered
[2026-07-01 09:08:16.405] [warning] [:] uring_reactor: cudaFreeHost failed: an illegal memory access was encountered
[2026-07-01 09:08:16.405] [warning] [:] uring_reactor: cudaFreeHost failed: an illegal memory access was encountered
[2026-07-01 09:08:16.405] [warning] [:] uring_reactor: cudaFreeHost failed: an illegal memory access was encountered
[2026-07-01 09:08:16.405] [warning] [:] uring_reactor: cudaFreeHost failed: an illegal memory access was encountered
[2026-07-01 09:08:16.405] [warning] [:] uring_reactor: cudaFreeHost failed: an illegal memory access was encountered
[2026-07-01 09:08:16.405] [warning] [:] uring_reactor: cudaFreeHost failed: an illegal memory access was encountered
[2026-07-01 09:08:16.405] [warning] [:] uring_reactor: cudaFreeHost failed: an illegal memory access was encountered
[2026-07-01 09:08:16.405] [warning] [:] uring_reactor: cudaFreeHost failed: an illegal memory access was encountered
[2026-07-01 09:08:16.405] [warning] [:] uring_reactor: cudaFreeHost failed: an illegal memory access was encountered
[2026-07-01 09:08:16.405] [warning] [:] uring_reactor: cudaFreeHost failed: an illegal memory access was encountered
[2026-07-01 09:08:16.405] [warning] [:] uring_reactor: cudaFreeHost failed: an illegal memory access was encountered
[2026-07-01 09:08:16.405] [warning] [:] uring_reactor: cudaFreeHost failed: an illegal memory access was encountered
[2026-07-01 09:08:16.405] [warning] [:] uring_reactor: cudaFreeHost failed: an illegal memory access was encountered
[2026-07-01 09:08:16.405] [warning] [:] uring_reactor: cudaFreeHost failed: an illegal memory access was encountered
[2026-07-01 09:08:16.405] [warning] [:] uring_reactor: cudaFreeHost failed: an illegal memory access was encountered
[2026-07-01 09:08:16.405] [warning] [:] uring_reactor: cudaFreeHost failed: an illegal memory access was encountered
[2026-07-01 09:08:16.405] [warning] [:] uring_reactor: cudaFreeHost failed: an illegal memory access was encountered
[2026-07-01 09:08:16.405] [warning] [:] uring_reactor: cudaFreeHost failed: an illegal memory access was encountered
[2026-07-01 09:08:16.405] [warning] [:] uring_reactor: cudaFreeHost failed: an illegal memory access was encountered
[2026-07-01 09:08:16.405] [warning] [:] uring_reactor: cudaFreeHost failed: an illegal memory access was encountered
[2026-07-01 09:08:16.405] [warning] [:] uring_reactor: cudaFreeHost failed: an illegal memory access was encountered
[2026-07-01 09:08:16.405] [warning] [:] uring_reactor: cudaFreeHost failed: an illegal memory access was encountered
[2026-07-01 09:08:16.405] [warning] [:] uring_reactor: cudaFreeHost failed: an illegal memory access was encountered
[2026-07-01 09:08:16.405] [warning] [:] uring_reactor: cudaFreeHost failed: an illegal memory access was encountered
[2026-07-01 09:08:16.405] [warning] [:] uring_reactor: cudaFreeHost failed: an illegal memory access was encountered
[2026-07-01 09:08:16.405] [warning] [:] uring_reactor: cudaFreeHost failed: an illegal memory access was encountered
[2026-07-01 09:08:16.405] [warning] [:] uring_reactor: cudaFreeHost failed: an illegal memory access was encountered
[2026-07-01 09:08:16.405] [warning] [:] uring_reactor: cudaFreeHost failed: an illegal memory access was encountered
[2026-07-01 09:08:16.405] [warning] [:] uring_reactor: cudaFreeHost failed: an illegal memory access was encountered
[2026-07-01 09:08:16.405] [warning] [:] uring_reactor: cudaFreeHost failed: an illegal memory access was encountered
[2026-07-01 09:08:16.405] [warning] [:] uring_reactor: cudaFreeHost failed: an illegal memory access was encountered
[2026-07-01 09:08:16.405] [warning] [:] uring_reactor: cudaFreeHost failed: an illegal memory access was encountered
[2026-07-01 09:08:16.405] [warning] [:] uring_reactor: cudaFreeHost failed: an illegal memory access was encountered
[2026-07-01 09:08:16.405] [warning] [:] uring_reactor: cudaFreeHost failed: an illegal memory access was encountered
[2026-07-01 09:08:16.405] [warning] [:] uring_reactor: cudaFreeHost failed: an illegal memory access was encountered
[2026-07-01 09:08:16.405] [warning] [:] uring_reactor: cudaFreeHost failed: an illegal memory access was encountered
[2026-07-01 09:08:16.405] [warning] [:] uring_reactor: cudaFreeHost failed: an illegal memory access was encountered
[2026-07-01 09:08:16.405] [warning] [:] uring_reactor: cudaFreeHost failed: an illegal memory access was encountered
[2026-07-01 09:08:16.405] [warning] [:] uring_reactor: cudaFreeHost failed: an illegal memory access was encountered
[2026-07-01 09:08:16.405] [warning] [:] uring_reactor: cudaFreeHost failed: an illegal memory access was encountered
[2026-07-01 09:08:16.405] [warning] [:] uring_reactor: cudaFreeHost failed: an illegal memory access was encountered
[2026-07-01 09:08:16.405] [warning] [:] uring_reactor: cudaFreeHost failed: an illegal memory access was encountered
[2026-07-01 09:08:16.405] [warning] [:] uring_reactor: cudaFreeHost failed: an illegal memory access was encountered
[2026-07-01 09:08:16.405] [warning] [:] uring_reactor: cudaFreeHost failed: an illegal memory access was encountered
[2026-07-01 09:08:16.405] [warning] [:] uring_reactor: cudaFreeHost failed: an illegal memory access was encountered
[2026-07-01 09:08:16.405] [warning] [:] uring_reactor: cudaFreeHost failed: an illegal memory access was encountered
[2026-07-01 09:08:16.405] [warning] [:] uring_reactor: cudaFreeHost failed: an illegal memory access was encountered
[2026-07-01 09:08:16.405] [warning] [:] uring_reactor: cudaFreeHost failed: an illegal memory access was encountered
[2026-07-01 09:08:16.405] [warning] [:] uring_reactor: cudaFreeHost failed: an illegal memory access was encountered
[2026-07-01 09:08:16.405] [warning] [:] uring_reactor: cudaFreeHost failed: an illegal memory access was encountered
[2026-07-01 09:08:16.405] [warning] [:] uring_reactor: cudaFreeHost failed: an illegal memory access was encountered
[2026-07-01 09:08:16.405] [warning] [:] uring_reactor: cudaFreeHost failed: an illegal memory access was encountered
[2026-07-01 09:08:16.405] [warning] [:] uring_reactor: cudaFreeHost failed: an illegal memory access was encountered
[2026-07-01 09:08:16.405] [warning] [:] uring_reactor: cudaFreeHost failed: an illegal memory access was encountered
[2026-07-01 09:08:16.405] [warning] [:] uring_reactor: cudaFreeHost failed: an illegal memory access was encountered
[2026-07-01 09:08:16.405] [warning] [:] uring_reactor: cudaFreeHost failed: an illegal memory access was encountered
[2026-07-01 09:08:16.405] [warning] [:] uring_reactor: cudaFreeHost failed: an illegal memory access was encountered
[2026-07-01 09:08:16.405] [warning] [:] uring_reactor: cudaFreeHost failed: an illegal memory access was encountered
[2026-07-01 09:08:16.405] [warning] [:] uring_reactor: cudaFreeHost failed: an illegal memory access was encountered
[2026-07-01 09:08:16.405] [warning] [:] uring_reactor: cudaFreeHost failed: an illegal memory access was encountered
[2026-07-01 09:08:16.405] [warning] [:] uring_reactor: cudaFreeHost failed: an illegal memory access was encountered
[2026-07-01 09:08:16.405] [warning] [:] uring_reactor: cudaFreeHost failed: an illegal memory access was encountered
[2026-07-01 09:08:16.405] [warning] [:] uring_reactor: cudaFreeHost failed: an illegal memory access was encountered
[2026-07-01 09:08:16.405] [warning] [:] uring_reactor: cudaFreeHost failed: an illegal memory access was encountered
[2026-07-01 09:08:16.405] [warning] [:] uring_reactor: cudaFreeHost failed: an illegal memory access was encountered
[2026-07-01 09:08:16.405] [warning] [:] uring_reactor: cudaFreeHost failed: an illegal memory access was encountered
[2026-07-01 09:08:16.405] [warning] [:] uring_reactor: cudaFreeHost failed: an illegal memory access was encountered
[2026-07-01 09:08:16.405] [warning] [:] uring_reactor: cudaFreeHost failed: an illegal memory access was encountered
[2026-07-01 09:08:16.405] [warning] [:] uring_reactor: cudaFreeHost failed: an illegal memory access was encountered
[2026-07-01 09:08:16.405] [warning] [:] uring_reactor: cudaFreeHost failed: an illegal memory access was encountered
[2026-07-01 09:08:16.405] [warning] [:] uring_reactor: cudaFreeHost failed: an illegal memory access was encountered
[2026-07-01 09:08:16.405] [warning] [:] uring_reactor: cudaFreeHost failed: an illegal memory access was encountered
[2026-07-01 09:08:16.405] [warning] [:] uring_reactor: cudaFreeHost failed: an illegal memory access was encountered
[2026-07-01 09:08:16.405] [warning] [:] uring_reactor: cudaFreeHost failed: an illegal memory access was encountered
[2026-07-01 09:08:16.405] [warning] [:] uring_reactor: cudaFreeHost failed: an illegal memory access was encountered
[2026-07-01 09:08:16.405] [warning] [:] uring_reactor: cudaFreeHost failed: an illegal memory access was encountered
[2026-07-01 09:08:16.405] [warning] [:] uring_reactor: cudaFreeHost failed: an illegal memory access was encountered
[2026-07-01 09:08:16.405] [warning] [:] uring_reactor: cudaFreeHost failed: an illegal memory access was encountered
[2026-07-01 09:08:16.405] [warning] [:] uring_reactor: cudaFreeHost failed: an illegal memory access was encountered
[2026-07-01 09:08:16.405] [warning] [:] uring_reactor: cudaFreeHost failed: an illegal memory access was encountered
[2026-07-01 09:08:16.405] [warning] [:] uring_reactor: cudaFreeHost failed: an illegal memory access was encountered
[2026-07-01 09:08:16.405] [warning] [:] uring_reactor: cudaFreeHost failed: an illegal memory access was encountered
[2026-07-01 09:08:16.405] [warning] [:] uring_reactor: cudaFreeHost failed: an illegal memory access was encountered
[2026-07-01 09:08:16.405] [warning] [:] uring_reactor: cudaFreeHost failed: an illegal memory access was encountered
[2026-07-01 09:08:16.405] [warning] [:] uring_reactor: cudaFreeHost failed: an illegal memory access was encountered
[2026-07-01 09:08:16.405] [warning] [:] uring_reactor: cudaFreeHost failed: an illegal memory access was encountered
[2026-07-01 09:08:16.405] [warning] [:] uring_reactor: cudaFreeHost failed: an illegal memory access was encountered
[2026-07-01 09:08:16.405] [warning] [:] uring_reactor: cudaFreeHost failed: an illegal memory access was encountered
[2026-07-01 09:08:16.405] [warning] [:] uring_reactor: cudaFreeHost failed: an illegal memory access was encountered
[2026-07-01 09:08:16.405] [warning] [:] uring_reactor: cudaFreeHost failed: an illegal memory access was encountered
[2026-07-01 09:08:16.405] [warning] [:] uring_reactor: cudaFreeHost failed: an illegal memory access was encountered
[2026-07-01 09:08:16.405] [warning] [:] uring_reactor: cudaFreeHost failed: an illegal memory access was encountered
[2026-07-01 09:08:16.405] [warning] [:] uring_reactor: cudaFreeHost failed: an illegal memory access was encountered
[2026-07-01 09:08:16.405] [warning] [:] uring_reactor: cudaFreeHost failed: an illegal memory access was encountered
[2026-07-01 09:08:16.405] [warning] [:] uring_reactor: cudaFreeHost failed: an illegal memory access was encountered
[2026-07-01 09:08:16.405] [warning] [:] uring_reactor: cudaFreeHost failed: an illegal memory access was encountered
[2026-07-01 09:08:16.405] [warning] [:] uring_reactor: cudaFreeHost failed: an illegal memory access was encountered
[2026-07-01 09:08:16.405] [warning] [:] uring_reactor: cudaFreeHost failed: an illegal memory access was encountered
[2026-07-01 09:08:16.405] [warning] [:] uring_reactor: cudaFreeHost failed: an illegal memory access was encountered
[2026-07-01 09:08:16.405] [warning] [:] uring_reactor: cudaFreeHost failed: an illegal memory access was encountered
[2026-07-01 09:08:16.405] [warning] [:] uring_reactor: cudaFreeHost failed: an illegal memory access was encountered
[2026-07-01 09:08:16.405] [warning] [:] uring_reactor: cudaFreeHost failed: an illegal memory access was encountered
[2026-07-01 09:08:16.405] [warning] [:] uring_reactor: cudaFreeHost failed: an illegal memory access was encountered
[2026-07-01 09:08:16.405] [warning] [:] uring_reactor: cudaFreeHost failed: an illegal memory access was encountered
[2026-07-01 09:08:16.405] [warning] [:] uring_reactor: cudaFreeHost failed: an illegal memory access was encountered
[2026-07-01 09:08:16.405] [warning] [:] uring_reactor: cudaFreeHost failed: an illegal memory access was encountered
[2026-07-01 09:08:16.405] [warning] [:] uring_reactor: cudaFreeHost failed: an illegal memory access was encountered
[2026-07-01 09:08:16.405] [warning] [:] uring_reactor: cudaFreeHost failed: an illegal memory access was encountered
[2026-07-01 09:08:16.405] [warning] [:] uring_reactor: cudaFreeHost failed: an illegal memory access was encountered
[2026-07-01 09:08:16.405] [warning] [:] uring_reactor: cudaFreeHost failed: an illegal memory access was encountered
[2026-07-01 09:08:16.405] [warning] [:] uring_reactor: cudaFreeHost failed: an illegal memory access was encountered
[2026-07-01 09:08:16.405] [warning] [:] uring_reactor: cudaFreeHost failed: an illegal memory access was encountered
[2026-07-01 09:08:16.405] [warning] [:] uring_reactor: cudaFreeHost failed: an illegal memory access was encountered
[2026-07-01 09:08:16.405] [warning] [:] uring_reactor: cudaFreeHost failed: an illegal memory access was encountered
[2026-07-01 09:08:16.405] [warning] [:] uring_reactor: cudaFreeHost failed: an illegal memory access was encountered
[2026-07-01 09:08:16.405] [warning] [:] uring_reactor: cudaFreeHost failed: an illegal memory access was encountered
[2026-07-01 09:08:16.405] [warning] [:] uring_reactor: cudaFreeHost failed: an illegal memory access was encountered
[2026-07-01 09:08:16.405] [warning] [:] uring_reactor: cudaFreeHost failed: an illegal memory access was encountered
[2026-07-01 09:08:16.405] [warning] [:] uring_reactor: cudaFreeHost failed: an illegal memory access was encountered
[2026-07-01 09:08:16.405] [warning] [:] uring_reactor: cudaFreeHost failed: an illegal memory access was encountered
[2026-07-01 09:08:16.405] [warning] [:] uring_reactor: cudaFreeHost failed: an illegal memory access was encountered
[2026-07-01 09:08:16.405] [warning] [:] uring_reactor: cudaFreeHost failed: an illegal memory access was encountered
[2026-07-01 09:08:16.405] [warning] [:] uring_reactor: cudaFreeHost failed: an illegal memory access was encountered
[2026-07-01 09:08:16.405] [warning] [:] uring_reactor: cudaFreeHost failed: an illegal memory access was encountered
[2026-07-01 09:08:16.405] [warning] [:] uring_reactor: cudaFreeHost failed: an illegal memory access was encountered
[2026-07-01 09:08:16.405] [warning] [:] uring_reactor: cudaFreeHost failed: an illegal memory access was encountered
[2026-07-01 09:08:16.405] [warning] [:] uring_reactor: cudaFreeHost failed: an illegal memory access was encountered
[2026-07-01 09:08:16.405] [warning] [:] uring_reactor: cudaFreeHost failed: an illegal memory access was encountered
[2026-07-01 09:08:16.405] [warning] [:] uring_reactor: cudaFreeHost failed: an illegal memory access was encountered
[2026-07-01 09:08:16.405] [warning] [:] uring_reactor: cudaFreeHost failed: an illegal memory access was encountered
[2026-07-01 09:08:16.405] [warning] [:] uring_reactor: cudaFreeHost failed: an illegal memory access was encountered
[2026-07-01 09:08:16.405] [warning] [:] uring_reactor: cudaFreeHost failed: an illegal memory access was encountered
[2026-07-01 09:08:16.405] [warning] [:] uring_reactor: cudaFreeHost failed: an illegal memory access was encountered
[2026-07-01 09:08:16.405] [warning] [:] uring_reactor: cudaFreeHost failed: an illegal memory access was encountered
[2026-07-01 09:08:16.405] [warning] [:] uring_reactor: cudaFreeHost failed: an illegal memory access was encountered
[2026-07-01 09:08:16.405] [warning] [:] uring_reactor: cudaFreeHost failed: an illegal memory access was encountered
[2026-07-01 09:08:16.405] [warning] [:] uring_reactor: cudaFreeHost failed: an illegal memory access was encountered
[2026-07-01 09:08:16.405] [warning] [:] uring_reactor: cudaFreeHost failed: an illegal memory access was encountered
[2026-07-01 09:08:16.405] [warning] [:] uring_reactor: cudaFreeHost failed: an illegal memory access was encountered
[2026-07-01 09:08:16.405] [warning] [:] uring_reactor: cudaFreeHost failed: an illegal memory access was encountered
[2026-07-01 09:08:16.405] [warning] [:] uring_reactor: cudaFreeHost failed: an illegal memory access was encountered
[2026-07-01 09:08:16.405] [warning] [:] uring_reactor: cudaFreeHost failed: an illegal memory access was encountered
[2026-07-01 09:08:16.405] [warning] [:] uring_reactor: cudaFreeHost failed: an illegal memory access was encountered
[2026-07-01 09:08:16.405] [warning] [:] uring_reactor: cudaFreeHost failed: an illegal memory access was encountered
[2026-07-01 09:08:16.405] [warning] [:] uring_reactor: cudaFreeHost failed: an illegal memory access was encountered
[2026-07-01 09:08:16.405] [warning] [:] uring_reactor: cudaFreeHost failed: an illegal memory access was encountered
[2026-07-01 09:08:16.405] [warning] [:] uring_reactor: cudaFreeHost failed: an illegal memory access was encountered
[2026-07-01 09:08:16.405] [warning] [:] uring_reactor: cudaFreeHost failed: an illegal memory access was encountered
[2026-07-01 09:08:16.405] [warning] [:] uring_reactor: cudaFreeHost failed: an illegal memory access was encountered
[2026-07-01 09:08:16.405] [warning] [:] uring_reactor: cudaFreeHost failed: an illegal memory access was encountered
[2026-07-01 09:08:16.405] [warning] [:] uring_reactor: cudaFreeHost failed: an illegal memory access was encountered
[2026-07-01 09:08:16.405] [warning] [:] uring_reactor: cudaFreeHost failed: an illegal memory access was encountered
[2026-07-01 09:08:16.405] [warning] [:] uring_reactor: cudaFreeHost failed: an illegal memory access was encountered
[2026-07-01 09:08:16.405] [warning] [:] uring_reactor: cudaFreeHost failed: an illegal memory access was encountered
[2026-07-01 09:08:16.405] [warning] [:] uring_reactor: cudaFreeHost failed: an illegal memory access was encountered
[2026-07-01 09:08:16.405] [warning] [:] uring_reactor: cudaFreeHost failed: an illegal memory access was encountered
[2026-07-01 09:08:16.405] [warning] [:] uring_reactor: cudaFreeHost failed: an illegal memory access was encountered
[2026-07-01 09:08:16.405] [warning] [:] uring_reactor: cudaFreeHost failed: an illegal memory access was encountered
[2026-07-01 09:08:16.405] [warning] [:] uring_reactor: cudaFreeHost failed: an illegal memory access was encountered
[2026-07-01 09:08:16.405] [warning] [:] uring_reactor: cudaFreeHost failed: an illegal memory access was encountered
[2026-07-01 09:08:16.405] [warning] [:] uring_reactor: cudaFreeHost failed: an illegal memory access was encountered
[2026-07-01 09:08:16.405] [warning] [:] uring_reactor: cudaFreeHost failed: an illegal memory access was encountered
[2026-07-01 09:08:16.405] [warning] [:] uring_reactor: cudaFreeHost failed: an illegal memory access was encountered
[2026-07-01 09:08:16.405] [warning] [:] uring_reactor: cudaFreeHost failed: an illegal memory access was encountered
[2026-07-01 09:08:16.405] [warning] [:] uring_reactor: cudaFreeHost failed: an illegal memory access was encountered
[2026-07-01 09:08:16.405] [warning] [:] uring_reactor: cudaFreeHost failed: an illegal memory access was encountered
[2026-07-01 09:08:16.405] [warning] [:] uring_reactor: cudaFreeHost failed: an illegal memory access was encountered
[2026-07-01 09:08:16.405] [warning] [:] uring_reactor: cudaFreeHost failed: an illegal memory access was encountered
[2026-07-01 09:08:16.405] [warning] [:] uring_reactor: cudaFreeHost failed: an illegal memory access was encountered
[2026-07-01 09:08:16.405] [warning] [:] uring_reactor: cudaFreeHost failed: an illegal memory access was encountered
[2026-07-01 09:08:16.405] [warning] [:] uring_reactor: cudaFreeHost failed: an illegal memory access was encountered
[2026-07-01 09:08:16.405] [warning] [:] uring_reactor: cudaFreeHost failed: an illegal memory access was encountered
[2026-07-01 09:08:16.405] [warning] [:] uring_reactor: cudaFreeHost failed: an illegal memory access was encountered
[2026-07-01 09:08:16.405] [warning] [:] uring_reactor: cudaFreeHost failed: an illegal memory access was encountered
[2026-07-01 09:08:16.405] [warning] [:] uring_reactor: cudaFreeHost failed: an illegal memory access was encountered
[2026-07-01 09:08:16.405] [warning] [:] uring_reactor: cudaFreeHost failed: an illegal memory access was encountered
[2026-07-01 09:08:16.405] [warning] [:] uring_reactor: cudaFreeHost failed: an illegal memory access was encountered
[2026-07-01 09:08:16.405] [warning] [:] uring_reactor: cudaFreeHost failed: an illegal memory access was encountered
[2026-07-01 09:08:16.405] [warning] [:] uring_reactor: cudaFreeHost failed: an illegal memory access was encountered
[2026-07-01 09:08:16.405] [warning] [:] uring_reactor: cudaFreeHost failed: an illegal memory access was encountered
[2026-07-01 09:08:16.405] [warning] [:] uring_reactor: cudaFreeHost failed: an illegal memory access was encountered
[2026-07-01 09:08:16.405] [warning] [:] uring_reactor: cudaFreeHost failed: an illegal memory access was encountered
[2026-07-01 09:08:16.405] [warning] [:] uring_reactor: cudaFreeHost failed: an illegal memory access was encountered
[2026-07-01 09:08:16.405] [warning] [:] uring_reactor: cudaFreeHost failed: an illegal memory access was encountered
[2026-07-01 09:08:16.405] [warning] [:] uring_reactor: cudaFreeHost failed: an illegal memory access was encountered
[2026-07-01 09:08:16.405] [warning] [:] uring_reactor: cudaFreeHost failed: an illegal memory access was encountered
[2026-07-01 09:08:16.405] [warning] [:] uring_reactor: cudaFreeHost failed: an illegal memory access was encountered
[2026-07-01 09:08:16.405] [warning] [:] uring_reactor: cudaFreeHost failed: an illegal memory access was encountered
[2026-07-01 09:08:16.405] [warning] [:] uring_reactor: cudaFreeHost failed: an illegal memory access was encountered
[2026-07-01 09:08:16.405] [warning] [:] uring_reactor: cudaFreeHost failed: an illegal memory access was encountered
[2026-07-01 09:08:16.405] [warning] [:] uring_reactor: cudaFreeHost failed: an illegal memory access was encountered
[2026-07-01 09:08:16.405] [warning] [:] uring_reactor: cudaFreeHost failed: an illegal memory access was encountered
[2026-07-01 09:08:16.405] [warning] [:] uring_reactor: cudaFreeHost failed: an illegal memory access was encountered
[2026-07-01 09:08:16.405] [warning] [:] uring_reactor: cudaFreeHost failed: an illegal memory access was encountered
[2026-07-01 09:08:16.405] [warning] [:] uring_reactor: cudaFreeHost failed: an illegal memory access was encountered
[2026-07-01 09:08:16.405] [warning] [:] uring_reactor: cudaFreeHost failed: an illegal memory access was encountered
[2026-07-01 09:08:16.405] [warning] [:] uring_reactor: cudaFreeHost failed: an illegal memory access was encountered
[2026-07-01 09:08:16.405] [warning] [:] uring_reactor: cudaFreeHost failed: an illegal memory access was encountered
[2026-07-01 09:08:16.405] [warning] [:] uring_reactor: cudaFreeHost failed: an illegal memory access was encountered
[2026-07-01 09:08:16.405] [warning] [:] uring_reactor: cudaFreeHost failed: an illegal memory access was encountered
[2026-07-01 09:08:16.405] [warning] [:] uring_reactor: cudaFreeHost failed: an illegal memory access was encountered
[2026-07-01 09:08:16.405] [warning] [:] uring_reactor: cudaFreeHost failed: an illegal memory access was encountered
[2026-07-01 09:08:16.405] [warning] [:] uring_reactor: cudaFreeHost failed: an illegal memory access was encountered
[2026-07-01 09:08:16.405] [warning] [:] uring_reactor: cudaFreeHost failed: an illegal memory access was encountered
[2026-07-01 09:08:16.405] [warning] [:] uring_reactor: cudaFreeHost failed: an illegal memory access was encountered
[2026-07-01 09:08:16.405] [warning] [:] uring_reactor: cudaFreeHost failed: an illegal memory access was encountered
[2026-07-01 09:08:16.405] [warning] [:] uring_reactor: cudaFreeHost failed: an illegal memory access was encountered
[2026-07-01 09:08:16.405] [warning] [:] uring_reactor: cudaFreeHost failed: an illegal memory access was encountered
[2026-07-01 09:08:16.405] [warning] [:] uring_reactor: cudaFreeHost failed: an illegal memory access was encountered
[2026-07-01 09:08:16.405] [warning] [:] uring_reactor: cudaFreeHost failed: an illegal memory access was encountered
[2026-07-01 09:08:16.405] [warning] [:] uring_reactor: cudaFreeHost failed: an illegal memory access was encountered
[2026-07-01 09:08:16.405] [warning] [:] uring_reactor: cudaFreeHost failed: an illegal memory access was encountered
[2026-07-01 09:08:16.405] [warning] [:] uring_reactor: cudaFreeHost failed: an illegal memory access was encountered
[2026-07-01 09:08:16.405] [warning] [:] uring_reactor: cudaFreeHost failed: an illegal memory access was encountered
[2026-07-01 09:08:16.405] [warning] [:] uring_reactor: cudaFreeHost failed: an illegal memory access was encountered
[2026-07-01 09:08:16.405] [warning] [:] uring_reactor: cudaFreeHost failed: an illegal memory access was encountered
[2026-07-01 09:08:16.405] [warning] [:] uring_reactor: cudaFreeHost failed: an illegal memory access was encountered
[2026-07-01 09:08:16.405] [warning] [:] uring_reactor: cudaFreeHost failed: an illegal memory access was encountered
[2026-07-01 09:08:16.405] [warning] [:] uring_reactor: cudaFreeHost failed: an illegal memory access was encountered
[2026-07-01 09:08:16.405] [warning] [:] uring_reactor: cudaFreeHost failed: an illegal memory access was encountered
[2026-07-01 09:08:16.405] [warning] [:] uring_reactor: cudaFreeHost failed: an illegal memory access was encountered
[2026-07-01 09:08:16.405] [warning] [:] uring_reactor: cudaFreeHost failed: an illegal memory access was encountered
[2026-07-01 09:08:16.405] [warning] [:] uring_reactor: cudaFreeHost failed: an illegal memory access was encountered
[2026-07-01 09:08:16.405] [warning] [:] uring_reactor: cudaFreeHost failed: an illegal memory access was encountered
[2026-07-01 09:08:16.405] [warning] [:] uring_reactor: cudaFreeHost failed: an illegal memory access was encountered
[2026-07-01 09:08:16.405] [warning] [:] uring_reactor: cudaFreeHost failed: an illegal memory access was encountered
[2026-07-01 09:08:16.405] [warning] [:] uring_reactor: cudaFreeHost failed: an illegal memory access was encountered
[2026-07-01 09:08:16.405] [warning] [:] uring_reactor: cudaFreeHost failed: an illegal memory access was encountered
[2026-07-01 09:08:16.405] [warning] [:] uring_reactor: cudaFreeHost failed: an illegal memory access was encountered
[2026-07-01 09:08:16.405] [warning] [:] uring_reactor: cudaFreeHost failed: an illegal memory access was encountered
[2026-07-01 09:08:16.405] [warning] [:] uring_reactor: cudaFreeHost failed: an illegal memory access was encountered
[2026-07-01 09:08:16.405] [warning] [:] uring_reactor: cudaFreeHost failed: an illegal memory access was encountered
[2026-07-01 09:08:16.405] [warning] [:] uring_reactor: cudaFreeHost failed: an illegal memory access was encountered
[2026-07-01 09:08:16.405] [warning] [:] uring_reactor: cudaFreeHost failed: an illegal memory access was encountered
[2026-07-01 09:08:16.405] [warning] [:] uring_reactor: cudaFreeHost failed: an illegal memory access was encountered
[2026-07-01 09:08:16.405] [warning] [:] uring_reactor: cudaFreeHost failed: an illegal memory access was encountered
[2026-07-01 09:08:16.405] [warning] [:] uring_reactor: cudaFreeHost failed: an illegal memory access was encountered
[2026-07-01 09:08:16.405] [warning] [:] uring_reactor: cudaFreeHost failed: an illegal memory access was encountered
[2026-07-01 09:08:16.405] [warning] [:] uring_reactor: cudaFreeHost failed: an illegal memory access was encountered
[2026-07-01 09:08:16.405] [warning] [:] uring_reactor: cudaFreeHost failed: an illegal memory access was encountered
[2026-07-01 09:08:16.405] [warning] [:] uring_reactor: cudaFreeHost failed: an illegal memory access was encountered
[2026-07-01 09:08:16.405] [warning] [:] uring_reactor: cudaFreeHost failed: an illegal memory access was encountered
[2026-07-01 09:08:16.405] [warning] [:] uring_reactor: cudaFreeHost failed: an illegal memory access was encountered
[2026-07-01 09:08:16.405] [warning] [:] uring_reactor: cudaFreeHost failed: an illegal memory access was encountered
[2026-07-01 09:08:16.405] [warning] [:] uring_reactor: cudaFreeHost failed: an illegal memory access was encountered
[2026-07-01 09:08:16.405] [warning] [:] uring_reactor: cudaFreeHost failed: an illegal memory access was encountered
[2026-07-01 09:08:16.405] [warning] [:] uring_reactor: cudaFreeHost failed: an illegal memory access was encountered
[2026-07-01 09:08:16.405] [warning] [:] uring_reactor: cudaFreeHost failed: an illegal memory access was encountered
[2026-07-01 09:08:16.405] [warning] [:] uring_reactor: cudaFreeHost failed: an illegal memory access was encountered
[2026-07-01 09:08:16.405] [warning] [:] uring_reactor: cudaFreeHost failed: an illegal memory access was encountered
[2026-07-01 09:08:16.405] [warning] [:] uring_reactor: cudaFreeHost failed: an illegal memory access was encountered
[2026-07-01 09:08:16.405] [warning] [:] uring_reactor: cudaFreeHost failed: an illegal memory access was encountered
[2026-07-01 09:08:16.405] [warning] [:] uring_reactor: cudaFreeHost failed: an illegal memory access was encountered
[2026-07-01 09:08:16.405] [warning] [:] uring_reactor: cudaFreeHost failed: an illegal memory access was encountered
[2026-07-01 09:08:16.405] [warning] [:] uring_reactor: cudaFreeHost failed: an illegal memory access was encountered
[2026-07-01 09:08:16.405] [warning] [:] uring_reactor: cudaFreeHost failed: an illegal memory access was encountered
[2026-07-01 09:08:16.405] [warning] [:] uring_reactor: cudaFreeHost failed: an illegal memory access was encountered
[2026-07-01 09:08:16.405] [warning] [:] uring_reactor: cudaFreeHost failed: an illegal memory access was encountered
[2026-07-01 09:08:16.405] [warning] [:] uring_reactor: cudaFreeHost failed: an illegal memory access was encountered
[2026-07-01 09:08:16.405] [warning] [:] uring_reactor: cudaFreeHost failed: an illegal memory access was encountered
[2026-07-01 09:08:16.405] [warning] [:] uring_reactor: cudaFreeHost failed: an illegal memory access was encountered
[2026-07-01 09:08:16.405] [warning] [:] uring_reactor: cudaFreeHost failed: an illegal memory access was encountered
[2026-07-01 09:08:16.405] [warning] [:] uring_reactor: cudaFreeHost failed: an illegal memory access was encountered
[2026-07-01 09:08:16.405] [warning] [:] uring_reactor: cudaFreeHost failed: an illegal memory access was encountered
[2026-07-01 09:08:16.405] [warning] [:] uring_reactor: cudaFreeHost failed: an illegal memory access was encountered
[2026-07-01 09:08:16.405] [warning] [:] uring_reactor: cudaFreeHost failed: an illegal memory access was encountered
[2026-07-01 09:08:16.405] [warning] [:] uring_reactor: cudaFreeHost failed: an illegal memory access was encountered
[2026-07-01 09:08:16.405] [warning] [:] uring_reactor: cudaFreeHost failed: an illegal memory access was encountered
[2026-07-01 09:08:16.405] [warning] [:] uring_reactor: cudaFreeHost failed: an illegal memory access was encountered
[2026-07-01 09:08:16.405] [warning] [:] uring_reactor: cudaFreeHost failed: an illegal memory access was encountered
[2026-07-01 09:08:16.405] [warning] [:] uring_reactor: cudaFreeHost failed: an illegal memory access was encountered
[2026-07-01 09:08:16.405] [warning] [:] uring_reactor: cudaFreeHost failed: an illegal memory access was encountered
[2026-07-01 09:08:16.405] [warning] [:] uring_reactor: cudaFreeHost failed: an illegal memory access was encountered
[2026-07-01 09:08:16.405] [warning] [:] uring_reactor: cudaFreeHost failed: an illegal memory access was encountered
[2026-07-01 09:08:16.405] [warning] [:] uring_reactor: cudaFreeHost failed: an illegal memory access was encountered
[2026-07-01 09:08:16.405] [warning] [:] uring_reactor: cudaFreeHost failed: an illegal memory access was encountered
[2026-07-01 09:08:16.405] [warning] [:] uring_reactor: cudaFreeHost failed: an illegal memory access was encountered
[2026-07-01 09:08:16.405] [warning] [:] uring_reactor: cudaFreeHost failed: an illegal memory access was encountered
[2026-07-01 09:08:16.405] [warning] [:] uring_reactor: cudaFreeHost failed: an illegal memory access was encountered
[2026-07-01 09:08:16.405] [warning] [:] uring_reactor: cudaFreeHost failed: an illegal memory access was encountered
[2026-07-01 09:08:16.405] [warning] [:] uring_reactor: cudaFreeHost failed: an illegal memory access was encountered
[2026-07-01 09:08:16.405] [warning] [:] uring_reactor: cudaFreeHost failed: an illegal memory access was encountered
[2026-07-01 09:08:16.405] [warning] [:] uring_reactor: cudaFreeHost failed: an illegal memory access was encountered
[2026-07-01 09:08:16.405] [warning] [:] uring_reactor: cudaFreeHost failed: an illegal memory access was encountered
[2026-07-01 09:08:16.405] [warning] [:] uring_reactor: cudaFreeHost failed: an illegal memory access was encountered
[2026-07-01 09:08:16.405] [warning] [:] uring_reactor: cudaFreeHost failed: an illegal memory access was encountered
[2026-07-01 09:08:16.405] [warning] [:] uring_reactor: cudaFreeHost failed: an illegal memory access was encountered
[2026-07-01 09:08:16.405] [warning] [:] uring_reactor: cudaFreeHost failed: an illegal memory access was encountered
[2026-07-01 09:08:16.405] [warning] [:] uring_reactor: cudaFreeHost failed: an illegal memory access was encountered
[2026-07-01 09:08:16.405] [warning] [:] uring_reactor: cudaFreeHost failed: an illegal memory access was encountered
[2026-07-01 09:08:16.405] [warning] [:] uring_reactor: cudaFreeHost failed: an illegal memory access was encountered
[2026-07-01 09:08:16.405] [warning] [:] uring_reactor: cudaFreeHost failed: an illegal memory access was encountered
[2026-07-01 09:08:16.405] [warning] [:] uring_reactor: cudaFreeHost failed: an illegal memory access was encountered
[2026-07-01 09:08:16.405] [warning] [:] uring_reactor: cudaFreeHost failed: an illegal memory access was encountered
[2026-07-01 09:08:16.405] [warning] [:] uring_reactor: cudaFreeHost failed: an illegal memory access was encountered
[2026-07-01 09:08:16.405] [warning] [:] uring_reactor: cudaFreeHost failed: an illegal memory access was encountered
[2026-07-01 09:08:16.405] [warning] [:] uring_reactor: cudaFreeHost failed: an illegal memory access was encountered
[2026-07-01 09:08:16.405] [warning] [:] uring_reactor: cudaFreeHost failed: an illegal memory access was encountered
[2026-07-01 09:08:16.405] [warning] [:] uring_reactor: cudaFreeHost failed: an illegal memory access was encountered
[2026-07-01 09:08:16.405] [warning] [:] uring_reactor: cudaFreeHost failed: an illegal memory access was encountered
[2026-07-01 09:08:16.405] [warning] [:] uring_reactor: cudaFreeHost failed: an illegal memory access was encountered
[2026-07-01 09:08:16.405] [warning] [:] uring_reactor: cudaFreeHost failed: an illegal memory access was encountered
[2026-07-01 09:08:16.405] [warning] [:] uring_reactor: cudaFreeHost failed: an illegal memory access was encountered
[2026-07-01 09:08:16.405] [warning] [:] uring_reactor: cudaFreeHost failed: an illegal memory access was encountered
[2026-07-01 09:08:16.405] [warning] [:] uring_reactor: cudaFreeHost failed: an illegal memory access was encountered
[2026-07-01 09:08:16.405] [warning] [:] uring_reactor: cudaFreeHost failed: an illegal memory access was encountered
[2026-07-01 09:08:16.405] [warning] [:] uring_reactor: cudaFreeHost failed: an illegal memory access was encountered
[2026-07-01 09:08:16.405] [warning] [:] uring_reactor: cudaFreeHost failed: an illegal memory access was encountered
[2026-07-01 09:08:16.405] [warning] [:] uring_reactor: cudaFreeHost failed: an illegal memory access was encountered
[2026-07-01 09:08:16.405] [warning] [:] uring_reactor: cudaFreeHost failed: an illegal memory access was encountered
[2026-07-01 09:08:16.405] [warning] [:] uring_reactor: cudaFreeHost failed: an illegal memory access was encountered
[2026-07-01 09:08:16.405] [warning] [:] uring_reactor: cudaFreeHost failed: an illegal memory access was encountered
[2026-07-01 09:08:16.405] [warning] [:] uring_reactor: cudaFreeHost failed: an illegal memory access was encountered
[2026-07-01 09:08:16.405] [warning] [:] uring_reactor: cudaFreeHost failed: an illegal memory access was encountered
[2026-07-01 09:08:16.405] [warning] [:] uring_reactor: cudaFreeHost failed: an illegal memory access was encountered
[2026-07-01 09:08:16.405] [warning] [:] uring_reactor: cudaFreeHost failed: an illegal memory access was encountered
[2026-07-01 09:08:16.405] [warning] [:] uring_reactor: cudaFreeHost failed: an illegal memory access was encountered
