[2026-07-01 15:27:30.454] [warning] [sirius_config.cpp:459] sirius_config: use_sirius_datasource was false but 4 GPUs are configured; the sirius datasource is required for multi-GPU IO routing. Overriding use_sirius_datasource to true.
[2026-07-01 15:27:30.454] [info] [sirius_context.cpp:1046] Loaded Sirius configuration from file: /home/dy1013/sirius_multi-gpu/experiment/automatic_motivation_latency_full_probe_real_20260701/configs/sirius_4gpu.yaml
[2026-07-01 15:27:30.458] [info] [telemetry_context.cpp:67] Telemetry context initialized (engine=siriusDB)
[2026-07-01 15:27:30.458] [info] [sirius_context.cpp:337] SiriusContext: topology summary — 4 GPU(s), 1 NUMA node(s), host='hicys76'
[2026-07-01 15:27:30.458] [info] [sirius_context.cpp:342]   GPU 0: NVIDIA RTX A5000 (numa=0, pci=00000000:16:00.0)
[2026-07-01 15:27:30.458] [info] [sirius_context.cpp:342]   GPU 1: NVIDIA RTX A5000 (numa=0, pci=00000000:34:00.0)
[2026-07-01 15:27:30.458] [info] [sirius_context.cpp:342]   GPU 2: NVIDIA RTX A5000 (numa=0, pci=00000000:AC:00.0)
[2026-07-01 15:27:30.458] [info] [sirius_context.cpp:342]   GPU 3: NVIDIA RTX A5000 (numa=0, pci=00000000:CA:00.0)
[2026-07-01 15:27:30.612] [warning] [sirius_context.cpp:352] SiriusContext: disk memory space is not configured; spilling GPU or HOST data to disk is disabled. If queries run out of GPU/HOST memory, downgrades to disk will not be possible.
[2026-07-01 15:27:30.612] [info] [sirius_context.cpp:364] SiriusContext: 1 host memory space(s) created for 1 NUMA node(s)
[2026-07-01 15:27:30.615] [info] [sirius_context.cpp:417] SiriusContext: P2P enabled 0 -> 1
[2026-07-01 15:27:30.617] [info] [sirius_context.cpp:417] SiriusContext: P2P enabled 0 -> 2
[2026-07-01 15:27:30.617] [error] [sirius_context.cpp:398] SiriusContext: cudaDeviceCanAccessPeer(0,3) failed: invalid device ordinal
[2026-07-01 15:27:30.617] [info] [sirius_context.cpp:417] SiriusContext: P2P enabled 1 -> 0
[2026-07-01 15:27:30.619] [info] [sirius_context.cpp:417] SiriusContext: P2P enabled 1 -> 2
[2026-07-01 15:27:30.619] [error] [sirius_context.cpp:398] SiriusContext: cudaDeviceCanAccessPeer(1,3) failed: invalid device ordinal
[2026-07-01 15:27:30.619] [info] [sirius_context.cpp:417] SiriusContext: P2P enabled 2 -> 0
[2026-07-01 15:27:30.619] [info] [sirius_context.cpp:417] SiriusContext: P2P enabled 2 -> 1
[2026-07-01 15:27:30.619] [error] [sirius_context.cpp:398] SiriusContext: cudaDeviceCanAccessPeer(2,3) failed: invalid device ordinal
[2026-07-01 15:27:30.619] [error] [sirius_context.cpp:398] SiriusContext: cudaDeviceCanAccessPeer(3,0) failed: invalid device ordinal
[2026-07-01 15:27:30.619] [error] [sirius_context.cpp:398] SiriusContext: cudaDeviceCanAccessPeer(3,1) failed: invalid device ordinal
[2026-07-01 15:27:30.619] [error] [sirius_context.cpp:398] SiriusContext: cudaDeviceCanAccessPeer(3,2) failed: invalid device ordinal
[2026-07-01 15:27:30.637] [info] [sirius_context.cpp:477] SiriusContext: cuDF pinned memory resource configured (NUMA-aware, max slab 8192 B, fallback node=0)
[2026-07-01 15:27:30.817] [error] [:] downgrade_executor per-thread init: cudaSetDevice(3) failed: invalid device ordinal
[2026-07-01 15:27:30.817] [error] [:] downgrade_executor per-thread init: cudaSetDevice(3) failed: invalid device ordinal
[2026-07-01 15:27:30.817] [error] [:] downgrade_executor per-thread init: cudaSetDevice(3) failed: invalid device ordinal
[2026-07-01 15:27:30.817] [error] [:] downgrade_executor per-thread init: cudaSetDevice(3) failed: invalid device ordinal
[2026-07-01 15:27:30.818] [error] [:] gpu_pipeline_executor per-thread init: cudaSetDevice(3) failed: invalid device ordinal
[2026-07-01 15:27:30.818] [error] [:] gpu_pipeline_executor per-thread init: cudaSetDevice(3) failed: invalid device ordinal
[2026-07-01 15:27:30.818] [error] [:] gpu_pipeline_executor per-thread init: cudaSetDevice(3) failed: invalid device ordinal
[2026-07-01 15:27:30.818] [error] [:] gpu_pipeline_executor per-thread init: cudaSetDevice(3) failed: invalid device ordinal
[2026-07-01 15:27:30.820] [info] [sirius_context.cpp:1007] Connection opened.
[2026-07-01 15:27:30.820] [info] [sirius_context.cpp:1020] Extension loaded: sirius
[2026-07-01 15:27:30.820] [info] [sirius_context.cpp:258] QueryEnd
[2026-07-01 15:27:30.828] [info] [:] [host_pool] HOST:0 QueryEnd allocated=0 bytes peak=0 bytes free_blocks=512
[2026-07-01 15:27:30.828] [info] [:] [gpu_pool] GPU:0 QueryEnd allocated=0 bytes peak=0 bytes reserved=0 bytes
[2026-07-01 15:27:30.828] [info] [:] [gpu_pool] GPU:1 QueryEnd allocated=0 bytes peak=0 bytes reserved=0 bytes
[2026-07-01 15:27:30.828] [info] [:] [gpu_pool] GPU:2 QueryEnd allocated=0 bytes peak=0 bytes reserved=0 bytes
[2026-07-01 15:27:30.828] [info] [:] [gpu_pool] GPU:3 QueryEnd allocated=0 bytes peak=0 bytes reserved=0 bytes
[2026-07-01 15:27:30.828] [info] [:] [host_pool] HOST:0 QueryBegin allocated=0 bytes peak=0 bytes free_blocks=512
[2026-07-01 15:27:30.828] [info] [:] [gpu_pool] GPU:0 QueryBegin allocated=0 bytes peak=0 bytes reserved=0 bytes
[2026-07-01 15:27:30.828] [info] [:] [gpu_pool] GPU:1 QueryBegin allocated=0 bytes peak=0 bytes reserved=0 bytes
[2026-07-01 15:27:30.828] [info] [:] [gpu_pool] GPU:2 QueryBegin allocated=0 bytes peak=0 bytes reserved=0 bytes
[2026-07-01 15:27:30.828] [info] [:] [gpu_pool] GPU:3 QueryBegin allocated=0 bytes peak=0 bytes reserved=0 bytes
[2026-07-01 15:27:30.828] [info] [sirius_context.cpp:242] QueryBegin: SQL: SET gpu_execution = true;
[2026-07-01 15:27:30.828] [info] [sirius_context.cpp:258] QueryEnd
[2026-07-01 15:27:30.838] [info] [:] [host_pool] HOST:0 QueryEnd allocated=0 bytes peak=0 bytes free_blocks=512
[2026-07-01 15:27:30.838] [info] [:] [gpu_pool] GPU:0 QueryEnd allocated=0 bytes peak=0 bytes reserved=0 bytes
[2026-07-01 15:27:30.838] [info] [:] [gpu_pool] GPU:1 QueryEnd allocated=0 bytes peak=0 bytes reserved=0 bytes
[2026-07-01 15:27:30.838] [info] [:] [gpu_pool] GPU:2 QueryEnd allocated=0 bytes peak=0 bytes reserved=0 bytes
[2026-07-01 15:27:30.838] [info] [:] [gpu_pool] GPU:3 QueryEnd allocated=0 bytes peak=0 bytes reserved=0 bytes
[2026-07-01 15:27:30.839] [info] [:] [host_pool] HOST:0 QueryBegin allocated=0 bytes peak=0 bytes free_blocks=512
[2026-07-01 15:27:30.839] [info] [:] [gpu_pool] GPU:0 QueryBegin allocated=0 bytes peak=0 bytes reserved=0 bytes
[2026-07-01 15:27:30.839] [info] [:] [gpu_pool] GPU:1 QueryBegin allocated=0 bytes peak=0 bytes reserved=0 bytes
[2026-07-01 15:27:30.839] [info] [:] [gpu_pool] GPU:2 QueryBegin allocated=0 bytes peak=0 bytes reserved=0 bytes
[2026-07-01 15:27:30.839] [info] [:] [gpu_pool] GPU:3 QueryBegin allocated=0 bytes peak=0 bytes reserved=0 bytes
[2026-07-01 15:27:30.839] [info] [sirius_context.cpp:242] QueryBegin: SQL: select n.n_name, sum(l.l_extendedprice * (1 - l.l_discount)) as revenue from orders o, lineitem l, supplier s, nation n, region r, customer c where c.c_custkey = o.o_custkey and l.l_orderkey = o.o_orderkey and l.l_suppkey = s.s_suppkey and c.c_nationkey = s.s_nationkey and s.s_nationkey = n.n_nationkey and n.n_regionkey = r.r_regionkey and r.r_name = 'EUROPE' and o.o_orderdate >= date '1997-01-01' and o.o_orderdate < date '1998-01-01' group by n.n_name order by revenue desc
[2026-07-01 15:27:31.122] [info] [sirius_context.cpp:954] Transparent execution: Sirius physical plan generated successfully
[2026-07-01 15:27:31.136] [info] [sirius_context.cpp:966] Transparent execution: physical plan replaced with GPU operator
[2026-07-01 15:27:31.136] [info] [physical_sirius_execution.cpp:96] Transparent GPU execution: executing query
[2026-07-01 15:27:31.189] [info] [sirius_engine.cpp:400] Query Plan:
=== Pipeline Overview ===
Pipeline #0: GPU_SCAN (id=29)
  Output: -> PARTITION [port: default, barrier: FULL]
Pipeline #1: PARTITION (id=31)
  Input: <- Pipeline #0 [on: PARTITION (id=31), port: default, barrier: FULL]
  Dependencies: Pipeline #0
  Output: -> CONCAT [port: default, barrier: PARTIAL]
Pipeline #2: CONCAT (id=30)
  Input: <- Pipeline #1 [on: CONCAT (id=30), port: default, barrier: PARTIAL]
  Dependencies: Pipeline #1
  Output: -> HASH_JOIN [port: build, barrier: FULL]
Pipeline #3: GPU_SCAN (id=32)
  Output: -> PARTITION [port: default, barrier: PARTIAL]
Pipeline #4: PARTITION (id=34)
  Input: <- Pipeline #3 [on: PARTITION (id=34), port: default, barrier: PARTIAL]
  Dependencies: Pipeline #3
  Output: -> CONCAT [port: default, barrier: PARTIAL]
Pipeline #5: CONCAT (id=33)
  Input: <- Pipeline #4 [on: CONCAT (id=33), port: default, barrier: PARTIAL]
  Dependencies: Pipeline #4
  Output: -> HASH_JOIN [port: default, barrier: FULL]
Pipeline #6: HASH_JOIN (id=19)
  Input: <- Pipeline #5 [on: HASH_JOIN (id=19), port: default, barrier: FULL]
  Input: <- Pipeline #2 [on: HASH_JOIN (id=19), port: build, barrier: FULL]
  Dependencies: Pipeline #2, Pipeline #5
  Output: -> PARTITION [port: default, barrier: FULL]
Pipeline #7: PARTITION (id=36)
  Input: <- Pipeline #6 [on: PARTITION (id=36), port: default, barrier: FULL]
  Dependencies: Pipeline #6
  Output: -> CONCAT [port: default, barrier: PARTIAL]
Pipeline #8: CONCAT (id=35)
  Input: <- Pipeline #7 [on: CONCAT (id=35), port: default, barrier: PARTIAL]
  Dependencies: Pipeline #7
  Output: -> HASH_JOIN [port: build, barrier: FULL]
Pipeline #9: GPU_SCAN (id=37)
  Output: -> PARTITION [port: default, barrier: PARTIAL]
Pipeline #10: PARTITION (id=39)
  Input: <- Pipeline #9 [on: PARTITION (id=39), port: default, barrier: PARTIAL]
  Dependencies: Pipeline #9
  Output: -> CONCAT [port: default, barrier: PARTIAL]
Pipeline #11: CONCAT (id=38)
  Input: <- Pipeline #10 [on: CONCAT (id=38), port: default, barrier: PARTIAL]
  Dependencies: Pipeline #10
  Output: -> HASH_JOIN [port: default, barrier: FULL]
Pipeline #12: HASH_JOIN (id=20)
  Input: <- Pipeline #11 [on: HASH_JOIN (id=20), port: default, barrier: FULL]
  Input: <- Pipeline #8 [on: HASH_JOIN (id=20), port: build, barrier: FULL]
  Dependencies: Pipeline #8, Pipeline #11
  Output: -> PARTITION [port: default, barrier: FULL]
Pipeline #13: PARTITION (id=41)
  Input: <- Pipeline #12 [on: PARTITION (id=41), port: default, barrier: FULL]
  Dependencies: Pipeline #12
  Output: -> CONCAT [port: default, barrier: PARTIAL]
Pipeline #14: CONCAT (id=40)
  Input: <- Pipeline #13 [on: CONCAT (id=40), port: default, barrier: PARTIAL]
  Dependencies: Pipeline #13
  Output: -> HASH_JOIN [port: build, barrier: FULL]
Pipeline #15: GPU_SCAN (id=42)
  Output: -> PARTITION [port: default, barrier: PARTIAL]
Pipeline #16: PARTITION (id=44)
  Input: <- Pipeline #15 [on: PARTITION (id=44), port: default, barrier: PARTIAL]
  Dependencies: Pipeline #15
  Output: -> CONCAT [port: default, barrier: PARTIAL]
Pipeline #17: CONCAT (id=43)
  Input: <- Pipeline #16 [on: CONCAT (id=43), port: default, barrier: PARTIAL]
  Dependencies: Pipeline #16
  Output: -> HASH_JOIN [port: default, barrier: FULL]
Pipeline #18: HASH_JOIN (id=21)
  Input: <- Pipeline #17 [on: HASH_JOIN (id=21), port: default, barrier: FULL]
  Input: <- Pipeline #14 [on: HASH_JOIN (id=21), port: build, barrier: FULL]
  Dependencies: Pipeline #14, Pipeline #17
  Output: -> PARTITION [port: default, barrier: FULL]
Pipeline #19: PARTITION (id=46)
  Input: <- Pipeline #18 [on: PARTITION (id=46), port: default, barrier: FULL]
  Dependencies: Pipeline #18
  Output: -> CONCAT [port: default, barrier: PARTIAL]
Pipeline #20: CONCAT (id=45)
  Input: <- Pipeline #19 [on: CONCAT (id=45), port: default, barrier: PARTIAL]
  Dependencies: Pipeline #19
  Output: -> HASH_JOIN [port: build, barrier: FULL]
Pipeline #21: GPU_SCAN (id=47)
  Output: -> PARTITION [port: default, barrier: FULL]
Pipeline #22: PARTITION (id=49)
  Input: <- Pipeline #21 [on: PARTITION (id=49), port: default, barrier: FULL]
  Dependencies: Pipeline #21
  Output: -> CONCAT [port: default, barrier: PARTIAL]
Pipeline #23: CONCAT (id=48)
  Input: <- Pipeline #22 [on: CONCAT (id=48), port: default, barrier: PARTIAL]
  Dependencies: Pipeline #22
  Output: -> HASH_JOIN [port: build, barrier: FULL]
Pipeline #24: GPU_SCAN (id=50)
  Output: -> PARTITION [port: default, barrier: PARTIAL]
Pipeline #25: PARTITION (id=52)
  Input: <- Pipeline #24 [on: PARTITION (id=52), port: default, barrier: PARTIAL]
  Dependencies: Pipeline #24
  Output: -> CONCAT [port: default, barrier: PARTIAL]
Pipeline #26: CONCAT (id=51)
  Input: <- Pipeline #25 [on: CONCAT (id=51), port: default, barrier: PARTIAL]
  Dependencies: Pipeline #25
  Output: -> HASH_JOIN [port: default, barrier: FULL]
Pipeline #27: HASH_JOIN (id=22)
  Input: <- Pipeline #26 [on: HASH_JOIN (id=22), port: default, barrier: FULL]
  Input: <- Pipeline #20 [on: HASH_JOIN (id=22), port: build, barrier: FULL]
  Dependencies: Pipeline #20, Pipeline #26
  Output: -> PARTITION [port: default, barrier: PARTIAL]
Pipeline #28: PARTITION (id=54)
  Input: <- Pipeline #27 [on: PARTITION (id=54), port: default, barrier: PARTIAL]
  Dependencies: Pipeline #27
  Output: -> CONCAT [port: default, barrier: PARTIAL]
Pipeline #29: CONCAT (id=53)
  Input: <- Pipeline #28 [on: CONCAT (id=53), port: default, barrier: PARTIAL]
  Dependencies: Pipeline #28
  Output: -> HASH_JOIN [port: default, barrier: FULL]
Pipeline #30: HASH_JOIN (id=24) -> PROJECTION (id=25) -> HASH_GROUP_BY (id=26)
  Input: <- Pipeline #29 [on: HASH_JOIN (id=24), port: default, barrier: FULL]
  Input: <- Pipeline #23 [on: HASH_JOIN (id=24), port: build, barrier: FULL]
  Dependencies: Pipeline #23, Pipeline #29
  Output: -> PARTITION [port: default, barrier: FULL]
Pipeline #31: PARTITION (id=55)
  Input: <- Pipeline #30 [on: PARTITION (id=55), port: default, barrier: FULL]
  Dependencies: Pipeline #30
  Output: -> MERGE_GROUP_BY [port: default, barrier: FULL]
Pipeline #32: MERGE_GROUP_BY (id=56)
  Input: <- Pipeline #31 [on: MERGE_GROUP_BY (id=56), port: default, barrier: FULL]
  Dependencies: Pipeline #31
  Output: -> ORDER_BY [port: default, barrier: FULL]
Pipeline #33: ORDER_BY (id=27)
  Input: <- Pipeline #32 [on: ORDER_BY (id=27), port: default, barrier: FULL]
  Dependencies: Pipeline #32
  Output: -> SORT_SAMPLE [port: default, barrier: PIPELINE]
Pipeline #34: SORT_SAMPLE (id=57) -> SORT_PARTITION (id=58)
  Input: <- Pipeline #33 [on: SORT_SAMPLE (id=57), port: default, barrier: PIPELINE]
  Dependencies: Pipeline #33
  Output: -> MERGE_SORT [port: default, barrier: FULL]
Pipeline #35: MERGE_SORT (id=59)
  Input: <- Pipeline #34 [on: MERGE_SORT (id=59), port: default, barrier: FULL]
  Dependencies: Pipeline #34
  Output: -> RESULT_COLLECTOR [port: default, barrier: FULL]
Pipeline #36: RESULT_COLLECTOR (id=28)
  Input: <- Pipeline #35 [on: RESULT_COLLECTOR (id=28), port: default, barrier: FULL]
  Dependencies: Pipeline #35

=== Query Plan DAG ===
┌──────────────────────────┐                                                                                                                                            
│ Pipeline #36             │                                                                                                                                            
│ RESULT_COLLECTOR (id=28) │                                                                                                                                            
│ Input(#35): FULL         │                                                                                                                                            
└────────────┬─────────────┘                                                                                                                                            
             │                                                                                                                                                          
┌──────────────────────────┐                                                                                                                                            
│ Pipeline #35             │                                                                                                                                            
│ MERGE_SORT (id=59)       │                                                                                                                                            
│ Input(#34): FULL         │                                                                                                                                            
└────────────┬─────────────┘                                                                                                                                            
             │                                                                                                                                                          
┌──────────────────────────┐                                                                                                                                            
│ Pipeline #34             │                                                                                                                                            
│ SORT_PARTITION (id=58)   │                                                                                                                                            
│ SORT_SAMPLE (id=57)      │                                                                                                                                            
│ Input(#33): PIPELINE     │                                                                                                                                            
└────────────┬─────────────┘                                                                                                                                            
             │                                                                                                                                                          
┌──────────────────────────┐                                                                                                                                            
│ Pipeline #33             │                                                                                                                                            
│ ORDER_BY (id=27)         │                                                                                                                                            
│ Input(#32): FULL         │                                                                                                                                            
└────────────┬─────────────┘                                                                                                                                            
             │                                                                                                                                                          
┌──────────────────────────┐                                                                                                                                            
│ Pipeline #32             │                                                                                                                                            
│ MERGE_GROUP_BY (id=56)   │                                                                                                                                            
│ Input(#31): FULL         │                                                                                                                                            
└────────────┬─────────────┘                                                                                                                                            
             │                                                                                                                                                          
┌──────────────────────────┐                                                                                                                                            
│ Pipeline #31             │                                                                                                                                            
│ PARTITION (id=55)        │                                                                                                                                            
│ Input(#30): FULL         │                                                                                                                                            
└────────────┬─────────────┘                                                                                                                                            
             │                                                                                                                                                          
┌──────────────────────────┐                                                                                                                                            
│ Pipeline #30             │                                                                                                                                            
│ HASH_GROUP_BY (id=26)    │                                                                                                                                            
│ PROJECTION (id=25)       │                                                                                                                                            
│ HASH_JOIN (id=24)        │                                                                                                                                            
│   type: INNER            │                                                                                                                                            
│ Input(#29): FULL         │                                                                                                                                            
│ Input(#23): FULL         │                                                                                                                                            
└────────────┬─────────────┘                                                                                                                                            
             ┌───────────────────────────┐                                                                                                                              
             │                           │                                                                                                                              
┌──────────────────────────┐┌──────────────────────────┐                                                                                                                
│ Pipeline #23             ││ Pipeline #29             │                                                                                                                
│ CONCAT (id=48)           ││ CONCAT (id=53)           │                                                                                                                
│ Input(#22): PARTIAL      ││ Input(#28): PARTIAL      │                                                                                                                
└────────────┬─────────────┘└────────────┬─────────────┘                                                                                                                
             │                           │                                                                                                                              
┌──────────────────────────┐┌──────────────────────────┐                                                                                                                
│ Pipeline #22             ││ Pipeline #28             │                                                                                                                
│ PARTITION (id=49)        ││ PARTITION (id=54)        │                                                                                                                
│ Input(#21): FULL         ││ Input(#27): PARTIAL      │                                                                                                                
└────────────┬─────────────┘└────────────┬─────────────┘                                                                                                                
             │                           │                                                                                                                              
┌──────────────────────────┐┌──────────────────────────┐                                                                                                                
│ Pipeline #21             ││ Pipeline #27             │                                                                                                                
│ GPU_SCAN (id=47)         ││ HASH_JOIN (id=22)        │                                                                                                                
│                          ││   type: INNER            │                                                                                                                
│                          ││ Input(#26): FULL         │                                                                                                                
│                          ││ Input(#20): FULL         │                                                                                                                
└──────────────────────────┘└────────────┬─────────────┘                                                                                                                
                                         ┌───────────────────────────────────────────────────────────────────────────────────────────────────────────────┐              
                                         │                                                                                                               │              
                            ┌──────────────────────────┐                                                                                    ┌──────────────────────────┐
                            │ Pipeline #20             │                                                                                    │ Pipeline #26             │
                            │ CONCAT (id=45)           │                                                                                    │ CONCAT (id=51)           │
                            │ Input(#19): PARTIAL      │                                                                                    │ Input(#25): PARTIAL      │
                            └────────────┬─────────────┘                                                                                    └────────────┬─────────────┘
                                         │                                                                                                               │              
                            ┌──────────────────────────┐                                                                                    ┌──────────────────────────┐
                            │ Pipeline #19             │                                                                                    │ Pipeline #25             │
                            │ PARTITION (id=46)        │                                                                                    │ PARTITION (id=52)        │
                            │ Input(#18): FULL         │                                                                                    │ Input(#24): PARTIAL      │
                            └────────────┬─────────────┘                                                                                    └────────────┬─────────────┘
                                         │                                                                                                               │              
                            ┌──────────────────────────┐                                                                                    ┌──────────────────────────┐
                            │ Pipeline #18             │                                                                                    │ Pipeline #24             │
                            │ HASH_JOIN (id=21)        │                                                                                    │ GPU_SCAN (id=50)         │
                            │   type: INNER            │                                                                                    │                          │
                            │ Input(#17): FULL         │                                                                                    │                          │
                            │ Input(#14): FULL         │                                                                                    │                          │
                            └────────────┬─────────────┘                                                                                    └──────────────────────────┘
                                         ┌───────────────────────────────────────────────────────────────────────────────────┐                                          
                                         │                                                                                   │                                          
                            ┌──────────────────────────┐                                                        ┌──────────────────────────┐                            
                            │ Pipeline #14             │                                                        │ Pipeline #17             │                            
                            │ CONCAT (id=40)           │                                                        │ CONCAT (id=43)           │                            
                            │ Input(#13): PARTIAL      │                                                        │ Input(#16): PARTIAL      │                            
                            └────────────┬─────────────┘                                                        └────────────┬─────────────┘                            
                                         │                                                                                   │                                          
                            ┌──────────────────────────┐                                                        ┌──────────────────────────┐                            
                            │ Pipeline #13             │                                                        │ Pipeline #16             │                            
                            │ PARTITION (id=41)        │                                                        │ PARTITION (id=44)        │                            
                            │ Input(#12): FULL         │                                                        │ Input(#15): PARTIAL      │                            
                            └────────────┬─────────────┘                                                        └────────────┬─────────────┘                            
                                         │                                                                                   │                                          
                            ┌──────────────────────────┐                                                        ┌──────────────────────────┐                            
                            │ Pipeline #12             │                                                        │ Pipeline #15             │                            
                            │ HASH_JOIN (id=20)        │                                                        │ GPU_SCAN (id=42)         │                            
                            │   type: INNER            │                                                        │                          │                            
                            │ Input(#11): FULL         │                                                        │                          │                            
                            │ Input(#8): FULL          │                                                        │                          │                            
                            └────────────┬─────────────┘                                                        └──────────────────────────┘                            
                                         ┌───────────────────────────────────────────────────────┐                                                                      
                                         │                                                       │                                                                      
                            ┌──────────────────────────┐                            ┌──────────────────────────┐                                                        
                            │ Pipeline #8              │                            │ Pipeline #11             │                                                        
                            │ CONCAT (id=35)           │                            │ CONCAT (id=38)           │                                                        
                            │ Input(#7): PARTIAL       │                            │ Input(#10): PARTIAL      │                                                        
                            └────────────┬─────────────┘                            └────────────┬─────────────┘                                                        
                                         │                                                       │                                                                      
                            ┌──────────────────────────┐                            ┌──────────────────────────┐                                                        
                            │ Pipeline #7              │                            │ Pipeline #10             │                                                        
                            │ PARTITION (id=36)        │                            │ PARTITION (id=39)        │                                                        
                            │ Input(#6): FULL          │                            │ Input(#9): PARTIAL       │                                                        
                            └────────────┬─────────────┘                            └────────────┬─────────────┘                                                        
                                         │                                                       │                                                                      
                            ┌──────────────────────────┐                            ┌──────────────────────────┐                                                        
                            │ Pipeline #6              │                            │ Pipeline #9              │                                                        
                            │ HASH_JOIN (id=19)        │                            │ GPU_SCAN (id=37)         │                                                        
                            │   type: INNER            │                            │                          │                                                        
                            │ Input(#5): FULL          │                            │                          │                                                        
                            │ Input(#2): FULL          │                            │                          │                                                        
                            └────────────┬─────────────┘                            └──────────────────────────┘                                                        
                                         ┌───────────────────────────┐                                                                                                  
                                         │                           │                                                                                                  
                            ┌──────────────────────────┐┌──────────────────────────┐                                                                                    
                            │ Pipeline #2              ││ Pipeline #5              │                                                                                    
                            │ CONCAT (id=30)           ││ CONCAT (id=33)           │                                                                                    
                            │ Input(#1): PARTIAL       ││ Input(#4): PARTIAL       │                                                                                    
                            └────────────┬─────────────┘└────────────┬─────────────┘                                                                                    
                                         │                           │                                                                                                  
                            ┌──────────────────────────┐┌──────────────────────────┐                                                                                    
                            │ Pipeline #1              ││ Pipeline #4              │                                                                                    
                            │ PARTITION (id=31)        ││ PARTITION (id=34)        │                                                                                    
                            │ Input(#0): FULL          ││ Input(#3): PARTIAL       │                                                                                    
                            └────────────┬─────────────┘└────────────┬─────────────┘                                                                                    
                                         │                           │                                                                                                  
                            ┌──────────────────────────┐┌──────────────────────────┐                                                                                    
                            │ Pipeline #0              ││ Pipeline #3              │                                                                                    
                            │ GPU_SCAN (id=29)         ││ GPU_SCAN (id=32)         │                                                                                    
                            └──────────────────────────┘└──────────────────────────┘                                                                                    

[2026-07-01 15:27:31.194] [info] [task_scheduler.cpp:367] [mgpu-audit] pipeline_task dispatched to GPU 2 task_id=0
[2026-07-01 15:27:31.194] [info] [task_scheduler.cpp:369] [locality-audit] dispatch task_id=0 preferred_device=2 actual_gpu=2
[2026-07-01 15:27:31.199] [warning] [:] uring_reactor: device short read, retrying tail. slot=0 file_off=0 io_size=4096 bytes_read=1060 this_rd=1060
[2026-07-01 15:27:31.238] [info] [parquet_gpu_ingestible.cpp:696] [scan-audit] parquet_materialize target_gpu=2 files=/mnt/nvme/dataset/region.parquet columns=r_regionkey,r_name row_groups=0 compressed_bytes=119 uncompressed_bytes=43 column_bytes=r_regionkey:44:43,r_name:75:77 output_rows=1 output_columns=2 split_count=1 duration_us=43165
[2026-07-01 15:27:31.238] [info] [gpu_pipeline_task.cpp:311] [stage-audit] pipeline_id=0 task_id=0 operator_id=29 operator_name=GPU_SCAN stage_kind=SCAN operator_type=94 input_type=GPU_SCAN output_type=PIPELINEABLE actual_gpu=2 pipeline_operator_count=1 input_batches=0 input_rows=0 input_columns=0 input_bytes=0 output_batches=1 output_rows=1 output_columns=1 output_bytes=68 byte_ratio=0.000000 row_ratio=0.000000 duration_us=43492
[2026-07-01 15:27:31.238] [info] [task_creator.cpp:352] [locality-audit] task_create operator_id=31 input_bytes=68 local_bytes=68 gpu_source_bytes=68 host_source_bytes=0 disk_source_bytes=0 gpu_sources=1 host_sources=0 preferred_device=2
[2026-07-01 15:27:31.238] [info] [task_scheduler.cpp:367] [mgpu-audit] pipeline_task dispatched to GPU 2 task_id=1
[2026-07-01 15:27:31.238] [info] [task_scheduler.cpp:369] [locality-audit] dispatch task_id=1 preferred_device=2 actual_gpu=2
[2026-07-01 15:27:31.238] [info] [gpu_pipeline_task.cpp:182] [locality-audit] prepare_before pipeline_id=1 task_id=1 preferred_device=2 actual_gpu=2 target_tier=GPU target_device=2 input_bytes=68 local_bytes=68 remote_gpu_bytes=0 host_bytes=0 disk_bytes=0 batch_count=1
[2026-07-01 15:27:31.238] [info] [gpu_pipeline_task.cpp:182] [locality-audit] prepare_after pipeline_id=1 task_id=1 preferred_device=2 actual_gpu=2 target_tier=GPU target_device=2 input_bytes=68 local_bytes=68 remote_gpu_bytes=0 host_bytes=0 disk_bytes=0 batch_count=1
[2026-07-01 15:27:31.238] [info] [gpu_pipeline_task.cpp:311] [stage-audit] pipeline_id=1 task_id=1 operator_id=31 operator_name=PARTITION stage_kind=PARTITION operator_type=82 input_type=PIPELINEABLE output_type=PIPELINEABLE actual_gpu=2 pipeline_operator_count=1 input_batches=1 input_rows=1 input_columns=1 input_bytes=68 output_batches=1 output_rows=1 output_columns=1 output_bytes=68 byte_ratio=1.000000 row_ratio=1.000000 duration_us=5
[2026-07-01 15:27:31.239] [info] [task_scheduler.cpp:367] [mgpu-audit] pipeline_task dispatched to GPU 0 task_id=2
[2026-07-01 15:27:31.239] [info] [task_scheduler.cpp:369] [locality-audit] dispatch task_id=2 preferred_device=0 actual_gpu=0
[2026-07-01 15:27:31.239] [info] [gpu_pipeline_task.cpp:182] [locality-audit] prepare_before pipeline_id=2 task_id=2 preferred_device=0 actual_gpu=0 target_tier=GPU target_device=0 input_bytes=68 local_bytes=0 remote_gpu_bytes=68 host_bytes=0 disk_bytes=0 batch_count=1
[2026-07-01 15:27:31.539] [info] [gpu_pipeline_task.cpp:182] [locality-audit] prepare_after pipeline_id=2 task_id=2 preferred_device=0 actual_gpu=0 target_tier=GPU target_device=0 input_bytes=68 local_bytes=68 remote_gpu_bytes=0 host_bytes=0 disk_bytes=0 batch_count=1
[2026-07-01 15:27:31.539] [info] [gpu_pipeline_task.cpp:311] [stage-audit] pipeline_id=2 task_id=2 operator_id=30 operator_name=CONCAT stage_kind=CONCAT operator_type=83 input_type=PARTITIONED output_type=PARTITIONED actual_gpu=0 pipeline_operator_count=1 input_batches=1 input_rows=1 input_columns=1 input_bytes=68 output_batches=1 output_rows=1 output_columns=1 output_bytes=68 byte_ratio=1.000000 row_ratio=1.000000 duration_us=1
[2026-07-01 15:27:31.539] [info] [task_scheduler.cpp:367] [mgpu-audit] pipeline_task dispatched to GPU 0 task_id=3
[2026-07-01 15:27:31.539] [info] [task_scheduler.cpp:369] [locality-audit] dispatch task_id=3 preferred_device=0 actual_gpu=0
[2026-07-01 15:27:31.541] [warning] [:] uring_reactor: device short read, retrying tail. slot=0 file_off=0 io_size=4096 bytes_read=2437 this_rd=2437
[2026-07-01 15:27:31.551] [info] [parquet_gpu_ingestible.cpp:696] [scan-audit] parquet_materialize target_gpu=0 files=/mnt/nvme/dataset/nation.parquet columns=n_nationkey,n_name,n_regionkey row_groups=0 compressed_bytes=478 uncompressed_bytes=582 column_bytes=n_nationkey:125:125,n_name:273:302,n_regionkey:80:155 output_rows=25 output_columns=3 split_count=1 duration_us=11593
[2026-07-01 15:27:31.551] [info] [gpu_pipeline_task.cpp:311] [stage-audit] pipeline_id=3 task_id=3 operator_id=32 operator_name=GPU_SCAN stage_kind=SCAN operator_type=94 input_type=GPU_SCAN output_type=PIPELINEABLE actual_gpu=0 pipeline_operator_count=1 input_batches=0 input_rows=0 input_columns=0 input_bytes=0 output_batches=1 output_rows=25 output_columns=3 output_bytes=673 byte_ratio=0.000000 row_ratio=0.000000 duration_us=11637
[2026-07-01 15:27:31.551] [info] [task_creator.cpp:352] [locality-audit] task_create operator_id=34 input_bytes=673 local_bytes=673 gpu_source_bytes=673 host_source_bytes=0 disk_source_bytes=0 gpu_sources=1 host_sources=0 preferred_device=0
[2026-07-01 15:27:31.551] [info] [task_scheduler.cpp:367] [mgpu-audit] pipeline_task dispatched to GPU 0 task_id=4
[2026-07-01 15:27:31.551] [info] [task_scheduler.cpp:369] [locality-audit] dispatch task_id=4 preferred_device=0 actual_gpu=0
[2026-07-01 15:27:31.552] [info] [gpu_pipeline_task.cpp:182] [locality-audit] prepare_before pipeline_id=4 task_id=4 preferred_device=0 actual_gpu=0 target_tier=GPU target_device=0 input_bytes=673 local_bytes=673 remote_gpu_bytes=0 host_bytes=0 disk_bytes=0 batch_count=1
[2026-07-01 15:27:31.552] [info] [gpu_pipeline_task.cpp:182] [locality-audit] prepare_after pipeline_id=4 task_id=4 preferred_device=0 actual_gpu=0 target_tier=GPU target_device=0 input_bytes=673 local_bytes=673 remote_gpu_bytes=0 host_bytes=0 disk_bytes=0 batch_count=1
[2026-07-01 15:27:31.552] [info] [gpu_pipeline_task.cpp:311] [stage-audit] pipeline_id=4 task_id=4 operator_id=34 operator_name=PARTITION stage_kind=PARTITION operator_type=82 input_type=PIPELINEABLE output_type=PIPELINEABLE actual_gpu=0 pipeline_operator_count=1 input_batches=1 input_rows=25 input_columns=3 input_bytes=673 output_batches=1 output_rows=25 output_columns=3 output_bytes=673 byte_ratio=1.000000 row_ratio=1.000000 duration_us=5
[2026-07-01 15:27:31.552] [info] [task_scheduler.cpp:367] [mgpu-audit] pipeline_task dispatched to GPU 0 task_id=5
[2026-07-01 15:27:31.552] [info] [task_scheduler.cpp:369] [locality-audit] dispatch task_id=5 preferred_device=0 actual_gpu=0
[2026-07-01 15:27:31.552] [info] [gpu_pipeline_task.cpp:182] [locality-audit] prepare_before pipeline_id=5 task_id=5 preferred_device=0 actual_gpu=0 target_tier=GPU target_device=0 input_bytes=673 local_bytes=673 remote_gpu_bytes=0 host_bytes=0 disk_bytes=0 batch_count=1
[2026-07-01 15:27:31.552] [info] [gpu_pipeline_task.cpp:182] [locality-audit] prepare_after pipeline_id=5 task_id=5 preferred_device=0 actual_gpu=0 target_tier=GPU target_device=0 input_bytes=673 local_bytes=673 remote_gpu_bytes=0 host_bytes=0 disk_bytes=0 batch_count=1
[2026-07-01 15:27:31.552] [info] [gpu_pipeline_task.cpp:311] [stage-audit] pipeline_id=5 task_id=5 operator_id=33 operator_name=CONCAT stage_kind=CONCAT operator_type=83 input_type=PARTITIONED output_type=PARTITIONED actual_gpu=0 pipeline_operator_count=1 input_batches=1 input_rows=25 input_columns=3 input_bytes=673 output_batches=1 output_rows=25 output_columns=3 output_bytes=673 byte_ratio=1.000000 row_ratio=1.000000 duration_us=5
[2026-07-01 15:27:31.553] [info] [task_scheduler.cpp:367] [mgpu-audit] pipeline_task dispatched to GPU 3 task_id=6
[2026-07-01 15:27:31.553] [info] [task_scheduler.cpp:369] [locality-audit] dispatch task_id=6 preferred_device=3 actual_gpu=3
[2026-07-01 15:27:31.553] [info] [gpu_pipeline_task.cpp:182] [locality-audit] prepare_before pipeline_id=6 task_id=6 preferred_device=3 actual_gpu=0 target_tier=GPU target_device=3 input_bytes=741 local_bytes=0 remote_gpu_bytes=741 host_bytes=0 disk_bytes=0 batch_count=2
[2026-07-01 15:27:31.553] [info] [gpu_pipeline_task.cpp:182] [locality-audit] prepare_after pipeline_id=6 task_id=6 preferred_device=3 actual_gpu=0 target_tier=GPU target_device=3 input_bytes=741 local_bytes=741 remote_gpu_bytes=0 host_bytes=0 disk_bytes=0 batch_count=2
[2026-07-01 15:27:31.553] [info] [gpu_pipeline_task.cpp:506] [join-reuse] miss pipeline_id=6 task_id=6 operator_id=19 operator_name=HASH_JOIN key_hash=17110173834390268612 cache_entries=0
[2026-07-01 15:27:31.562] [info] [gpu_pipeline_task.cpp:311] [stage-audit] pipeline_id=6 task_id=6 operator_id=19 operator_name=HASH_JOIN stage_kind=JOIN operator_type=33 input_type=PARTITIONED output_type=PIPELINEABLE actual_gpu=0 pipeline_operator_count=1 input_batches=2 input_rows=26 input_columns=4 input_bytes=741 output_batches=1 output_rows=5 output_columns=3 output_bytes=296 byte_ratio=0.399460 row_ratio=0.192308 duration_us=8692
[2026-07-01 15:27:31.562] [info] [gpu_pipeline_task.cpp:638] [join-retention] retained pipeline_id=6 task_id=6 operator_id=19 operator_name=HASH_JOIN batch_id=2 bytes=296 tier=GPU device=3 cache_bytes=296 cache_batches=1 limit_bytes=2147483648 max_batch_bytes=268435456
[2026-07-01 15:27:31.562] [info] [gpu_pipeline_task.cpp:661] [join-reuse] cached pipeline_id=6 task_id=6 operator_id=19 operator_name=HASH_JOIN key_hash=17110173834390268612 batches=1 bytes=296 cache_entries=1
[2026-07-01 15:27:31.562] [info] [task_creator.cpp:352] [locality-audit] task_create operator_id=36 input_bytes=296 local_bytes=296 gpu_source_bytes=296 host_source_bytes=0 disk_source_bytes=0 gpu_sources=1 host_sources=0 preferred_device=3
[2026-07-01 15:27:31.562] [info] [task_scheduler.cpp:367] [mgpu-audit] pipeline_task dispatched to GPU 3 task_id=7
[2026-07-01 15:27:31.562] [info] [task_scheduler.cpp:369] [locality-audit] dispatch task_id=7 preferred_device=3 actual_gpu=3
[2026-07-01 15:27:31.563] [info] [gpu_pipeline_task.cpp:182] [locality-audit] prepare_before pipeline_id=7 task_id=7 preferred_device=3 actual_gpu=0 target_tier=GPU target_device=3 input_bytes=296 local_bytes=296 remote_gpu_bytes=0 host_bytes=0 disk_bytes=0 batch_count=1
[2026-07-01 15:27:31.563] [info] [gpu_pipeline_task.cpp:182] [locality-audit] prepare_after pipeline_id=7 task_id=7 preferred_device=3 actual_gpu=0 target_tier=GPU target_device=3 input_bytes=296 local_bytes=296 remote_gpu_bytes=0 host_bytes=0 disk_bytes=0 batch_count=1
[2026-07-01 15:27:31.563] [info] [gpu_pipeline_task.cpp:311] [stage-audit] pipeline_id=7 task_id=7 operator_id=36 operator_name=PARTITION stage_kind=PARTITION operator_type=82 input_type=PIPELINEABLE output_type=PIPELINEABLE actual_gpu=0 pipeline_operator_count=1 input_batches=1 input_rows=5 input_columns=3 input_bytes=296 output_batches=1 output_rows=5 output_columns=3 output_bytes=296 byte_ratio=1.000000 row_ratio=1.000000 duration_us=2
[2026-07-01 15:27:31.563] [info] [task_scheduler.cpp:367] [mgpu-audit] pipeline_task dispatched to GPU 0 task_id=8
[2026-07-01 15:27:31.563] [info] [task_scheduler.cpp:369] [locality-audit] dispatch task_id=8 preferred_device=0 actual_gpu=0
[2026-07-01 15:27:31.563] [info] [gpu_pipeline_task.cpp:182] [locality-audit] prepare_before pipeline_id=8 task_id=8 preferred_device=0 actual_gpu=0 target_tier=GPU target_device=0 input_bytes=296 local_bytes=0 remote_gpu_bytes=296 host_bytes=0 disk_bytes=0 batch_count=1
[2026-07-01 15:27:31.564] [info] [gpu_pipeline_task.cpp:182] [locality-audit] prepare_after pipeline_id=8 task_id=8 preferred_device=0 actual_gpu=0 target_tier=GPU target_device=0 input_bytes=296 local_bytes=296 remote_gpu_bytes=0 host_bytes=0 disk_bytes=0 batch_count=1
[2026-07-01 15:27:31.564] [info] [gpu_pipeline_task.cpp:311] [stage-audit] pipeline_id=8 task_id=8 operator_id=35 operator_name=CONCAT stage_kind=CONCAT operator_type=83 input_type=PARTITIONED output_type=PARTITIONED actual_gpu=0 pipeline_operator_count=1 input_batches=1 input_rows=5 input_columns=3 input_bytes=296 output_batches=1 output_rows=5 output_columns=3 output_bytes=296 byte_ratio=1.000000 row_ratio=1.000000 duration_us=5
[2026-07-01 15:27:31.564] [info] [task_scheduler.cpp:367] [mgpu-audit] pipeline_task dispatched to GPU 3 task_id=9
[2026-07-01 15:27:31.564] [info] [task_scheduler.cpp:369] [locality-audit] dispatch task_id=9 preferred_device=3 actual_gpu=3
[2026-07-01 15:27:31.612] [info] [parquet_gpu_ingestible.cpp:696] [scan-audit] parquet_materialize target_gpu=3 files=/mnt/nvme/dataset/customer.parquet columns=c_custkey,c_nationkey row_groups=0,1,2,3,4,5,6,7,8,9,10,11,12,13,14,15,16,17,18,19,20,21,22,23,24,25,26,27,28,29,30,31,32,33,34,35,36,37,38,39,40,41,42,43,44,45,46,47,48,49,50,51,52,53,54,55,56,57,58,59,60,61,62,63,64,65,66,67,68,69,70,71,72,73,74,75,76,77,78,79,80,81,82,83,84,85,86,87,88,89,90,91,92,93,94,95,96,97,98,99,100,101,102,103,104,105,106,107,108,109,110,111,112,113,114,115,116,117,118,119,120,121 compressed_bytes=69499698 uncompressed_bytes=129460031 column_bytes=c_custkey:60042225:120003782,c_nationkey:9457473:9456249 output_rows=15000000 output_columns=2 split_count=1 duration_us=45971
[2026-07-01 15:27:31.612] [info] [gpu_pipeline_task.cpp:311] [stage-audit] pipeline_id=9 task_id=9 operator_id=37 operator_name=GPU_SCAN stage_kind=SCAN operator_type=94 input_type=GPU_SCAN output_type=PIPELINEABLE actual_gpu=0 pipeline_operator_count=1 input_batches=0 input_rows=0 input_columns=0 input_bytes=0 output_batches=1 output_rows=15000000 output_columns=2 output_bytes=183750016 byte_ratio=0.000000 row_ratio=0.000000 duration_us=48019
[2026-07-01 15:27:31.613] [info] [task_creator.cpp:352] [locality-audit] task_create operator_id=39 input_bytes=183750016 local_bytes=183750016 gpu_source_bytes=183750016 host_source_bytes=0 disk_source_bytes=0 gpu_sources=1 host_sources=0 preferred_device=3
[2026-07-01 15:27:31.613] [info] [task_scheduler.cpp:367] [mgpu-audit] pipeline_task dispatched to GPU 3 task_id=10
[2026-07-01 15:27:31.613] [info] [task_scheduler.cpp:369] [locality-audit] dispatch task_id=10 preferred_device=3 actual_gpu=3
[2026-07-01 15:27:31.613] [info] [gpu_pipeline_task.cpp:182] [locality-audit] prepare_before pipeline_id=10 task_id=10 preferred_device=3 actual_gpu=0 target_tier=GPU target_device=3 input_bytes=183750016 local_bytes=183750016 remote_gpu_bytes=0 host_bytes=0 disk_bytes=0 batch_count=1
[2026-07-01 15:27:31.613] [info] [gpu_pipeline_task.cpp:182] [locality-audit] prepare_after pipeline_id=10 task_id=10 preferred_device=3 actual_gpu=0 target_tier=GPU target_device=3 input_bytes=183750016 local_bytes=183750016 remote_gpu_bytes=0 host_bytes=0 disk_bytes=0 batch_count=1
[2026-07-01 15:27:31.613] [info] [gpu_pipeline_task.cpp:311] [stage-audit] pipeline_id=10 task_id=10 operator_id=39 operator_name=PARTITION stage_kind=PARTITION operator_type=82 input_type=PIPELINEABLE output_type=PIPELINEABLE actual_gpu=0 pipeline_operator_count=1 input_batches=1 input_rows=15000000 input_columns=2 input_bytes=183750016 output_batches=1 output_rows=15000000 output_columns=2 output_bytes=183750016 byte_ratio=1.000000 row_ratio=1.000000 duration_us=5
[2026-07-01 15:27:31.613] [info] [task_scheduler.cpp:367] [mgpu-audit] pipeline_task dispatched to GPU 0 task_id=11
[2026-07-01 15:27:31.613] [info] [task_scheduler.cpp:369] [locality-audit] dispatch task_id=11 preferred_device=0 actual_gpu=0
[2026-07-01 15:27:31.614] [info] [gpu_pipeline_task.cpp:182] [locality-audit] prepare_before pipeline_id=11 task_id=11 preferred_device=0 actual_gpu=0 target_tier=GPU target_device=0 input_bytes=183750016 local_bytes=0 remote_gpu_bytes=183750016 host_bytes=0 disk_bytes=0 batch_count=1
[2026-07-01 15:27:31.629] [info] [gpu_pipeline_task.cpp:182] [locality-audit] prepare_after pipeline_id=11 task_id=11 preferred_device=0 actual_gpu=0 target_tier=GPU target_device=0 input_bytes=183750016 local_bytes=183750016 remote_gpu_bytes=0 host_bytes=0 disk_bytes=0 batch_count=1
[2026-07-01 15:27:31.629] [info] [gpu_pipeline_task.cpp:311] [stage-audit] pipeline_id=11 task_id=11 operator_id=38 operator_name=CONCAT stage_kind=CONCAT operator_type=83 input_type=PARTITIONED output_type=PARTITIONED actual_gpu=0 pipeline_operator_count=1 input_batches=1 input_rows=15000000 input_columns=2 input_bytes=183750016 output_batches=1 output_rows=15000000 output_columns=2 output_bytes=183750016 byte_ratio=1.000000 row_ratio=1.000000 duration_us=1
[2026-07-01 15:27:31.629] [info] [task_scheduler.cpp:367] [mgpu-audit] pipeline_task dispatched to GPU 0 task_id=12
[2026-07-01 15:27:31.629] [info] [task_scheduler.cpp:369] [locality-audit] dispatch task_id=12 preferred_device=0 actual_gpu=0
[2026-07-01 15:27:31.629] [info] [gpu_pipeline_task.cpp:182] [locality-audit] prepare_before pipeline_id=12 task_id=12 preferred_device=0 actual_gpu=0 target_tier=GPU target_device=0 input_bytes=183750312 local_bytes=183750312 remote_gpu_bytes=0 host_bytes=0 disk_bytes=0 batch_count=2
[2026-07-01 15:27:31.629] [info] [gpu_pipeline_task.cpp:182] [locality-audit] prepare_after pipeline_id=12 task_id=12 preferred_device=0 actual_gpu=0 target_tier=GPU target_device=0 input_bytes=183750312 local_bytes=183750312 remote_gpu_bytes=0 host_bytes=0 disk_bytes=0 batch_count=2
[2026-07-01 15:27:31.629] [info] [gpu_pipeline_task.cpp:506] [join-reuse] miss pipeline_id=12 task_id=12 operator_id=20 operator_name=HASH_JOIN key_hash=1359167894492164530 cache_entries=1
[2026-07-01 15:27:31.635] [info] [gpu_pipeline_task.cpp:311] [stage-audit] pipeline_id=12 task_id=12 operator_id=20 operator_name=HASH_JOIN stage_kind=JOIN operator_type=33 input_type=PARTITIONED output_type=PIPELINEABLE actual_gpu=0 pipeline_operator_count=1 input_batches=2 input_rows=15000005 input_columns=5 input_bytes=183750312 output_batches=1 output_rows=2998599 output_columns=3 output_bytes=73086392 byte_ratio=0.397748 row_ratio=0.199907 duration_us=5445
[2026-07-01 15:27:31.635] [info] [gpu_pipeline_task.cpp:638] [join-retention] retained pipeline_id=12 task_id=12 operator_id=20 operator_name=HASH_JOIN batch_id=4 bytes=73086392 tier=GPU device=0 cache_bytes=73086688 cache_batches=2 limit_bytes=2147483648 max_batch_bytes=268435456
[2026-07-01 15:27:31.635] [info] [gpu_pipeline_task.cpp:661] [join-reuse] cached pipeline_id=12 task_id=12 operator_id=20 operator_name=HASH_JOIN key_hash=1359167894492164530 batches=1 bytes=73086392 cache_entries=2
[2026-07-01 15:27:31.635] [info] [task_creator.cpp:352] [locality-audit] task_create operator_id=41 input_bytes=73086392 local_bytes=73086392 gpu_source_bytes=73086392 host_source_bytes=0 disk_source_bytes=0 gpu_sources=1 host_sources=0 preferred_device=0
[2026-07-01 15:27:31.635] [info] [task_scheduler.cpp:367] [mgpu-audit] pipeline_task dispatched to GPU 0 task_id=13
[2026-07-01 15:27:31.635] [info] [task_scheduler.cpp:369] [locality-audit] dispatch task_id=13 preferred_device=0 actual_gpu=0
[2026-07-01 15:27:31.635] [info] [gpu_pipeline_task.cpp:182] [locality-audit] prepare_before pipeline_id=13 task_id=13 preferred_device=0 actual_gpu=0 target_tier=GPU target_device=0 input_bytes=73086392 local_bytes=73086392 remote_gpu_bytes=0 host_bytes=0 disk_bytes=0 batch_count=1
[2026-07-01 15:27:31.635] [info] [gpu_pipeline_task.cpp:182] [locality-audit] prepare_after pipeline_id=13 task_id=13 preferred_device=0 actual_gpu=0 target_tier=GPU target_device=0 input_bytes=73086392 local_bytes=73086392 remote_gpu_bytes=0 host_bytes=0 disk_bytes=0 batch_count=1
[2026-07-01 15:27:31.649] [info] [gpu_pipeline_task.cpp:311] [stage-audit] pipeline_id=13 task_id=13 operator_id=41 operator_name=PARTITION stage_kind=PARTITION operator_type=82 input_type=PIPELINEABLE output_type=PIPELINEABLE actual_gpu=0 pipeline_operator_count=1 input_batches=1 input_rows=2998599 input_columns=3 input_bytes=73086392 output_batches=4 output_rows=2998599 output_columns=12 output_bytes=72336836 byte_ratio=0.989744 row_ratio=1.000000 duration_us=13325
[2026-07-01 15:27:31.649] [info] [task_scheduler.cpp:367] [mgpu-audit] pipeline_task dispatched to GPU 1 task_id=15
[2026-07-01 15:27:31.649] [info] [task_scheduler.cpp:369] [locality-audit] dispatch task_id=15 preferred_device=1 actual_gpu=1
[2026-07-01 15:27:31.649] [info] [task_scheduler.cpp:367] [mgpu-audit] pipeline_task dispatched to GPU 2 task_id=16
[2026-07-01 15:27:31.649] [info] [task_scheduler.cpp:369] [locality-audit] dispatch task_id=16 preferred_device=2 actual_gpu=2
[2026-07-01 15:27:31.649] [info] [task_scheduler.cpp:367] [mgpu-audit] pipeline_task dispatched to GPU 3 task_id=17
[2026-07-01 15:27:31.649] [info] [task_scheduler.cpp:369] [locality-audit] dispatch task_id=17 preferred_device=3 actual_gpu=3
[2026-07-01 15:27:31.649] [info] [task_scheduler.cpp:367] [mgpu-audit] pipeline_task dispatched to GPU 0 task_id=14
[2026-07-01 15:27:31.649] [info] [task_scheduler.cpp:369] [locality-audit] dispatch task_id=14 preferred_device=0 actual_gpu=0
[2026-07-01 15:27:31.649] [info] [gpu_pipeline_task.cpp:182] [locality-audit] prepare_before pipeline_id=14 task_id=15 preferred_device=1 actual_gpu=1 target_tier=GPU target_device=1 input_bytes=18094023 local_bytes=0 remote_gpu_bytes=18094023 host_bytes=0 disk_bytes=0 batch_count=1
[2026-07-01 15:27:31.649] [info] [gpu_pipeline_task.cpp:182] [locality-audit] prepare_before pipeline_id=14 task_id=17 preferred_device=3 actual_gpu=0 target_tier=GPU target_device=3 input_bytes=18099787 local_bytes=0 remote_gpu_bytes=18099787 host_bytes=0 disk_bytes=0 batch_count=1
[2026-07-01 15:27:31.649] [info] [gpu_pipeline_task.cpp:182] [locality-audit] prepare_before pipeline_id=14 task_id=14 preferred_device=0 actual_gpu=0 target_tier=GPU target_device=0 input_bytes=18074894 local_bytes=18074894 remote_gpu_bytes=0 host_bytes=0 disk_bytes=0 batch_count=1
[2026-07-01 15:27:31.649] [info] [gpu_pipeline_task.cpp:182] [locality-audit] prepare_before pipeline_id=14 task_id=16 preferred_device=2 actual_gpu=2 target_tier=GPU target_device=2 input_bytes=18068132 local_bytes=0 remote_gpu_bytes=18068132 host_bytes=0 disk_bytes=0 batch_count=1
[2026-07-01 15:27:31.649] [info] [gpu_pipeline_task.cpp:182] [locality-audit] prepare_after pipeline_id=14 task_id=14 preferred_device=0 actual_gpu=0 target_tier=GPU target_device=0 input_bytes=18074894 local_bytes=18074894 remote_gpu_bytes=0 host_bytes=0 disk_bytes=0 batch_count=1
[2026-07-01 15:27:31.649] [info] [gpu_pipeline_task.cpp:311] [stage-audit] pipeline_id=14 task_id=14 operator_id=40 operator_name=CONCAT stage_kind=CONCAT operator_type=83 input_type=PARTITIONED output_type=PARTITIONED actual_gpu=0 pipeline_operator_count=1 input_batches=1 input_rows=749282 input_columns=3 input_bytes=18074894 output_batches=1 output_rows=749282 output_columns=3 output_bytes=18074894 byte_ratio=1.000000 row_ratio=1.000000 duration_us=6
[2026-07-01 15:27:31.651] [info] [gpu_pipeline_task.cpp:182] [locality-audit] prepare_after pipeline_id=14 task_id=17 preferred_device=3 actual_gpu=0 target_tier=GPU target_device=3 input_bytes=18099787 local_bytes=18099787 remote_gpu_bytes=0 host_bytes=0 disk_bytes=0 batch_count=1
[2026-07-01 15:27:31.651] [info] [gpu_pipeline_task.cpp:311] [stage-audit] pipeline_id=14 task_id=17 operator_id=40 operator_name=CONCAT stage_kind=CONCAT operator_type=83 input_type=PARTITIONED output_type=PARTITIONED actual_gpu=0 pipeline_operator_count=1 input_batches=1 input_rows=750247 input_columns=3 input_bytes=18099787 output_batches=1 output_rows=750247 output_columns=3 output_bytes=18099787 byte_ratio=1.000000 row_ratio=1.000000 duration_us=1
[2026-07-01 15:27:31.651] [info] [gpu_pipeline_task.cpp:182] [locality-audit] prepare_after pipeline_id=14 task_id=15 preferred_device=1 actual_gpu=1 target_tier=GPU target_device=1 input_bytes=18094023 local_bytes=18094023 remote_gpu_bytes=0 host_bytes=0 disk_bytes=0 batch_count=1
[2026-07-01 15:27:31.651] [info] [gpu_pipeline_task.cpp:311] [stage-audit] pipeline_id=14 task_id=15 operator_id=40 operator_name=CONCAT stage_kind=CONCAT operator_type=83 input_type=PARTITIONED output_type=PARTITIONED actual_gpu=1 pipeline_operator_count=1 input_batches=1 input_rows=750161 input_columns=3 input_bytes=18094023 output_batches=1 output_rows=750161 output_columns=3 output_bytes=18094023 byte_ratio=1.000000 row_ratio=1.000000 duration_us=6
[2026-07-01 15:27:31.652] [info] [gpu_pipeline_task.cpp:182] [locality-audit] prepare_after pipeline_id=14 task_id=16 preferred_device=2 actual_gpu=2 target_tier=GPU target_device=2 input_bytes=18068132 local_bytes=18068132 remote_gpu_bytes=0 host_bytes=0 disk_bytes=0 batch_count=1
[2026-07-01 15:27:31.652] [info] [gpu_pipeline_task.cpp:311] [stage-audit] pipeline_id=14 task_id=16 operator_id=40 operator_name=CONCAT stage_kind=CONCAT operator_type=83 input_type=PARTITIONED output_type=PARTITIONED actual_gpu=2 pipeline_operator_count=1 input_batches=1 input_rows=748909 input_columns=3 input_bytes=18068132 output_batches=1 output_rows=748909 output_columns=3 output_bytes=18068132 byte_ratio=1.000000 row_ratio=1.000000 duration_us=1
[2026-07-01 15:27:31.652] [info] [task_scheduler.cpp:367] [mgpu-audit] pipeline_task dispatched to GPU 1 task_id=19
[2026-07-01 15:27:31.652] [info] [task_scheduler.cpp:369] [locality-audit] dispatch task_id=19 preferred_device=1 actual_gpu=1
[2026-07-01 15:27:31.652] [info] [task_scheduler.cpp:367] [mgpu-audit] pipeline_task dispatched to GPU 2 task_id=20
[2026-07-01 15:27:31.652] [info] [task_scheduler.cpp:369] [locality-audit] dispatch task_id=20 preferred_device=2 actual_gpu=2
[2026-07-01 15:27:31.652] [info] [task_scheduler.cpp:367] [mgpu-audit] pipeline_task dispatched to GPU 0 task_id=18
[2026-07-01 15:27:31.652] [info] [task_scheduler.cpp:369] [locality-audit] dispatch task_id=18 preferred_device=0 actual_gpu=0
[2026-07-01 15:27:31.652] [info] [task_scheduler.cpp:367] [mgpu-audit] pipeline_task dispatched to GPU 3 task_id=21
[2026-07-01 15:27:31.652] [info] [task_scheduler.cpp:369] [locality-audit] dispatch task_id=21 preferred_device=3 actual_gpu=3
[2026-07-01 15:27:31.653] [info] [task_scheduler.cpp:367] [mgpu-audit] pipeline_task dispatched to GPU 0 task_id=22
[2026-07-01 15:27:31.653] [info] [task_scheduler.cpp:369] [locality-audit] dispatch task_id=22 preferred_device=0 actual_gpu=0
[2026-07-01 15:27:32.245] [info] [parquet_gpu_ingestible.cpp:696] [scan-audit] parquet_materialize target_gpu=2 files=/mnt/nvme/dataset/orders.parquet columns=o_orderkey,o_custkey,o_orderdate row_groups=544,545,546,547,548,549,550,551,552,553,554,555,556,557,558,559,560,561,562,563,564,565,566,567,568,569,570,571,572,573,574,575,576,577,578,579,580,581,582,583,584,585,586,587,588,589,590,591,592,593,594,595,596,597,598,599,600,601,602,603,604,605,606,607,608,609,610,611,612,613,614,615,616,617,618,619,620,621,622,623,624,625,626,627,628,629,630,631,632,633,634,635,636,637,638,639,640,641,642,643,644,645,646,647,648,649,650,651,652,653,654,655,656,657,658,659,660,661,662,663,664,665,666,667,668,669,670,671,672,673,674,675,676,677,678,679,680,681,682,683,684,685,686,687,688,689,690,691,692,693,694,695,696,697,698,699,700,701,702,703,704,705,706,707,708,709,710,711,712,713,714,715,716,717,718,719,720,721,722,723,724,725,726,727,728,729,730,731,732,733,734,735,736,737,738,739,740,741,742,743,744,745,746,747,748,749,750,751,752,753,754,755,756,757,758,759,760,761,762,763,764,765,766,767,768,769,770,771,772,773,774,775,776,777,778,779,780,781,782,783,784,785,786,787,788,789,790,791,792,793,794,795,796,797,798,799,800,801,802,803,804,805,806,807,808,809,810,811,812,813,814,815 compressed_bytes=365577687 uncompressed_bytes=536075072 column_bytes=o_orderkey:133602436:268037536,o_custkey:178931859:268037536,o_orderdate:53043392:53038608 output_rows=5081816 output_columns=3 split_count=1 duration_us=581287
[2026-07-01 15:27:32.245] [info] [gpu_pipeline_task.cpp:311] [stage-audit] pipeline_id=15 task_id=20 operator_id=42 operator_name=GPU_SCAN stage_kind=SCAN operator_type=94 input_type=GPU_SCAN output_type=PIPELINEABLE actual_gpu=2 pipeline_operator_count=1 input_batches=0 input_rows=0 input_columns=0 input_bytes=0 output_batches=1 output_rows=5081816 output_columns=2 output_bytes=82579584 byte_ratio=0.000000 row_ratio=0.000000 duration_us=591719
[2026-07-01 15:27:32.245] [info] [task_creator.cpp:352] [locality-audit] task_create operator_id=44 input_bytes=82579584 local_bytes=82579584 gpu_source_bytes=82579584 host_source_bytes=0 disk_source_bytes=0 gpu_sources=1 host_sources=0 preferred_device=2
[2026-07-01 15:27:32.245] [info] [task_scheduler.cpp:367] [mgpu-audit] pipeline_task dispatched to GPU 2 task_id=23
[2026-07-01 15:27:32.245] [info] [task_scheduler.cpp:369] [locality-audit] dispatch task_id=23 preferred_device=2 actual_gpu=2
[2026-07-01 15:27:32.245] [info] [gpu_pipeline_task.cpp:182] [locality-audit] prepare_before pipeline_id=16 task_id=23 preferred_device=2 actual_gpu=2 target_tier=GPU target_device=2 input_bytes=82579584 local_bytes=82579584 remote_gpu_bytes=0 host_bytes=0 disk_bytes=0 batch_count=1
[2026-07-01 15:27:32.245] [info] [gpu_pipeline_task.cpp:182] [locality-audit] prepare_after pipeline_id=16 task_id=23 preferred_device=2 actual_gpu=2 target_tier=GPU target_device=2 input_bytes=82579584 local_bytes=82579584 remote_gpu_bytes=0 host_bytes=0 disk_bytes=0 batch_count=1
[2026-07-01 15:27:32.253] [info] [parquet_gpu_ingestible.cpp:696] [scan-audit] parquet_materialize target_gpu=0 files=/mnt/nvme/dataset/orders.parquet columns=o_orderkey,o_custkey,o_orderdate row_groups=0,1,2,3,4,5,6,7,8,9,10,11,12,13,14,15,16,17,18,19,20,21,22,23,24,25,26,27,28,29,30,31,32,33,34,35,36,37,38,39,40,41,42,43,44,45,46,47,48,49,50,51,52,53,54,55,56,57,58,59,60,61,62,63,64,65,66,67,68,69,70,71,72,73,74,75,76,77,78,79,80,81,82,83,84,85,86,87,88,89,90,91,92,93,94,95,96,97,98,99,100,101,102,103,104,105,106,107,108,109,110,111,112,113,114,115,116,117,118,119,120,121,122,123,124,125,126,127,128,129,130,131,132,133,134,135,136,137,138,139,140,141,142,143,144,145,146,147,148,149,150,151,152,153,154,155,156,157,158,159,160,161,162,163,164,165,166,167,168,169,170,171,172,173,174,175,176,177,178,179,180,181,182,183,184,185,186,187,188,189,190,191,192,193,194,195,196,197,198,199,200,201,202,203,204,205,206,207,208,209,210,211,212,213,214,215,216,217,218,219,220,221,222,223,224,225,226,227,228,229,230,231,232,233,234,235,236,237,238,239,240,241,242,243,244,245,246,247,248,249,250,251,252,253,254,255,256,257,258,259,260,261,262,263,264,265,266,267,268,269,270,271 compressed_bytes=366111439 uncompressed_bytes=536858976 column_bytes=o_orderkey:133796967:268429488,o_custkey:179198297:268429488,o_orderdate:53116175:53111373 output_rows=5091376 output_columns=3 split_count=1 duration_us=589850
[2026-07-01 15:27:32.254] [info] [gpu_pipeline_task.cpp:311] [stage-audit] pipeline_id=15 task_id=18 operator_id=42 operator_name=GPU_SCAN stage_kind=SCAN operator_type=94 input_type=GPU_SCAN output_type=PIPELINEABLE actual_gpu=0 pipeline_operator_count=1 input_batches=0 input_rows=0 input_columns=0 input_bytes=0 output_batches=1 output_rows=5091376 output_columns=2 output_bytes=82734976 byte_ratio=0.000000 row_ratio=0.000000 duration_us=600831
[2026-07-01 15:27:32.254] [info] [task_creator.cpp:352] [locality-audit] task_create operator_id=44 input_bytes=82734976 local_bytes=82734976 gpu_source_bytes=82734976 host_source_bytes=0 disk_source_bytes=0 gpu_sources=1 host_sources=0 preferred_device=0
[2026-07-01 15:27:32.254] [info] [task_scheduler.cpp:367] [mgpu-audit] pipeline_task dispatched to GPU 0 task_id=24
[2026-07-01 15:27:32.254] [info] [task_scheduler.cpp:369] [locality-audit] dispatch task_id=24 preferred_device=0 actual_gpu=0
[2026-07-01 15:27:32.254] [info] [gpu_pipeline_task.cpp:182] [locality-audit] prepare_before pipeline_id=16 task_id=24 preferred_device=0 actual_gpu=0 target_tier=GPU target_device=0 input_bytes=82734976 local_bytes=82734976 remote_gpu_bytes=0 host_bytes=0 disk_bytes=0 batch_count=1
[2026-07-01 15:27:32.254] [info] [gpu_pipeline_task.cpp:182] [locality-audit] prepare_after pipeline_id=16 task_id=24 preferred_device=0 actual_gpu=0 target_tier=GPU target_device=0 input_bytes=82734976 local_bytes=82734976 remote_gpu_bytes=0 host_bytes=0 disk_bytes=0 batch_count=1
[2026-07-01 15:27:32.257] [info] [gpu_pipeline_task.cpp:311] [stage-audit] pipeline_id=16 task_id=23 operator_id=44 operator_name=PARTITION stage_kind=PARTITION operator_type=82 input_type=PIPELINEABLE output_type=PIPELINEABLE actual_gpu=2 pipeline_operator_count=1 input_batches=1 input_rows=5081816 input_columns=2 input_bytes=82579584 output_batches=4 output_rows=5081816 output_columns=8 output_bytes=81309056 byte_ratio=0.984615 row_ratio=1.000000 duration_us=12608
[2026-07-01 15:27:32.262] [info] [gpu_pipeline_task.cpp:311] [stage-audit] pipeline_id=16 task_id=24 operator_id=44 operator_name=PARTITION stage_kind=PARTITION operator_type=82 input_type=PIPELINEABLE output_type=PIPELINEABLE actual_gpu=0 pipeline_operator_count=1 input_batches=1 input_rows=5091376 input_columns=2 input_bytes=82734976 output_batches=4 output_rows=5091376 output_columns=8 output_bytes=81462016 byte_ratio=0.984614 row_ratio=1.000000 duration_us=7828
[2026-07-01 15:27:32.272] [info] [parquet_gpu_ingestible.cpp:696] [scan-audit] parquet_materialize target_gpu=1 files=/mnt/nvme/dataset/orders.parquet columns=o_orderkey,o_custkey,o_orderdate row_groups=272,273,274,275,276,277,278,279,280,281,282,283,284,285,286,287,288,289,290,291,292,293,294,295,296,297,298,299,300,301,302,303,304,305,306,307,308,309,310,311,312,313,314,315,316,317,318,319,320,321,322,323,324,325,326,327,328,329,330,331,332,333,334,335,336,337,338,339,340,341,342,343,344,345,346,347,348,349,350,351,352,353,354,355,356,357,358,359,360,361,362,363,364,365,366,367,368,369,370,371,372,373,374,375,376,377,378,379,380,381,382,383,384,385,386,387,388,389,390,391,392,393,394,395,396,397,398,399,400,401,402,403,404,405,406,407,408,409,410,411,412,413,414,415,416,417,418,419,420,421,422,423,424,425,426,427,428,429,430,431,432,433,434,435,436,437,438,439,440,441,442,443,444,445,446,447,448,449,450,451,452,453,454,455,456,457,458,459,460,461,462,463,464,465,466,467,468,469,470,471,472,473,474,475,476,477,478,479,480,481,482,483,484,485,486,487,488,489,490,491,492,493,494,495,496,497,498,499,500,501,502,503,504,505,506,507,508,509,510,511,512,513,514,515,516,517,518,519,520,521,522,523,524,525,526,527,528,529,530,531,532,533,534,535,536,537,538,539,540,541,542,543 compressed_bytes=365586313 uncompressed_bytes=536082432 column_bytes=o_orderkey:133603776:268041216,o_custkey:178940963:268041216,o_orderdate:53041574:53036683 output_rows=5083119 output_columns=3 split_count=1 duration_us=608702
[2026-07-01 15:27:32.272] [info] [gpu_pipeline_task.cpp:311] [stage-audit] pipeline_id=15 task_id=19 operator_id=42 operator_name=GPU_SCAN stage_kind=SCAN operator_type=94 input_type=GPU_SCAN output_type=PIPELINEABLE actual_gpu=1 pipeline_operator_count=1 input_batches=0 input_rows=0 input_columns=0 input_bytes=0 output_batches=1 output_rows=5083119 output_columns=2 output_bytes=82600688 byte_ratio=0.000000 row_ratio=0.000000 duration_us=619230
[2026-07-01 15:27:32.272] [info] [task_creator.cpp:352] [locality-audit] task_create operator_id=44 input_bytes=82600688 local_bytes=82600688 gpu_source_bytes=82600688 host_source_bytes=0 disk_source_bytes=0 gpu_sources=1 host_sources=0 preferred_device=1
[2026-07-01 15:27:32.272] [info] [task_scheduler.cpp:367] [mgpu-audit] pipeline_task dispatched to GPU 1 task_id=25
[2026-07-01 15:27:32.272] [info] [task_scheduler.cpp:369] [locality-audit] dispatch task_id=25 preferred_device=1 actual_gpu=1
[2026-07-01 15:27:32.272] [info] [gpu_pipeline_task.cpp:182] [locality-audit] prepare_before pipeline_id=16 task_id=25 preferred_device=1 actual_gpu=1 target_tier=GPU target_device=1 input_bytes=82600688 local_bytes=82600688 remote_gpu_bytes=0 host_bytes=0 disk_bytes=0 batch_count=1
[2026-07-01 15:27:32.272] [info] [gpu_pipeline_task.cpp:182] [locality-audit] prepare_after pipeline_id=16 task_id=25 preferred_device=1 actual_gpu=1 target_tier=GPU target_device=1 input_bytes=82600688 local_bytes=82600688 remote_gpu_bytes=0 host_bytes=0 disk_bytes=0 batch_count=1
[2026-07-01 15:27:32.281] [info] [gpu_pipeline_task.cpp:311] [stage-audit] pipeline_id=16 task_id=25 operator_id=44 operator_name=PARTITION stage_kind=PARTITION operator_type=82 input_type=PIPELINEABLE output_type=PIPELINEABLE actual_gpu=1 pipeline_operator_count=1 input_batches=1 input_rows=5083119 input_columns=2 input_bytes=82600688 output_batches=4 output_rows=5083119 output_columns=8 output_bytes=81329904 byte_ratio=0.984615 row_ratio=1.000000 duration_us=8238
[2026-07-01 15:27:32.301] [info] [parquet_gpu_ingestible.cpp:696] [scan-audit] parquet_materialize target_gpu=3 files=/mnt/nvme/dataset/orders.parquet columns=o_orderkey,o_custkey,o_orderdate row_groups=816,817,818,819,820,821,822,823,824,825,826,827,828,829,830,831,832,833,834,835,836,837,838,839,840,841,842,843,844,845,846,847,848,849,850,851,852,853,854,855,856,857,858,859,860,861,862,863,864,865,866,867,868,869,870,871,872,873,874,875,876,877,878,879,880,881,882,883,884,885,886,887,888,889,890,891,892,893,894,895,896,897,898,899,900,901,902,903,904,905,906,907,908,909,910,911,912,913,914,915,916,917,918,919,920,921,922,923,924,925,926,927,928,929,930,931,932,933,934,935,936,937,938,939,940,941,942,943,944,945,946,947,948,949,950,951,952,953,954,955,956,957,958,959,960,961,962,963,964,965,966,967,968,969,970,971,972,973,974,975,976,977,978,979,980,981,982,983,984,985,986,987,988,989,990,991,992,993,994,995,996,997,998,999,1000,1001,1002,1003,1004,1005,1006,1007,1008,1009,1010,1011,1012,1013,1014,1015,1016,1017,1018,1019,1020,1021,1022,1023,1024,1025,1026,1027,1028,1029,1030,1031,1032,1033,1034,1035,1036,1037,1038,1039,1040,1041,1042,1043,1044,1045,1046,1047,1048,1049,1050,1051,1052,1053,1054,1055,1056,1057,1058,1059,1060,1061,1062,1063,1064,1065,1066,1067,1068,1069,1070,1071,1072,1073,1074,1075,1076,1077,1078,1079,1080,1081,1082,1083,1084,1085,1086,1087 compressed_bytes=365590071 uncompressed_bytes=536097600 column_bytes=o_orderkey:133606440:268048800,o_custkey:178940219:268048800,o_orderdate:53043412:53038611 output_rows=5085389 output_columns=3 split_count=1 duration_us=637255
[2026-07-01 15:27:32.302] [info] [gpu_pipeline_task.cpp:311] [stage-audit] pipeline_id=15 task_id=21 operator_id=42 operator_name=GPU_SCAN stage_kind=SCAN operator_type=94 input_type=GPU_SCAN output_type=PIPELINEABLE actual_gpu=0 pipeline_operator_count=1 input_batches=0 input_rows=0 input_columns=0 input_bytes=0 output_batches=1 output_rows=5085389 output_columns=2 output_bytes=82637648 byte_ratio=0.000000 row_ratio=0.000000 duration_us=648938
[2026-07-01 15:27:32.302] [info] [task_creator.cpp:352] [locality-audit] task_create operator_id=44 input_bytes=82637648 local_bytes=82637648 gpu_source_bytes=82637648 host_source_bytes=0 disk_source_bytes=0 gpu_sources=1 host_sources=0 preferred_device=3
[2026-07-01 15:27:32.302] [info] [task_scheduler.cpp:367] [mgpu-audit] pipeline_task dispatched to GPU 3 task_id=26
[2026-07-01 15:27:32.302] [info] [task_scheduler.cpp:369] [locality-audit] dispatch task_id=26 preferred_device=3 actual_gpu=3
[2026-07-01 15:27:32.302] [info] [gpu_pipeline_task.cpp:182] [locality-audit] prepare_before pipeline_id=16 task_id=26 preferred_device=3 actual_gpu=0 target_tier=GPU target_device=3 input_bytes=82637648 local_bytes=82637648 remote_gpu_bytes=0 host_bytes=0 disk_bytes=0 batch_count=1
[2026-07-01 15:27:32.302] [info] [gpu_pipeline_task.cpp:182] [locality-audit] prepare_after pipeline_id=16 task_id=26 preferred_device=3 actual_gpu=0 target_tier=GPU target_device=3 input_bytes=82637648 local_bytes=82637648 remote_gpu_bytes=0 host_bytes=0 disk_bytes=0 batch_count=1
[2026-07-01 15:27:32.315] [info] [gpu_pipeline_task.cpp:311] [stage-audit] pipeline_id=16 task_id=26 operator_id=44 operator_name=PARTITION stage_kind=PARTITION operator_type=82 input_type=PIPELINEABLE output_type=PIPELINEABLE actual_gpu=0 pipeline_operator_count=1 input_batches=1 input_rows=5085389 input_columns=2 input_bytes=82637648 output_batches=4 output_rows=5085389 output_columns=8 output_bytes=81366224 byte_ratio=0.984614 row_ratio=1.000000 duration_us=12369
[2026-07-01 15:27:32.370] [info] [parquet_gpu_ingestible.cpp:696] [scan-audit] parquet_materialize target_gpu=0 files=/mnt/nvme/dataset/orders.parquet columns=o_orderkey,o_custkey,o_orderdate row_groups=1088,1089,1090,1091,1092,1093,1094,1095,1096,1097,1098,1099,1100,1101,1102,1103,1104,1105,1106,1107,1108,1109,1110,1111,1112,1113,1114,1115,1116,1117,1118,1119,1120,1121,1122,1123,1124,1125,1126,1127,1128,1129,1130,1131,1132,1133,1134,1135,1136,1137,1138,1139,1140,1141,1142,1143,1144,1145,1146,1147,1148,1149,1150,1151,1152,1153,1154,1155,1156,1157,1158,1159,1160,1161,1162,1163,1164,1165,1166,1167,1168,1169,1170,1171,1172,1173,1174,1175,1176,1177,1178,1179,1180,1181,1182,1183,1184,1185,1186,1187,1188,1189,1190,1191,1192,1193,1194,1195,1196,1197,1198,1199,1200,1201,1202,1203,1204,1205,1206,1207,1208,1209,1210,1211,1212,1213,1214,1215,1216,1217 compressed_bytes=173877515 uncompressed_bytes=254961436 column_bytes=o_orderkey:63543005:127480718,o_custkey:85102959:127480718,o_orderdate:25231551:25229260 output_rows=2419115 output_columns=3 split_count=1 duration_us=110139
[2026-07-01 15:27:32.371] [info] [gpu_pipeline_task.cpp:311] [stage-audit] pipeline_id=15 task_id=22 operator_id=42 operator_name=GPU_SCAN stage_kind=SCAN operator_type=94 input_type=GPU_SCAN output_type=PIPELINEABLE actual_gpu=0 pipeline_operator_count=1 input_batches=0 input_rows=0 input_columns=0 input_bytes=0 output_batches=1 output_rows=2419115 output_columns=2 output_bytes=39310640 byte_ratio=0.000000 row_ratio=0.000000 duration_us=116892
[2026-07-01 15:27:32.374] [info] [task_creator.cpp:352] [locality-audit] task_create operator_id=44 input_bytes=39310640 local_bytes=39310640 gpu_source_bytes=39310640 host_source_bytes=0 disk_source_bytes=0 gpu_sources=1 host_sources=0 preferred_device=0
[2026-07-01 15:27:32.374] [info] [task_scheduler.cpp:367] [mgpu-audit] pipeline_task dispatched to GPU 0 task_id=27
[2026-07-01 15:27:32.374] [info] [task_scheduler.cpp:369] [locality-audit] dispatch task_id=27 preferred_device=0 actual_gpu=0
[2026-07-01 15:27:32.374] [info] [gpu_pipeline_task.cpp:182] [locality-audit] prepare_before pipeline_id=16 task_id=27 preferred_device=0 actual_gpu=0 target_tier=GPU target_device=0 input_bytes=39310640 local_bytes=39310640 remote_gpu_bytes=0 host_bytes=0 disk_bytes=0 batch_count=1
[2026-07-01 15:27:32.374] [info] [gpu_pipeline_task.cpp:182] [locality-audit] prepare_after pipeline_id=16 task_id=27 preferred_device=0 actual_gpu=0 target_tier=GPU target_device=0 input_bytes=39310640 local_bytes=39310640 remote_gpu_bytes=0 host_bytes=0 disk_bytes=0 batch_count=1
[2026-07-01 15:27:32.376] [info] [gpu_pipeline_task.cpp:311] [stage-audit] pipeline_id=16 task_id=27 operator_id=44 operator_name=PARTITION stage_kind=PARTITION operator_type=82 input_type=PIPELINEABLE output_type=PIPELINEABLE actual_gpu=0 pipeline_operator_count=1 input_batches=1 input_rows=2419115 input_columns=2 input_bytes=39310640 output_batches=4 output_rows=2419115 output_columns=8 output_bytes=38705840 byte_ratio=0.984615 row_ratio=1.000000 duration_us=2601
[2026-07-01 15:27:32.377] [info] [task_scheduler.cpp:367] [mgpu-audit] pipeline_task dispatched to GPU 0 task_id=28
[2026-07-01 15:27:32.377] [info] [task_scheduler.cpp:369] [locality-audit] dispatch task_id=28 preferred_device=0 actual_gpu=0
[2026-07-01 15:27:32.377] [info] [task_scheduler.cpp:367] [mgpu-audit] pipeline_task dispatched to GPU 1 task_id=29
[2026-07-01 15:27:32.377] [info] [task_scheduler.cpp:369] [locality-audit] dispatch task_id=29 preferred_device=1 actual_gpu=1
[2026-07-01 15:27:32.377] [info] [task_scheduler.cpp:367] [mgpu-audit] pipeline_task dispatched to GPU 2 task_id=30
[2026-07-01 15:27:32.377] [info] [task_scheduler.cpp:369] [locality-audit] dispatch task_id=30 preferred_device=2 actual_gpu=2
[2026-07-01 15:27:32.377] [info] [task_scheduler.cpp:367] [mgpu-audit] pipeline_task dispatched to GPU 3 task_id=31
[2026-07-01 15:27:32.377] [info] [task_scheduler.cpp:369] [locality-audit] dispatch task_id=31 preferred_device=3 actual_gpu=3
[2026-07-01 15:27:32.377] [info] [gpu_pipeline_task.cpp:182] [locality-audit] prepare_before pipeline_id=17 task_id=28 preferred_device=0 actual_gpu=0 target_tier=GPU target_device=0 input_bytes=91137760 local_bytes=30065552 remote_gpu_bytes=61072208 host_bytes=0 disk_bytes=0 batch_count=5
[2026-07-01 15:27:32.377] [info] [gpu_pipeline_task.cpp:182] [locality-audit] prepare_before pipeline_id=17 task_id=30 preferred_device=2 actual_gpu=2 target_tier=GPU target_device=2 input_bytes=91005216 local_bytes=20329504 remote_gpu_bytes=70675712 host_bytes=0 disk_bytes=0 batch_count=5
[2026-07-01 15:27:32.377] [info] [gpu_pipeline_task.cpp:182] [locality-audit] prepare_before pipeline_id=17 task_id=31 preferred_device=3 actual_gpu=0 target_tier=GPU target_device=3 input_bytes=91184384 local_bytes=20358240 remote_gpu_bytes=70826144 host_bytes=0 disk_bytes=0 batch_count=5
[2026-07-01 15:27:32.378] [info] [gpu_pipeline_task.cpp:182] [locality-audit] prepare_before pipeline_id=17 task_id=29 preferred_device=1 actual_gpu=1 target_tier=GPU target_device=1 input_bytes=90845680 local_bytes=20269168 remote_gpu_bytes=70576512 host_bytes=0 disk_bytes=0 batch_count=5
[2026-07-01 15:27:32.382] [error] [sirius_physical_operator.cpp:103] pipelineable_operator_data: Unknown error at batch 27 preparing for processing, state: 0: CUDA error at: /home/dy1013/sirius_multi-gpu/cucascade/src/data/representation_converter.cpp:703: cudaErrorInvalidValue invalid argument
[2026-07-01 15:27:32.382] [error] [gpu_pipeline_task.cpp:1048] Unknown error in prepare_for_processing for pipeline 17: CUDA error at: /home/dy1013/sirius_multi-gpu/cucascade/src/data/representation_converter.cpp:703: cudaErrorInvalidValue invalid argument
[2026-07-01 15:27:32.382] [error] [gpu_pipeline_executor.cpp:400] GPU Pipeline Executor: Exception during task execution: CUDA error at: /home/dy1013/sirius_multi-gpu/cucascade/src/data/representation_converter.cpp:703: cudaErrorInvalidValue invalid argument
[2026-07-01 15:27:32.383] [error] [sirius_physical_operator.cpp:103] pipelineable_operator_data: Unknown error at batch 26 preparing for processing, state: 0: CUDA error at: /home/dy1013/sirius_multi-gpu/cucascade/src/data/representation_converter.cpp:703: cudaErrorInvalidValue invalid argument
[2026-07-01 15:27:32.383] [error] [gpu_pipeline_task.cpp:1048] Unknown error in prepare_for_processing for pipeline 17: CUDA error at: /home/dy1013/sirius_multi-gpu/cucascade/src/data/representation_converter.cpp:703: cudaErrorInvalidValue invalid argument
[2026-07-01 15:27:32.383] [error] [gpu_pipeline_executor.cpp:400] GPU Pipeline Executor: Exception during task execution: CUDA error at: /home/dy1013/sirius_multi-gpu/cucascade/src/data/representation_converter.cpp:703: cudaErrorInvalidValue invalid argument
[2026-07-01 15:27:32.383] [info] [gpu_pipeline_task.cpp:182] [locality-audit] prepare_after pipeline_id=17 task_id=28 preferred_device=0 actual_gpu=0 target_tier=GPU target_device=0 input_bytes=91137760 local_bytes=91137760 remote_gpu_bytes=0 host_bytes=0 disk_bytes=0 batch_count=5
[2026-07-01 15:27:32.386] [info] [gpu_pipeline_task.cpp:182] [locality-audit] prepare_after pipeline_id=17 task_id=31 preferred_device=3 actual_gpu=0 target_tier=GPU target_device=3 input_bytes=91184384 local_bytes=91184384 remote_gpu_bytes=0 host_bytes=0 disk_bytes=0 batch_count=5
[2026-07-01 15:27:32.386] [info] [gpu_pipeline_task.cpp:311] [stage-audit] pipeline_id=17 task_id=28 operator_id=43 operator_name=CONCAT stage_kind=CONCAT operator_type=83 input_type=PARTITIONED output_type=PARTITIONED actual_gpu=0 pipeline_operator_count=1 input_batches=5 input_rows=5696110 input_columns=10 input_bytes=91137760 output_batches=1 output_rows=5696110 output_columns=2 output_bytes=91137760 byte_ratio=1.000000 row_ratio=1.000000 duration_us=2665
[2026-07-01 15:27:32.387] [info] [gpu_pipeline_task.cpp:311] [stage-audit] pipeline_id=17 task_id=31 operator_id=43 operator_name=CONCAT stage_kind=CONCAT operator_type=83 input_type=PARTITIONED output_type=PARTITIONED actual_gpu=0 pipeline_operator_count=1 input_batches=5 input_rows=5699024 input_columns=10 input_bytes=91184384 output_batches=1 output_rows=5699024 output_columns=2 output_bytes=91184384 byte_ratio=1.000000 row_ratio=1.000000 duration_us=1038
[2026-07-01 15:27:32.387] [error] [sirius_engine.cpp:178] Error executing query: CUDA error at: /home/dy1013/sirius_multi-gpu/cucascade/src/data/representation_converter.cpp:703: cudaErrorInvalidValue invalid argument
[2026-07-01 15:27:32.387] [info] [task_scheduler.cpp:189] task_scheduler: draining after error
[2026-07-01 15:27:32.387] [info] [gpu_pipeline_executor.cpp:118] GPU Pipeline Executor: task queue interrupted, stopping manager loop
[2026-07-01 15:27:32.387] [info] [gpu_pipeline_executor.cpp:118] GPU Pipeline Executor: task queue interrupted, stopping manager loop
[2026-07-01 15:27:32.387] [info] [gpu_pipeline_executor.cpp:118] GPU Pipeline Executor: task queue interrupted, stopping manager loop
[2026-07-01 15:27:32.387] [info] [gpu_pipeline_executor.cpp:118] GPU Pipeline Executor: task queue interrupted, stopping manager loop
[2026-07-01 15:27:32.387] [info] [task_scheduler.cpp:232] task_scheduler: DONE draining after error
[2026-07-01 15:27:32.387] [error] [sirius_interface.cpp:201] Error in sirius_execute_pending_query_result: CUDA error at: /home/dy1013/sirius_multi-gpu/cucascade/src/data/representation_converter.cpp:703: cudaErrorInvalidValue invalid argument
[2026-07-01 15:27:32.387] [error] [physical_sirius_execution.cpp:156] Transparent GPU execution error: Invalid Error: CUDA error at: /home/dy1013/sirius_multi-gpu/cucascade/src/data/representation_converter.cpp:703: cudaErrorInvalidValue invalid argument
[2026-07-01 15:27:32.438] [info] [sirius_context.cpp:258] QueryEnd
[2026-07-01 15:27:32.464] [warning] [sirius_context.cpp:274] SiriusContext::QueryEnd: operator 21 port 'build' still had 4 un-consumed data batch(es) (memory leak).
[2026-07-01 15:27:32.464] [warning] [sirius_context.cpp:274] SiriusContext::QueryEnd: operator 21 port 'default' still had 2 un-consumed data batch(es) (memory leak).
[2026-07-01 15:27:32.464] [info] [:] [host_pool] HOST:0 QueryEnd allocated=5242880 bytes peak=124780544 bytes free_blocks=507
[2026-07-01 15:27:32.464] [info] [:] [gpu_pool] GPU:0 QueryEnd allocated=1792 bytes peak=4312948992 bytes reserved=0 bytes
[2026-07-01 15:27:32.464] [info] [:] [gpu_pool] GPU:1 QueryEnd allocated=0 bytes peak=4306754304 bytes reserved=0 bytes
[2026-07-01 15:27:32.464] [info] [:] [gpu_pool] GPU:2 QueryEnd allocated=0 bytes peak=4306669312 bytes reserved=0 bytes
[2026-07-01 15:27:32.464] [info] [:] [gpu_pool] GPU:3 QueryEnd allocated=73087744 bytes peak=4379970048 bytes reserved=0 bytes
[2026-07-01 15:27:32.465] [info] [sirius_context.cpp:1013] Connection closed.
[2026-07-01 15:27:32.469] [info] [task_scheduler.cpp:295] Task request channel closed, exiting management event loop.
[2026-07-01 15:27:32.469] [info] [gpu_pipeline_executor.cpp:118] GPU Pipeline Executor: task queue interrupted, stopping manager loop
[2026-07-01 15:27:32.469] [info] [gpu_pipeline_executor.cpp:118] GPU Pipeline Executor: task queue interrupted, stopping manager loop
[2026-07-01 15:27:32.469] [info] [gpu_pipeline_executor.cpp:118] GPU Pipeline Executor: task queue interrupted, stopping manager loop
[2026-07-01 15:27:32.470] [info] [gpu_pipeline_executor.cpp:118] GPU Pipeline Executor: task queue interrupted, stopping manager loop
