[2026-07-08 15:48:22.810] [info] [sirius_context.cpp:957] Loaded Sirius configuration from file: /home/dy1013/sirius_multi-gpu/experiment/fixed_page_runs/page_auto_q12_check/configs/sirius_1gpu.yaml
[2026-07-08 15:48:22.824] [info] [telemetry_context.cpp:78] Telemetry context initialized (engine=siriusDB)
[2026-07-08 15:48:22.824] [info] [sirius_context.cpp:296] SiriusContext: topology summary — 1 GPU(s), 1 NUMA node(s), host='hicys76'
[2026-07-08 15:48:22.824] [info] [sirius_context.cpp:301]   GPU 0: NVIDIA RTX A5000 (numa=0, pci=00000000:16:00.0)
[2026-07-08 15:48:22.950] [warning] [sirius_context.cpp:311] SiriusContext: disk memory space is not configured; spilling GPU or HOST data to disk is disabled. If queries run out of GPU/HOST memory, downgrades to disk will not be possible.
[2026-07-08 15:48:22.950] [info] [sirius_context.cpp:323] SiriusContext: 1 host memory space(s) created for 1 NUMA node(s)
[2026-07-08 15:48:22.950] [info] [sirius_context.cpp:386] SiriusContext: skipping peer-access enable loop (num_gpus=1); single-GPU host has no pairs to enable
[2026-07-08 15:48:22.968] [info] [sirius_context.cpp:436] SiriusContext: cuDF pinned memory resource configured (NUMA-aware, max slab 8192 B, fallback node=0)
[2026-07-08 15:48:22.971] [info] [sirius_context.cpp:918] Connection opened.
[2026-07-08 15:48:22.971] [info] [sirius_context.cpp:931] Extension loaded: sirius
[2026-07-08 15:48:22.971] [info] [sirius_context.cpp:217] QueryEnd
[2026-07-08 15:48:22.980] [info] [:] [host_pool] HOST:0 QueryEnd allocated=67108864 bytes peak=67108864 bytes free_blocks=448
[2026-07-08 15:48:22.980] [info] [:] [gpu_pool] GPU:0 QueryEnd allocated=0 bytes peak=0 bytes reserved=0 bytes
[2026-07-08 15:48:22.980] [info] [:] [host_pool] HOST:0 QueryBegin allocated=67108864 bytes peak=67108864 bytes free_blocks=448
[2026-07-08 15:48:22.980] [info] [:] [gpu_pool] GPU:0 QueryBegin allocated=0 bytes peak=0 bytes reserved=0 bytes
[2026-07-08 15:48:22.980] [info] [sirius_context.cpp:201] QueryBegin: SQL: SET gpu_execution = true;
[2026-07-08 15:48:22.981] [info] [sirius_context.cpp:217] QueryEnd
[2026-07-08 15:48:22.990] [info] [:] [host_pool] HOST:0 QueryEnd allocated=67108864 bytes peak=67108864 bytes free_blocks=448
[2026-07-08 15:48:22.990] [info] [:] [gpu_pool] GPU:0 QueryEnd allocated=0 bytes peak=0 bytes reserved=0 bytes
[2026-07-08 15:48:22.990] [info] [:] [host_pool] HOST:0 QueryBegin allocated=67108864 bytes peak=67108864 bytes free_blocks=448
[2026-07-08 15:48:22.990] [info] [:] [gpu_pool] GPU:0 QueryBegin allocated=0 bytes peak=0 bytes reserved=0 bytes
[2026-07-08 15:48:22.990] [info] [sirius_context.cpp:201] QueryBegin: SQL: select l.l_shipmode, sum(case when o.o_orderpriority = '1-URGENT' or o.o_orderpriority = '2-HIGH' then 1 else 0 end) as high_line_count, sum(case when o.o_orderpriority <> '1-URGENT' and o.o_orderpriority <> '2-HIGH' then 1 else 0 end) as low_line_count from orders o, lineitem l where o.o_orderkey = l.l_orderkey and l.l_shipmode in ('TRUCK', 'REG AIR') and l.l_commitdate < l.l_receiptdate and l.l_shipdate < l.l_commitdate and l.l_receiptdate >= date '1994-01-01' and l.l_receiptdate < date '1995-01-01' group by l.l_shipmode order by l.l_shipmode
[2026-07-08 15:48:23.283] [info] [sirius_plan_get.cpp:267] [sirius_plan_get] LogicalGet has dynamic_filters attached (channel key=0x613273dd2700).
[2026-07-08 15:48:23.283] [info] [sirius_plan_comparison_join.cpp:601] [sirius_plan_comparison_join] Wired hash join with 1 dynamic-filter probe target(s) (build est 600037902 rows).
[2026-07-08 15:48:23.291] [info] [sirius_context.cpp:865] Transparent execution: Sirius physical plan generated successfully
[2026-07-08 15:48:23.310] [info] [sirius_context.cpp:877] Transparent execution: physical plan replaced with GPU operator
[2026-07-08 15:48:23.310] [info] [physical_sirius_execution.cpp:97] Transparent GPU execution: executing query
[2026-07-08 15:48:23.362] [info] [sirius_plan_get.cpp:267] [sirius_plan_get] LogicalGet has dynamic_filters attached (channel key=0x613273dd2700).
[2026-07-08 15:48:23.362] [info] [sirius_plan_comparison_join.cpp:601] [sirius_plan_comparison_join] Wired hash join with 1 dynamic-filter probe target(s) (build est 600037902 rows).
[2026-07-08 15:48:23.362] [info] [sirius_engine.cpp:375] Query Plan:
=== Pipeline Overview ===
Pipeline #0: GPU_SCAN (id=15) -> FILTER (id=9)
  Output: -> PARTITION [port: default, barrier: FULL]
Pipeline #1: PARTITION (id=17)
  Input: <- Pipeline #0 [on: PARTITION (id=17), port: default, barrier: FULL]
  Dependencies: Pipeline #0
  Output: -> CONCAT [port: default, barrier: PARTIAL]
Pipeline #2: CONCAT (id=16)
  Input: <- Pipeline #1 [on: CONCAT (id=16), port: default, barrier: PARTIAL]
  Dependencies: Pipeline #1
  Output: -> HASH_JOIN [port: build, barrier: FULL]
Pipeline #3: GPU_SCAN (id=18) -> DYNAMIC_FILTER (id=19)
  Output: -> PARTITION [port: default, barrier: PARTIAL]
Pipeline #4: PARTITION (id=21)
  Input: <- Pipeline #3 [on: PARTITION (id=21), port: default, barrier: PARTIAL]
  Dependencies: Pipeline #3
  Output: -> CONCAT [port: default, barrier: PARTIAL]
Pipeline #5: CONCAT (id=20)
  Input: <- Pipeline #4 [on: CONCAT (id=20), port: default, barrier: PARTIAL]
  Dependencies: Pipeline #4
  Output: -> HASH_JOIN [port: default, barrier: FULL]
Pipeline #6: HASH_JOIN (id=10) -> PROJECTION (id=11) -> HASH_GROUP_BY (id=12)
  Input: <- Pipeline #5 [on: HASH_JOIN (id=10), port: default, barrier: FULL]
  Input: <- Pipeline #2 [on: HASH_JOIN (id=10), port: build, barrier: FULL]
  Dependencies: Pipeline #2, Pipeline #5
  Output: -> PARTITION [port: default, barrier: FULL]
Pipeline #7: PARTITION (id=22)
  Input: <- Pipeline #6 [on: PARTITION (id=22), port: default, barrier: FULL]
  Dependencies: Pipeline #6
  Output: -> MERGE_GROUP_BY [port: default, barrier: FULL]
Pipeline #8: MERGE_GROUP_BY (id=23)
  Input: <- Pipeline #7 [on: MERGE_GROUP_BY (id=23), port: default, barrier: FULL]
  Dependencies: Pipeline #7
  Output: -> ORDER_BY [port: default, barrier: FULL]
Pipeline #9: ORDER_BY (id=13)
  Input: <- Pipeline #8 [on: ORDER_BY (id=13), port: default, barrier: FULL]
  Dependencies: Pipeline #8
  Output: -> SORT_SAMPLE [port: default, barrier: PIPELINE]
Pipeline #10: SORT_SAMPLE (id=24) -> SORT_PARTITION (id=25)
  Input: <- Pipeline #9 [on: SORT_SAMPLE (id=24), port: default, barrier: PIPELINE]
  Dependencies: Pipeline #9
  Output: -> MERGE_SORT [port: default, barrier: FULL]
Pipeline #11: MERGE_SORT (id=26)
  Input: <- Pipeline #10 [on: MERGE_SORT (id=26), port: default, barrier: FULL]
  Dependencies: Pipeline #10
  Output: -> RESULT_COLLECTOR [port: default, barrier: FULL]
Pipeline #12: RESULT_COLLECTOR (id=14)
  Input: <- Pipeline #11 [on: RESULT_COLLECTOR (id=14), port: default, barrier: FULL]
  Dependencies: Pipeline #11

=== Query Plan DAG ===
┌──────────────────────────┐                            
│ Pipeline #12             │                            
│ RESULT_COLLECTOR (id=14) │                            
│ Input(#11): FULL         │                            
└────────────┬─────────────┘                            
             │                                          
┌──────────────────────────┐                            
│ Pipeline #11             │                            
│ MERGE_SORT (id=26)       │                            
│ Input(#10): FULL         │                            
└────────────┬─────────────┘                            
             │                                          
┌──────────────────────────┐                            
│ Pipeline #10             │                            
│ SORT_PARTITION (id=25)   │                            
│ SORT_SAMPLE (id=24)      │                            
│ Input(#9): PIPELINE      │                            
└────────────┬─────────────┘                            
             │                                          
┌──────────────────────────┐                            
│ Pipeline #9              │                            
│ ORDER_BY (id=13)         │                            
│ Input(#8): FULL          │                            
└────────────┬─────────────┘                            
             │                                          
┌──────────────────────────┐                            
│ Pipeline #8              │                            
│ MERGE_GROUP_BY (id=23)   │                            
│ Input(#7): FULL          │                            
└────────────┬─────────────┘                            
             │                                          
┌──────────────────────────┐                            
│ Pipeline #7              │                            
│ PARTITION (id=22)        │                            
│ Input(#6): FULL          │                            
└────────────┬─────────────┘                            
             │                                          
┌──────────────────────────┐                            
│ Pipeline #6              │                            
│ HASH_GROUP_BY (id=12)    │                            
│ PROJECTION (id=11)       │                            
│ HASH_JOIN (id=10)        │                            
│   type: INNER            │                            
│ Input(#5): FULL          │                            
│ Input(#2): FULL          │                            
└────────────┬─────────────┘                            
             ┌───────────────────────────┐              
             │                           │              
┌──────────────────────────┐┌──────────────────────────┐
│ Pipeline #2              ││ Pipeline #5              │
│ CONCAT (id=16)           ││ CONCAT (id=20)           │
│ Input(#1): PARTIAL       ││ Input(#4): PARTIAL       │
└────────────┬─────────────┘└────────────┬─────────────┘
             │                           │              
┌──────────────────────────┐┌──────────────────────────┐
│ Pipeline #1              ││ Pipeline #4              │
│ PARTITION (id=17)        ││ PARTITION (id=21)        │
│ Input(#0): FULL          ││ Input(#3): PARTIAL       │
└────────────┬─────────────┘└────────────┬─────────────┘
             │                           │              
┌──────────────────────────┐┌──────────────────────────┐
│ Pipeline #0              ││ Pipeline #3              │
│ FILTER (id=9)            ││ DYNAMIC_FILTER (id=19)   │
│ GPU_SCAN (id=15)         ││ GPU_SCAN (id=18)         │
└──────────────────────────┘└──────────────────────────┘

[2026-07-08 15:48:23.465] [info] [parquet_gpu_ingestible.cpp:230] [coalesce-debug] parquet_batch_coalescer emit #1: 1 slice(s), acc_bytes=535436089, cap=536870912
[2026-07-08 15:48:23.465] [info] [parquet_gpu_ingestible.cpp:230] [coalesce-debug] parquet_batch_coalescer emit #2: 1 slice(s), acc_bytes=534003400, cap=536870912
[2026-07-08 15:48:23.465] [info] [parquet_gpu_ingestible.cpp:230] [coalesce-debug] parquet_batch_coalescer emit #3: 1 slice(s), acc_bytes=534010221, cap=536870912
[2026-07-08 15:48:23.465] [info] [parquet_gpu_ingestible.cpp:230] [coalesce-debug] parquet_batch_coalescer emit #4: 1 slice(s), acc_bytes=534012907, cap=536870912
[2026-07-08 15:48:23.465] [info] [parquet_gpu_ingestible.cpp:230] [coalesce-debug] parquet_batch_coalescer emit #5: 1 slice(s), acc_bytes=535548935, cap=536870912
[2026-07-08 15:48:23.465] [info] [parquet_gpu_ingestible.cpp:230] [coalesce-debug] parquet_batch_coalescer emit #6: 1 slice(s), acc_bytes=535704849, cap=536870912
[2026-07-08 15:48:23.465] [info] [parquet_gpu_ingestible.cpp:230] [coalesce-debug] parquet_batch_coalescer emit #7: 1 slice(s), acc_bytes=535702297, cap=536870912
[2026-07-08 15:48:23.465] [info] [parquet_gpu_ingestible.cpp:230] [coalesce-debug] parquet_batch_coalescer emit #8: 1 slice(s), acc_bytes=535704936, cap=536870912
[2026-07-08 15:48:23.465] [info] [parquet_gpu_ingestible.cpp:230] [coalesce-debug] parquet_batch_coalescer emit #9: 1 slice(s), acc_bytes=535700947, cap=536870912
[2026-07-08 15:48:23.465] [info] [parquet_gpu_ingestible.cpp:230] [coalesce-debug] parquet_batch_coalescer emit #10: 1 slice(s), acc_bytes=535695564, cap=536870912
[2026-07-08 15:48:23.465] [info] [parquet_gpu_ingestible.cpp:230] [coalesce-debug] parquet_batch_coalescer emit #11: 1 slice(s), acc_bytes=535692301, cap=536870912
[2026-07-08 15:48:23.465] [info] [parquet_gpu_ingestible.cpp:230] [coalesce-debug] parquet_batch_coalescer emit #12: 1 slice(s), acc_bytes=535707119, cap=536870912
[2026-07-08 15:48:23.465] [info] [parquet_gpu_ingestible.cpp:230] [coalesce-debug] parquet_batch_coalescer emit #13: 1 slice(s), acc_bytes=535689980, cap=536870912
[2026-07-08 15:48:23.465] [info] [parquet_gpu_ingestible.cpp:230] [coalesce-debug] parquet_batch_coalescer emit #14: 1 slice(s), acc_bytes=535718432, cap=536870912
[2026-07-08 15:48:23.465] [info] [parquet_gpu_ingestible.cpp:230] [coalesce-debug] parquet_batch_coalescer emit #15: 1 slice(s), acc_bytes=535730034, cap=536870912
[2026-07-08 15:48:23.465] [info] [parquet_gpu_ingestible.cpp:230] [coalesce-debug] parquet_batch_coalescer emit #16: 1 slice(s), acc_bytes=535714170, cap=536870912
[2026-07-08 15:48:23.465] [info] [parquet_gpu_ingestible.cpp:230] [coalesce-debug] parquet_batch_coalescer emit #17: 1 slice(s), acc_bytes=535700862, cap=536870912
[2026-07-08 15:48:23.465] [info] [parquet_gpu_ingestible.cpp:230] [coalesce-debug] parquet_batch_coalescer emit #18: 1 slice(s), acc_bytes=535696305, cap=536870912
[2026-07-08 15:48:23.465] [info] [parquet_gpu_ingestible.cpp:230] [coalesce-debug] parquet_batch_coalescer emit #19: 1 slice(s), acc_bytes=535696174, cap=536870912
[2026-07-08 15:48:23.465] [info] [parquet_gpu_ingestible.cpp:230] [coalesce-debug] parquet_batch_coalescer emit #20: 1 slice(s), acc_bytes=535700220, cap=536870912
[2026-07-08 15:48:23.465] [info] [parquet_gpu_ingestible.cpp:230] [coalesce-debug] parquet_batch_coalescer emit #21: 1 slice(s), acc_bytes=535713245, cap=536870912
[2026-07-08 15:48:23.465] [info] [parquet_gpu_ingestible.cpp:230] [coalesce-debug] parquet_batch_coalescer emit #22: 1 slice(s), acc_bytes=535708324, cap=536870912
[2026-07-08 15:48:23.465] [info] [parquet_gpu_ingestible.cpp:230] [coalesce-debug] parquet_batch_coalescer emit #23: 1 slice(s), acc_bytes=535700366, cap=536870912
[2026-07-08 15:48:23.465] [info] [parquet_gpu_ingestible.cpp:230] [coalesce-debug] parquet_batch_coalescer emit #24: 1 slice(s), acc_bytes=535705941, cap=536870912
[2026-07-08 15:48:23.465] [info] [parquet_gpu_ingestible.cpp:230] [coalesce-debug] parquet_batch_coalescer emit #25: 1 slice(s), acc_bytes=535709161, cap=536870912
[2026-07-08 15:48:23.465] [info] [parquet_gpu_ingestible.cpp:230] [coalesce-debug] parquet_batch_coalescer emit #26: 1 slice(s), acc_bytes=535693261, cap=536870912
[2026-07-08 15:48:23.465] [info] [parquet_gpu_ingestible.cpp:230] [coalesce-debug] parquet_batch_coalescer emit #27: 1 slice(s), acc_bytes=535702199, cap=536870912
[2026-07-08 15:48:23.465] [info] [parquet_gpu_ingestible.cpp:230] [coalesce-debug] parquet_batch_coalescer emit #28: 1 slice(s), acc_bytes=535108465, cap=536870912
[2026-07-08 15:48:23.466] [info] [load_balancing_scan_batch_coalescer.cpp:96] [coalesce-debug] load_balancer emit pipeline=0 -> preferred GPU 0
[2026-07-08 15:48:23.576] [info] [load_balancing_scan_batch_coalescer.cpp:96] [coalesce-debug] load_balancer emit pipeline=0 -> preferred GPU 0
[2026-07-08 15:48:23.613] [info] [task_scheduler.cpp:462] [mgpu-audit] pipeline_task dispatched to GPU 0 task_id=0
[2026-07-08 15:48:23.613] [info] [task_scheduler.cpp:464] [locality-audit] dispatch task_id=0 preferred_device=0 actual_gpu=0
[2026-07-08 15:48:23.713] [info] [load_balancing_scan_batch_coalescer.cpp:96] [coalesce-debug] load_balancer emit pipeline=0 -> preferred GPU 0
[2026-07-08 15:48:23.726] [info] [task_scheduler.cpp:462] [mgpu-audit] pipeline_task dispatched to GPU 0 task_id=1
[2026-07-08 15:48:23.726] [info] [task_scheduler.cpp:464] [locality-audit] dispatch task_id=1 preferred_device=0 actual_gpu=0
[2026-07-08 15:48:23.849] [info] [load_balancing_scan_batch_coalescer.cpp:96] [coalesce-debug] load_balancer emit pipeline=0 -> preferred GPU 0
[2026-07-08 15:48:23.889] [info] [sirius_scan_manager.cpp:1475] [fixed-page-cache] page_directory indexed table='__wdy_auto_fixed_page:/mnt/nvme/dataset/lineitem.parquet;' fixed_cols=4 pages=29 resident_pages=29 resident_bytes=428261020 stats_pages=29 evicted_pages=0 eviction_count=0 directory_entries=29 page_bytes=16777216 rows=21413051 owned_pages=1
[2026-07-08 15:48:23.889] [info] [parquet_gpu_ingestible.cpp:712] [fixed-page-cache] auto_cache_populate table='__wdy_auto_fixed_page:/mnt/nvme/dataset/lineitem.parquet;' rows=21413051 columns=5
[2026-07-08 15:48:23.901] [info] [gpu_pipeline_task.cpp:321] [stage-audit] pipeline_id=0 task_id=0 operator_id=15 operator_name=GPU_SCAN stage_kind=SCAN operator_type=94 input_type=GPU_SCAN output_type=PIPELINEABLE actual_gpu=0 pipeline_operator_count=2 input_batches=0 input_rows=0 input_columns=0 input_bytes=0 output_batches=1 output_rows=3165348 output_columns=5 output_bytes=91512059 byte_ratio=0.000000 row_ratio=0.000000 duration_us=248833
[2026-07-08 15:48:23.903] [info] [gpu_pipeline_task.cpp:321] [stage-audit] pipeline_id=0 task_id=0 operator_id=9 operator_name=FILTER stage_kind=FILTER operator_type=12 input_type=PIPELINEABLE output_type=PIPELINEABLE actual_gpu=0 pipeline_operator_count=2 input_batches=1 input_rows=3165348 input_columns=5 input_bytes=91512059 output_batches=1 output_rows=111373 output_columns=2 output_bytes=2032335 byte_ratio=0.022208 row_ratio=0.035185 duration_us=1687
[2026-07-08 15:48:23.903] [info] [task_scheduler.cpp:462] [mgpu-audit] pipeline_task dispatched to GPU 0 task_id=2
[2026-07-08 15:48:23.903] [info] [task_scheduler.cpp:464] [locality-audit] dispatch task_id=2 preferred_device=0 actual_gpu=0
[2026-07-08 15:48:23.996] [info] [load_balancing_scan_batch_coalescer.cpp:96] [coalesce-debug] load_balancer emit pipeline=0 -> preferred GPU 0
[2026-07-08 15:48:24.173] [info] [sirius_scan_manager.cpp:1475] [fixed-page-cache] page_directory indexed table='__wdy_auto_fixed_page:/mnt/nvme/dataset/lineitem.parquet;' fixed_cols=4 pages=29 resident_pages=29 resident_bytes=427111980 stats_pages=29 evicted_pages=0 eviction_count=0 directory_entries=29 page_bytes=16777216 rows=21355599 owned_pages=1
[2026-07-08 15:48:24.174] [info] [parquet_gpu_ingestible.cpp:712] [fixed-page-cache] auto_cache_populate table='__wdy_auto_fixed_page:/mnt/nvme/dataset/lineitem.parquet;' rows=21355599 columns=5
[2026-07-08 15:48:24.178] [info] [load_balancing_scan_batch_coalescer.cpp:96] [coalesce-debug] load_balancer emit pipeline=0 -> preferred GPU 0
[2026-07-08 15:48:24.180] [info] [gpu_pipeline_task.cpp:321] [stage-audit] pipeline_id=0 task_id=1 operator_id=15 operator_name=GPU_SCAN stage_kind=SCAN operator_type=94 input_type=GPU_SCAN output_type=PIPELINEABLE actual_gpu=0 pipeline_operator_count=2 input_batches=0 input_rows=0 input_columns=0 input_bytes=0 output_batches=1 output_rows=3151262 output_columns=5 output_bytes=91105742 byte_ratio=0.000000 row_ratio=0.000000 duration_us=239812
[2026-07-08 15:48:24.181] [info] [gpu_pipeline_task.cpp:321] [stage-audit] pipeline_id=0 task_id=1 operator_id=9 operator_name=FILTER stage_kind=FILTER operator_type=12 input_type=PIPELINEABLE output_type=PIPELINEABLE actual_gpu=0 pipeline_operator_count=2 input_batches=1 input_rows=3151262 input_columns=5 input_bytes=91105742 output_batches=1 output_rows=111660 output_columns=2 output_bytes=2037886 byte_ratio=0.022368 row_ratio=0.035433 duration_us=1558
[2026-07-08 15:48:24.182] [info] [task_scheduler.cpp:462] [mgpu-audit] pipeline_task dispatched to GPU 0 task_id=3
[2026-07-08 15:48:24.182] [info] [task_scheduler.cpp:464] [locality-audit] dispatch task_id=3 preferred_device=0 actual_gpu=0
[2026-07-08 15:48:24.359] [info] [load_balancing_scan_batch_coalescer.cpp:96] [coalesce-debug] load_balancer emit pipeline=0 -> preferred GPU 0
[2026-07-08 15:48:24.497] [info] [sirius_scan_manager.cpp:1475] [fixed-page-cache] page_directory indexed table='__wdy_auto_fixed_page:/mnt/nvme/dataset/lineitem.parquet;' fixed_cols=4 pages=29 resident_pages=29 resident_bytes=427117420 stats_pages=29 evicted_pages=0 eviction_count=0 directory_entries=29 page_bytes=16777216 rows=21355871 owned_pages=1
[2026-07-08 15:48:24.497] [info] [parquet_gpu_ingestible.cpp:712] [fixed-page-cache] auto_cache_populate table='__wdy_auto_fixed_page:/mnt/nvme/dataset/lineitem.parquet;' rows=21355871 columns=5
[2026-07-08 15:48:24.500] [info] [sirius_scan_manager.cpp:1475] [fixed-page-cache] page_directory indexed table='__wdy_auto_fixed_page:/mnt/nvme/dataset/lineitem.parquet;' fixed_cols=4 pages=29 resident_pages=29 resident_bytes=427119380 stats_pages=29 evicted_pages=0 eviction_count=0 directory_entries=29 page_bytes=16777216 rows=21355969 owned_pages=1
[2026-07-08 15:48:24.500] [info] [parquet_gpu_ingestible.cpp:712] [fixed-page-cache] auto_cache_populate table='__wdy_auto_fixed_page:/mnt/nvme/dataset/lineitem.parquet;' rows=21355969 columns=5
[2026-07-08 15:48:24.503] [info] [gpu_pipeline_task.cpp:321] [stage-audit] pipeline_id=0 task_id=2 operator_id=15 operator_name=GPU_SCAN stage_kind=SCAN operator_type=94 input_type=GPU_SCAN output_type=PIPELINEABLE actual_gpu=0 pipeline_operator_count=2 input_batches=0 input_rows=0 input_columns=0 input_bytes=0 output_batches=1 output_rows=3151920 output_columns=5 output_bytes=91123134 byte_ratio=0.000000 row_ratio=0.000000 duration_us=276217
[2026-07-08 15:48:24.505] [info] [gpu_pipeline_task.cpp:321] [stage-audit] pipeline_id=0 task_id=3 operator_id=15 operator_name=GPU_SCAN stage_kind=SCAN operator_type=94 input_type=GPU_SCAN output_type=PIPELINEABLE actual_gpu=0 pipeline_operator_count=2 input_batches=0 input_rows=0 input_columns=0 input_bytes=0 output_batches=1 output_rows=3151828 output_columns=5 output_bytes=91119929 byte_ratio=0.000000 row_ratio=0.000000 duration_us=280010
[2026-07-08 15:48:24.505] [info] [gpu_pipeline_task.cpp:321] [stage-audit] pipeline_id=0 task_id=2 operator_id=9 operator_name=FILTER stage_kind=FILTER operator_type=12 input_type=PIPELINEABLE output_type=PIPELINEABLE actual_gpu=0 pipeline_operator_count=2 input_batches=1 input_rows=3151920 input_columns=5 input_bytes=91123134 output_batches=1 output_rows=109599 output_columns=2 output_bytes=2000609 byte_ratio=0.021955 row_ratio=0.034772 duration_us=1133
[2026-07-08 15:48:24.505] [info] [gpu_pipeline_task.cpp:321] [stage-audit] pipeline_id=0 task_id=3 operator_id=9 operator_name=FILTER stage_kind=FILTER operator_type=12 input_type=PIPELINEABLE output_type=PIPELINEABLE actual_gpu=0 pipeline_operator_count=2 input_batches=1 input_rows=3151828 input_columns=5 input_bytes=91119929 output_batches=1 output_rows=111061 output_columns=2 output_bytes=2026779 byte_ratio=0.022243 row_ratio=0.035237 duration_us=640
[2026-07-08 15:48:24.546] [info] [load_balancing_scan_batch_coalescer.cpp:96] [coalesce-debug] load_balancer emit pipeline=0 -> preferred GPU 0
[2026-07-08 15:48:24.725] [info] [load_balancing_scan_batch_coalescer.cpp:96] [coalesce-debug] load_balancer emit pipeline=0 -> preferred GPU 0
[2026-07-08 15:48:24.898] [info] [load_balancing_scan_batch_coalescer.cpp:96] [coalesce-debug] load_balancer emit pipeline=0 -> preferred GPU 0
[2026-07-08 15:48:25.067] [info] [load_balancing_scan_batch_coalescer.cpp:96] [coalesce-debug] load_balancer emit pipeline=0 -> preferred GPU 0
[2026-07-08 15:48:25.242] [info] [load_balancing_scan_batch_coalescer.cpp:96] [coalesce-debug] load_balancer emit pipeline=0 -> preferred GPU 0
[2026-07-08 15:48:25.411] [info] [load_balancing_scan_batch_coalescer.cpp:96] [coalesce-debug] load_balancer emit pipeline=0 -> preferred GPU 0
[2026-07-08 15:48:25.547] [info] [load_balancing_scan_batch_coalescer.cpp:96] [coalesce-debug] load_balancer emit pipeline=0 -> preferred GPU 0
[2026-07-08 15:48:25.680] [info] [load_balancing_scan_batch_coalescer.cpp:96] [coalesce-debug] load_balancer emit pipeline=0 -> preferred GPU 0
[2026-07-08 15:48:25.850] [info] [load_balancing_scan_batch_coalescer.cpp:96] [coalesce-debug] load_balancer emit pipeline=0 -> preferred GPU 0
[2026-07-08 15:48:25.966] [info] [load_balancing_scan_batch_coalescer.cpp:96] [coalesce-debug] load_balancer emit pipeline=0 -> preferred GPU 0
[2026-07-08 15:48:26.147] [info] [load_balancing_scan_batch_coalescer.cpp:96] [coalesce-debug] load_balancer emit pipeline=0 -> preferred GPU 0
[2026-07-08 15:48:26.320] [info] [load_balancing_scan_batch_coalescer.cpp:96] [coalesce-debug] load_balancer emit pipeline=0 -> preferred GPU 0
[2026-07-08 15:48:26.494] [info] [load_balancing_scan_batch_coalescer.cpp:96] [coalesce-debug] load_balancer emit pipeline=0 -> preferred GPU 0
[2026-07-08 15:48:26.647] [info] [load_balancing_scan_batch_coalescer.cpp:96] [coalesce-debug] load_balancer emit pipeline=0 -> preferred GPU 0
[2026-07-08 15:48:26.823] [info] [load_balancing_scan_batch_coalescer.cpp:96] [coalesce-debug] load_balancer emit pipeline=0 -> preferred GPU 0
[2026-07-08 15:48:27.000] [info] [load_balancing_scan_batch_coalescer.cpp:96] [coalesce-debug] load_balancer emit pipeline=0 -> preferred GPU 0
[2026-07-08 15:48:27.166] [info] [load_balancing_scan_batch_coalescer.cpp:96] [coalesce-debug] load_balancer emit pipeline=0 -> preferred GPU 0
[2026-07-08 15:48:27.284] [info] [load_balancing_scan_batch_coalescer.cpp:96] [coalesce-debug] load_balancer emit pipeline=0 -> preferred GPU 0
[2026-07-08 15:48:27.465] [info] [load_balancing_scan_batch_coalescer.cpp:96] [coalesce-debug] load_balancer emit pipeline=0 -> preferred GPU 0
[2026-07-08 15:48:27.641] [info] [load_balancing_scan_batch_coalescer.cpp:96] [coalesce-debug] load_balancer emit pipeline=0 -> preferred GPU 0
[2026-07-08 15:48:27.773] [info] [load_balancing_scan_batch_coalescer.cpp:96] [coalesce-debug] load_balancer emit pipeline=0 -> preferred GPU 0
[2026-07-08 15:48:27.951] [info] [parquet_gpu_ingestible.cpp:230] [coalesce-debug] parquet_batch_coalescer emit #29: 1 slice(s), acc_bytes=10397433, cap=536870912
[2026-07-08 15:48:27.951] [info] [load_balancing_scan_batch_coalescer.cpp:96] [coalesce-debug] load_balancer emit pipeline=0 -> preferred GPU 0
[2026-07-08 15:48:28.123] [info] [parquet_gpu_ingestible.cpp:230] [coalesce-debug] parquet_batch_coalescer emit #1: 1 slice(s), acc_bytes=535792172, cap=536870912
[2026-07-08 15:48:28.123] [info] [parquet_gpu_ingestible.cpp:230] [coalesce-debug] parquet_batch_coalescer emit #2: 1 slice(s), acc_bytes=536716992, cap=536870912
[2026-07-08 15:48:28.123] [info] [parquet_gpu_ingestible.cpp:230] [coalesce-debug] parquet_batch_coalescer emit #3: 1 slice(s), acc_bytes=536718830, cap=536870912
[2026-07-08 15:48:28.123] [info] [load_balancing_scan_batch_coalescer.cpp:96] [coalesce-debug] load_balancer emit pipeline=3 -> preferred GPU 0
[2026-07-08 15:48:28.138] [info] [task_scheduler.cpp:462] [mgpu-audit] pipeline_task dispatched to GPU 0 task_id=4
[2026-07-08 15:48:28.138] [info] [task_scheduler.cpp:464] [locality-audit] dispatch task_id=4 preferred_device=0 actual_gpu=0
[2026-07-08 15:48:28.138] [info] [task_scheduler.cpp:462] [mgpu-audit] pipeline_task dispatched to GPU 0 task_id=5
[2026-07-08 15:48:28.138] [info] [task_scheduler.cpp:464] [locality-audit] dispatch task_id=5 preferred_device=0 actual_gpu=0
[2026-07-08 15:48:28.138] [info] [task_scheduler.cpp:462] [mgpu-audit] pipeline_task dispatched to GPU 0 task_id=6
[2026-07-08 15:48:28.138] [info] [task_scheduler.cpp:464] [locality-audit] dispatch task_id=6 preferred_device=0 actual_gpu=0
[2026-07-08 15:48:28.138] [info] [task_scheduler.cpp:462] [mgpu-audit] pipeline_task dispatched to GPU 0 task_id=7
[2026-07-08 15:48:28.138] [info] [task_scheduler.cpp:464] [locality-audit] dispatch task_id=7 preferred_device=0 actual_gpu=0
[2026-07-08 15:48:28.172] [info] [load_balancing_scan_batch_coalescer.cpp:96] [coalesce-debug] load_balancer emit pipeline=3 -> preferred GPU 0
[2026-07-08 15:48:28.234] [info] [load_balancing_scan_batch_coalescer.cpp:96] [coalesce-debug] load_balancer emit pipeline=3 -> preferred GPU 0
[2026-07-08 15:48:28.301] [info] [parquet_gpu_ingestible.cpp:230] [coalesce-debug] parquet_batch_coalescer emit #4: 1 slice(s), acc_bytes=285267347, cap=536870912
[2026-07-08 15:48:28.301] [info] [load_balancing_scan_batch_coalescer.cpp:96] [coalesce-debug] load_balancer emit pipeline=3 -> preferred GPU 0
[2026-07-08 15:48:28.489] [info] [sirius_scan_manager.cpp:1475] [fixed-page-cache] page_directory indexed table='__wdy_auto_fixed_page:/mnt/nvme/dataset/lineitem.parquet;' fixed_cols=4 pages=29 resident_pages=29 resident_bytes=428477200 stats_pages=29 evicted_pages=0 eviction_count=0 directory_entries=29 page_bytes=16777216 rows=21423860 owned_pages=1
[2026-07-08 15:48:28.489] [info] [parquet_gpu_ingestible.cpp:712] [fixed-page-cache] auto_cache_populate table='__wdy_auto_fixed_page:/mnt/nvme/dataset/lineitem.parquet;' rows=21423860 columns=5
[2026-07-08 15:48:28.493] [info] [gpu_pipeline_task.cpp:321] [stage-audit] pipeline_id=0 task_id=7 operator_id=15 operator_name=GPU_SCAN stage_kind=SCAN operator_type=94 input_type=GPU_SCAN output_type=PIPELINEABLE actual_gpu=0 pipeline_operator_count=2 input_batches=0 input_rows=0 input_columns=0 input_bytes=0 output_batches=1 output_rows=3162750 output_columns=5 output_bytes=91441186 byte_ratio=0.000000 row_ratio=0.000000 duration_us=339760
[2026-07-08 15:48:28.493] [info] [gpu_pipeline_task.cpp:321] [stage-audit] pipeline_id=0 task_id=7 operator_id=9 operator_name=FILTER stage_kind=FILTER operator_type=12 input_type=PIPELINEABLE output_type=PIPELINEABLE actual_gpu=0 pipeline_operator_count=2 input_batches=1 input_rows=3162750 input_columns=5 input_bytes=91441186 output_batches=1 output_rows=111531 output_columns=2 output_bytes=2035931 byte_ratio=0.022265 row_ratio=0.035264 duration_us=779
[2026-07-08 15:48:28.494] [info] [task_scheduler.cpp:462] [mgpu-audit] pipeline_task dispatched to GPU 0 task_id=8
[2026-07-08 15:48:28.494] [info] [task_scheduler.cpp:464] [locality-audit] dispatch task_id=8 preferred_device=0 actual_gpu=0
[2026-07-08 15:48:28.541] [info] [sirius_scan_manager.cpp:1388] [fixed-page-cache] page_directory indexed table='__wdy_auto_fixed_page:/mnt/nvme/dataset/lineitem.parquet;' fixed_cols=4 pages=29 resident_pages=29 resident_bytes=428477200 stats_pages=29 evicted_pages=0 eviction_count=0 directory_entries=29 page_bytes=16777216 rows=21423860 owned_pages=1
[2026-07-08 15:48:28.541] [info] [parquet_gpu_ingestible.cpp:712] [fixed-page-cache] auto_cache_populate table='__wdy_auto_fixed_page:/mnt/nvme/dataset/lineitem.parquet;' rows=21423860 columns=5
[2026-07-08 15:48:28.547] [info] [gpu_pipeline_task.cpp:321] [stage-audit] pipeline_id=0 task_id=5 operator_id=15 operator_name=GPU_SCAN stage_kind=SCAN operator_type=94 input_type=GPU_SCAN output_type=PIPELINEABLE actual_gpu=0 pipeline_operator_count=2 input_batches=0 input_rows=0 input_columns=0 input_bytes=0 output_batches=1 output_rows=3162082 output_columns=5 output_bytes=91418579 byte_ratio=0.000000 row_ratio=0.000000 duration_us=389192
[2026-07-08 15:48:28.549] [info] [gpu_pipeline_task.cpp:321] [stage-audit] pipeline_id=0 task_id=5 operator_id=9 operator_name=FILTER stage_kind=FILTER operator_type=12 input_type=PIPELINEABLE output_type=PIPELINEABLE actual_gpu=0 pipeline_operator_count=2 input_batches=1 input_rows=3162082 input_columns=5 input_bytes=91418579 output_batches=1 output_rows=110630 output_columns=2 output_bytes=2019344 byte_ratio=0.022089 row_ratio=0.034986 duration_us=1555
[2026-07-08 15:48:28.549] [info] [task_scheduler.cpp:462] [mgpu-audit] pipeline_task dispatched to GPU 0 task_id=9
[2026-07-08 15:48:28.549] [info] [task_scheduler.cpp:464] [locality-audit] dispatch task_id=9 preferred_device=0 actual_gpu=0
[2026-07-08 15:48:28.590] [info] [sirius_scan_manager.cpp:1475] [fixed-page-cache] page_directory indexed table='__wdy_auto_fixed_page:/mnt/nvme/dataset/lineitem.parquet;' fixed_cols=4 pages=29 resident_pages=29 resident_bytes=428475180 stats_pages=29 evicted_pages=0 eviction_count=0 directory_entries=29 page_bytes=16777216 rows=21423759 owned_pages=1
[2026-07-08 15:48:28.590] [info] [parquet_gpu_ingestible.cpp:712] [fixed-page-cache] auto_cache_populate table='__wdy_auto_fixed_page:/mnt/nvme/dataset/lineitem.parquet;' rows=21423759 columns=5
[2026-07-08 15:48:28.593] [info] [sirius_scan_manager.cpp:1475] [fixed-page-cache] page_directory indexed table='__wdy_auto_fixed_page:/mnt/nvme/dataset/lineitem.parquet;' fixed_cols=4 pages=29 resident_pages=29 resident_bytes=428349600 stats_pages=29 evicted_pages=0 eviction_count=0 directory_entries=29 page_bytes=16777216 rows=21417480 owned_pages=1
[2026-07-08 15:48:28.593] [info] [parquet_gpu_ingestible.cpp:712] [fixed-page-cache] auto_cache_populate table='__wdy_auto_fixed_page:/mnt/nvme/dataset/lineitem.parquet;' rows=21417480 columns=5
[2026-07-08 15:48:28.596] [info] [gpu_pipeline_task.cpp:321] [stage-audit] pipeline_id=0 task_id=6 operator_id=15 operator_name=GPU_SCAN stage_kind=SCAN operator_type=94 input_type=GPU_SCAN output_type=PIPELINEABLE actual_gpu=0 pipeline_operator_count=2 input_batches=0 input_rows=0 input_columns=0 input_bytes=0 output_batches=1 output_rows=3168166 output_columns=5 output_bytes=91592668 byte_ratio=0.000000 row_ratio=0.000000 duration_us=443780
[2026-07-08 15:48:28.597] [info] [gpu_pipeline_task.cpp:321] [stage-audit] pipeline_id=0 task_id=4 operator_id=15 operator_name=GPU_SCAN stage_kind=SCAN operator_type=94 input_type=GPU_SCAN output_type=PIPELINEABLE actual_gpu=0 pipeline_operator_count=2 input_batches=0 input_rows=0 input_columns=0 input_bytes=0 output_batches=1 output_rows=3162275 output_columns=5 output_bytes=91422644 byte_ratio=0.000000 row_ratio=0.000000 duration_us=444717
[2026-07-08 15:48:28.598] [info] [gpu_pipeline_task.cpp:321] [stage-audit] pipeline_id=0 task_id=6 operator_id=9 operator_name=FILTER stage_kind=FILTER operator_type=12 input_type=PIPELINEABLE output_type=PIPELINEABLE actual_gpu=0 pipeline_operator_count=2 input_batches=1 input_rows=3168166 input_columns=5 input_bytes=91592668 output_batches=1 output_rows=111346 output_columns=2 output_bytes=2032834 byte_ratio=0.022194 row_ratio=0.035145 duration_us=1592
[2026-07-08 15:48:28.598] [info] [task_scheduler.cpp:462] [mgpu-audit] pipeline_task dispatched to GPU 0 task_id=10
[2026-07-08 15:48:28.598] [info] [task_scheduler.cpp:464] [locality-audit] dispatch task_id=10 preferred_device=0 actual_gpu=0
[2026-07-08 15:48:28.598] [info] [gpu_pipeline_task.cpp:321] [stage-audit] pipeline_id=0 task_id=4 operator_id=9 operator_name=FILTER stage_kind=FILTER operator_type=12 input_type=PIPELINEABLE output_type=PIPELINEABLE actual_gpu=0 pipeline_operator_count=2 input_batches=1 input_rows=3162275 input_columns=5 input_bytes=91422644 output_batches=1 output_rows=111653 output_columns=2 output_bytes=2037725 byte_ratio=0.022289 row_ratio=0.035308 duration_us=743
[2026-07-08 15:48:28.598] [info] [task_scheduler.cpp:462] [mgpu-audit] pipeline_task dispatched to GPU 0 task_id=11
[2026-07-08 15:48:28.598] [info] [task_scheduler.cpp:464] [locality-audit] dispatch task_id=11 preferred_device=0 actual_gpu=0
[2026-07-08 15:48:29.007] [info] [sirius_scan_manager.cpp:1475] [fixed-page-cache] page_directory indexed table='__wdy_auto_fixed_page:/mnt/nvme/dataset/lineitem.parquet;' fixed_cols=4 pages=29 resident_pages=29 resident_bytes=428474000 stats_pages=29 evicted_pages=0 eviction_count=0 directory_entries=29 page_bytes=16777216 rows=21423700 owned_pages=1
[2026-07-08 15:48:29.008] [info] [parquet_gpu_ingestible.cpp:712] [fixed-page-cache] auto_cache_populate table='__wdy_auto_fixed_page:/mnt/nvme/dataset/lineitem.parquet;' rows=21423700 columns=5
[2026-07-08 15:48:29.012] [info] [gpu_pipeline_task.cpp:321] [stage-audit] pipeline_id=0 task_id=8 operator_id=15 operator_name=GPU_SCAN stage_kind=SCAN operator_type=94 input_type=GPU_SCAN output_type=PIPELINEABLE actual_gpu=0 pipeline_operator_count=2 input_batches=0 input_rows=0 input_columns=0 input_bytes=0 output_batches=1 output_rows=3161562 output_columns=5 output_bytes=91399246 byte_ratio=0.000000 row_ratio=0.000000 duration_us=481201
[2026-07-08 15:48:29.013] [info] [gpu_pipeline_task.cpp:321] [stage-audit] pipeline_id=0 task_id=8 operator_id=9 operator_name=FILTER stage_kind=FILTER operator_type=12 input_type=PIPELINEABLE output_type=PIPELINEABLE actual_gpu=0 pipeline_operator_count=2 input_batches=1 input_rows=3161562 input_columns=5 input_bytes=91399246 output_batches=1 output_rows=110885 output_columns=2 output_bytes=2023331 byte_ratio=0.022137 row_ratio=0.035073 duration_us=1040
[2026-07-08 15:48:29.013] [info] [task_scheduler.cpp:462] [mgpu-audit] pipeline_task dispatched to GPU 0 task_id=12
[2026-07-08 15:48:29.013] [info] [task_scheduler.cpp:464] [locality-audit] dispatch task_id=12 preferred_device=0 actual_gpu=0
[2026-07-08 15:48:29.015] [info] [sirius_scan_manager.cpp:1475] [fixed-page-cache] page_directory indexed table='__wdy_auto_fixed_page:/mnt/nvme/dataset/lineitem.parquet;' fixed_cols=4 pages=29 resident_pages=29 resident_bytes=428466900 stats_pages=29 evicted_pages=0 eviction_count=0 directory_entries=29 page_bytes=16777216 rows=21423345 owned_pages=1
[2026-07-08 15:48:29.015] [info] [sirius_scan_manager.cpp:1475] [fixed-page-cache] page_directory indexed table='__wdy_auto_fixed_page:/mnt/nvme/dataset/lineitem.parquet;' fixed_cols=4 pages=29 resident_pages=29 resident_bytes=428469680 stats_pages=29 evicted_pages=0 eviction_count=0 directory_entries=29 page_bytes=16777216 rows=21423484 owned_pages=1
[2026-07-08 15:48:29.015] [info] [parquet_gpu_ingestible.cpp:712] [fixed-page-cache] auto_cache_populate table='__wdy_auto_fixed_page:/mnt/nvme/dataset/lineitem.parquet;' rows=21423345 columns=5
[2026-07-08 15:48:29.016] [warning] [segfault_backtrace_handler.cpp:92] SIRIUS signal handler triggered, flushing logs
